
##### SECTION A: core  (+0s) #####
[core] s= 4 n=   73 low     tabu       89/154  rate= 0.578 best=    0 ( 8.0s)
[core] s= 4 n=   73 low     sb          0/300  rate= 0.000 best=    2 ( 6.5s)
[core] s= 4 n=   73 mid     tabu       88/91   rate= 0.967 best=    0 ( 8.4s)
[core] s= 4 n=   73 mid     sb          0/70   rate= 0.000 best=    2 ( 8.1s)
[core] s= 4 n=   73 high    tabu       86/86   rate= 1.000 best=    0 ( 8.1s)
[core] s= 4 n=   73 high    sb          0/19   rate= 0.000 best=    2 ( 8.2s)
[core] s= 4 n=   73 extreme tabu       85/85   rate= 1.000 best=    0 ( 8.3s)
[core] s= 4 n=   73 extreme sb          0/5    rate= 0.000 best=    1 ( 8.7s)
[core] s= 5 n=  107 low     tabu       14/108  rate= 0.130 best=    0 ( 8.1s)
[core] s= 5 n=  107 low     sb          0/300  rate= 0.000 best=    3 ( 7.3s)
[core] s= 5 n=  107 mid     tabu       16/30   rate= 0.533 best=    0 ( 8.2s)
[core] s= 5 n=  107 mid     sb          0/57   rate= 0.000 best=    3 ( 8.1s)
[core] s= 5 n=  107 high    tabu       20/20   rate= 1.000 best=    0 ( 8.4s)
[core] s= 5 n=  107 high    sb          0/16   rate= 0.000 best=    5 ( 8.1s)
[core] s= 5 n=  107 extreme tabu       19/19   rate= 1.000 best=    0 ( 8.2s)
[core] s= 5 n=  107 extreme sb          0/5    rate= 0.000 best=    3 ( 9.5s)
[core] s= 6 n=  153 low     tabu        2/96   rate= 0.021 best=    0 ( 8.1s)
[core] s= 6 n=  153 low     sb          0/285  rate= 0.000 best=    9 ( 8.0s)
[core] s= 6 n=  153 mid     tabu        0/20   rate= 0.000 best=    1 ( 8.3s)
[core] s= 6 n=  153 mid     sb          0/55   rate= 0.000 best=    7 ( 8.1s)
[core] s= 6 n=  153 high    tabu        1/6    rate= 0.167 best=    0 ( 9.6s)
[core] s= 6 n=  153 high    sb          0/14   rate= 0.000 best=    5 ( 8.0s)
[core] s= 6 n=  153 extreme tabu        1/2    rate= 0.500 best=    0 (10.6s)
[core] s= 6 n=  153 extreme sb          0/4    rate= 0.000 best=    4 ( 8.8s)
[core] s= 7 n=  231 low     tabu        0/92   rate= 0.000 best=    2 ( 8.0s)
[core] s= 7 n=  231 low     sb          0/244  rate= 0.000 best=   15 ( 8.0s)
[core] s= 7 n=  231 mid     tabu        0/19   rate= 0.000 best=    1 ( 8.3s)
[core] s= 7 n=  231 mid     sb          0/46   rate= 0.000 best=   13 ( 8.1s)
[core] s= 7 n=  231 high    tabu        0/6    rate= 0.000 best=    1 ( 9.7s)
[core] s= 7 n=  231 high    sb          0/13   rate= 0.000 best=   13 ( 8.7s)
[core] s= 7 n=  231 extreme tabu        0/2    rate= 0.000 best=    1 (12.9s)
[core] s= 7 n=  231 extreme sb          0/4    rate= 0.000 best=    9 (10.5s)
[core] s= 8 n=  255 low     tabu        0/93   rate= 0.000 best=    2 ( 8.0s)
[core] s= 8 n=  255 low     sb          0/239  rate= 0.000 best=   15 ( 8.0s)
[core] s= 8 n=  255 mid     tabu        0/19   rate= 0.000 best=    2 ( 8.2s)
[core] s= 8 n=  255 mid     sb          0/45   rate= 0.000 best=   16 ( 8.1s)
[core] s= 8 n=  255 high    tabu        0/6    rate= 0.000 best=    2 ( 9.5s)
[core] s= 8 n=  255 high    sb          0/13   rate= 0.000 best=   13 ( 8.4s)
[core] s= 8 n=  255 extreme tabu        1/2    rate= 0.500 best=    0 (11.2s)
[core] s= 8 n=  255 extreme sb          0/4    rate= 0.000 best=   11 (10.5s)
[core] s= 9 n=  353 low     tabu        0/89   rate= 0.000 best=    7 ( 8.1s)
[core] s= 9 n=  353 low     sb          0/209  rate= 0.000 best=   21 ( 8.0s)
[core] s= 9 n=  353 mid     tabu        0/19   rate= 0.000 best=    3 ( 8.1s)
[core] s= 9 n=  353 mid     sb          0/40   rate= 0.000 best=   24 ( 8.2s)
[core] s= 9 n=  353 high    tabu        0/5    rate= 0.000 best=    1 ( 8.1s)
[core] s= 9 n=  353 high    sb          0/10   rate= 0.000 best=   21 ( 8.2s)
[core] s= 9 n=  353 extreme tabu        0/2    rate= 0.000 best=    1 (13.3s)
[core] s= 9 n=  353 extreme sb          0/3    rate= 0.000 best=   19 ( 9.7s)
[core-slow] s= 4 n=   73 low     sa          1/20   rate= 0.050 best=    0 ( 3.3s)
[core-slow] s= 4 n=   73 low     pt          7/12   rate= 0.583 best=    0 ( 6.8s)
[core-slow] s= 4 n=   73 mid     sa          0/8    rate= 0.000 best=    1 (13.3s)
[core-slow] s= 4 n=   73 mid     pt          6/6    rate= 1.000 best=    0 (13.9s)
[core-slow] s= 5 n=  107 low     sa          0/20   rate= 0.000 best=    1 ( 4.8s)
[core-slow] s= 5 n=  107 low     pt          1/12   rate= 0.083 best=    0 (11.6s)
[core-slow] s= 5 n=  107 mid     sa          0/5    rate= 0.000 best=    1 (12.3s)
[core-slow] s= 5 n=  107 mid     pt          2/3    rate= 0.667 best=    0 (13.0s)
[core-slow] s= 6 n=  153 low     sa          0/20   rate= 0.000 best=    1 ( 6.8s)
[core-slow] s= 6 n=  153 low     pt          0/9    rate= 0.000 best=    1 (12.9s)
[core-slow] s= 6 n=  153 mid     sa          0/4    rate= 0.000 best=    1 (13.6s)
[core-slow] s= 6 n=  153 mid     pt          0/1    rate= 0.000 best=    1 (13.0s)
[core-slow] s= 7 n=  231 low     sa          0/20   rate= 0.000 best=    2 (11.1s)
[core-slow] s= 7 n=  231 low     pt          0/6    rate= 0.000 best=    4 (13.3s)
[core-slow] s= 7 n=  231 mid     sa          0/3    rate= 0.000 best=    3 (16.1s)
[core-slow] s= 7 n=  231 mid     pt          0/1    rate= 0.000 best=    2 (18.8s)
[core-slow] s= 8 n=  255 low     sa          0/20   rate= 0.000 best=    4 (11.4s)
[core-slow] s= 8 n=  255 low     pt          0/6    rate= 0.000 best=    4 (14.2s)
[core-slow] s= 8 n=  255 mid     sa          0/3    rate= 0.000 best=    3 (17.2s)
[core-slow] s= 8 n=  255 mid     pt          0/1    rate= 0.000 best=    3 (21.2s)
[core-slow] s= 9 n=  353 low     sa          0/15   rate= 0.000 best=    4 (12.0s)
[core-slow] s= 9 n=  353 low     pt          0/4    rate= 0.000 best=   10 (13.3s)
[core-slow] s= 9 n=  353 mid     sa          0/2    rate= 0.000 best=    2 (15.7s)
[core-slow] s= 9 n=  353 mid     pt          0/1    rate= 0.000 best=    5 (29.9s)
[core-slow-hi] s= 6 n=  153 high    sa          0/2    rate= 0.000 best=    2 (28.8s)
[core-slow-hi] s= 6 n=  153 high    pt          2/2    rate= 1.000 best=    0 (27.1s)
[core-slow-hi] s= 6 n=  153 extreme sa          0/1    rate= 0.000 best=    2 (42.8s)
[core-slow-hi] s= 6 n=  153 extreme pt          1/1    rate= 1.000 best=    0 (22.5s)
[core-slow-hi] s= 7 n=  231 high    sa          0/1    rate= 0.000 best=    2 (22.1s)
[core-slow-hi] s= 7 n=  231 high    pt          0/1    rate= 0.000 best=    2 (88.3s)
[core-slow-hi] s= 7 n=  231 extreme sa          0/1    rate= 0.000 best=    3 (66.4s)
[core-slow-hi] s= 7 n=  231 extreme pt          0/1    rate= 0.000 best=    1 (388.2s)

##### SECTION B: combos  (+1423s) #####
[combo] s= 6 n=  153 high    sb_tabu     0/6    rate= 0.000 best=    1 (12.8s)
[combo] s= 6 n=  153 high    pt_wide     1/1    rate= 1.000 best=    0 (108.9s)
[combo] s= 6 n=  153 extreme sb_tabu     1/2    rate= 0.500 best=    0 (14.1s)
[combo] s= 6 n=  153 extreme pt_wide     1/1    rate= 1.000 best=    0 (331.6s)
[combo] s= 7 n=  231 high    sb_tabu     0/6    rate= 0.000 best=    1 (13.6s)
