
##### SECTION B finish: combos  (+0s) #####
[combo] s= 6 n=  153 high    sb_tabu     0/6    rate= 0.000 best=    1 (13.4s)
[combo] s= 6 n=  153 extreme sb_tabu     1/2    rate= 0.500 best=    0 (14.7s)
[combo] s= 7 n=  231 high    sb_tabu     0/6    rate= 0.000 best=    1 (14.1s)
[combo] s= 7 n=  231 extreme sb_tabu     0/2    rate= 0.000 best=    1 (19.5s)
[combo] s= 8 n=  255 high    sb_tabu     0/6    rate= 0.000 best=    2 (14.2s)
[combo] s= 8 n=  255 extreme sb_tabu     0/2    rate= 0.000 best=    1 (19.1s)
[combo-ptw] s= 7 n=  231 high    pt_wide     0/1    rate= 0.000 best=    2 (174.2s)

##### SECTION C: clamp a  (+269s) #####
[clampA] s= 4 n=   73 mid     tabu       50/55   rate= 0.909 best=    0 ( 8.3s)
[clampA] s= 4 n=   73 high    tabu       47/47   rate= 1.000 best=    0 ( 8.1s)
[clampA] s= 4 n=   73 extreme tabu       47/47   rate= 1.000 best=    0 ( 8.1s)
[clampA] s= 5 n=  107 mid     tabu        8/23   rate= 0.348 best=    0 ( 8.2s)
[clampA] s= 5 n=  107 high    tabu        7/10   rate= 0.700 best=    0 ( 8.2s)
[clampA] s= 5 n=  107 extreme tabu        8/8    rate= 1.000 best=    0 ( 9.5s)
[clampA] s= 6 n=  153 mid     tabu        0/19   rate= 0.000 best=    1 ( 8.2s)
[clampA] s= 6 n=  153 high    tabu        0/6    rate= 0.000 best=    1 ( 9.6s)
[clampA] s= 6 n=  153 extreme tabu        0/2    rate= 0.000 best=    1 (13.2s)
[clampA] s= 7 n=  231 mid     tabu        0/18   rate= 0.000 best=    2 ( 8.1s)
[clampA] s= 7 n=  231 high    tabu        0/5    rate= 0.000 best=    2 ( 8.5s)
[clampA] s= 7 n=  231 extreme tabu        0/2    rate= 0.000 best=    1 (12.8s)
[clampA] s= 8 n=  255 mid     tabu        0/19   rate= 0.000 best=    2 ( 8.4s)
[clampA] s= 8 n=  255 high    tabu        0/5    rate= 0.000 best=    2 ( 9.1s)
[clampA] s= 8 n=  255 extreme tabu        0/2    rate= 0.000 best=    2 (14.0s)
[clampA] s=10 n=  359 mid     tabu        0/17   rate= 0.000 best=    4 ( 8.0s)
[clampA] s=10 n=  359 high    tabu        0/5    rate= 0.000 best=    3 ( 8.9s)
[clampA] s=10 n=  359 extreme tabu        0/2    rate= 0.000 best=    3 (13.6s)
[clampA] s=12 n=  627 mid     tabu        0/16   rate= 0.000 best=   19 ( 8.3s)
[clampA] s=12 n=  627 high    tabu        0/5    rate= 0.000 best=   16 ( 9.5s)
[clampA] s=12 n=  627 extreme tabu        0/2    rate= 0.000 best=   13 (15.5s)

##### SECTION D: squeeze  (+475s) #####
[sq-wallace] s= 4 n=   87 mid     tabu       82/83   rate= 0.988 best=    0 ( 8.1s)
[sq-wallace] s= 4 n=   87 mid     sb          0/64   rate= 0.000 best=    3 ( 8.1s)
[sq-wallace] s= 4 n=   87 high    tabu       82/82   rate= 1.000 best=    0 ( 8.0s)
[sq-wallace] s= 4 n=   87 high    sb          0/17   rate= 0.000 best=    2 ( 8.4s)
[sq-wallace] s= 5 n=  122 mid     tabu       16/27   rate= 0.593 best=    0 ( 8.3s)
[sq-wallace] s= 5 n=  122 mid     sb          0/59   rate= 0.000 best=    5 ( 8.1s)
