base P1 (28943304567070103269131673778333411003412960792941153008191551887741215837622, 77957913070839046067278477320060647927235420554816010267752621106872762963622)
base P2 (43641959104262039232541965032869010777089105111050386648297825518950058175799, 107162843667026833910642160511894840968455734799240512755782517622652745687245)
base P3 (114954170896069557132556805100131732357111921696325538947571150063618718558108, 91578489866056872372702644448953676913149983582649043065634377525007271268642)
base D (26080455238228767649934864307957518368107866650984428497503080421977783474567, 15112976846856683792992397837865048112310187849397834963377043224163334293729)
x47    dP1=(457069151424064709768155016923292052943552861 dP2=None
x112   dP1=(451539617480265971362374323847105312421377894 dP2=None
x542   dP1=(819668115694534887250514064275477281851109658 dP2=None
x91    dP1=None dP2=(908188749156709142236732647548939118750388256
x438   dP1=None dP2=(230003655336239388852082188775720090240953652
x490   dP1=None dP2=(453775795611554385780642007555444140387759457

--- same-coordinate pairs: is the MUX ADDITIVE or EXCLUSIVE? ---
  (47,112) nres=13 inc=False oncurve=[False, True, True] | equals bit47:False bit112:False base:False ADDITIVE:False
  (47,542) nres=12 inc=False oncurve=[False, True, True] | equals bit47:False bit542:False base:False ADDITIVE:False
  (112,542) nres=12 inc=False oncurve=[False, True, True] | equals bit112:False bit542:False base:False ADDITIVE:False
  (91,438) nres=13 inc=False oncurve=[True, False, True] | equals bit91:False bit438:False base:False ADDITIVE:False
  (91,490) nres=15 inc=False oncurve=[True, False, True] | equals bit91:False bit490:False base:False ADDITIVE:False
  (438,490) nres=17 inc=False oncurve=[True, False, True] | equals bit438:False bit490:False base:False ADDITIVE:False

--- cross pairs: F_p-affine / group-affine on D ---
  (47,91): D=(3346226517104386329618440968604804664946433  group-affine=True
  (47,438): D=(6915949755907110844856251521177362817639302  group-affine=True
  (112,91): D=(5347758592357326083515752896006875892600027  group-affine=True
  (542,490): D=(1030206929301216896900532948481454946080896  group-affine=True
