BASE oncurve=[True, True, True] AB=(4228844169260673065447799233430092336343035121900
  D = (26080455238228767649934864307957518368107866650984428497503080421977783474567, 15112976846856683792992397837865048112310187849397834963377043224163334293729)
x47     nres=9  label={'x1': 28548, 'y1': 16742, 'x2': 14853, 'y2': 31339, 'x3': 22162, 'y3': 30213} oncurve=[False, True, True] free=['x1', 'y1']
        D=None
x91     nres=8  label={'x1': 22649, 'y1': 16742, 'x2': 14853, 'y2': 19750, 'x3': 22162, 'y3': 30213} oncurve=[True, False, True] free=['x2', 'y2']
        D=None
x112    nres=9  label={'x1': 28548, 'y1': 16742, 'x2': 14853, 'y2': 31339, 'x3': 22162, 'y3': 30213} oncurve=[False, True, True] free=['x1', 'y1']
        D=None
x438    nres=10 label={'x1': 22649, 'y1': 16742, 'x2': 14853, 'y2': 31339, 'x3': 22162, 'y3': 30213} oncurve=[True, False, True] free=['y2']
        D=None
x490    nres=12 label={'x1': 22649, 'y1': 16742, 'x2': 14853, 'y2': 31339, 'x3': 22162, 'y3': 30213} oncurve=[True, False, True] free=['y2']
        D=None
x542    nres=8  label={'x1': 5096, 'y1': 16742, 'x2': 14853, 'y2': 31339, 'x3': 22162, 'y3': 30213} oncurve=[False, True, True] free=['x1']
        D=None
x853    nres=8  label={'x1': 5096, 'y1': 16742, 'x2': 14853, 'y2': 31339, 'x3': 22162, 'y3': 30213} oncurve=[False, True, True] free=['x1']
        D=None
x1203   nres=8  label={'x1': 22649, 'y1': 16742, 'x2': 14853, 'y2': 19750, 'x3': 22162, 'y3': 30213} oncurve=[True, False, True] free=['x2', 'y2']
        D=None
x1357   nres=8  label={'x1': 5096, 'y1': 16742, 'x2': 14853, 'y2': 31339, 'x3': 22162, 'y3': 30213} oncurve=[False, True, True] free=['x1']
        D=None
x1413   nres=8  label={'x1': 5096, 'y1': 16742, 'x2': 14853, 'y2': 31339, 'x3': 22162, 'y3': 30213} oncurve=[False, True, True] free=['x1']
        D=None

--- pair tests (F_p-affine? group-affine?) ---
  (47,91): nres=12 oncurve=[False, False, True]  Fp-nonlinear
  (47,112): nres=13 oncurve=[False, True, True]  Fp-nonlinear
  (47,438): nres=14 oncurve=[False, False, True]  Fp-nonlinear
  (47,490): nres=16 oncurve=[False, False, True]  Fp-nonlinear
  (47,542): nres=12 oncurve=[False, True, True]  Fp-nonlinear
