BASE oncurve=[True, True, True]
  P1..P3: [(28943304567070103269131673778333411003412960792941153008191551887741215837622, 77957913070839046067278477320060647927235420554816010267752621106872762963622), (43641959104262039232541965032869010777089105111050386648297825518950058175799, 107162843667026833910642160511894840968455734799240512755782517622652745687245), (114954170896069557132556805100131732357111921696325538947571150063618718558108, 91578489866056872372702644448953676913149983582649043065634377525007271268642)]
  D= (26080455238228767649934864307957518368107866650984428497503080421977783474567, 15112976846856683792992397837865048112310187849397834963377043224163334293729)
x47     nres=9  resLIN rank=2/2 inc=False oncurve=[True, True, True]
        P1=(45756552137467217134112401582955699776314493860391691621066460610951465507243, 93583469206879922884865425584721700919378831591235145119114134048118520669460)
        P2=(43641959104262039232541965032869010777089105111050386648297825518950058175799, 107162843667026833910642160511894840968455734799240512755782517622652745687245)
        D =(51900737822606888575803250121245312675462448583199903461280876440011342004478, 52683813521234983673692897823372072485053564124058902438783124714663341611939)
x91     nres=8  resLIN rank=2/2 inc=False oncurve=[True, True, True]
        P1=(28943304567070103269131673778333411003412960792941153008191551887741215837622, 77957913070839046067278477320060647927235420554816010267752621106872762963622)
        P2=(86194597412243302774585709230081438362620292893807828374401673948429259465120, 107561558145136034385295653447403679899069635808013688133828336395205471668876)
        D =(98343559375469596573698362494739509477901967581357042250448092517304707935370, 78026297486927824705822491828236428826813774945603704113756032334287780967296)
x112    nres=9  resLIN rank=2/2 inc=False oncurve=[True, True, True]
        P1=(25758230531134608842133109796046663572378778848902999221958654017932520057335, 46060892121210115422743650650518876538339621391583748619281942750518860354460)
        P2=(43641959104262039232541965032869010777089105111050386648297825518950058175799, 107162843667026833910642160511894840968455734799240512755782517622652745687245)
        D =(56336563204390655406294638886315161363624465970139457838778788861871713881818, 25678706484634291536409152767426535758793855143897565485399070048986738005396)
x438    nres=10 resLIN rank=2/2 inc=False oncurve=[True, True, True]
        P1=(28943304567070103269131673778333411003412960792941153008191551887741215837622, 77957913070839046067278477320060647927235420554816010267752621106872762963622)
        P2=(67645815541679075800723099122548876782702642736927662975669583087771999268811, 20729683410789351069514944783810610949587338439461904502472871509854863444011)
        D =(18741796732161385933177885939196844157272489840180757828016540681962241284866, 69704166631212779620851454856475538470897875648843588690546568366917148259948)
x490    nres=12 resLIN rank=2/2 inc=False oncurve=[True, True, True]
        P1=(28943304567070103269131673778333411003412960792941153008191551887741215837622, 77957913070839046067278477320060647927235420554816010267752621106872762963622)
        P2=(114183103522324103640841007195215363702995018363857997749032812240434065626317, 37803864389779227721622710742242057824333256337400147121005683197410985158142)
        D =(20047354257208518072589919108664616301661794798144583506528192444623433181238, 86001025389634489038628665435950535166799054940697964545235511602697959365883)
x542    nres=8  resLIN rank=2/2 inc=False oncurve=[True, True, True]
        P1=(102981259377001083636413896719125217348944918822746623681105781791679678148574, 18740889468486044587883976967396555463668641841577201192593249433377479921223)
        P2=(43641959104262039232541965032869010777089105111050386648297825518950058175799, 107162843667026833910642160511894840968455734799240512755782517622652745687245)
        D =(36477129206901663874405549856891082719136765610927716539935276622062214536889, 37639130271393764247264587181275892355194368255370490056497282420591373109253)
x853    nres=8  resLIN rank=2/2 inc=False oncurve=[True, True, True]
        P1=(22289374454325774353211255263173860582030756578931359178317520478324871826795, 111704848130298649152338299303867246097250210371695095849110751737159841316532)
        P2=(43641959104262039232541965032869010777089105111050386648297825518950058175799, 107162843667026833910642160511894840968455734799240512755782517622652745687245)
        D =(16706726791194772041730314804772813718057057537121773420188140218224971615884, 104392750593073972509815452531287865456061238864978234983733026438512002649577)
x1203   nres=8  resLIN rank=2/2 inc=False oncurve=[True, True, True]
        P1=(28943304567070103269131673778333411003412960792941153008191551887741215837622, 77957913070839046067278477320060647927235420554816010267752621106872762963622)
        P2=(102141865511195179670728991555152108457956727791606808969541845181250407683981, 4391424609158317434106906626348786391078147114657193819678091401785132094633)
        D =(105117056463217065708336338334369980849398046460661701737772315917499175396504, 60857359678251630827029548321195088247031100479691792684005198104405519823991)
x1357   nres=8  resLIN rank=2/2 inc=False oncurve=[True, True, True]
        P1=(46606367731383144281236486776234120065918936643984600767468835390860755495469, 22189237516080879861918908633709054424278519648087494637621937511574229111068)
        P2=(43641959104262039232541965032869010777089105111050386648297825518950058175799, 107162843667026833910642160511894840968455734799240512755782517622652745687245)
        D =(20674181943753455986476551011117179279199746812049534678050627676253595714783, 75923699440930307740055717325723205592081950299259471957617434582259008887669)
x1413   nres=8  resLIN rank=2/2 inc=False oncurve=[True, True, True]
        P1=(43121901837299247273785658893497979724315382163481608072920040189574446020788, 23401910296218552685228402403001399631226407736060545766104197103111342934221)
        P2=(43641959104262039232541965032869010777089105111050386648297825518950058175799, 107162843667026833910642160511894840968455734799240512755782517622652745687245)
        D =(91808044232920582388591782539951182410293188690568868186188671491159495210250, 82112919565598686217271780347617815477022677771636581240290875776804140829764)
x1438   nres=9  resLIN rank=2/2 inc=False oncurve=[True, True, True]
        P1=(50851440617934591187824657148830973539035243104725520139589863904899829409284, 102386233482832493292794255033118269858579276429001332678190695847035129880254)
        P2=(43641959104262039232541965032869010777089105111050386648297825518950058175799, 107162843667026833910642160511894840968455734799240512755782517622652745687245)
        D =(17410828791367960445860973524817792883687392765618278697647354673260825194118, 71439797406357599474019818971470442367493379825623061720242739659032217445119)
x1502   nres=9  resLIN rank=2/2 inc=False oncurve=[True, True, True]
        P1=(107515128647712139360093494719406664460028068855797748863406709727149862909128, 92402360655780225553851500626022503577110338752757575315569440307906604065637)
        P2=(43641959104262039232541965032869010777089105111050386648297825518950058175799, 107162843667026833910642160511894840968455734799240512755782517622652745687245)
        D =(57892231281253352959502464951031590847586784641889370342824033177345557138010, 106532920740981605273745377112856688703282317050379047964687986616574633709145)
