H12 = [642, 1844, 9629, 18253, 23642, 23754, 28730, 29854, 31864, 35619, 37413, 37720]
  witness [642, 28730, 29854, 31864] inside: True   total 2^12 = 4,096
CALIBRATION on the witness: 39008 -> 39026  PASSED
  |W|= 0         COMPLETE  best 39008  count@best 1
         dist: 39008:1
  |W|= 1         COMPLETE  best 39010  count@best 1
         dist: 39010:1  39009:3  39008:8
  |W|= 2         COMPLETE  best 39022  count@best 1
         dist: 39022:1  39019:1  39015:1  39013:2  39011:1  39010:5  39009:9  39008:46
  |W|= 3         COMPLETE  best 39023  count@best 1
         dist: 39023:1  39022:1  39021:4  39020:3  39019:4  39016:5  39015:3  39014:7  39013:6  39012:1  39011:6  39010:7  39009:19  39008:153
  |W|= 4         COMPLETE  best 39026  count@best 1
         dist: 39026:1  39022:8  39021:4  39020:11  39019:7  39018:7  39017:13  39016:10  39015:15  39014:22  39013:7  39012:15  39011:23  39010:9  39009:20  39008:323
  |W|= 5         COMPLETE  best 39026  count@best 8
         dist: 39026:8  39022:12  39021:7  39020:19  39019:33  39018:17  39017:23  39016:34  39015:29  39014:42  39013:16  39012:35  39011:29  39010:4  39009:28  39008:456
  [2,000/4,096] 14s 146/s  best 39026  |W|=6  errors 0
  |W|= 6         COMPLETE  best 39026  count@best 21
         dist: 39026:21  39022:11  39020:22  39019:82  39018:11  39017:20  39016:67  39015:6  39014:88  39013:36  39012:28  39011:34  39010:23  39009:20  39008:455
  |W|= 7         COMPLETE  best 39022  count@best 6
         dist: 39022:6  39021:1  39020:16  39019:131  39018:7  39017:21  39016:66  39015:19  39014:76  39013:33  39012:4  39011:63  39010:19  39009:4  39008:326
  |W|= 8         COMPLETE  best 39022  count@best 1
         dist: 39022:1  39020:7  39019:127  39018:6  39017:4  39016:61  39015:13  39014:37  39013:17  39012:13  39011:44  39009:1  39008:164
  [4,000/4,096] 34s 117/s  best 39026  |W|=9  errors 0
  |W|= 9         COMPLETE  best 39020  count@best 1
         dist: 39020:1  39019:84  39018:1  39017:3  39016:28  39015:12  39014:1  39013:12  39012:22  39011:1  39008:55
  |W|=10         COMPLETE  best 39019  count@best 36
         dist: 39019:36  39017:2  39016:8  39014:1  39013:6  39012:2  39008:11
  |W|=11         COMPLETE  best 39019  count@best 9
         dist: 39019:9  39017:1  39014:1  39008:1
  |W|=12         COMPLETE  best 39015  count@best 1
         dist: 39015:1

=== H12: 4,096/4,096 priced  (36s, 115/s, complete=True) ===
  39026: 30
  39023: 1
  39022: 40
  39021: 16
  39020: 79
  39019: 514
  39018: 49
  39017: 87
  39016: 279
  39015: 99
  39014: 275
  39013: 135
  39012: 120
  39011: 201
  39010: 68
  39009: 104
  39008: 1,999

above 39026: 0
equal 39026: 30
errors/skips: 0
BEST 39026 at W=(642, 28730, 29854, 31864)

by support size:
  |W|= 0         COMPLETE  best 39008  count@best 1
         dist: 39008:1
  |W|= 1         COMPLETE  best 39010  count@best 1
         dist: 39010:1  39009:3  39008:8
  |W|= 2         COMPLETE  best 39022  count@best 1
         dist: 39022:1  39019:1  39015:1  39013:2  39011:1  39010:5  39009:9  39008:46
  |W|= 3         COMPLETE  best 39023  count@best 1
         dist: 39023:1  39022:1  39021:4  39020:3  39019:4  39016:5  39015:3  39014:7  39013:6  39012:1  39011:6  39010:7  39009:19  39008:153
  |W|= 4         COMPLETE  best 39026  count@best 1
         dist: 39026:1  39022:8  39021:4  39020:11  39019:7  39018:7  39017:13  39016:10  39015:15  39014:22  39013:7  39012:15  39011:23  39010:9  39009:20  39008:323
  |W|= 5         COMPLETE  best 39026  count@best 8
         dist: 39026:8  39022:12  39021:7  39020:19  39019:33  39018:17  39017:23  39016:34  39015:29  39014:42  39013:16  39012:35  39011:29  39010:4  39009:28  39008:456
  |W|= 6         COMPLETE  best 39026  count@best 21
         dist: 39026:21  39022:11  39020:22  39019:82  39018:11  39017:20  39016:67  39015:6  39014:88  39013:36  39012:28  39011:34  39010:23  39009:20  39008:455
  |W|= 7         COMPLETE  best 39022  count@best 6
         dist: 39022:6  39021:1  39020:16  39019:131  39018:7  39017:21  39016:66  39015:19  39014:76  39013:33  39012:4  39011:63  39010:19  39009:4  39008:326
  |W|= 8         COMPLETE  best 39022  count@best 1
         dist: 39022:1  39020:7  39019:127  39018:6  39017:4  39016:61  39015:13  39014:37  39013:17  39012:13  39011:44  39009:1  39008:164
  |W|= 9         COMPLETE  best 39020  count@best 1
         dist: 39020:1  39019:84  39018:1  39017:3  39016:28  39015:12  39014:1  39013:12  39012:22  39011:1  39008:55
  |W|=10         COMPLETE  best 39019  count@best 36
         dist: 39019:36  39017:2  39016:8  39014:1  39013:6  39012:2  39008:11
  |W|=11         COMPLETE  best 39019  count@best 9
         dist: 39019:9  39017:1  39014:1  39008:1
  |W|=12         COMPLETE  best 39015  count@best 1
         dist: 39015:1
