H18 = [642, 1844, 2892, 7945, 9629, 18253, 23642, 23754, 23822, 28355, 28730, 29305, 29854, 31864, 34113, 35619, 37413, 37720]
  witness [642, 28730, 29854, 31864] inside: True   total 2^18 = 262,144
CALIBRATION on the witness: 39008 -> 39026  PASSED
  |W|= 0         COMPLETE  best 39008  count@best 1
         dist: 39008:1
  |W|= 1         COMPLETE  best 39010  count@best 1
         dist: 39010:1  39009:3  39008:14
  |W|= 2         COMPLETE  best 39022  count@best 1
         dist: 39022:1  39019:1  39015:1  39013:2  39011:1  39010:8  39009:24  39008:115
  |W|= 3         COMPLETE  best 39023  count@best 1
         dist: 39023:1  39022:2  39021:8  39020:3  39019:10  39016:5  39015:10  39014:7  39013:16  39012:3  39011:9  39010:19  39009:112  39008:611
  [2,000/262,144] 9s 231/s  best 39026  |W|=4  errors 0
  [4,000/262,144] 15s 264/s  best 39026  |W|=4  errors 0
  |W|= 4         COMPLETE  best 39026  count@best 1
         dist: 39026:1  39023:1  39022:13  39021:15  39020:21  39019:28  39018:10  39017:17  39016:35  39015:51  39014:58  39013:47  39012:38  39011:40  39010:43  39009:401  39008:2,241
  [6,000/262,144] 34s 178/s  best 39026  |W|=5  errors 0
  [8,000/262,144] 45s 178/s  best 39026  |W|=5  errors 0
  [10,000/262,144] 54s 187/s  best 39026  |W|=5  errors 0
  [12,000/262,144] 62s 192/s  best 39026  |W|=5  errors 0
  |W|= 5         COMPLETE  best 39026  count@best 14
         dist: 39026:14  39022:42  39021:21  39020:71  39019:90  39018:43  39017:80  39016:130  39015:185  39014:238  39013:111  39012:149  39011:117  39010:103  39009:1,172  39008:6,002
  [14,000/262,144] 80s 175/s  best 39026  |W|=6  errors 0
  [16,000/262,144] 102s 157/s  best 39026  |W|=6  errors 0
  [18,000/262,144] 125s 144/s  best 39026  |W|=6  errors 0
  [20,000/262,144] 140s 143/s  best 39026  |W|=6  errors 0
  [22,000/262,144] 150s 146/s  best 39026  |W|=6  errors 0
  [24,000/262,144] 161s 149/s  best 39026  |W|=6  errors 0
  [26,000/262,144] 171s 152/s  best 39026  |W|=6  errors 0
  [28,000/262,144] 181s 154/s  best 39026  |W|=6  errors 0
  [30,000/262,144] 192s 156/s  best 39026  |W|=6  errors 0
  |W|= 6         COMPLETE  best 39026  count@best 77
         dist: 39026:77  39022:77  39021:20  39020:156  39019:351  39018:70  39017:134  39016:378  39015:393  39014:746  39013:263  39012:331  39011:294  39010:256  39009:2,822  39008:12,196
  [32,000/262,144] 208s 154/s  best 39026  |W|=7  errors 0
  [34,000/262,144] 231s 147/s  best 39026  |W|=7  errors 0
  [36,000/262,144] 254s 142/s  best 39026  |W|=7  errors 0
  [38,000/262,144] 277s 137/s  best 39026  |W|=7  errors 0
  [40,000/262,144] 300s 133/s  best 39026  |W|=7  errors 0
  [42,000/262,144] 323s 130/s  best 39026  |W|=7  errors 0
  [44,000/262,144] 344s 128/s  best 39026  |W|=7  errors 0
  [46,000/262,144] 357s 129/s  best 39026  |W|=7  errors 0
  [48,000/262,144] 369s 130/s  best 39026  |W|=7  errors 0
  [50,000/262,144] 382s 131/s  best 39026  |W|=7  errors 0
  [52,000/262,144] 394s 132/s  best 39026  |W|=7  errors 0
  [54,000/262,144] 407s 133/s  best 39026  |W|=7  errors 0
  [56,000/262,144] 420s 133/s  best 39026  |W|=7  errors 0
  [58,000/262,144] 432s 134/s  best 39026  |W|=7  errors 0
  [60,000/262,144] 445s 135/s  best 39026  |W|=7  errors 0
  [62,000/262,144] 458s 135/s  best 39026  |W|=7  errors 0
  |W|= 7         COMPLETE  best 39026  count@best 73
         dist: 39026:73  39022:95  39021:8  39020:247  39019:1,001  39018:68  39017:161  39016:740  39015:799  39014:1,493  39013:489  39012:593  39011:625  39010:460  39009:5,660  39008:19,312
  [64,000/262,144] 478s 134/s  best 39026  |W|=8  errors 0
  [66,000/262,144] 508s 130/s  best 39026  |W|=8  errors 0
