H16 = [642, 1844, 2892, 9629, 18253, 23642, 23754, 28355, 28730, 29305, 29854, 31864, 34113, 35619, 37413, 37720]
  witness [642, 28730, 29854, 31864] inside: True   total 2^16 = 65,536   granularity nprobe=80 budget=180.0
CALIBRATION on the witness: 39008 -> 39026  PASSED
  |W|= 0         COMPLETE  best 39008  count@best 1
         dist: 39008:1
  |W|= 1         COMPLETE  best 39010  count@best 1
         dist: 39010:1  39009:3  39008:12
  |W|= 2         COMPLETE  best 39022  count@best 1
         dist: 39022:1  39019:1  39015:1  39013:2  39011:1  39010:6  39009:18  39008:90
  |W|= 3         COMPLETE  best 39023  count@best 1
         dist: 39023:1  39022:2  39021:8  39020:3  39019:8  39016:5  39015:7  39014:7  39013:14  39012:2  39011:6  39010:12  39009:67  39008:418
  [2,000/65,536] 20s 99/s  best 39026  |W|=4  errors 0
  |W|= 4         COMPLETE  best 39026  count@best 1
         dist: 39026:1  39023:1  39022:9  39021:47  39020:14  39019:41  39017:10  39016:16  39015:56  39014:29  39013:61  39012:23  39011:22  39010:12  39009:164  39008:1,314
  [4,000/65,536] 57s 70/s  best 39026  |W|=5  errors 0
  [6,000/65,536] 71s 84/s  best 39026  |W|=5  errors 0
  |W|= 5         COMPLETE  best 39026  count@best 12
         dist: 39026:12  39022:20  39021:149  39020:30  39019:152  39018:9  39017:35  39016:47  39015:215  39014:66  39013:217  39012:93  39011:30  39010:8  39009:329  39008:2,956
  [8,000/65,536] 104s 77/s  best 39026  |W|=6  errors 0
  [10,000/65,536] 156s 64/s  best 39026  |W|=6  errors 0
  [12,000/65,536] 180s 67/s  best 39026  |W|=6  errors 0
  [14,000/65,536] 205s 68/s  best 39026  |W|=6  errors 0
  |W|= 6         COMPLETE  best 39026  count@best 56
         dist: 39026:56  39023:3  39022:20  39021:303  39020:40  39019:403  39018:19  39017:82  39016:90  39015:540  39014:107  39013:617  39012:160  39011:15  39010:25  39009:558  39008:4,970
  [16,000/65,536] 248s 65/s  best 39026  |W|=7  errors 0
  [18,000/65,536] 294s 61/s  best 39026  |W|=7  errors 0
  [20,000/65,536] 339s 59/s  best 39026  |W|=7  errors 0
  [22,000/65,536] 359s 61/s  best 39026  |W|=7  errors 0
  [24,000/65,536] 383s 63/s  best 39026  |W|=7  errors 0
  [26,000/65,536] 405s 64/s  best 39026  |W|=7  errors 0
  |W|= 7         COMPLETE  best 39026  count@best 45
         dist: 39026:45  39023:7  39022:10  39021:460  39020:37  39019:794  39018:20  39017:135  39016:123  39015:990  39014:122  39013:1,298  39012:144  39011:22  39010:42  39009:775  39008:6,416
  [28,000/65,536] 452s 62/s  best 39026  |W|=8  errors 0
  [30,000/65,536] 507s 59/s  best 39026  |W|=8  errors 0
  [32,000/65,536] 553s 58/s  best 39026  |W|=8  errors 0
  [34,000/65,536] 589s 58/s  best 39026  |W|=8  errors 0
  [36,000/65,536] 611s 59/s  best 39026  |W|=8  errors 0
  [38,000/65,536] 632s 60/s  best 39026  |W|=8  errors 0
  |W|= 8         COMPLETE  best 39023  count@best 5
         dist: 39023:5  39022:2  39021:491  39020:23  39019:1,161  39018:19  39017:133  39016:155  39015:1,320  39014:93  39013:2,017  39012:91  39011:40  39010:22  39009:869  39008:6,429
  [40,000/65,536] 670s 60/s  best 39026  |W|=9  errors 0
