H16 = [642, 1844, 2892, 9629, 18253, 23642, 23754, 28355, 28730, 29305, 29854, 31864, 34113, 35619, 37413, 37720]
  witness [642, 28730, 29854, 31864] inside: True   total 2^16 = 65,536
CALIBRATION on the witness: 39008 -> 39026  PASSED
  |W|= 0         COMPLETE  best 39008  count@best 1
         dist: 39008:1
  |W|= 1         COMPLETE  best 39010  count@best 1
         dist: 39010:1  39009:3  39008:12
  |W|= 2         COMPLETE  best 39022  count@best 1
         dist: 39022:1  39019:1  39015:1  39013:2  39011:1  39010:6  39009:18  39008:90
  |W|= 3         COMPLETE  best 39023  count@best 1
         dist: 39023:1  39022:2  39021:6  39020:3  39019:8  39016:5  39015:8  39014:7  39013:13  39012:2  39011:7  39010:12  39009:68  39008:418
  [2,000/65,536] 8s 247/s  best 39026  |W|=4  errors 0
  |W|= 4         COMPLETE  best 39026  count@best 1
         dist: 39026:1  39023:1  39022:9  39021:10  39020:15  39019:16  39018:7  39017:16  39016:24  39015:38  39014:42  39013:30  39012:26  39011:34  39010:20  39009:217  39008:1,314
  [4,000/65,536] 23s 173/s  best 39026  |W|=5  errors 0
  [6,000/65,536] 32s 189/s  best 39026  |W|=5  errors 0
  |W|= 5         COMPLETE  best 39026  count@best 12
         dist: 39026:12  39022:20  39021:12  39020:38  39019:59  39018:25  39017:49  39016:78  39015:119  39014:134  39013:62  39012:94  39011:75  39010:42  39009:593  39008:2,956
  [8,000/65,536] 47s 170/s  best 39026  |W|=6  errors 0
  [10,000/65,536] 68s 148/s  best 39026  |W|=6  errors 0
  [12,000/65,536] 78s 153/s  best 39026  |W|=6  errors 0
  [14,000/65,536] 89s 157/s  best 39026  |W|=6  errors 0
  |W|= 6         COMPLETE  best 39026  count@best 56
         dist: 39026:56  39022:23  39021:8  39020:62  39019:211  39018:32  39017:61  39016:175  39015:216  39014:339  39013:134  39012:183  39011:121  39010:124  39009:1,293  39008:4,970
  [16,000/65,536] 108s 149/s  best 39026  |W|=7  errors 0
  [18,000/65,536] 131s 137/s  best 39026  |W|=7  errors 0
  [20,000/65,536] 154s 130/s  best 39026  |W|=7  errors 0
  [22,000/65,536] 167s 132/s  best 39026  |W|=7  errors 0
  [24,000/65,536] 180s 133/s  best 39026  |W|=7  errors 0
  [26,000/65,536] 193s 135/s  best 39026  |W|=7  errors 0
  |W|= 7         COMPLETE  best 39026  count@best 45
         dist: 39026:45  39022:17  39021:1  39020:72  39019:496  39018:25  39017:58  39016:260  39015:367  39014:539  39013:202  39012:252  39011:236  39010:226  39009:2,228  39008:6,416
  [28,000/65,536] 217s 129/s  best 39026  |W|=8  errors 0
  [30,000/65,536] 244s 123/s  best 39026  |W|=8  errors 0
  [32,000/65,536] 271s 118/s  best 39026  |W|=8  errors 0
  [34,000/65,536] 291s 117/s  best 39026  |W|=8  errors 0
  [36,000/65,536] 306s 118/s  best 39026  |W|=8  errors 0
  [38,000/65,536] 322s 118/s  best 39026  |W|=8  errors 0
  |W|= 8         COMPLETE  best 39022  count@best 7
         dist: 39022:7  39021:1  39020:58  39019:798  39018:20  39017:39  39016:285  39015:508  39014:555  39013:178  39012:343  39011:304  39010:362  39009:2,983  39008:6,429
  [40,000/65,536] 342s 117/s  best 39026  |W|=9  errors 0
  [42,000/65,536] 372s 113/s  best 39026  |W|=9  errors 0
  [44,000/65,536] 402s 110/s  best 39026  |W|=9  errors 0
  [46,000/65,536] 430s 107/s  best 39026  |W|=9  errors 0
  [48,000/65,536] 447s 107/s  best 39026  |W|=9  errors 0
  [50,000/65,536] 465s 107/s  best 39026  |W|=9  errors 0
  |W|= 9         COMPLETE  best 39022  count@best 1
         dist: 39022:1  39020:29  39019:925  39018:11  39017:13  39016:227  39015:493  39014:390  39013:111  39012:377  39011:247  39010:469  39009:3,143  39008:5,004
  [52,000/65,536] 493s 106/s  best 39026  |W|=10  errors 0
  [54,000/65,536] 525s 103/s  best 39026  |W|=10  errors 0
  [56,000/65,536] 555s 101/s  best 39026  |W|=10  errors 0
  [58,000/65,536] 576s 101/s  best 39026  |W|=10  errors 0
  |W|=10         COMPLETE  best 39020  count@best 8
         dist: 39020:8  39019:792  39018:2  39017:6  39016:122  39015:344  39014:188  39013:55  39012:277  39011:138  39010:528  39009:2,545  39008:3,003
  [60,000/65,536] 607s 99/s  best 39026  |W|=11  errors 0
  [62,000/65,536] 642s 97/s  best 39026  |W|=11  errors 0
  |W|=11         COMPLETE  best 39020  count@best 1
         dist: 39020:1  39019:495  39017:3  39016:44  39015:165  39014:66  39013:13  39012:142  39011:54  39010:499  39009:1,521  39008:1,365
  [64,000/65,536] 673s 95/s  best 39026  |W|=12  errors 0
  |W|=12         COMPLETE  best 39019  count@best 189
         dist: 39019:189  39017:1  39016:8  39015:52  39014:15  39013:7  39012:47  39011:31  39010:329  39009:686  39008:455
  |W|=13         COMPLETE  best 39019  count@best 25
         dist: 39019:25  39015:7  39014:3  39013:7  39012:9  39011:13  39010:170  39009:221  39008:105
  |W|=14         COMPLETE  best 39019  count@best 1
         dist: 39019:1  39013:2  39011:3  39010:61  39009:38  39008:15
  |W|=15         COMPLETE  best 39010  count@best 12
         dist: 39010:12  39009:3  39008:1
  |W|=16         COMPLETE  best 39010  count@best 1
         dist: 39010:1

=== H16: 65,536/65,536 priced  (700s, 94/s, complete=True) ===
  39026: 114
  39023: 2
  39022: 80
  39021: 38
  39020: 286
  39019: 4,016
  39018: 122
  39017: 246
  39016: 1,228
  39015: 2,318
  39014: 2,278
  39013: 816
  39012: 1,752
  39011: 1,264
  39010: 2,862
  39009: 15,560
  39008: 32,554

above 39026: 0
equal 39026: 114
errors/skips: 0
BEST 39026 at W=(642, 28730, 29854, 31864)

by support size:
  |W|= 0         COMPLETE  best 39008  count@best 1
         dist: 39008:1
  |W|= 1         COMPLETE  best 39010  count@best 1
         dist: 39010:1  39009:3  39008:12
  |W|= 2         COMPLETE  best 39022  count@best 1
         dist: 39022:1  39019:1  39015:1  39013:2  39011:1  39010:6  39009:18  39008:90
  |W|= 3         COMPLETE  best 39023  count@best 1
         dist: 39023:1  39022:2  39021:6  39020:3  39019:8  39016:5  39015:8  39014:7  39013:13  39012:2  39011:7  39010:12  39009:68  39008:418
  |W|= 4         COMPLETE  best 39026  count@best 1
         dist: 39026:1  39023:1  39022:9  39021:10  39020:15  39019:16  39018:7  39017:16  39016:24  39015:38  39014:42  39013:30  39012:26  39011:34  39010:20  39009:217  39008:1,314
  |W|= 5         COMPLETE  best 39026  count@best 12
         dist: 39026:12  39022:20  39021:12  39020:38  39019:59  39018:25  39017:49  39016:78  39015:119  39014:134  39013:62  39012:94  39011:75  39010:42  39009:593  39008:2,956
  |W|= 6         COMPLETE  best 39026  count@best 56
         dist: 39026:56  39022:23  39021:8  39020:62  39019:211  39018:32  39017:61  39016:175  39015:216  39014:339  39013:134  39012:183  39011:121  39010:124  39009:1,293  39008:4,970
  |W|= 7         COMPLETE  best 39026  count@best 45
         dist: 39026:45  39022:17  39021:1  39020:72  39019:496  39018:25  39017:58  39016:260  39015:367  39014:539  39013:202  39012:252  39011:236  39010:226  39009:2,228  39008:6,416
  |W|= 8         COMPLETE  best 39022  count@best 7
         dist: 39022:7  39021:1  39020:58  39019:798  39018:20  39017:39  39016:285  39015:508  39014:555  39013:178  39012:343  39011:304  39010:362  39009:2,983  39008:6,429
  |W|= 9         COMPLETE  best 39022  count@best 1
         dist: 39022:1  39020:29  39019:925  39018:11  39017:13  39016:227  39015:493  39014:390  39013:111  39012:377  39011:247  39010:469  39009:3,143  39008:5,004
  |W|=10         COMPLETE  best 39020  count@best 8
         dist: 39020:8  39019:792  39018:2  39017:6  39016:122  39015:344  39014:188  39013:55  39012:277  39011:138  39010:528  39009:2,545  39008:3,003
  |W|=11         COMPLETE  best 39020  count@best 1
         dist: 39020:1  39019:495  39017:3  39016:44  39015:165  39014:66  39013:13  39012:142  39011:54  39010:499  39009:1,521  39008:1,365
  |W|=12         COMPLETE  best 39019  count@best 189
         dist: 39019:189  39017:1  39016:8  39015:52  39014:15  39013:7  39012:47  39011:31  39010:329  39009:686  39008:455
  |W|=13         COMPLETE  best 39019  count@best 25
         dist: 39019:25  39015:7  39014:3  39013:7  39012:9  39011:13  39010:170  39009:221  39008:105
  |W|=14         COMPLETE  best 39019  count@best 1
         dist: 39019:1  39013:2  39011:3  39010:61  39009:38  39008:15
  |W|=15         COMPLETE  best 39010  count@best 12
         dist: 39010:12  39009:3  39008:1
  |W|=16         COMPLETE  best 39010  count@best 1
         dist: 39010:1
