p-handle family by algebraic form: 3707 atoms (3707 counting both operand orders)
  T reports 3,707 (3,714 both orders)

=== incident against the deliverable's 7 failing (7 equations): 12 atoms ===
  a23617  h=x28730  u=x9413    rt  6  [12231, 12270, 12350, 14584, 22044, 29125]
  a23619  h=x23754  u=x6947    rt  5  [12231, 12350, 14584, 22044, 29125]
  a36661  h=x31864  u=x10903   rt  5  [12231, 12270, 12350, 14584, 18673]
  a36664  h=x642    u=x17325   rt  5  [12231, 12270, 12350, 14584, 22044]
  a11875  h=x23642  u=x10422   rt  4  [12231, 12350, 14584, 29125]
  a20448  h=x9629   u=x950     rt  4  [12231, 12350, 14584, 29125]
  a20450  h=x18253  u=x15120   rt  4  [12231, 12350, 14584, 29125]
  a20452  h=x37720  u=x35531   rt  4  [12231, 12350, 14584, 29125]
  a23621  h=x35619  u=x33168   rt  4  [12231, 12350, 14584, 29125]
  a11878  h=x37413  u=x11099   rt  3  [12231, 12350, 29125]
  a36659  h=x29854  u=x1329    rt  3  [12270, 12350, 14584]
  a36657  h=x1844   u=x21574   rt  1  [12350]

=== incident against T's 12-equation far side (12 equations): 16 atoms ===
  a23617  h=x28730  u=x9413    rt 10  [2554, 6816, 8124, 9421, 12231, 12270, 12350, 14584, 22044, 29125]
  a23619  h=x23754  u=x6947    rt  9  [2554, 6816, 8124, 9421, 12231, 12350, 14584, 22044, 29125]
  a36664  h=x642    u=x17325   rt  9  [6816, 8124, 9123, 9421, 12231, 12270, 12350, 14584, 22044]
  a23621  h=x35619  u=x33168   rt  8  [2554, 6816, 8124, 9421, 12231, 12350, 14584, 29125]
  a36661  h=x31864  u=x10903   rt  8  [6816, 9123, 9421, 12231, 12270, 12350, 14584, 18673]
  a20448  h=x9629   u=x950     rt  7  [2554, 6816, 8124, 12231, 12350, 14584, 29125]
  a20450  h=x18253  u=x15120   rt  7  [2554, 6816, 8124, 12231, 12350, 14584, 29125]
  a20452  h=x37720  u=x35531   rt  7  [2554, 6816, 8124, 12231, 12350, 14584, 29125]
  a36659  h=x29854  u=x1329    rt  6  [6816, 9123, 9421, 12270, 12350, 14584]
  a11875  h=x23642  u=x10422   rt  5  [2554, 12231, 12350, 14584, 29125]
  a11878  h=x37413  u=x11099   rt  4  [2554, 12231, 12350, 29125]
  a36657  h=x1844   u=x21574   rt  4  [6816, 9123, 9421, 12350]
  a6352   h=x2892   u=x6090    rt  3  [6816, 9123, 9421]
  a36655  h=x29305  u=x1613    rt  3  [6816, 9123, 9421]
  a6348   h=x34113  u=x23110   rt  1  [9123]
  a6350   h=x28355  u=x32349   rt  1  [9123]

=== incident against my 25-equation uncorrupted baseline (25 equations): 18 atoms ===
  a23617  h=x28730  u=x9413    rt 10  [2554, 6816, 8124, 9421, 12231, 12270, 12350, 14584, 22044, 29125]
  a23619  h=x23754  u=x6947    rt 10  [2554, 6816, 8124, 8680, 9421, 12231, 12350, 14584, 22044, 29125]
  a23621  h=x35619  u=x33168   rt  9  [2554, 6816, 8124, 8680, 9421, 12231, 12350, 14584, 29125]
  a36664  h=x642    u=x17325   rt  9  [6816, 8124, 9123, 9421, 12231, 12270, 12350, 14584, 22044]
  a20448  h=x9629   u=x950     rt  8  [2554, 6816, 8124, 8680, 12231, 12350, 14584, 29125]
  a20450  h=x18253  u=x15120   rt  8  [2554, 6816, 8124, 8680, 12231, 12350, 14584, 29125]
  a20452  h=x37720  u=x35531   rt  8  [2554, 6816, 8124, 8680, 12231, 12350, 14584, 29125]
  a36661  h=x31864  u=x10903   rt  8  [6816, 9123, 9421, 12231, 12270, 12350, 14584, 18673]
  a11875  h=x23642  u=x10422   rt  6  [2554, 8680, 12231, 12350, 14584, 29125]
  a36659  h=x29854  u=x1329    rt  6  [6816, 9123, 9421, 12270, 12350, 14584]
  a11878  h=x37413  u=x11099   rt  5  [2554, 8680, 12231, 12350, 29125]
  a36657  h=x1844   u=x21574   rt  4  [6816, 9123, 9421, 12350]
  a6352   h=x2892   u=x6090    rt  3  [6816, 9123, 9421]
  a36655  h=x29305  u=x1613    rt  3  [6816, 9123, 9421]
  a6348   h=x34113  u=x23110   rt  1  [9123]
  a6350   h=x28355  u=x32349   rt  1  [9123]
  a11880  h=x23822  u=x22526   rt  1  [8680]
  a11882  h=x7945   u=x34868   rt  1  [8680]

=== cross-check: T's three newly-found incident handles ===
  u=x10422  in family: True   atom a11875   incident to the 7: True   to the 12: True
  u=x15120  in family: True   atom a20450   incident to the 7: True   to the 12: True
  u=x35531  in family: True   atom a20452   incident to the 7: True   to the 12: True

=== verify T's criterion eqs(u) == eqs(atom_u) over the whole family ===
  checked 3707, violations 919  (CRITERION FAILS)

wrote pfamily.json

SPACE: 2^16 = 65,536 (against the 12-equation far side)
