H16 = [642, 1844, 2892, 9629, 18253, 23642, 23754, 28355, 28730, 29305, 29854, 31864, 34113, 35619, 37413, 37720]
  witness [642, 28730, 29854, 31864] inside: True   total 2^16 = 65,536   granularity nprobe=10 budget=30.0
CALIBRATION on the witness: 39008 -> 39026  PASSED
  |W|= 0         COMPLETE  best 39008  count@best 1
         dist: 39008:1
  |W|= 1         COMPLETE  best 39010  count@best 1
         dist: 39010:1  39009:3  39008:12
  |W|= 2         COMPLETE  best 39022  count@best 1
         dist: 39022:1  39019:1  39015:1  39013:2  39011:1  39010:6  39009:18  39008:90
  |W|= 3         COMPLETE  best 39023  count@best 1
         dist: 39023:1  39022:2  39021:6  39020:3  39019:8  39016:5  39015:8  39014:7  39013:13  39012:2  39011:7  39010:12  39009:68  39008:418
  [2,000/65,536] 9s 235/s  best 39026  |W|=4  errors 0
  |W|= 4         COMPLETE  best 39026  count@best 1
         dist: 39026:1  39023:1  39022:9  39021:10  39020:15  39019:16  39018:7  39017:16  39016:24  39015:38  39014:42  39013:30  39012:26  39011:34  39010:20  39009:217  39008:1,314
  [4,000/65,536] 23s 175/s  best 39026  |W|=5  errors 0
  [6,000/65,536] 32s 187/s  best 39026  |W|=5  errors 0
  |W|= 5         COMPLETE  best 39026  count@best 12
         dist: 39026:12  39022:20  39021:12  39020:38  39019:59  39018:25  39017:49  39016:78  39015:119  39014:134  39013:62  39012:94  39011:75  39010:42  39009:593  39008:2,956
  [8,000/65,536] 47s 169/s  best 39026  |W|=6  errors 0
  [10,000/65,536] 67s 149/s  best 39026  |W|=6  errors 0
  [12,000/65,536] 78s 154/s  best 39026  |W|=6  errors 0
  [14,000/65,536] 90s 156/s  best 39026  |W|=6  errors 0
  |W|= 6         COMPLETE  best 39026  count@best 56
         dist: 39026:56  39022:23  39021:8  39020:62  39019:211  39018:32  39017:61  39016:175  39015:216  39014:339  39013:134  39012:183  39011:121  39010:124  39009:1,293  39008:4,970
  [16,000/65,536] 107s 150/s  best 39026  |W|=7  errors 0
  [18,000/65,536] 129s 139/s  best 39026  |W|=7  errors 0
  [20,000/65,536] 155s 129/s  best 39026  |W|=7  errors 0
  [22,000/65,536] 172s 128/s  best 39026  |W|=7  errors 0
  [24,000/65,536] 200s 120/s  best 39026  |W|=7  errors 0
  [26,000/65,536] 239s 109/s  best 39026  |W|=7  errors 0
  |W|= 7         COMPLETE  best 39026  count@best 45
         dist: 39026:45  39022:17  39021:1  39020:72  39019:496  39018:25  39017:58  39016:260  39015:367  39014:539  39013:202  39012:252  39011:236  39010:226  39009:2,228  39008:6,416
  [28,000/65,536] 289s 97/s  best 39026  |W|=8  errors 0
  [30,000/65,536] 352s 85/s  best 39026  |W|=8  errors 0
  [32,000/65,536] 416s 77/s  best 39026  |W|=8  errors 0
  [34,000/65,536] 463s 73/s  best 39026  |W|=8  errors 0
  [36,000/65,536] 501s 72/s  best 39026  |W|=8  errors 0
  [38,000/65,536] 536s 71/s  best 39026  |W|=8  errors 0
  |W|= 8         COMPLETE  best 39022  count@best 7
         dist: 39022:7  39021:1  39020:58  39019:798  39018:20  39017:39  39016:285  39015:508  39014:555  39013:178  39012:343  39011:304  39010:362  39009:2,983  39008:6,429
  [40,000/65,536] 598s 67/s  best 39026  |W|=9  errors 0
