H18 = [642, 1844, 2892, 7945, 9629, 18253, 23642, 23754, 23822, 28355, 28730, 29305, 29854, 31864, 34113, 35619, 37413, 37720]
  witness [642, 28730, 29854, 31864] inside: True   total 2^18 = 262,144   granularity nprobe=80 budget=180.0
CALIBRATION on the witness: 39008 -> 39026  PASSED
  |W|= 0         COMPLETE  best 39008  count@best 1
         dist: 39008:1
  |W|= 1         COMPLETE  best 39010  count@best 1
         dist: 39010:1  39009:3  39008:14
  |W|= 2         COMPLETE  best 39022  count@best 1
         dist: 39022:1  39019:1  39015:1  39013:2  39011:1  39010:8  39009:24  39008:115
  |W|= 3         COMPLETE  best 39023  count@best 1
         dist: 39023:1  39022:2  39021:10  39020:3  39019:10  39016:5  39015:9  39014:7  39013:17  39012:3  39011:8  39010:19  39009:111  39008:611
  [2,000/262,144] 43s 46/s  best 39026  |W|=4  errors 0
  [4,000/262,144] 71s 56/s  best 39026  |W|=4  errors 0
  |W|= 4         COMPLETE  best 39026  count@best 1
         dist: 39026:1  39023:1  39022:13  39021:66  39020:20  39019:58  39017:10  39016:25  39015:72  39014:42  39013:85  39012:34  39011:27  39010:33  39009:332  39008:2,241
  [6,000/262,144] 155s 39/s  best 39026  |W|=5  errors 0
  [8,000/262,144] 200s 40/s  best 39026  |W|=5  errors 0
  [10,000/262,144] 236s 42/s  best 39026  |W|=5  errors 0
  [12,000/262,144] 271s 44/s  best 39026  |W|=5  errors 0
  |W|= 5         COMPLETE  best 39026  count@best 14
         dist: 39026:14  39022:42  39021:252  39020:61  39019:242  39018:9  39017:53  39016:84  39015:333  39014:132  39013:339  39012:151  39011:50  39010:54  39009:750  39008:6,002
  [14,000/262,144] 345s 41/s  best 39026  |W|=6  errors 0
  [16,000/262,144] 443s 36/s  best 39026  |W|=6  errors 0
