H16 = [642, 1844, 2892, 9629, 18253, 23642, 23754, 28355, 28730, 29305, 29854, 31864, 34113, 35619, 37413, 37720]
  extra cofactor knobs (4): [1329, 9413, 10903, 17325]
  total 2^16 = 65,536  granularity nprobe=80 budget=180.0
CALIBRATION on the witness: 39008 -> 39026  (9 affine knobs)  PASSED
  |W|= 0         COMPLETE  best 39008  count@best 1
         dist: 39008:1
  |W|= 1         COMPLETE  best 39021  count@best 1
         dist: 39021:1  39009:3  39008:12
  |W|= 2         COMPLETE  best 39022  count@best 3
         dist: 39022:3  39021:12  39010:3  39009:13  39008:89
  |W|= 3         COMPLETE  best 39023  count@best 3
         dist: 39023:3  39022:21  39021:81  39011:1  39010:12  39009:49  39008:393
  [2,000/65,536] 68s 29/s  best 39026  |W|=4  errors 0
  |W|= 4         COMPLETE  best 39026  count@best 1
         dist: 39026:1  39023:13  39022:90  39021:351  39011:2  39010:25  39009:146  39008:1,192
  [4,000/65,536] 177s 23/s  best 39026  |W|=5  errors 0
  [6,000/65,536] 252s 24/s  best 39026  |W|=5  errors 0
  |W|= 5         COMPLETE  best 39026  count@best 1
         dist: 39026:1  39024:3  39023:30  39022:283  39021:1,048  39011:1  39010:30  39009:307  39008:2,665
  [8,000/65,536] 369s 22/s  best 39026  |W|=6  errors 0
  [10,000/65,536] 529s 19/s  best 39026  |W|=6  errors 0
  [12,000/65,536] 591s 20/s  best 39026  |W|=6  errors 0
  [14,000/65,536] 645s 22/s  best 39026  |W|=6  errors 0
