  0 0s natoms=11
  10000 7s natoms=39111
  20000 14s natoms=40335
  30000 22s natoms=40550
parsed 28.0s atoms=40727 sq=9710
distinct shapes 6076
13092 'V - V * V'
4596 'V - (V + V)'
3749 'V - V'
2298 'V - (V - V)'
1690 'V - 0'
1679 'V * V - V'
1405 'V - (1 - V)'
1144 '2 * V * (1 - V)'
1139 'V * (V - 1)'
1103 'V - 1'
926 'V'
900 'V - (V + 0)'
735 'V * V'
192 'V - V - V'
2 'V - V * 32343'
2 'V - V * 60313'
2 'V - V * 49065'
2 'V - V * 28345'
2 'V - V * 29299'
2 'V - V * 6379'
2 'V - V * 38949'
2 'V - V * 34351'
2 'V - V * 59765'
2 '7720481 * (V * V) - V'
2 'V - V * 48233'
2 'V - V * 4853'
2 'V - V * 13935'
2 'V - V * 52115'
2 'V - V * 64571'
2 'V - V * 11077'
