NEUTRAL BASE score 38776
deliverable ON [2081, 24601]: 24601 in block0 (A-slot,178), 2081 in block2 (B-slot,21)
reps: [[47], [91], [490], [2455], [438], [5643], [6821], [1530]]
256 configurations, 13s

=== RAW score vs number of live blocks ===
 n_live | best  | worst | mean
   0    | 38776 | 38776 | 38776
   1    | 38791 | 38768 | 38779
   2    | 38804 | 38736 | 38764
   3    | 38787 | 38708 | 38745
   4    | 38773 | 38692 | 38727
   5    | 38761 | 38677 | 38709
   6    | 38746 | 38669 | 38691
   7    | 38718 | 38662 | 38673
   8    | 38655 | 38655 | 38655

=== root-firing vs 78-side-only (RAW) ===
  rootfire=0: best 38791, worst 38663, n=129
  rootfire=1: best 38804, worst 38655, n=127

=== exactly 2 live blocks ===
  rootfire=0: best 38774, worst 38736, n=21
  rootfire=1: best 38804, worst 38762, n=7

top 15 raw: [((47, 490), 38804), ((47, 438), 38796), ((47, 5643), 38795), ((47, 2455), 38795), ((47, 6821), 38794), ((490,), 38791), ((47, 1530), 38791), ((47, 5643, 6821), 38787), ((47, 2455, 438), 38784), ((438,), 38783), ((5643,), 38782), ((2455,), 38782), ((6821,), 38781), ((47, 438, 1530), 38781), ((47, 438, 5643), 38781)]
DELIVERABLE (tuned handles, same 2 slots): 39026

=== simultaneous repair on top 8 raw configs ===
