=== TUNER CALIBRATION: must recover 39,026 from the deliverable's own site ===
  base(untuned) 39008 -> TUNED 39026   (5 knobs, 18 greedy sols, best at prefix 5, 4s)
  TUNER CALIBRATION PASSED

=== pricing candidates (tuned) ===
  CALIBRATION (deliverable) c=27994 4971.va  [642, 28730, 29854, 31864]       base 39008 -> TUNED 39026 (4s)
  c=27634 23762.va                           [10509, 20157, 32245, 33044]     base 39008 -> TUNED 39008 (1s)
  c=31049 14869.vb                           [9541, 19546, 25227, 31891]      base 39008 -> TUNED 39008 (2s)
  c=30609 14692.va                           [3260, 11588, 30400, 37248]      base 39008 -> TUNED 39008 (1s)
  c=34711 3154.vb                            [2493, 3022, 6019, 15174]        base 39008 -> TUNED 39008 (1s)
  c=35056 3154.va                            [1405, 3052, 4806, 16433]        base 39008 -> TUNED 39008 (1s)
  c=6593  25642.va                           [9337, 17894, 23336, 33996]      base 39008 -> TUNED 39008 (1s)
  c=25642 37991.vb                           [19053, 21505, 22193, 23910]     base 39008 -> TUNED 39008 (1s)
  c=37034 11182.va                           [10074, 16399, 16800, 35694]     base 39008 -> TUNED 39008 (2s)
  c=23089 37919.vb                           [1768, 6389, 26662, 31362]       base 39008 -> TUNED 39008 (1s)
  c=37220 33113.va                           [6254, 7439, 21115, 38560]       base 39008 -> TUNED 39008 (1s)
  c=7383  16012.vb                           [1079, 15006, 15333, 32131]      base 39008 -> TUNED 39008 (1s)

throughput 1s/candidate -> ~2,747/hour single-core

=== SUMMARY ===
   39026  [642, 28730, 29854, 31864]       CALIBRATION (deliverable) c=27994 4971.va
   39008  [10509, 20157, 32245, 33044]     c=27634 23762.va
   39008  [9541, 19546, 25227, 31891]      c=31049 14869.vb
   39008  [3260, 11588, 30400, 37248]      c=30609 14692.va
   39008  [2493, 3022, 6019, 15174]        c=34711 3154.vb
   39008  [1405, 3052, 4806, 16433]        c=35056 3154.va
   39008  [9337, 17894, 23336, 33996]      c=6593  25642.va
   39008  [19053, 21505, 22193, 23910]     c=25642 37991.vb
   39008  [10074, 16399, 16800, 35694]     c=37034 11182.va
   39008  [1768, 6389, 26662, 31362]       c=23089 37919.vb
   39008  [6254, 7439, 21115, 38560]       c=37220 33113.va
   39008  [1079, 15006, 15333, 32131]      c=7383  16012.vb
baseline to beat: 39026
