baseline violated atoms: 4 (3s)
  bit 106: violated 6 (twist 0/5)  <-- improves
  bit 112: violated 6 (twist 0/5)  <-- improves
  bit 150: violated 6 (twist 0/5)  <-- improves
  bit 266: violated 6 (twist 0/5)  <-- improves
  bit 710: violated 6 (twist 0/5)  <-- improves
  bit 825: violated 6 (twist 0/5)  <-- improves
  bit 865: violated 6 (twist 0/5)  <-- improves
  bit 897: violated 6 (twist 0/5)  <-- improves
  bit 1062: violated 6 (twist 0/5)  <-- improves
  bit 1185: violated 13 (twist 0/5)  <-- improves
  bit 1189: violated 6 (twist 0/5)  <-- improves
  bit 1263: violated 7 (twist 0/5)  <-- improves
  bit 1343: violated 6 (twist 0/5)  <-- improves
  bit 1350: violated 6 (twist 0/5)  <-- improves
  bit 1365: violated 6 (twist 0/5)  <-- improves
  bit 1542: violated 6 (twist 0/5)  <-- improves
  bit 1571: violated 8 (twist 0/5)  <-- improves
  bit 1648: violated 6 (twist 0/5)  <-- improves
  bit 1782: violated 7 (twist 0/5)  <-- improves
  bit 1858: violated 15 (twist 0/5)  <-- improves
  bit 2079: violated 6 (twist 0/5)  <-- improves
  bit 2083: violated 6 (twist 0/5)  <-- improves
  bit 2111: violated 6 (twist 0/5)  <-- improves
  bit 2749: violated 6 (twist 0/5)  <-- improves
  bit 2779: violated 6 (twist 0/5)  <-- improves
  bit 2793: violated 6 (twist 0/5)  <-- improves
  bit 2795: violated 15 (twist 0/5)  <-- improves
  bit 2800: violated 12 (twist 0/5)  <-- improves
  bit 2866: violated 6 (twist 0/5)  <-- improves
  bit 3393: violated 8 (twist 0/5)  <-- improves
  bit 3427: violated 6 (twist 0/5)  <-- improves
  bit 3483: violated 6 (twist 0/5)  <-- improves
  bit 3644: violated 6 (twist 0/5)  <-- improves
  bit 3709: violated 6 (twist 0/5)  <-- improves
  bit 3715: violated 6 (twist 0/5)  <-- improves
  bit 3943: violated 6 (twist 0/5)  <-- improves
  bit 4556: violated 6 (twist 0/5)  <-- improves
  bit 4661: violated 6 (twist 0/5)  <-- improves
  bit 4760: violated 6 (twist 0/5)  <-- improves
  bit 4766: violated 6 (twist 0/5)  <-- improves
  ...40/255 tested (112s)
  bit 4878: violated 6 (twist 0/5)  <-- improves
  bit 5034: violated 6 (twist 0/5)  <-- improves
  bit 5064: violated 7 (twist 0/5)  <-- improves
  bit 5126: violated 6 (twist 0/5)  <-- improves
  bit 5277: violated 6 (twist 0/5)  <-- improves
  bit 5443: violated 15 (twist 0/5)  <-- improves
  bit 5883: violated 6 (twist 0/5)  <-- improves
  bit 6078: violated 6 (twist 0/5)  <-- improves
  bit 6395: violated 6 (twist 0/5)  <-- improves
  bit 6451: violated 6 (twist 0/5)  <-- improves
  bit 6734: violated 6 (twist 0/5)  <-- improves
  bit 6968: violated 8 (twist 0/5)  <-- improves
  bit 7007: violated 6 (twist 0/5)  <-- improves
  bit 7221: violated 6 (twist 0/5)  <-- improves
  bit 7256: violated 6 (twist 0/5)  <-- improves
  bit 7281: violated 6 (twist 0/5)  <-- improves
  bit 7328: violated 8 (twist 0/5)  <-- improves
  bit 7378: violated 8 (twist 0/5)  <-- improves
  bit 7451: violated 6 (twist 0/5)  <-- improves
  bit 7490: violated 6 (twist 0/5)  <-- improves
  bit 7600: violated 6 (twist 0/5)  <-- improves
  bit 7701: violated 6 (twist 0/5)  <-- improves
  bit 7869: violated 6 (twist 0/5)  <-- improves
  bit 7931: violated 8 (twist 0/5)  <-- improves
  bit 8044: violated 6 (twist 0/5)  <-- improves
  bit 8824: violated 6 (twist 0/5)  <-- improves
  bit 9186: violated 6 (twist 0/5)  <-- improves
  bit 9349: violated 10 (twist 0/5)  <-- improves
  bit 9531: violated 6 (twist 0/5)  <-- improves
  bit 10125: violated 6 (twist 0/5)  <-- improves
  bit 10313: violated 6 (twist 0/5)  <-- improves
  bit 10450: violated 7 (twist 0/5)  <-- improves
  bit 10496: violated 6 (twist 0/5)  <-- improves
  bit 10600: violated 6 (twist 0/5)  <-- improves
  bit 10652: violated 15 (twist 0/5)  <-- improves
  bit 10759: violated 6 (twist 0/5)  <-- improves
  bit 10951: violated 6 (twist 0/5)  <-- improves
  bit 11056: violated 6 (twist 0/5)  <-- improves
  bit 11257: violated 6 (twist 0/5)  <-- improves
  bit 11420: violated 6 (twist 0/5)  <-- improves
  ...80/255 tested (222s)
  bit 11474: violated 8 (twist 0/5)  <-- improves
  bit 11482: violated 6 (twist 0/5)  <-- improves
  bit 11769: violated 6 (twist 0/5)  <-- improves
  bit 12012: violated 6 (twist 0/5)  <-- improves
  bit 12404: violated 6 (twist 0/5)  <-- improves
  bit 12667: violated 6 (twist 0/5)  <-- improves
  bit 13015: violated 6 (twist 0/5)  <-- improves
  bit 13070: violated 6 (twist 0/5)  <-- improves
  bit 13301: violated 6 (twist 0/5)  <-- improves
  bit 13365: violated 6 (twist 0/5)  <-- improves
  bit 13916: violated 6 (twist 0/5)  <-- improves
  bit 14132: violated 6 (twist 0/5)  <-- improves
  bit 14848: violated 6 (twist 0/5)  <-- improves
  bit 14872: violated 6 (twist 0/5)  <-- improves
  bit 15021: violated 6 (twist 0/5)  <-- improves
  bit 15023: violated 6 (twist 0/5)  <-- improves
  bit 15138: violated 6 (twist 0/5)  <-- improves
  bit 15145: violated 6 (twist 0/5)  <-- improves
  bit 15226: violated 8 (twist 0/5)  <-- improves
  bit 15312: violated 6 (twist 0/5)  <-- improves
  bit 15318: violated 6 (twist 0/5)  <-- improves
  bit 15591: violated 6 (twist 0/5)  <-- improves
  bit 15694: violated 6 (twist 0/5)  <-- improves
  bit 15847: violated 6 (twist 0/5)  <-- improves
  bit 16009: violated 7 (twist 0/5)  <-- improves
  bit 16131: violated 6 (twist 0/5)  <-- improves
  bit 16225: violated 7 (twist 0/5)  <-- improves
  bit 16481: violated 6 (twist 0/5)  <-- improves
  bit 16543: violated 6 (twist 0/5)  <-- improves
  bit 16714: violated 6 (twist 0/5)  <-- improves
  bit 16803: violated 6 (twist 0/5)  <-- improves
  bit 16811: violated 6 (twist 0/5)  <-- improves
  bit 16850: violated 6 (twist 0/5)  <-- improves
  bit 17240: violated 6 (twist 0/5)  <-- improves
  bit 17258: violated 6 (twist 0/5)  <-- improves
  bit 17488: violated 6 (twist 0/5)  <-- improves
  bit 17647: violated 7 (twist 0/5)  <-- improves
  bit 18132: violated 6 (twist 0/5)  <-- improves
  bit 18197: violated 6 (twist 0/5)  <-- improves
  bit 18257: violated 6 (twist 0/5)  <-- improves
  ...120/255 tested (331s)
  bit 18362: violated 6 (twist 0/5)  <-- improves
  bit 18446: violated 6 (twist 0/5)  <-- improves
  bit 18880: violated 6 (twist 0/5)  <-- improves
  bit 18975: violated 6 (twist 0/5)  <-- improves
  bit 19038: violated 6 (twist 0/5)  <-- improves
  bit 19164: violated 7 (twist 0/5)  <-- improves
  bit 19207: violated 6 (twist 0/5)  <-- improves
  bit 19414: violated 6 (twist 0/5)  <-- improves
  bit 19440: violated 6 (twist 0/5)  <-- improves
  bit 19520: violated 15 (twist 0/5)  <-- improves
  bit 19631: violated 6 (twist 0/5)  <-- improves
  bit 19880: violated 6 (twist 0/5)  <-- improves
  bit 20040: violated 6 (twist 0/5)  <-- improves
  bit 20142: violated 8 (twist 0/5)  <-- improves
  bit 20716: violated 6 (twist 0/5)  <-- improves
  bit 20830: violated 6 (twist 0/5)  <-- improves
  bit 20983: violated 6 (twist 0/5)  <-- improves
  bit 21188: violated 6 (twist 0/5)  <-- improves
  bit 21524: violated 6 (twist 0/5)  <-- improves
  bit 21588: violated 6 (twist 0/5)  <-- improves
  bit 21615: violated 8 (twist 0/5)  <-- improves
  bit 21695: violated 8 (twist 0/5)  <-- improves
  bit 22219: violated 6 (twist 0/5)  <-- improves
  bit 22379: violated 6 (twist 0/5)  <-- improves
  bit 22475: violated 6 (twist 0/5)  <-- improves
  bit 22628: violated 6 (twist 0/5)  <-- improves
  bit 22791: violated 6 (twist 0/5)  <-- improves
  bit 22971: violated 8 (twist 0/5)  <-- improves
  bit 23207: violated 10 (twist 0/5)  <-- improves
  bit 23580: violated 6 (twist 0/5)  <-- improves
  bit 23634: violated 8 (twist 0/5)  <-- improves
  bit 23811: violated 6 (twist 0/5)  <-- improves
  bit 24067: violated 6 (twist 0/5)  <-- improves
  bit 24070: violated 6 (twist 0/5)  <-- improves
  bit 24087: violated 6 (twist 0/5)  <-- improves
  bit 24107: violated 6 (twist 0/5)  <-- improves
  bit 24370: violated 6 (twist 0/5)  <-- improves
  bit 24408: violated 6 (twist 0/5)  <-- improves
  bit 24600: violated 6 (twist 0/5)  <-- improves
  bit 24645: violated 6 (twist 0/5)  <-- improves
  ...160/255 tested (440s)
  bit 24877: violated 6 (twist 0/5)  <-- improves
  bit 24898: violated 7 (twist 0/5)  <-- improves
  bit 25242: violated 6 (twist 0/5)  <-- improves
  bit 25789: violated 6 (twist 0/5)  <-- improves
  bit 25903: violated 6 (twist 0/5)  <-- improves
  bit 26012: violated 6 (twist 0/5)  <-- improves
  bit 26165: violated 6 (twist 0/5)  <-- improves
  bit 26488: violated 6 (twist 0/5)  <-- improves
  bit 26594: violated 6 (twist 0/5)  <-- improves
  bit 26837: violated 6 (twist 0/5)  <-- improves
  bit 26947: violated 15 (twist 0/5)  <-- improves
  bit 27076: violated 6 (twist 0/5)  <-- improves
  bit 27159: violated 6 (twist 0/5)  <-- improves
  bit 27410: violated 6 (twist 0/5)  <-- improves
  bit 27512: violated 15 (twist 0/5)  <-- improves
  bit 27818: violated 9 (twist 0/5)  <-- improves
  bit 27831: violated 6 (twist 0/5)  <-- improves
  bit 27979: violated 6 (twist 0/5)  <-- improves
  bit 28129: violated 6 (twist 0/5)  <-- improves
  bit 28142: violated 9 (twist 0/5)  <-- improves
  bit 28174: violated 6 (twist 0/5)  <-- improves
  bit 28209: violated 6 (twist 0/5)  <-- improves
  bit 28410: violated 6 (twist 0/5)  <-- improves
  bit 28435: violated 6 (twist 0/5)  <-- improves
  bit 28958: violated 8 (twist 0/5)  <-- improves
  bit 29000: violated 6 (twist 0/5)  <-- improves
  bit 29225: violated 7 (twist 0/5)  <-- improves
  bit 29447: violated 6 (twist 0/5)  <-- improves
  bit 29451: violated 7 (twist 0/5)  <-- improves
  bit 29594: violated 6 (twist 0/5)  <-- improves
  bit 29682: violated 6 (twist 0/5)  <-- improves
  bit 29937: violated 6 (twist 0/5)  <-- improves
  bit 29995: violated 6 (twist 0/5)  <-- improves
  bit 30060: violated 8 (twist 0/5)  <-- improves
  bit 30104: violated 15 (twist 0/5)  <-- improves
  bit 30192: violated 6 (twist 0/5)  <-- improves
  bit 30596: violated 12 (twist 0/5)  <-- improves
  bit 30658: violated 15 (twist 0/5)  <-- improves
  bit 30792: violated 6 (twist 0/5)  <-- improves
  bit 30797: violated 6 (twist 0/5)  <-- improves
  ...200/255 tested (549s)
  bit 31317: violated 6 (twist 0/5)  <-- improves
  bit 31392: violated 7 (twist 0/5)  <-- improves
  bit 31652: violated 6 (twist 0/5)  <-- improves
  bit 31953: violated 6 (twist 0/5)  <-- improves
  bit 32076: violated 6 (twist 0/5)  <-- improves
  bit 32127: violated 6 (twist 0/5)  <-- improves
  bit 32299: violated 6 (twist 0/5)  <-- improves
  bit 32548: violated 6 (twist 0/5)  <-- improves
  bit 32736: violated 6 (twist 0/5)  <-- improves
  bit 32843: violated 6 (twist 0/5)  <-- improves
  bit 33065: violated 6 (twist 0/5)  <-- improves
  bit 33091: violated 8 (twist 0/5)  <-- improves
  bit 33129: violated 6 (twist 0/5)  <-- improves
  bit 33251: violated 12 (twist 0/5)  <-- improves
  bit 33360: violated 6 (twist 0/5)  <-- improves
  bit 33549: violated 7 (twist 0/5)  <-- improves
  bit 33579: violated 6 (twist 0/5)  <-- improves
  bit 33898: violated 6 (twist 0/5)  <-- improves
  bit 33914: violated 6 (twist 0/5)  <-- improves
  bit 33948: violated 6 (twist 0/5)  <-- improves
  bit 34125: violated 6 (twist 0/5)  <-- improves
  bit 34227: violated 6 (twist 0/5)  <-- improves
  bit 34240: violated 6 (twist 0/5)  <-- improves
  bit 34310: violated 6 (twist 0/5)  <-- improves
  bit 34371: violated 8 (twist 0/5)  <-- improves
  bit 34433: violated 6 (twist 0/5)  <-- improves
  bit 34513: violated 6 (twist 0/5)  <-- improves
  bit 34903: violated 6 (twist 0/5)  <-- improves
  bit 35054: violated 6 (twist 0/5)  <-- improves
  bit 35592: violated 8 (twist 0/5)  <-- improves
  bit 36045: violated 6 (twist 0/5)  <-- improves
  bit 36229: violated 6 (twist 0/5)  <-- improves
  bit 36277: violated 6 (twist 0/5)  <-- improves
  bit 36335: violated 8 (twist 0/5)  <-- improves
  bit 36430: violated 6 (twist 0/5)  <-- improves
  bit 36705: violated 6 (twist 0/5)  <-- improves
  bit 36723: violated 6 (twist 0/5)  <-- improves
  bit 36766: violated 6 (twist 0/5)  <-- improves
  bit 36910: violated 6 (twist 0/5)  <-- improves
  bit 37169: violated 6 (twist 0/5)  <-- improves
  ...240/255 tested (658s)
  bit 37215: violated 7 (twist 0/5)  <-- improves
  bit 37479: violated 6 (twist 0/5)  <-- improves
  bit 37503: violated 6 (twist 0/5)  <-- improves
  bit 37608: violated 6 (twist 0/5)  <-- improves
  bit 37610: violated 6 (twist 0/5)  <-- improves
  bit 37748: violated 15 (twist 0/5)  <-- improves
  bit 37885: violated 6 (twist 0/5)  <-- improves
  bit 37888: violated 6 (twist 0/5)  <-- improves
  bit 37910: violated 6 (twist 0/5)  <-- improves
  bit 37927: violated 6 (twist 0/5)  <-- improves
  bit 38027: violated 6 (twist 0/5)  <-- improves
  bit 38116: violated 8 (twist 0/5)  <-- improves
  bit 38186: violated 6 (twist 0/5)  <-- improves
  bit 38421: violated 6 (twist 0/5)  <-- improves
  bit 38427: violated 9 (twist 0/5)  <-- improves
best 15 single bits (violated, twist, bit): [(6, 0, 106), (6, 0, 112), (6, 0, 150), (6, 0, 266), (6, 0, 710), (6, 0, 825), (6, 0, 865), (6, 0, 897), (6, 0, 1062), (6, 0, 1189), (6, 0, 1343), (6, 0, 1350), (6, 0, 1365), (6, 0, 1542), (6, 0, 1648)]
done (699s)
