seed act=1858: 18 violated (53s)
  it 15: NEW BEST 16: [2546, 7009, 13110, 15754, 23149, 23150, 23152, 23153, 23407, 23409, 30868, 39550, 40782, 44154, 45708, 45889] (T=40.0, 53s)
  it 17: NEW BEST 15: [2546, 7009, 13110, 15754, 23150, 23152, 23153, 23407, 23409, 30868, 39550, 40782, 44154, 45708, 45889] (T=40.0, 53s)
  it 57: NEW BEST 14: [2546, 7009, 15754, 15755, 23149, 23150, 23152, 23153, 23407, 23409, 30868, 39550, 40782, 43147] (T=40.0, 53s)
  it 50000: bad=43 best=14 T=21.3 (62s)
  it 150000: bad=21 best=14 T=6.7 (72s)
  it 200000: bad=20 best=14 T=3.9 (76s)
  it 300000: bad=70 best=14 T=26.2 (87s)
  it 600000: bad=49 best=14 T=21.3 (120s)
  it 700000: bad=35 best=14 T=5.4 (129s)
  it 800000: bad=80 best=14 T=23.6 (138s)
  it 900000: bad=30 best=14 T=3.5 (147s)
  it 1050000: bad=53 best=14 T=10.2 (173s)
  it 1100000: bad=50 best=14 T=6.7 (183s)
  it 1150000: bad=38 best=14 T=4.4 (192s)
  it 1200000: bad=43 best=14 T=2.6 (198s)
  it 1250000: bad=68 best=14 T=21.3 (209s)
  it 1350000: bad=34 best=14 T=5.4 (495s)
  it 1450000: bad=64 best=14 T=40.0 (502s)
  it 1500000: bad=87 best=14 T=21.3 (513s)
  it 1700000: bad=69 best=14 T=32.4 (537s)
  it 1850000: bad=37 best=14 T=3.5 (554s)
  it 1950000: bad=46 best=14 T=21.3 (564s)
  it 2000000: bad=39 best=14 T=11.3 (574s)
  it 2050000: bad=47 best=14 T=5.4 (581s)
  it 2100000: bad=36 best=14 T=2.3 (586s)
  it 2150000: bad=37 best=14 T=21.3 (598s)
  it 2200000: bad=36 best=14 T=9.2 (607s)
  it 2250000: bad=37 best=14 T=3.9 (610s)
  it 2300000: bad=33 best=14 T=2.3 (613s)
  it 2400000: bad=58 best=14 T=11.3 (631s)
  it 2550000: bad=102 best=14 T=32.4 (647s)
  it 2600000: bad=77 best=14 T=21.3 (654s)
  it 2800000: bad=29 best=14 T=40.0 (671s)
