  i0=0 done cum=255 0.1s
  i0=3 done cum=507 0.1s
  i0=5 done cum=250 0.1s
  i0=6 done cum=499 0.1s
  i0=7 done cum=747 0.1s
  i0=8 done cum=994 0.1s
  i0=9 done cum=1240 0.1s
  i0=10 done cum=1485 0.1s
  i0=11 done cum=1729 0.1s
  i0=12 done cum=1972 0.1s
  i0=13 done cum=2214 0.1s
  i0=14 done cum=2455 0.1s
  i0=15 done cum=2695 0.1s
  i0=16 done cum=2934 0.1s
  i0=1 done cum=254 0.1s
  i0=18 done cum=491 0.1s
  i0=19 done cum=727 0.1s
  i0=20 done cum=962 0.1s
  i0=21 done cum=1196 0.1s
  i0=22 done cum=1429 0.1s
  i0=2 done cum=253 0.1s
  i0=24 done cum=484 0.1s
  i0=25 done cum=714 0.1s
  i0=26 done cum=943 0.1s
  i0=27 done cum=1171 0.1s
  i0=28 done cum=1398 0.1s
  i0=29 done cum=1624 0.1s
  i0=30 done cum=1849 0.1s
  i0=31 done cum=2073 0.1s
  i0=32 done cum=2296 0.1s
  i0=33 done cum=2518 0.1s
  i0=4 done cum=758 0.1s
  i0=35 done cum=978 0.2s
  i0=36 done cum=1197 0.2s
  i0=37 done cum=1415 0.2s
  i0=38 done cum=1632 0.2s
  i0=39 done cum=1848 0.2s
  i0=40 done cum=2063 0.2s
  i0=41 done cum=2277 0.2s
  i0=42 done cum=2490 0.2s
  i0=43 done cum=2702 0.2s
  i0=44 done cum=2913 0.2s
  i0=45 done cum=3123 0.2s
  i0=46 done cum=3332 0.2s
  i0=47 done cum=3540 0.2s
  i0=48 done cum=3747 0.2s
  i0=49 done cum=3953 0.2s
  i0=17 done cum=3172 0.2s
  i0=51 done cum=3376 0.2s
  i0=52 done cum=3579 0.2s
  i0=53 done cum=3781 0.2s
  i0=54 done cum=3982 0.2s
  i0=55 done cum=4182 0.2s
  i0=56 done cum=4381 0.2s
  i0=57 done cum=4579 0.2s
  i0=58 done cum=4776 0.2s
  i0=59 done cum=4972 0.2s
  i0=60 done cum=5167 0.2s
  i0=61 done cum=5361 0.2s
  i0=62 done cum=5554 0.2s
  i0=63 done cum=5746 0.2s
  i0=64 done cum=5937 0.2s
  i0=65 done cum=6127 0.2s
  i0=66 done cum=6316 0.2s
  i0=67 done cum=6504 0.2s
  i0=68 done cum=6691 0.2s
  i0=23 done cum=1661 0.2s
  i0=70 done cum=1846 0.2s
  i0=71 done cum=2030 0.2s
  i0=72 done cum=2213 0.2s
  i0=73 done cum=2395 0.2s
  i0=74 done cum=2576 0.2s
  i0=75 done cum=2756 0.2s
  i0=76 done cum=2935 0.2s
  i0=77 done cum=3113 0.2s
  i0=78 done cum=3290 0.2s
  i0=79 done cum=3466 0.2s
  i0=80 done cum=3641 0.2s
  i0=81 done cum=3815 0.2s
  i0=82 done cum=3988 0.2s
  i0=83 done cum=4160 0.2s
  i0=84 done cum=4331 0.2s
  i0=85 done cum=4501 0.2s
  i0=86 done cum=4670 0.2s
  i0=87 done cum=4838 0.2s
  i0=88 done cum=5005 0.2s
  i0=89 done cum=5171 0.2s
  i0=90 done cum=5336 0.2s
  i0=91 done cum=5500 0.2s
  i0=92 done cum=5663 0.2s
  i0=93 done cum=5825 0.2s
  i0=94 done cum=5986 0.2s
  i0=95 done cum=6146 0.2s
  i0=96 done cum=6305 0.2s
  i0=97 done cum=6463 0.2s
  i0=98 done cum=6620 0.2s
  i0=69 done cum=6877 0.2s
  i0=100 done cum=7032 0.2s
  i0=101 done cum=7186 0.2s
  i0=102 done cum=7339 0.2s
  i0=103 done cum=7491 0.2s
  i0=104 done cum=7642 0.2s
  i0=105 done cum=7792 0.2s
  i0=106 done cum=7941 0.2s
  i0=107 done cum=8089 0.2s
  i0=108 done cum=8236 0.2s
  i0=109 done cum=8382 0.2s
  i0=110 done cum=8527 0.2s
  i0=111 done cum=8671 0.2s
  i0=112 done cum=8814 0.2s
  i0=113 done cum=8956 0.2s
  i0=114 done cum=9097 0.2s
  i0=115 done cum=9237 0.2s
  i0=116 done cum=9376 0.2s
  i0=117 done cum=9514 0.2s
  i0=118 done cum=9651 0.2s
  i0=119 done cum=9787 0.2s
  i0=120 done cum=9922 0.2s
  i0=121 done cum=10056 0.2s
  i0=122 done cum=10189 0.2s
  i0=123 done cum=10321 0.2s
  i0=124 done cum=10452 0.2s
  i0=125 done cum=10582 0.2s
  i0=126 done cum=10711 0.2s
  i0=127 done cum=10839 0.2s
  i0=128 done cum=10966 0.2s
  i0=129 done cum=11092 0.2s
  i0=130 done cum=11217 0.2s
  i0=131 done cum=11341 0.2s
  i0=132 done cum=11464 0.2s
  i0=133 done cum=11586 0.2s
  i0=134 done cum=11707 0.2s
  i0=135 done cum=11827 0.2s
  i0=136 done cum=11946 0.2s
  i0=137 done cum=12064 0.2s
  i0=138 done cum=12181 0.2s
  i0=139 done cum=12297 0.2s
  i0=140 done cum=12412 0.2s
  i0=141 done cum=12526 0.2s
  i0=142 done cum=12639 0.2s
  i0=143 done cum=12751 0.2s
  i0=144 done cum=12862 0.2s
  i0=145 done cum=12972 0.2s
  i0=146 done cum=13081 0.2s
  i0=147 done cum=13189 0.2s
  i0=148 done cum=13296 0.2s
  i0=149 done cum=13402 0.2s
  i0=150 done cum=13507 0.2s
  i0=151 done cum=13611 0.2s
  i0=152 done cum=13714 0.2s
  i0=153 done cum=13816 0.2s
  i0=154 done cum=13917 0.2s
  i0=155 done cum=14017 0.2s
  i0=156 done cum=14116 0.2s
  i0=157 done cum=14214 0.2s
  i0=34 done cum=2739 0.2s
  i0=159 done cum=2835 0.2s
  i0=160 done cum=2930 0.2s
  i0=161 done cum=3024 0.2s
  i0=162 done cum=3117 0.2s
  i0=163 done cum=3209 0.2s
  i0=164 done cum=3300 0.2s
  i0=165 done cum=3390 0.2s
  i0=166 done cum=3479 0.2s
  i0=167 done cum=3567 0.2s
  i0=168 done cum=3654 0.2s
  i0=169 done cum=3740 0.2s
  i0=170 done cum=3825 0.2s
  i0=171 done cum=3909 0.2s
  i0=172 done cum=3992 0.2s
  i0=173 done cum=4074 0.2s
  i0=174 done cum=4155 0.2s
  i0=175 done cum=4235 0.2s
  i0=176 done cum=4314 0.2s
  i0=177 done cum=4392 0.2s
  i0=178 done cum=4469 0.2s
  i0=179 done cum=4545 0.2s
  i0=180 done cum=4620 0.2s
  i0=181 done cum=4694 0.2s
  i0=182 done cum=4767 0.2s
  i0=183 done cum=4839 0.2s
  i0=184 done cum=4910 0.2s
  i0=185 done cum=4980 0.2s
  i0=186 done cum=5049 0.2s
  i0=187 done cum=5117 0.2s
  i0=188 done cum=5184 0.2s
  i0=189 done cum=5250 0.2s
  i0=190 done cum=5315 0.2s
  i0=191 done cum=5379 0.2s
  i0=192 done cum=5442 0.2s
  i0=193 done cum=5504 0.2s
  i0=194 done cum=5565 0.2s
  i0=195 done cum=5625 0.2s
  i0=196 done cum=5684 0.2s
  i0=197 done cum=5742 0.2s
  i0=198 done cum=5799 0.2s
  i0=199 done cum=5855 0.2s
  i0=200 done cum=5910 0.2s
  i0=201 done cum=5964 0.2s
  i0=202 done cum=6017 0.2s
  i0=203 done cum=6069 0.2s
  i0=204 done cum=6120 0.2s
  i0=205 done cum=6170 0.2s
  i0=206 done cum=6219 0.2s
  i0=207 done cum=6267 0.2s
  i0=208 done cum=6314 0.2s
  i0=209 done cum=6360 0.2s
  i0=210 done cum=6405 0.2s
  i0=211 done cum=6449 0.2s
  i0=212 done cum=6492 0.2s
  i0=213 done cum=6534 0.2s
  i0=214 done cum=6575 0.2s
  i0=215 done cum=6615 0.2s
  i0=216 done cum=6654 0.2s
  i0=217 done cum=6692 0.2s
  i0=218 done cum=6729 0.2s
  i0=219 done cum=6765 0.2s
  i0=220 done cum=6800 0.2s
  i0=221 done cum=6834 0.2s
  i0=222 done cum=6867 0.2s
  i0=223 done cum=6899 0.2s
  i0=224 done cum=6930 0.2s
  i0=225 done cum=6960 0.2s
  i0=226 done cum=6989 0.2s
  i0=227 done cum=7017 0.2s
  i0=228 done cum=7044 0.2s
  i0=229 done cum=7070 0.2s
  i0=230 done cum=7095 0.2s
  i0=231 done cum=7119 0.2s
  i0=232 done cum=7142 0.2s
  i0=233 done cum=7164 0.2s
  i0=234 done cum=7185 0.2s
  i0=235 done cum=7205 0.2s
  i0=236 done cum=7224 0.2s
  i0=237 done cum=7242 0.2s
  i0=238 done cum=7259 0.2s
  i0=239 done cum=7275 0.2s
  i0=240 done cum=7290 0.2s
  i0=241 done cum=7304 0.2s
  i0=242 done cum=7317 0.2s
  i0=243 done cum=7329 0.2s
  i0=244 done cum=7340 0.2s
  i0=245 done cum=7350 0.2s
  i0=246 done cum=7359 0.2s
  i0=247 done cum=7367 0.2s
  i0=248 done cum=7374 0.2s
  i0=249 done cum=7380 0.2s
  i0=250 done cum=7385 0.2s
  i0=251 done cum=7389 0.2s
  i0=252 done cum=7392 0.2s
  i0=253 done cum=7394 0.2s
  i0=254 done cum=7395 0.2s
  i0=50 done cum=4158 0.2s
  i0=99 done cum=6776 0.2s
  i0=158 done cum=14311 0.2s
scan size 2 range [0,256): 32640 candidates, zero-events 0, 0.3s
  i0=2 done cum=31878 0.3s
  i0=0 done cum=32385 0.3s
  i0=1 done cum=32131 0.3s
  i0=3 done cum=31626 0.3s
  i0=5 done cum=63510 0.4s
  i0=4 done cum=63253 0.5s
  i0=6 done cum=63007 0.5s
  i0=7 done cum=62254 0.5s
  i0=9 done cum=93388 0.6s
  i0=8 done cum=93891 0.6s
  i0=11 done cum=91900 0.6s
  i0=10 done cum=92897 0.6s
  i0=13 done cum=123052 0.7s
  i0=14 done cum=120820 0.7s
  i0=12 done cum=122791 0.7s
  i0=15 done cum=121577 0.8s
  i0=18 done cum=150757 0.8s
  i0=17 done cum=149023 0.8s
  i0=16 done cum=151493 0.8s
  i0=19 done cum=149307 0.9s
  i0=21 done cum=176284 1.0s
  i0=20 done cum=178252 1.0s
  i0=22 done cum=178521 1.0s
  i0=23 done cum=176103 1.0s
  i0=24 done cum=202849 1.1s
  i0=25 done cum=204587 1.1s
  i0=26 done cum=204627 1.1s
  i0=27 done cum=201981 1.1s
  i0=28 done cum=228500 1.2s
  i0=29 done cum=230012 1.2s
  i0=30 done cum=229827 1.2s
  i0=31 done cum=226957 1.3s
  i0=32 done cum=253253 1.3s
  i0=33 done cum=254543 1.3s
  i0=34 done cum=254137 1.3s
  i0=35 done cum=251047 1.4s
  i0=38 done cum=277573 1.4s
  i0=36 done cum=277124 1.4s
  i0=39 done cum=274267 1.4s
  i0=37 done cum=278196 1.4s
  i0=41 done cum=299915 1.5s
  i0=42 done cum=296845 1.5s
  i0=40 done cum=300578 1.6s
  i0=43 done cum=300562 1.6s
  i0=46 done cum=322314 1.6s
  i0=44 done cum=322070 1.6s
  i0=45 done cum=318790 1.6s
  i0=47 done cum=322090 1.7s
  i0=49 done cum=343185 1.7s
  i0=48 done cum=343635 1.7s
  i0=50 done cum=339700 1.7s
  i0=51 done cum=342796 1.8s
  i0=53 done cum=363936 1.8s
  i0=52 done cum=363688 1.8s
  i0=54 done cum=359800 1.8s
  i0=57 done cum=383191 1.9s
  i0=55 done cum=362696 1.9s
  i0=56 done cum=383637 1.9s
  i0=58 done cum=379106 1.9s
  i0=61 done cum=402358 2.0s
  i0=59 done cum=402301 2.0s
  i0=62 done cum=397634 2.0s
  i0=60 done cum=381611 2.0s
  i0=63 done cum=420694 2.0s
  i0=65 done cum=415589 2.1s
  i0=64 done cum=420446 2.1s
  i0=67 done cum=438272 2.1s
  i0=66 done cum=399377 2.1s
  i0=68 done cum=432980 2.1s
  i0=69 done cum=437651 2.2s
  i0=71 done cum=416213 2.2s
  i0=72 done cum=449633 2.2s
  i0=73 done cum=454122 2.2s
  i0=70 done cum=455292 2.2s
  i0=74 done cum=432503 2.2s
  i0=75 done cum=465743 2.2s
  i0=76 done cum=470053 2.3s
  i0=77 done cum=471045 2.3s
  i0=79 done cum=481143 2.3s
  i0=80 done cum=485278 2.3s
  i0=81 done cum=486096 2.3s
  i0=78 done cum=448079 2.3s
  i0=83 done cum=499984 2.4s
  i0=85 done cum=462444 2.4s
  i0=82 done cum=496021 2.4s
  i0=84 done cum=500631 2.4s
  i0=88 done cum=509882 2.5s
  i0=87 done cum=476472 2.5s
  i0=86 done cum=514180 2.5s
  i0=89 done cum=514326 2.5s
  i0=92 done cum=527383 2.5s
  i0=90 done cum=523412 2.5s
  i0=91 done cum=489838 2.5s
  i0=93 done cum=527367 2.5s
  i0=94 done cum=540263 2.5s
  i0=95 done cum=536132 2.6s
  i0=98 done cum=552509 2.6s
  i0=97 done cum=539770 2.6s
  i0=99 done cum=548222 2.6s
  i0=96 done cum=502399 2.6s
  i0=100 done cum=564444 2.6s
  i0=104 done cum=575769 2.6s
  i0=101 done cum=551551 2.6s
  i0=106 done cum=562577 2.6s
  i0=102 done cum=559850 2.7s
  i0=105 done cum=586944 2.7s
  i0=103 done cum=513875 2.7s
  i0=110 done cum=524315 2.7s
  i0=107 done cum=573455 2.7s
  i0=108 done cum=570581 2.7s
  i0=109 done cum=597529 2.7s
  i0=111 done cum=534611 2.7s
  i0=114 done cum=607399 2.7s
  i0=112 done cum=583608 2.7s
  i0=113 done cum=580592 2.8s
  i0=117 done cum=593061 2.8s
  i0=119 done cum=602241 2.8s
  i0=115 done cum=544341 2.8s
  i0=116 done cum=616990 2.8s
  i0=118 done cum=589908 2.8s
  i0=123 done cum=598554 2.8s
  i0=124 done cum=607069 2.8s
  i0=121 done cum=553252 2.9s
  i0=122 done cum=625768 2.9s
  i0=120 done cum=611286 2.9s
  i0=127 done cum=633896 2.9s
  i0=125 done cum=615454 2.9s
  i0=126 done cum=561508 2.9s
  i0=129 done cum=641771 2.9s
  i0=128 done cum=619287 2.9s
  i0=133 done cum=626668 2.9s
  i0=130 done cum=623204 2.9s
  i0=135 done cum=630344 2.9s
  i0=132 done cum=649274 3.0s
  i0=137 done cum=656177 3.0s
  i0=131 done cum=569134 3.0s
  i0=134 done cum=633928 3.0s
  i0=140 done cum=640483 3.0s
  i0=138 done cum=662963 3.0s
  i0=136 done cum=637365 3.0s
  i0=142 done cum=669291 3.0s
  i0=143 done cum=643581 3.0s
  i0=139 done cum=575804 3.0s
  i0=146 done cum=581690 3.0s
  i0=141 done cum=646924 3.0s
  i0=148 done cum=652595 3.0s
  i0=145 done cum=649576 3.0s
  i0=144 done cum=675396 3.0s
  i0=151 done cum=680752 3.0s
  i0=150 done cum=655036 3.0s
  i0=153 done cum=660187 3.1s
  i0=152 done cum=686005 3.1s
  i0=147 done cum=587468 3.1s
  i0=156 done cum=592319 3.1s
  i0=149 done cum=658160 3.1s
  i0=158 done cum=662816 3.1s
  i0=155 done cum=690955 3.1s
  i0=160 done cum=695420 3.1s
  i0=159 done cum=667376 3.1s
  i0=162 done cum=671654 3.1s
  i0=163 done cum=675840 3.1s
  i0=157 done cum=597072 3.1s
  i0=165 done cum=601077 3.1s
  i0=166 done cum=604993 3.1s
  i0=154 done cum=665237 3.1s
  i0=168 done cum=668978 3.1s
  i0=161 done cum=699791 3.1s
  i0=170 done cum=703361 3.1s
  i0=164 done cum=679935 3.2s
  i0=172 done cum=683338 3.2s
  i0=173 done cum=686659 3.2s
  i0=174 done cum=689899 3.2s
  i0=167 done cum=608821 3.2s
  i0=176 done cum=611902 3.2s
  i0=177 done cum=614905 3.2s
  i0=178 done cum=617831 3.2s
  i0=171 done cum=706847 3.2s
  i0=180 done cum=709622 3.2s
  i0=181 done cum=712323 3.2s
  i0=182 done cum=714951 3.2s
  i0=183 done cum=717507 3.2s
  i0=169 done cum=672633 3.2s
  i0=185 done cum=675048 3.2s
  i0=186 done cum=677394 3.2s
  i0=187 done cum=679672 3.2s
  i0=188 done cum=681883 3.2s
  i0=189 done cum=684028 3.2s
  i0=190 done cum=686108 3.2s
  i0=191 done cum=688124 3.2s
  i0=192 done cum=690077 3.2s
  i0=193 done cum=691968 3.2s
  i0=194 done cum=693798 3.2s
  i0=195 done cum=695568 3.2s
  i0=179 done cum=620681 3.2s
  i0=197 done cum=622334 3.2s
  i0=198 done cum=623930 3.2s
  i0=199 done cum=625470 3.2s
  i0=200 done cum=626955 3.2s
  i0=201 done cum=628386 3.2s
  i0=184 done cum=719992 3.2s
  i0=203 done cum=721318 3.2s
  i0=204 done cum=722593 3.2s
  i0=205 done cum=723818 3.2s
  i0=206 done cum=724994 3.2s
  i0=207 done cum=726122 3.2s
  i0=208 done cum=727203 3.2s
  i0=209 done cum=728238 3.2s
  i0=210 done cum=729228 3.2s
  i0=211 done cum=730174 3.2s
  i0=175 done cum=693059 3.2s
  i0=213 done cum=693920 3.2s
  i0=214 done cum=694740 3.2s
  i0=215 done cum=695520 3.2s
  i0=216 done cum=696261 3.2s
  i0=217 done cum=696964 3.2s
  i0=218 done cum=697630 3.2s
  i0=219 done cum=698260 3.2s
  i0=220 done cum=698855 3.2s
  i0=221 done cum=699416 3.2s
  i0=222 done cum=699944 3.2s
  i0=223 done cum=700440 3.2s
  i0=224 done cum=700905 3.2s
  i0=225 done cum=701340 3.2s
  i0=226 done cum=701746 3.2s
  i0=196 done cum=697279 3.3s
  i0=228 done cum=697630 3.3s
  i0=229 done cum=697955 3.3s
  i0=230 done cum=698255 3.3s
  i0=231 done cum=698531 3.3s
  i0=232 done cum=698784 3.3s
  i0=233 done cum=699015 3.3s
  i0=234 done cum=699225 3.3s
  i0=235 done cum=699415 3.3s
  i0=236 done cum=699586 3.3s
  i0=237 done cum=699739 3.3s
  i0=238 done cum=699875 3.3s
  i0=239 done cum=699995 3.3s
  i0=240 done cum=700100 3.3s
  i0=241 done cum=700191 3.3s
  i0=242 done cum=700269 3.3s
  i0=243 done cum=700335 3.3s
  i0=244 done cum=700390 3.3s
  i0=245 done cum=700435 3.3s
  i0=246 done cum=700471 3.3s
  i0=247 done cum=700499 3.3s
  i0=248 done cum=700520 3.3s
  i0=249 done cum=700535 3.3s
  i0=250 done cum=700545 3.3s
  i0=251 done cum=700551 3.3s
  i0=252 done cum=700554 3.3s
  i0=253 done cum=700555 3.3s
  i0=212 done cum=731077 3.3s
  i0=202 done cum=629764 3.3s
  i0=227 done cum=702124 3.3s
scan size 3 range [0,256): 2763520 candidates, zero-events 0, 3.3s
  i0=2 done cum=2667126 11.4s
  i0=3 done cum=2635500 11.6s
  i0=1 done cum=2699004 11.7s
  i0=0 done cum=2731135 12.3s
  i0=6 done cum=5241128 22.4s
  i0=5 done cum=5208500 23.1s
  i0=4 done cum=5271251 23.4s
  i0=7 done cum=5242631 23.7s
  i0=8 done cum=7722243 34.7s
  i0=9 done cum=7659480 34.8s
  i0=10 done cum=7692341 35.0s
  i0=11 done cum=7634075 35.9s
  i0=14 done cum=9996301 44.6s
  i0=15 done cum=9909355 45.8s
  i0=13 done cum=9992360 45.9s
  i0=12 done cum=10084284 46.9s
  i0=17 done cum=12127991 55.4s
  i0=16 done cum=12243140 56.2s
  i0=19 done cum=12247224 56.6s
  i0=18 done cum=12183030 56.6s
  i0=22 done cum=14328380 66.2s
  i0=20 done cum=14263436 66.7s
  i0=21 done cum=14351324 67.5s
  i0=23 done cum=14237390 67.6s
  i0=24 done cum=16356175 75.7s
  i0=27 done cum=16186866 77.6s
  i0=26 done cum=16326678 77.7s
  i0=25 done cum=16264896 77.7s
  i0=28 done cum=18280000 85.8s
  i0=31 done cum=18113120 87.4s
  i0=29 done cum=18085266 87.6s
  i0=30 done cum=18199878 87.7s
  i0=32 done cum=20103471 94.8s
  i0=33 done cum=19912060 95.9s
  i0=34 done cum=19859896 96.1s
  i0=35 done cum=19950418 96.3s
  i0=36 done cum=21830140 102.8s
  i0=38 done cum=21539476 103.6s
  i0=37 done cum=21615076 103.7s
  i0=39 done cum=21606778 103.8s
  i0=40 done cum=23463495 109.6s
  i0=43 done cum=23172398 110.3s
  i0=42 done cum=23203062 110.5s
  i0=41 done cum=23150040 110.6s
  i0=44 done cum=25006960 116.3s
  i0=45 done cum=24693918 116.9s
  i0=47 done cum=24628296 116.9s
  i0=46 done cum=24702846 117.0s
  i0=48 done cum=26463895 122.9s
  i0=50 done cum=26043206 123.4s
  i0=49 done cum=26129738 123.5s
  i0=51 done cum=26097050 123.6s
  i0=52 done cum=27837596 129.5s
  i0=54 done cum=27463038 129.9s
  i0=53 done cum=27396606 130.2s
  i0=55 done cum=27410450 130.8s
  i0=56 done cum=29131295 135.3s
  i0=57 done cum=28737234 136.1s
  i0=58 done cum=28651496 136.3s
  i0=59 done cum=28646230 137.3s
  i0=60 done cum=30348160 141.1s
  i0=62 done cum=29831112 142.0s
  i0=61 done cum=29935378 142.1s
  i0=63 done cum=29807510 143.3s
  i0=64 done cum=31491295 147.5s
  i0=66 done cum=31042792 148.2s
  i0=65 done cum=30956292 148.4s
  i0=67 done cum=30897346 149.2s
  i0=68 done cum=32563740 153.7s
  i0=70 done cum=31994512 153.9s
  i0=69 done cum=32098032 154.2s
  i0=71 done cum=31918730 154.6s
  i0=73 done cum=32982772 159.1s
  i0=75 done cum=32874590 159.5s
  i0=72 done cum=33568471 159.5s
  i0=74 done cum=33070002 160.0s
  i0=76 done cum=33922701 164.1s
  i0=77 done cum=33798766 164.5s
  i0=78 done cum=34477071 164.9s
  i0=79 done cum=33963202 165.2s
  i0=80 done cum=34800676 169.2s
  i0=81 done cum=34661690 169.2s
  i0=82 done cum=35325117 169.7s
  i0=83 done cum=34796542 170.2s
  i0=85 done cum=35466130 173.6s
  i0=84 done cum=35619481 173.7s
  i0=87 done cum=35572758 174.1s
  i0=86 done cum=36115361 174.2s
  i0=88 done cum=36228485 177.3s
  i0=89 done cum=36368141 177.4s
  i0=90 done cum=36307888 177.6s
  i0=91 done cum=36837125 178.2s
  i0=93 done cum=37063661 180.4s
  i0=92 done cum=36937046 180.6s
  i0=94 done cum=36990528 180.7s
  i0=95 done cum=37507045 181.5s
  i0=96 done cum=37721020 183.4s
  i0=97 done cum=37582002 183.5s
  i0=98 done cum=37623238 183.6s
  i0=99 done cum=38127665 184.7s
  i0=101 done cum=38178906 186.3s
  i0=102 done cum=38208514 186.5s
  i0=100 done cum=38329705 186.6s
  i0=103 done cum=38701465 187.9s
  i0=106 done cum=38869979 189.3s
  i0=105 done cum=38759814 189.3s
  i0=104 done cum=38741381 189.4s
  i0=107 done cum=39230861 190.9s
  i0=108 done cum=39388644 191.7s
  i0=109 done cum=39267894 192.0s
  i0=110 done cum=39239021 192.3s
  i0=111 done cum=39718205 193.7s
  i0=112 done cum=39865835 194.0s
  i0=113 done cum=39735074 194.3s
  i0=114 done cum=39696331 194.9s
  i0=115 done cum=40165785 196.0s
  i0=116 done cum=40303824 196.2s
  i0=117 done cum=40163610 196.5s
  i0=118 done cum=40115551 197.3s
  i0=119 done cum=40575825 198.2s
  i0=120 done cum=40704819 198.3s
  i0=121 done cum=40555694 198.7s
  i0=122 done cum=40498857 199.5s
  i0=123 done cum=40950485 200.0s
  i0=124 done cum=41070964 200.1s
  i0=125 done cum=40913454 200.6s
  i0=126 done cum=40848361 201.4s
  i0=127 done cum=41291861 201.6s
  i0=128 done cum=41404339 201.6s
  i0=129 done cum=41238954 202.3s
  i0=131 done cum=41601985 203.0s
  i0=132 done cum=41706960 203.1s
  i0=130 done cum=41166111 203.1s
  i0=133 done cum=41534194 203.8s
  i0=135 done cum=41987800 204.5s
  i0=134 done cum=41889965 204.5s
  i0=136 done cum=41439930 204.6s
  i0=137 done cum=41801110 205.1s
  i0=138 done cum=42247930 205.8s
  i0=139 done cum=42143425 205.9s
  i0=140 done cum=41686835 206.0s
  i0=141 done cum=42041574 206.5s
  i0=142 done cum=42482066 206.9s
  i0=143 done cum=42371345 207.2s
  i0=144 done cum=41908650 207.3s
  i0=145 done cum=42257394 207.6s
  i0=146 done cum=42692000 208.0s
  i0=147 done cum=42575501 208.4s
  i0=148 done cum=42107135 208.5s
  i0=149 done cum=42450314 208.6s
  i0=150 done cum=42879460 209.1s
  i0=151 done cum=42757605 209.1s
  i0=152 done cum=42283986 209.2s
  i0=153 done cum=42622014 209.5s
  i0=155 done cum=42919305 209.9s
  i0=156 done cum=42440835 210.0s
  i0=154 done cum=43046110 210.0s
  i0=157 done cum=42774110 210.3s
  i0=159 done cum=42583715 210.5s
  i0=158 done cum=43066745 210.6s
  i0=160 done cum=43184525 210.8s
  i0=161 done cum=42908154 211.0s
  i0=162 done cum=42713481 211.1s
  i0=163 done cum=43192325 211.3s
  i0=164 done cum=43306010 211.5s
  i0=165 done cum=43025634 211.6s
  i0=166 done cum=42827045 211.6s
  i0=167 done cum=43302061 211.9s
  i0=168 done cum=43412005 212.1s
  i0=170 done cum=42925815 212.1s
  i0=169 done cum=43127974 212.2s
  i0=171 done cum=43397345 212.4s
  i0=173 done cum=43014375 212.5s
  i0=172 done cum=43503886 212.6s
  i0=174 done cum=43213294 212.6s
  i0=176 done cum=43093454 212.9s
  i0=175 done cum=43479505 213.0s
  i0=177 done cum=43579962 213.0s
  i0=178 done cum=43286444 213.0s
  i0=179 done cum=43163754 213.3s
  i0=180 done cum=43547030 213.3s
  i0=181 done cum=43644786 213.4s
  i0=182 done cum=43348640 213.4s
  i0=183 done cum=43223394 213.6s
  i0=186 done cum=43401034 213.6s
  i0=184 done cum=43604185 213.6s
  i0=185 done cum=43699526 213.7s
  i0=187 done cum=43273510 213.8s
  i0=190 done cum=43743206 213.9s
  i0=189 done cum=43649945 213.9s
  i0=188 done cum=43448939 213.9s
  i0=191 done cum=43315174 214.0s
  i0=192 done cum=43782917 214.1s
  i0=194 done cum=43484929 214.1s
  i0=193 done cum=43687765 214.1s
  i0=195 done cum=43349394 214.2s
  i0=196 done cum=43815426 214.2s
  i0=198 done cum=43717025 214.3s
  i0=199 done cum=43377114 214.3s
  i0=197 done cum=43515785 214.3s
  i0=200 done cum=43841661 214.4s
  i0=201 done cum=43741829 214.4s
  i0=203 done cum=43537885 214.5s
  i0=202 done cum=43400540 214.5s
  i0=206 done cum=43556309 214.5s
  i0=204 done cum=43862486 214.6s
  i0=205 done cum=43761429 214.6s
  i0=207 done cum=43417836 214.6s
  i0=209 done cum=43877666 214.6s
  i0=208 done cum=43572524 214.6s
  i0=211 done cum=43431080 214.7s
  i0=212 done cum=43890007 214.7s
  i0=210 done cum=43775619 214.7s
  i0=213 done cum=43584004 214.7s
  i0=214 done cum=43441740 214.7s
  i0=216 done cum=43784758 214.7s
  i0=215 done cum=43899887 214.7s
  i0=218 done cum=43449510 214.8s
  i0=217 done cum=43592440 214.8s
  i0=220 done cum=43906432 214.8s
  i0=223 done cum=43911392 214.8s
  i0=219 done cum=43791898 214.8s
  i0=225 done cum=43795958 214.8s
  i0=221 done cum=43455494 214.8s
  i0=227 done cum=43458770 214.8s
  i0=228 done cum=43461695 214.8s
  i0=229 done cum=43464295 214.8s
  i0=222 done cum=43597896 214.8s
  i0=231 done cum=43599920 214.8s
  i0=232 done cum=43601691 214.8s
  i0=226 done cum=43799612 214.9s
  i0=234 done cum=43800942 214.9s
  i0=235 done cum=43802082 214.9s
  i0=236 done cum=43803051 214.9s
  i0=237 done cum=43803867 214.9s
  i0=238 done cum=43804547 214.9s
  i0=224 done cum=43915887 214.9s
  i0=240 done cum=43916342 214.9s
  i0=241 done cum=43916706 214.9s
  i0=242 done cum=43916992 214.9s
  i0=243 done cum=43917212 214.9s
  i0=244 done cum=43917377 214.9s
  i0=245 done cum=43917497 214.9s
  i0=246 done cum=43917581 214.9s
  i0=247 done cum=43917637 214.9s
  i0=248 done cum=43917672 214.9s
  i0=249 done cum=43917692 214.9s
  i0=250 done cum=43917702 214.9s
  i0=251 done cum=43917706 214.9s
  i0=252 done cum=43917707 214.9s
  i0=230 done cum=43466595 214.9s
  i0=233 done cum=43603231 214.9s
  i0=239 done cum=43805107 214.9s
scan size 4 range [0,256): 174792640 candidates, zero-events 0, 215.0s
=== PASS A COMPLETE (|S| <= 8 exhausted) ===
Terminated
=== PASS B COMPLETE (|S| <= 9 exhausted) ===
