(1) how much of a modular multiplication is the REDUCTION
                                     variant       vars      couplers
              A*B == W (mod p)      kdepth=0    101,683     3,083,744
              A*B == Wfull over Z   kdepth=0     91,043     2,001,613
                       --> reduction glue is    +10,640    +1,082,131   (10.5% of the multiply)
              A*B == W (mod p)      kdepth=4     71,771     1,139,976
              A*B == Wfull over Z   kdepth=4     58,044       599,782
                       --> reduction glue is    +13,727      +540,194   (19.1% of the multiply)

(2) what wider operands cost (this is the bill lazy reduction pays)
       |A| x |B|       vars      couplers        AND  vs 256x256
         256x256    101,683     3,083,744     65,536       1.00x
         264x264    107,955     3,316,206     69,696       1.06x
         288x288    127,765     4,056,149     82,944       1.26x
         320x320    156,535     5,155,798    102,400       1.54x
         384x384    222,139     7,762,428    147,456       2.18x
         512x512    386,216    14,951,674    262,144       3.80x

(3) the realistic one-step-deferred shape: x3 left at 512 bits, so the
    next window's d is 513 bits and lam*d is 256 x 513
    256 x 256 :    101,683 vars
    256 x 513 :    200,885 vars   (1.98x)
