base_w6                vars=   274,485 coupl=   8,151,351 AND=  163,712 |J|=2^21  (24s)
base_w8                vars=   291,272 coupl=   9,231,493 AND=  163,712 |J|=2^21  (25s)
base_w9                vars=   312,476 coupl=  11,461,689 AND=  163,712 |J|=2^21  (32s)
base_w10               vars=   354,301 coupl=  18,622,845 AND=  163,712 |J|=2^23  (40s)
base_w11               vars=   437,731 coupl=  43,850,813 AND=  163,712 |J|=2^25  (95s)
mux_w6                 vars=   265,650 coupl=   7,928,058 AND=  163,712 |J|=2^21  (22s)
mux_w8                 vars=   265,842 coupl=   8,056,986 AND=  163,712 |J|=2^21  (19s)
mux_w9                 vars=   266,098 coupl=   8,286,234 AND=  163,712 |J|=2^21  (20s)
mux_w10                vars=   266,610 coupl=   8,941,338 AND=  163,712 |J|=2^21  (20s)
muxtree_w8             vars=   265,914 coupl=   8,025,290 AND=  164,024 |J|=2^21  (19s)
muxtree_w10            vars=   266,750 coupl=   8,421,004 AND=  164,856 |J|=2^21  (20s)
muxtree_w11            vars=   267,840 coupl=   8,948,557 AND=  165,944 |J|=2^21  (20s)
muxtree_w12            vars=   269,954 coupl=  10,003,470 AND=  168,056 |J|=2^21  (22s)
muxtreekara_w8         vars=   202,755 coupl=   3,340,598 AND=   56,412 |J|=2^17  (8s)
muxtreekara_w10        vars=   203,591 coupl=   3,736,312 AND=   57,244 |J|=2^17  (9s)
muxtreekara_w11        vars=   204,681 coupl=   4,263,865 AND=   58,332 |J|=2^17  (10s)
muxtreekara_w12        vars=   206,795 coupl=   5,318,778 AND=   60,444 |J|=2^17  (11s)
full_w9                vars=   204,042 coupl=   3,352,572 AND=   56,668 |J|=2^17  (8s)
full_w11               vars=   204,878 coupl=   3,748,286 AND=   57,500 |J|=2^17  (8s)
full_w12               vars=   205,968 coupl=   4,275,839 AND=   58,588 |J|=2^17  (11s)
full_w13               vars=   208,082 coupl=   5,330,752 AND=   60,700 |J|=2^17  (11s)
full_w12_c32           vars=   191,642 coupl=   3,945,610 AND=   58,588 |J|=2^17  (10s)
full_w12_c64           vars=   182,477 coupl=   3,925,144 AND=   58,588 |J|=2^17  (11s)
semaev_w11             vars=   425,807 coupl=   7,931,294 AND=  113,344 |J|=2^19  (23s)
semaev_w13             vars=   429,011 coupl=   8,727,328 AND=  116,544 |J|=2^19  (26s)
basekara_w9            vars=   249,317 coupl=   6,776,997 AND=   56,100 |J|=2^21  (19s)
done
base_w8_c32            vars=   249,940 coupl=   7,975,181 AND=  163,712 |J|=2^21  (29s)
base_w9_c32            vars=   263,102 coupl=   9,271,681 AND=  163,712 |J|=2^21  (26s)
base_w8_c64            vars=   222,134 coupl=   9,945,853 AND=  163,712 |J|=2^21  (33s)
base_w9_c64            vars=   230,229 coupl=  10,878,037 AND=  163,712 |J|=2^21  (38s)
base_w8_c128           vars=   197,131 coupl=  18,478,264 AND=  163,712 |J|=2^21  (58s)
