========================================================================================================
MARGINAL COST OF ONE COMB WINDOW AT s = 256, AND THE WHOLE-INSTANCE TOTAL
========================================================================================================
family                       w  windows  qubits/window   TOTAL qubits   TOTAL couplers    |J|  vs base
base                         6       43        274,485     11,802,855      350,508,093   2^21    0.77x
base                         8       32        291,272      9,320,704      295,407,776   2^21    0.97x
base                         9       29        312,476      9,061,804      332,388,981   2^21    1.00x
base                        10       26        354,301      9,211,826      484,193,970   2^23    0.98x
base                        11       24        437,731     10,505,544    1,052,419,512   2^25    0.86x

base_c128                    8       32        197,131      6,308,192      591,304,448   2^21    1.44x
base_c128                    9       29        204,119      5,919,451      551,334,167   2^21    1.53x

base_c32                     8       32        249,940      7,998,080      255,205,792   2^21    1.13x
base_c32                     9       29        263,102      7,629,958      268,878,749   2^21    1.19x

base_c64                     8       32        222,134      7,108,288      318,267,296   2^21    1.27x
base_c64                     9       29        230,229      6,676,641      315,463,073   2^21    1.36x

basekara                     9       29        249,317      7,230,193      196,532,913   2^21    1.25x

best                        12       22        134,401      2,956,822       67,796,212   2^18    3.06x
best                        13       20        136,515      2,730,300       82,731,180   2^18    3.32x
best                        14       19        140,741      2,674,079      118,681,296   2^18    3.39x
best                        15       18        149,063      2,683,134      188,381,682   2^18    3.38x
best                        16       16        165,705      2,651,280      302,466,848   2^18    3.42x

bestc128                    13       20        136,486      2,729,720       82,876,900   2^17    3.32x
bestc128                    14       19        140,712      2,673,528      118,819,730   2^17    3.39x
bestc128                    15       18        149,034      2,682,612      188,512,830   2^17    3.38x
bestc128                    16       16        165,676      2,650,816      302,583,424   2^17    3.42x

full                         9       29        204,042      5,917,218       97,224,588   2^17    1.53x
full                        11       24        204,878      4,917,072       89,958,864   2^17    1.84x
full                        12       22        205,968      4,531,296       94,068,458   2^17    2.00x
full                        13       20        208,082      4,161,640      106,615,040   2^17    2.18x

full_c32                    12       22        191,642      4,216,124       86,803,420   2^17    2.15x

full_c64                    12       22        182,477      4,014,494       86,353,168   2^17    2.26x

fullc128                    14       19        178,941      3,399,879      140,036,688   2^17    2.67x

fullc64                     12       22        182,477      4,014,494       86,353,168   2^17    2.26x
fullc64                     13       20        184,591      3,691,820       99,601,140   2^17    2.45x
fullc64                     14       19        188,817      3,587,523      134,707,758   2^17    2.53x
fullc64                     15       18        197,139      3,548,502      203,564,646   2^17    2.55x
fullc64                     16       16        213,781      3,420,496      315,962,816   2^17    2.65x

fullc64_km24                14       19        188,817      3,587,523      134,707,758   2^17    2.53x

mux                          6       43        265,650     11,422,950      340,906,494   2^21    0.79x
mux                          8       32        265,842      8,506,944      257,823,552   2^21    1.07x
mux                          9       29        266,098      7,716,842      240,300,786   2^21    1.17x
mux                         10       26        266,610      6,931,860      232,474,788   2^21    1.31x

muxtree                      8       32        265,914      8,509,248      256,809,280   2^21    1.06x
muxtree                     10       26        266,750      6,935,500      218,946,104   2^21    1.31x
muxtree                     11       24        267,840      6,428,160      214,765,368   2^21    1.41x
muxtree                     12       22        269,954      5,938,988      220,076,340   2^21    1.53x

muxtreekara                  8       32        202,755      6,488,160      106,899,136   2^17    1.40x
muxtreekara                 10       26        203,591      5,293,366       97,144,112   2^17    1.71x
muxtreekara                 11       24        204,681      4,912,344      102,332,760   2^17    1.84x
muxtreekara                 12       22        206,795      4,549,490      117,013,116   2^17    1.99x

realbase                     8       32        322,269     10,312,608      417,256,864   2^21    0.88x
realbase                     9       29        343,578      9,963,762      446,719,944   2^21    0.91x
realbase                    10       26        385,675     10,027,550      594,655,568   2^23    0.90x

realmux                     12       22        196,594      4,325,068      108,671,816   2^19    2.10x
realmux                     13       20        198,708      3,974,160      119,890,820   2^19    2.28x
realmux                     14       19        202,934      3,855,746      153,982,954   2^19    2.35x

semaev                      11       24        425,807     10,219,368      190,351,056   2^19    0.89x
semaev                      13       20        429,011      8,580,220      174,546,560   2^19    1.06x

semaevbest                  13       20        276,712      5,534,240      123,424,740   2^21    1.64x

semaevc64                   13       20        369,195      7,383,900      149,232,580   2^21    1.23x

unsc64                      13       20        187,530      3,750,600      141,558,160   2^17    2.42x
unsc64                      14       19        195,852      3,721,188      214,646,287   2^17    2.44x
unsc64                      15       18        212,494      3,824,892      355,242,636   2^17    2.37x

========================================================================================================
BEST w PER FAMILY, RANKED
========================================================================================================
family                                               w   TOTAL qubits        couplers    |J|  vs 9.06e6
G   + Toom-3 x2 + pseudo-Mersenne, chunk 128 (REAL p)  16      2,650,816     302,583,424   2^17      3.42x
G   + Toom-3 x2 + pseudo-Mersenne reduction (REAL p)  16      2,651,280     302,466,848   2^18      3.42x
fullc128                                            14      3,399,879     140,036,688   2^17      2.67x
F   + chunk 64                                      16      3,420,496     315,962,816   2^17      2.65x
fullc64_km24                                        14      3,587,523     134,707,758   2^17      2.53x
F-  E/F without signed digits                       14      3,721,188     214,646,287   2^17      2.44x
B r  MUX+tree at the REAL p                         14      3,855,746     153,982,954   2^19      2.35x
full_c64                                            12      4,014,494      86,353,168   2^17      2.26x
E   + signed digits                                 13      4,161,640     106,615,040   2^17      2.18x
full_c32                                            12      4,216,124      86,803,420   2^17      2.15x
D   + Karatsuba x4                                  12      4,549,490     117,013,116   2^17      1.99x
semaevbest                                          13      5,534,240     123,424,740   2^21      1.64x
base_c128                                            9      5,919,451     551,334,167   2^21      1.53x
C   + AND-tree one-hot (no cardinality penalty)     12      5,938,988     220,076,340   2^21      1.53x
base_c64                                             9      6,676,641     315,463,073   2^21      1.36x
B   + one-hot MUX table look-up                     10      6,931,860     232,474,788   2^21      1.31x
D-  baseline table + Karatsuba x4 only               9      7,230,193     196,532,913   2^21      1.25x
X   x-only Semaev S_3 chain, chunk 64               13      7,383,900     149,232,580   2^21      1.23x
base_c32                                             9      7,629,958     268,878,749   2^21      1.19x
X   x-only Semaev S_3 chain (per S_3 step)          13      8,580,220     174,546,560   2^19      1.06x
A0  baseline (weighted-sum table, schoolbook, chunk 16)   9      9,061,804     332,388,981   2^21      1.00x
A0r baseline arithmetic at the REAL p                9      9,963,762     446,719,944   2^21      0.91x

D-Wave Advantage  (5,760 qubits): best exact encoding is 460x too big
D-Wave Advantage2 (4,400 qubits): best exact encoding is 602x too big
