THEIRS nonzero atoms 4 affine knobs 5747 nonaff 260 t 293.62082386016846
  COMPONENT rows=1 knobs=2
     3130 ((x7075*x8731)+x31864)                                                                          rhs=-114347288120783362306519083954134
          row: {8731: '1', 10903: '1*p'}
  COMPONENT rows=1 knobs=2
     3131 ((5113045*(x7075*x9118))-x29854)                                                                rhs=-763555279592134754634943382626561
          row: {1329: '-1*p', 9118: '5113045'}
  COMPONENT rows=8 knobs=15
     3132 ((x4432-x19964)-x28730)                                                                         rhs=-119325148954113784451537008069415
          row: {4432: '1', 9413: '-1*p', 12553: '-1'}
     3133 ((9367949*(x24548-x25442))-x7927)                                                               rhs=0
          row: {4432: '-9367949', 11052: '-1*p', 24548: '9367949'}
     3146 ((x36462-x12985)-x34942)                                                                        rhs=0
          row: {11871: '-1*p', 24548: '-1', 36462: '1'}
     3955 ((x2081*(x12553-4277553340272886943471662946419339605651523126422264177381715407936902641024083 rhs=0
          row: {5081: '-1*p', 12553: '1'}
     4293 ((x11080-x12304)-x22245)                                                                        rhs=0
          row: {11080: '1', 14623: '-1', 36017: '-1*p'}
     4300 ((x24908-x17601)+x5201)                                                                         rhs=0
          row: {5339: '1*p', 31339: '-1'}
     4302 ((4261533*(x31339-x6858))-x25295)                                                               rhs=0
          row: {11080: '-4261533', 11559: '-1*p', 31339: '4261533'}
     4305 ((11436039*(x14623-x27522))-x36864)                                                             rhs=0
          row: {5040: '-1*p', 14623: '11436039', 36462: '-11436039'}
  COMPONENT rows=8 knobs=15
     3134 ((x2964-x26756)-x579)                                                                           rhs=0
          row: {2964: '1', 7068: '-1', 19569: '-1*p'}
     4301 ((12846437*(x14853-x1308))-x29967)                                                              rhs=0
          row: {6083: '-12846437', 30163: '-1*p'}
     4303 ((x6083-x36890)-x6586)                                                                          rhs=0
          row: {6083: '1', 26489: '-1*p', 28246: '-1'}
     4304 ((x2498-x28057)-x14777)                                                                         rhs=0
          row: {2498: '1', 3484: '-1*p', 23238: '-1'}
     5070 ((x2081*(x6418-33472904810391811973223207617762334363023286939839396241234196646906030803538671 rhs=0
          row: {3387: '-15804267*p', 6418: '1'}
     7251 ((x7068-x2099)-(7376877*x642))                                                                  rhs=-297508198402086311029470924920232
          row: {6418: '-1', 7068: '1', 17325: '-7376877*p'}
     8178 ((x23238-x24292)-(10937191*x33421))                                                             rhs=0
          row: {2964: '-1', 23238: '1', 33646: '-10937191*p'}
     9018 ((x28246-x7340)-(5930437*x6794))                                                                rhs=0
          row: {2498: '-1', 20414: '-5930437*p', 28246: '1'}
