baseline nfail 7
candidates 26
skip A6234 (too many rows)
skip A6235 (too many rows)
skip A6236 (too many rows)
skip A6237 (too many rows)
skip A6238 (too many rows)
skip A6239 (too many rows)
skip A6240 (too many rows)
skip A11739 (too many rows)
skip A11740 (too many rows)
skip A11741 (too many rows)
skip A11742 (too many rows)
skip A20208 (too many rows)
skip A20209 (too many rows)
skip A20210 (too many rows)
skip A20211 (too many rows)
skip A20212 (too many rows)
skip A20213 (too many rows)
add A23328  rows=13 sat= 6 nfail= 7  t=15s  ((x4432-x19964)-x28730)
add A23329  rows=14 sat= 7 nfail= 7  t=23s  (x23754-(x26874*x6947))
add A23330  rows=15 sat= 8 nfail= 7  t=26s  ((6122989*(x21279*x2239))-x23754)
