m=3                        tag=prime    solved=True  nz_atoms=0    failing_eqs=0     t=4.3
m=5                        tag=prime    solved=True  nz_atoms=0    failing_eqs=0     t=7.7
m=7                        tag=prime    solved=True  nz_atoms=0    failing_eqs=0     t=4.2
m=11                       tag=prime    solved=True  nz_atoms=0    failing_eqs=0     t=4.0
m=13                       tag=prime    solved=True  nz_atoms=0    failing_eqs=0     t=4.6
m=17                       tag=prime    solved=True  nz_atoms=0    failing_eqs=0     t=4.4
m=19                       tag=prime    solved=True  nz_atoms=0    failing_eqs=0     t=4.4
m=23                       tag=prime    solved=True  nz_atoms=0    failing_eqs=0     t=4.0
m=29                       tag=prime    solved=True  nz_atoms=0    failing_eqs=0     t=4.1
m=31                       tag=prime    solved=True  nz_atoms=0    failing_eqs=0     t=4.1
m=37                       tag=prime    solved=True  nz_atoms=0    failing_eqs=0     t=4.2
m=41                       tag=prime    solved=True  nz_atoms=0    failing_eqs=0     t=4.0
m=43                       tag=prime    solved=True  nz_atoms=0    failing_eqs=0     t=3.8
m=47                       tag=prime    solved=True  nz_atoms=0    failing_eqs=0     t=3.8
m=53                       tag=prime    solved=True  nz_atoms=0    failing_eqs=0     t=3.8
m=59                       tag=prime    solved=True  nz_atoms=0    failing_eqs=0     t=3.8
m=61                       tag=prime    solved=True  nz_atoms=0    failing_eqs=0     t=4.0
m=67                       tag=prime    solved=True  nz_atoms=0    failing_eqs=0     t=3.9
m=71                       tag=prime    solved=True  nz_atoms=0    failing_eqs=0     t=3.8
m=73                       tag=prime    solved=True  nz_atoms=0    failing_eqs=0     t=4.0
m=79                       tag=prime    solved=True  nz_atoms=0    failing_eqs=0     t=3.7
m=83                       tag=prime    solved=True  nz_atoms=0    failing_eqs=0     t=3.6
m=89                       tag=prime    solved=True  nz_atoms=0    failing_eqs=0     t=3.3
m=97                       tag=prime    solved=True  nz_atoms=0    failing_eqs=0     t=3.0
m=101                      tag=prime    solved=True  nz_atoms=0    failing_eqs=0     t=3.1
m=103                      tag=prime    solved=True  nz_atoms=0    failing_eqs=0     t=2.9
m=107                      tag=prime    solved=True  nz_atoms=0    failing_eqs=0     t=3.3
m=109                      tag=prime    solved=True  nz_atoms=0    failing_eqs=0     t=3.1
m=113                      tag=prime    solved=True  nz_atoms=0    failing_eqs=0     t=3.4
m=1009                     tag=prime    solved=True  nz_atoms=0    failing_eqs=0     t=4.2
m=10007                    tag=prime    solved=True  nz_atoms=0    failing_eqs=0     t=3.9
m=100003                   tag=prime    solved=True  nz_atoms=0    failing_eqs=0     t=3.6
m=1000003                  tag=prime    solved=True  nz_atoms=0    failing_eqs=0     t=3.6
m=10000019                 tag=prime    solved=True  nz_atoms=0    failing_eqs=0     t=3.3
m=1000000007               tag=prime    solved=True  nz_atoms=0    failing_eqs=0     t=3.0
m=2147483647               tag=prime    solved=True  nz_atoms=0    failing_eqs=0     t=3.6
m=2305843009213693951      tag=prime    solved=True  nz_atoms=0    failing_eqs=0     t=3.0
m=618970019642690137449562 tag=prime    solved=True  nz_atoms=0    failing_eqs=0     t=3.4
m=170141183460469231731687 tag=prime    solved=True  nz_atoms=0    failing_eqs=0     t=3.5
m=578960446186580977117854 tag=prime    solved=True  nz_atoms=0    failing_eqs=0     t=4.0
m=18446744073709551616     tag=2^64     solved=True  nz_atoms=0    failing_eqs=0     t=3.8
m=12157665459056928801     tag=3^40     solved=True  nz_atoms=0    failing_eqs=0     t=3.8
m=931322574615478515625    tag=5^30     solved=False nz_atoms=2    failing_eqs=18    t=8.7
m=1341068619663964900807   tag=7^25     solved=True  nz_atoms=0    failing_eqs=0     t=9.1
m=672749994932560009201    tag=11^20    solved=True  nz_atoms=0    failing_eqs=0     t=3.4
m=19004963774880799438801  tag=13^20    solved=True  nz_atoms=0    failing_eqs=0     t=3.9
m=107430928659166265479872 tag=1009^8   solved=True  nz_atoms=0    failing_eqs=0     t=3.4
m=18447869999386460161     tag=65537^4  solved=True  nz_atoms=0    failing_eqs=0     t=3.5
m=1000009000027000027      tag=1000003^3 solved=True  nz_atoms=0    failing_eqs=0     t=3.6
m=4611686014132420609      tag=2147483647^2 solved=True  nz_atoms=0    failing_eqs=0     t=3.7
