chain from 2779 length 41
two tree-A chain bits: [2779, 38288]
TWO-A bits [2779, 38288] broken atoms 6 jac t=588s
   component rows=8 knobs=15  integrally solvable=False
       4048 ((x38288*(x33017-2829155549310850053046966926291309027842048257078445226371133688359897904 rhs=28291555493108500530469669
       4384 ((2998453*(x12874-x31578))-x26822)                                                         rhs=0
       4391 ((x10710-x28719)+x20826)                                                                   rhs=0
       4397 ((x23964-x353)-x5936)                                                                      rhs=0
       7099 ((x19076-x4982)-(5777081*x24983))                                                          rhs=0
       7629 ((x2394-x3381)-(1349293*x9018))                                                            rhs=0
       8358 ((x16787-x2873)-(2389855*x32683))                                                          rhs=0
       9030 ((x37589-x18106)-(3363811*x24410))                                                         rhs=0
   component rows=8 knobs=15  integrally solvable=False
       3297 ((6910381*(x15439-x18440))-x11630)                                                         rhs=0
       3299 ((x31806-x33772)-x14607)                                                                   rhs=0
       3302 ((4313729*(x9198-x16530))-x25468)                                                          rhs=0
       3307 ((x19111-x18364)-x21409)                                                                   rhs=0
       3755 ((x5460-x33235)+x12922)                                                                    rhs=0
       3759 ((13902327*(x7256-x1436))-x11118)                                                          rhs=0
       3938 ((x25199-x8753)-x25743)                                                                    rhs=0
       4114 ((x2779*(x27051-60009219094155625958323533584635521441537691422552625026775359555757312795 rhs=60009219094155625958323533
   component rows=3 knobs=6  integrally solvable=True
   component rows=3 knobs=6  integrally solvable=True
   component rows=8 knobs=15  integrally solvable=False
       3296 ((x17675-x20820)-x36780)                                                                   rhs=0
       3303 ((x31244-x24261)-x22816)                                                                   rhs=0
       3756 ((16393557*(x38101-x295))-x9030)                                                           rhs=0
       3760 ((x38371-x15532)-x16312)                                                                   rhs=0
       4935 ((x2779*(x22231-13288757664836139456452837425284531226290849218546022003597912599115508729 rhs=13288757664836139456452837
       6573 ((x37283-x16339)-(13650113*x8453))                                                         rhs=0
       7980 ((x35364-x25314)-(13028777*x36947))                                                        rhs=0
       8619 ((x10261-x8912)-(13040669*x27539))                                                         rhs=0
   component rows=8 knobs=15  integrally solvable=False
       4385 ((x16986-x27423)-x33022)                                                                   rhs=0
       4392 ((7706043*(x18320-x16387))-x13673)                                                         rhs=0
       4402 ((x31714-x34719)+x26818)                                                                   rhs=0
       4406 ((x26331-x37803)+x28986)                                                                   rhs=0
       4414 ((x19844-x12268)+x20727)                                                                   rhs=0
       4487 ((x30454-x21608)+x34575)                                                                   rhs=0
       5583 ((x38288*(x3515-12231173552380778702443457864853837797330285983454089953833099300280236745 rhs=12231173552380778702443457
       6024 ((x9725-x3960)-(16097083*x11557))                                                          rhs=0
