pairs done A 1/15753 (0.01%)  B 0/3003 (0.00%)  excluded 0  NOT-excluded 1 ['47_112']  t=17s
pairs done A 2/15753 (0.01%)  B 0/3003 (0.00%)  excluded 0  NOT-excluded 2 ['47_112', '112_542']  t=33s
pairs done A 3/15753 (0.02%)  B 0/3003 (0.00%)  excluded 0  NOT-excluded 3 ['47_112', '112_542', '542_853']  t=48s
pairs done A 4/15753 (0.03%)  B 0/3003 (0.00%)  excluded 0  NOT-excluded 4 ['47_112', '112_542', '542_853', '853_1357']  t=63s
pairs done A 5/15753 (0.03%)  B 0/3003 (0.00%)  excluded 0  NOT-excluded 5 ['47_112', '112_542', '542_853', '853_1357', '1357_1413']  t=77s
pairs done A 6/15753 (0.04%)  B 0/3003 (0.00%)  excluded 0  NOT-excluded 6 ['47_112', '112_542', '542_853', '853_1357', '1357_1413']  t=91s
pairs done A 7/15753 (0.04%)  B 0/3003 (0.00%)  excluded 0  NOT-excluded 7 ['47_112', '112_542', '542_853', '853_1357', '1357_1413']  t=105s
pairs done A 8/15753 (0.05%)  B 0/3003 (0.00%)  excluded 0  NOT-excluded 8 ['47_112', '112_542', '542_853', '853_1357', '1357_1413']  t=119s
pairs done A 9/15753 (0.06%)  B 0/3003 (0.00%)  excluded 0  NOT-excluded 9 ['47_112', '112_542', '542_853', '853_1357', '1357_1413']  t=132s
pairs done A 10/15753 (0.06%)  B 0/3003 (0.00%)  excluded 0  NOT-excluded 10 ['47_112', '112_542', '542_853', '853_1357', '1357_1413']  t=144s
pairs done A 11/15753 (0.07%)  B 0/3003 (0.00%)  excluded 0  NOT-excluded 11 ['47_112', '112_542', '542_853', '853_1357', '1357_1413']  t=158s
pairs done A 12/15753 (0.08%)  B 0/3003 (0.00%)  excluded 0  NOT-excluded 12 ['47_112', '112_542', '542_853', '853_1357', '1357_1413']  t=173s
pairs done A 13/15753 (0.08%)  B 0/3003 (0.00%)  excluded 0  NOT-excluded 13 ['47_112', '112_542', '542_853', '853_1357', '1357_1413']  t=186s
pairs done A 14/15753 (0.09%)  B 0/3003 (0.00%)  excluded 0  NOT-excluded 14 ['47_112', '112_542', '542_853', '853_1357', '1357_1413']  t=199s
pairs done A 15/15753 (0.10%)  B 0/3003 (0.00%)  excluded 0  NOT-excluded 15 ['47_112', '112_542', '542_853', '853_1357', '1357_1413']  t=212s
pairs done A 16/15753 (0.10%)  B 0/3003 (0.00%)  excluded 0  NOT-excluded 16 ['47_112', '112_542', '542_853', '853_1357', '1357_1413']  t=225s
pairs done A 17/15753 (0.11%)  B 0/3003 (0.00%)  excluded 0  NOT-excluded 17 ['47_112', '112_542', '542_853', '853_1357', '1357_1413']  t=237s
pairs done A 18/15753 (0.11%)  B 0/3003 (0.00%)  excluded 0  NOT-excluded 18 ['47_112', '112_542', '542_853', '853_1357', '1357_1413']  t=249s
pairs done A 19/15753 (0.12%)  B 0/3003 (0.00%)  excluded 0  NOT-excluded 19 ['47_112', '112_542', '542_853', '853_1357', '1357_1413']  t=261s
pairs done A 20/15753 (0.13%)  B 0/3003 (0.00%)  excluded 0  NOT-excluded 20 ['47_112', '112_542', '542_853', '853_1357', '1357_1413']  t=272s
pairs done A 21/15753 (0.13%)  B 0/3003 (0.00%)  excluded 0  NOT-excluded 21 ['47_112', '112_542', '542_853', '853_1357', '1357_1413']  t=285s
pairs done A 22/15753 (0.14%)  B 0/3003 (0.00%)  excluded 0  NOT-excluded 22 ['47_112', '112_542', '542_853', '853_1357', '1357_1413']  t=299s
pairs done A 23/15753 (0.15%)  B 0/3003 (0.00%)  excluded 0  NOT-excluded 23 ['47_112', '112_542', '542_853', '853_1357', '1357_1413']  t=313s
pairs done A 24/15753 (0.15%)  B 0/3003 (0.00%)  excluded 0  NOT-excluded 24 ['47_112', '112_542', '542_853', '853_1357', '1357_1413']  t=327s
pairs done A 25/15753 (0.16%)  B 0/3003 (0.00%)  excluded 0  NOT-excluded 25 ['47_112', '112_542', '542_853', '853_1357', '1357_1413']  t=339s
pairs done A 26/15753 (0.17%)  B 0/3003 (0.00%)  excluded 0  NOT-excluded 26 ['47_112', '112_542', '542_853', '853_1357', '1357_1413']  t=351s
pairs done A 27/15753 (0.17%)  B 0/3003 (0.00%)  excluded 0  NOT-excluded 27 ['47_112', '112_542', '542_853', '853_1357', '1357_1413']  t=371s
pairs done A 28/15753 (0.18%)  B 0/3003 (0.00%)  excluded 0  NOT-excluded 28 ['47_112', '112_542', '542_853', '853_1357', '1357_1413']  t=386s
pairs done A 29/15753 (0.18%)  B 0/3003 (0.00%)  excluded 0  NOT-excluded 29 ['47_112', '112_542', '542_853', '853_1357', '1357_1413']  t=402s
pairs done A 30/15753 (0.19%)  B 0/3003 (0.00%)  excluded 0  NOT-excluded 30 ['47_112', '112_542', '542_853', '853_1357', '1357_1413']  t=415s
pairs done A 31/15753 (0.20%)  B 0/3003 (0.00%)  excluded 0  NOT-excluded 31 ['47_112', '112_542', '542_853', '853_1357', '1357_1413']  t=430s
pairs done A 32/15753 (0.20%)  B 0/3003 (0.00%)  excluded 0  NOT-excluded 32 ['47_112', '112_542', '542_853', '853_1357', '1357_1413']  t=444s
pairs done A 33/15753 (0.21%)  B 0/3003 (0.00%)  excluded 0  NOT-excluded 33 ['47_112', '112_542', '542_853', '853_1357', '1357_1413']  t=457s
pairs done A 34/15753 (0.22%)  B 0/3003 (0.00%)  excluded 0  NOT-excluded 34 ['47_112', '112_542', '542_853', '853_1357', '1357_1413']  t=472s
pairs done A 35/15753 (0.22%)  B 0/3003 (0.00%)  excluded 0  NOT-excluded 35 ['47_112', '112_542', '542_853', '853_1357', '1357_1413']  t=509s
pairs done A 36/15753 (0.23%)  B 0/3003 (0.00%)  excluded 0  NOT-excluded 36 ['47_112', '112_542', '542_853', '853_1357', '1357_1413']  t=526s
pairs done A 37/15753 (0.23%)  B 0/3003 (0.00%)  excluded 0  NOT-excluded 37 ['47_112', '112_542', '542_853', '853_1357', '1357_1413']  t=540s
pairs done A 38/15753 (0.24%)  B 0/3003 (0.00%)  excluded 0  NOT-excluded 38 ['47_112', '112_542', '542_853', '853_1357', '1357_1413']  t=553s
pairs done A 39/15753 (0.25%)  B 0/3003 (0.00%)  excluded 0  NOT-excluded 39 ['47_112', '112_542', '542_853', '853_1357', '1357_1413']  t=566s
pairs done A 40/15753 (0.25%)  B 0/3003 (0.00%)  excluded 0  NOT-excluded 40 ['47_112', '112_542', '542_853', '853_1357', '1357_1413']  t=580s
pairs done A 41/15753 (0.26%)  B 0/3003 (0.00%)  excluded 0  NOT-excluded 41 ['47_112', '112_542', '542_853', '853_1357', '1357_1413']  t=595s
pairs done A 42/15753 (0.27%)  B 0/3003 (0.00%)  excluded 0  NOT-excluded 42 ['47_112', '112_542', '542_853', '853_1357', '1357_1413']  t=607s
pairs done A 43/15753 (0.27%)  B 0/3003 (0.00%)  excluded 0  NOT-excluded 43 ['47_112', '112_542', '542_853', '853_1357', '1357_1413']  t=619s
pairs done A 44/15753 (0.28%)  B 0/3003 (0.00%)  excluded 0  NOT-excluded 44 ['47_112', '112_542', '542_853', '853_1357', '1357_1413']  t=631s
pairs done A 45/15753 (0.29%)  B 0/3003 (0.00%)  excluded 0  NOT-excluded 45 ['47_112', '112_542', '542_853', '853_1357', '1357_1413']  t=643s
pairs done A 46/15753 (0.29%)  B 0/3003 (0.00%)  excluded 0  NOT-excluded 46 ['47_112', '112_542', '542_853', '853_1357', '1357_1413']  t=657s
pairs done A 47/15753 (0.30%)  B 0/3003 (0.00%)  excluded 0  NOT-excluded 47 ['47_112', '112_542', '542_853', '853_1357', '1357_1413']  t=671s
pairs done A 48/15753 (0.30%)  B 0/3003 (0.00%)  excluded 0  NOT-excluded 48 ['47_112', '112_542', '542_853', '853_1357', '1357_1413']  t=684s
pairs done A 49/15753 (0.31%)  B 0/3003 (0.00%)  excluded 0  NOT-excluded 49 ['47_112', '112_542', '542_853', '853_1357', '1357_1413']  t=696s
pairs done A 50/15753 (0.32%)  B 0/3003 (0.00%)  excluded 0  NOT-excluded 50 ['47_112', '112_542', '542_853', '853_1357', '1357_1413']  t=709s
pairs done A 51/15753 (0.32%)  B 0/3003 (0.00%)  excluded 0  NOT-excluded 51 ['47_112', '112_542', '542_853', '853_1357', '1357_1413']  t=723s
pairs done A 52/15753 (0.33%)  B 0/3003 (0.00%)  excluded 0  NOT-excluded 52 ['47_112', '112_542', '542_853', '853_1357', '1357_1413']  t=737s
pairs done A 53/15753 (0.34%)  B 0/3003 (0.00%)  excluded 0  NOT-excluded 53 ['47_112', '112_542', '542_853', '853_1357', '1357_1413']  t=751s
pairs done A 54/15753 (0.34%)  B 0/3003 (0.00%)  excluded 0  NOT-excluded 54 ['47_112', '112_542', '542_853', '853_1357', '1357_1413']  t=764s
pairs done A 55/15753 (0.35%)  B 0/3003 (0.00%)  excluded 0  NOT-excluded 55 ['47_112', '112_542', '542_853', '853_1357', '1357_1413']  t=777s
pairs done A 56/15753 (0.36%)  B 0/3003 (0.00%)  excluded 0  NOT-excluded 56 ['47_112', '112_542', '542_853', '853_1357', '1357_1413']  t=791s
pairs done A 57/15753 (0.36%)  B 0/3003 (0.00%)  excluded 0  NOT-excluded 57 ['47_112', '112_542', '542_853', '853_1357', '1357_1413']  t=804s
pairs done A 58/15753 (0.37%)  B 0/3003 (0.00%)  excluded 0  NOT-excluded 58 ['47_112', '112_542', '542_853', '853_1357', '1357_1413']  t=817s
pairs done A 59/15753 (0.37%)  B 0/3003 (0.00%)  excluded 0  NOT-excluded 59 ['47_112', '112_542', '542_853', '853_1357', '1357_1413']  t=830s
pairs done A 60/15753 (0.38%)  B 0/3003 (0.00%)  excluded 0  NOT-excluded 60 ['47_112', '112_542', '542_853', '853_1357', '1357_1413']  t=842s
pairs done A 61/15753 (0.39%)  B 0/3003 (0.00%)  excluded 0  NOT-excluded 61 ['47_112', '112_542', '542_853', '853_1357', '1357_1413']  t=854s
pairs done A 62/15753 (0.39%)  B 0/3003 (0.00%)  excluded 0  NOT-excluded 62 ['47_112', '112_542', '542_853', '853_1357', '1357_1413']  t=866s
pairs done A 63/15753 (0.40%)  B 0/3003 (0.00%)  excluded 0  NOT-excluded 63 ['47_112', '112_542', '542_853', '853_1357', '1357_1413']  t=878s
pairs done A 64/15753 (0.41%)  B 0/3003 (0.00%)  excluded 0  NOT-excluded 64 ['47_112', '112_542', '542_853', '853_1357', '1357_1413']  t=890s
pairs done A 65/15753 (0.41%)  B 0/3003 (0.00%)  excluded 0  NOT-excluded 65 ['47_112', '112_542', '542_853', '853_1357', '1357_1413']  t=902s
pairs done A 66/15753 (0.42%)  B 0/3003 (0.00%)  excluded 0  NOT-excluded 66 ['47_112', '112_542', '542_853', '853_1357', '1357_1413']  t=914s
pairs done A 67/15753 (0.43%)  B 0/3003 (0.00%)  excluded 0  NOT-excluded 67 ['47_112', '112_542', '542_853', '853_1357', '1357_1413']  t=926s
pairs done A 68/15753 (0.43%)  B 0/3003 (0.00%)  excluded 0  NOT-excluded 68 ['47_112', '112_542', '542_853', '853_1357', '1357_1413']  t=939s
pairs done A 69/15753 (0.44%)  B 0/3003 (0.00%)  excluded 0  NOT-excluded 69 ['47_112', '112_542', '542_853', '853_1357', '1357_1413']  t=951s
pairs done A 70/15753 (0.44%)  B 0/3003 (0.00%)  excluded 0  NOT-excluded 70 ['47_112', '112_542', '542_853', '853_1357', '1357_1413']  t=962s
pairs done A 71/15753 (0.45%)  B 0/3003 (0.00%)  excluded 0  NOT-excluded 71 ['47_112', '112_542', '542_853', '853_1357', '1357_1413']  t=974s
pairs done A 72/15753 (0.46%)  B 0/3003 (0.00%)  excluded 0  NOT-excluded 72 ['47_112', '112_542', '542_853', '853_1357', '1357_1413']  t=987s
pairs done A 73/15753 (0.46%)  B 0/3003 (0.00%)  excluded 0  NOT-excluded 73 ['47_112', '112_542', '542_853', '853_1357', '1357_1413']  t=1000s
pairs done A 74/15753 (0.47%)  B 0/3003 (0.00%)  excluded 0  NOT-excluded 74 ['47_112', '112_542', '542_853', '853_1357', '1357_1413']  t=1011s
pairs done A 75/15753 (0.48%)  B 0/3003 (0.00%)  excluded 0  NOT-excluded 75 ['47_112', '112_542', '542_853', '853_1357', '1357_1413']  t=1023s
pairs done A 76/15753 (0.48%)  B 0/3003 (0.00%)  excluded 0  NOT-excluded 76 ['47_112', '112_542', '542_853', '853_1357', '1357_1413']  t=1035s
pairs done A 77/15753 (0.49%)  B 0/3003 (0.00%)  excluded 0  NOT-excluded 77 ['47_112', '112_542', '542_853', '853_1357', '1357_1413']  t=1047s
pairs done A 78/15753 (0.50%)  B 0/3003 (0.00%)  excluded 0  NOT-excluded 78 ['47_112', '112_542', '542_853', '853_1357', '1357_1413']  t=1059s
pairs done A 79/15753 (0.50%)  B 0/3003 (0.00%)  excluded 0  NOT-excluded 79 ['47_112', '112_542', '542_853', '853_1357', '1357_1413']  t=1070s
pairs done A 80/15753 (0.51%)  B 0/3003 (0.00%)  excluded 0  NOT-excluded 80 ['47_112', '112_542', '542_853', '853_1357', '1357_1413']  t=1080s
pairs done A 81/15753 (0.51%)  B 0/3003 (0.00%)  excluded 0  NOT-excluded 81 ['47_112', '112_542', '542_853', '853_1357', '1357_1413']  t=1090s
pairs done A 82/15753 (0.52%)  B 0/3003 (0.00%)  excluded 0  NOT-excluded 82 ['47_112', '112_542', '542_853', '853_1357', '1357_1413']  t=1100s
pairs done A 83/15753 (0.53%)  B 0/3003 (0.00%)  excluded 0  NOT-excluded 83 ['47_112', '112_542', '542_853', '853_1357', '1357_1413']  t=1111s
pairs done A 84/15753 (0.53%)  B 0/3003 (0.00%)  excluded 0  NOT-excluded 84 ['47_112', '112_542', '542_853', '853_1357', '1357_1413']  t=1121s
pairs done A 85/15753 (0.54%)  B 0/3003 (0.00%)  excluded 0  NOT-excluded 85 ['47_112', '112_542', '542_853', '853_1357', '1357_1413']  t=1136s
pairs done A 86/15753 (0.55%)  B 0/3003 (0.00%)  excluded 0  NOT-excluded 86 ['47_112', '112_542', '542_853', '853_1357', '1357_1413']  t=1149s
pairs done A 87/15753 (0.55%)  B 0/3003 (0.00%)  excluded 0  NOT-excluded 87 ['47_112', '112_542', '542_853', '853_1357', '1357_1413']  t=1160s
pairs done A 88/15753 (0.56%)  B 0/3003 (0.00%)  excluded 0  NOT-excluded 88 ['47_112', '112_542', '542_853', '853_1357', '1357_1413']  t=1170s
pairs done A 89/15753 (0.56%)  B 0/3003 (0.00%)  excluded 0  NOT-excluded 89 ['47_112', '112_542', '542_853', '853_1357', '1357_1413']  t=1178s
pairs done A 90/15753 (0.57%)  B 0/3003 (0.00%)  excluded 0  NOT-excluded 90 ['47_112', '112_542', '542_853', '853_1357', '1357_1413']  t=1186s
pairs done A 91/15753 (0.58%)  B 0/3003 (0.00%)  excluded 0  NOT-excluded 91 ['47_112', '112_542', '542_853', '853_1357', '1357_1413']  t=1196s
pairs done A 92/15753 (0.58%)  B 0/3003 (0.00%)  excluded 0  NOT-excluded 92 ['47_112', '112_542', '542_853', '853_1357', '1357_1413']  t=1205s
pairs done A 93/15753 (0.59%)  B 0/3003 (0.00%)  excluded 0  NOT-excluded 93 ['47_112', '112_542', '542_853', '853_1357', '1357_1413']  t=1214s
pairs done A 94/15753 (0.60%)  B 0/3003 (0.00%)  excluded 0  NOT-excluded 94 ['47_112', '112_542', '542_853', '853_1357', '1357_1413']  t=1223s
pairs done A 95/15753 (0.60%)  B 0/3003 (0.00%)  excluded 0  NOT-excluded 95 ['47_112', '112_542', '542_853', '853_1357', '1357_1413']  t=1234s
pairs done A 96/15753 (0.61%)  B 0/3003 (0.00%)  excluded 0  NOT-excluded 96 ['47_112', '112_542', '542_853', '853_1357', '1357_1413']  t=1242s
pairs done A 97/15753 (0.62%)  B 0/3003 (0.00%)  excluded 0  NOT-excluded 97 ['47_112', '112_542', '542_853', '853_1357', '1357_1413']  t=1251s
pairs done A 98/15753 (0.62%)  B 0/3003 (0.00%)  excluded 0  NOT-excluded 98 ['47_112', '112_542', '542_853', '853_1357', '1357_1413']  t=1260s
pairs done A 99/15753 (0.63%)  B 0/3003 (0.00%)  excluded 0  NOT-excluded 99 ['47_112', '112_542', '542_853', '853_1357', '1357_1413']  t=1269s
pairs done A 100/15753 (0.63%)  B 0/3003 (0.00%)  excluded 0  NOT-excluded 100 ['47_112', '112_542', '542_853', '853_1357', '1357_1413']  t=1277s
pairs done A 101/15753 (0.64%)  B 0/3003 (0.00%)  excluded 0  NOT-excluded 101 ['47_112', '112_542', '542_853', '853_1357', '1357_1413']  t=1286s
pairs done A 102/15753 (0.65%)  B 0/3003 (0.00%)  excluded 0  NOT-excluded 102 ['47_112', '112_542', '542_853', '853_1357', '1357_1413']  t=1294s
pairs done A 103/15753 (0.65%)  B 0/3003 (0.00%)  excluded 0  NOT-excluded 103 ['47_112', '112_542', '542_853', '853_1357', '1357_1413']  t=1301s
pairs done A 104/15753 (0.66%)  B 0/3003 (0.00%)  excluded 0  NOT-excluded 104 ['47_112', '112_542', '542_853', '853_1357', '1357_1413']  t=1309s
pairs done A 105/15753 (0.67%)  B 0/3003 (0.00%)  excluded 0  NOT-excluded 105 ['47_112', '112_542', '542_853', '853_1357', '1357_1413']  t=1316s
pairs done A 106/15753 (0.67%)  B 0/3003 (0.00%)  excluded 0  NOT-excluded 106 ['47_112', '112_542', '542_853', '853_1357', '1357_1413']  t=1323s
