union cone of a28647,a20215: 279 free vars (23 non-boolean)
--- cfg0: selectors 1530,1603 (baseline): bad=[20215, 28647]  R(28647)%p=44159679639019146557987083382852396884224992023970032213706899677695745279353  R(20215)%p=22981624690591324143788809642515852940280603493270692712106986169263210356252
    knobs on a28647 with delta COPRIME to p: 44  (non-bool 3)  e.g. [91, 1203, 2441, 2460, 3420, 3545, 3591, 4701]
    knobs on a20215 with delta COPRIME to p: 221  (non-bool 2)  e.g. [47, 91, 112, 542, 853, 1203, 1357, 1413]
    knobs coprime-to-p on BOTH rows: 41 [91, 1203, 2441, 2460, 3420, 3545, 3591, 4701, 5090, 6312]
--- cfg1: +x_490 (b-tree): bad=[7389, 10187, 20215, 26960, 26963, 26965, 28647, 30479, 30480, 40306, 40475]  R(28647)%p=44159679639019146557987083382852396884224992023970032213706899677695745279353  R(20215)%p=22981624690591324143788809642515852940280603493270692712106986169263210356252
    knobs on a28647 with delta COPRIME to p: 44  (non-bool 3)  e.g. [91, 1203, 2441, 2460, 3420, 3545, 3591, 4701]
    knobs on a20215 with delta COPRIME to p: 221  (non-bool 2)  e.g. [47, 91, 112, 542, 853, 1203, 1357, 1413]
    knobs coprime-to-p on BOTH rows: 41 [91, 1203, 2441, 2460, 3420, 3545, 3591, 4701, 5090, 6312]
--- cfg2: +x_2081 (b-tree): bad=[3939, 3940, 7389, 10187, 20215, 26960, 26963, 26965, 28647, 40306]  R(28647)%p=44159679639019146557987083382852396884224992023970032213706899677695745279353  R(20215)%p=22981624690591324143788809642515852940280603493270692712106986169263210356252
    knobs on a28647 with delta COPRIME to p: 44  (non-bool 3)  e.g. [91, 1203, 2441, 2460, 3420, 3545, 3591, 4701]
    knobs on a20215 with delta COPRIME to p: 221  (non-bool 2)  e.g. [47, 91, 112, 542, 853, 1203, 1357, 1413]
    knobs coprime-to-p on BOTH rows: 41 [91, 1203, 2441, 2460, 3420, 3545, 3591, 4701, 5090, 6312]
--- cfg3: +x_47 (a-tree): bad=[20212, 20215, 20649, 20652, 25147, 25148, 28647, 32148]  R(28647)%p=44159679639019146557987083382852396884224992023970032213706899677695745279353  R(20215)%p=44859544763832475231923253825569092119321525945631045653619508440821028887
    knobs on a28647 with delta COPRIME to p: 44  (non-bool 3)  e.g. [91, 1203, 2441, 2460, 3420, 3545, 3591, 4701]
    knobs on a20215 with delta COPRIME to p: 3  (non-bool 2)  e.g. [47, 18956, 30213]
    knobs coprime-to-p on BOTH rows: 0 []
--- cfg4: +x_22106 (a-tree): bad=[20212, 20215, 20649, 20652, 28647, 32148, 35671, 35672, 40398]  R(28647)%p=44159679639019146557987083382852396884224992023970032213706899677695745279353  R(20215)%p=44859544763832475231923253825569092119321525945631045653619508440821028887
    knobs on a28647 with delta COPRIME to p: 44  (non-bool 3)  e.g. [91, 1203, 2441, 2460, 3420, 3545, 3591, 4701]
    knobs on a20215 with delta COPRIME to p: 3  (non-bool 2)  e.g. [18956, 22106, 30213]
    knobs coprime-to-p on BOTH rows: 0 []
--- cfg5: drop x_1530 (single selector 1603): bad=[392, 715, 722, 724, 7389, 10187, 18800, 18803, 20215, 21958, 27585, 28647, 31548]  R(28647)%p=44159679639019146557987083382852396884224992023970032213706899677695745279353  R(20215)%p=22981624690591324143788809642515852940280603493270692712106986169263210356252
    knobs on a28647 with delta COPRIME to p: 45  (non-bool 3)  e.g. [91, 1203, 1603, 2441, 2460, 3420, 3545, 3591]
    knobs on a20215 with delta COPRIME to p: 222  (non-bool 2)  e.g. [47, 91, 112, 542, 853, 1203, 1357, 1413]
    knobs coprime-to-p on BOTH rows: 42 [91, 1203, 1603, 2441, 2460, 3420, 3545, 3591, 4701, 5090]
--- cfg6: drop x_1603 (single selector 1530): bad=[715, 722, 724, 7389, 10187, 11789, 15360, 15363, 16020, 19692, 20215, 21958, 24540, 28647, 33099, 40354]  R(28647)%p=44159679639019146557987083382852396884224992023970032213706899677695745279353  R(20215)%p=22981624690591324143788809642515852940280603493270692712106986169263210356252
    knobs on a28647 with delta COPRIME to p: 45  (non-bool 3)  e.g. [91, 1203, 1530, 2441, 2460, 3420, 3545, 3591]
    knobs on a20215 with delta COPRIME to p: 222  (non-bool 2)  e.g. [47, 91, 112, 542, 853, 1203, 1357, 1413]
    knobs coprime-to-p on BOTH rows: 42 [91, 1203, 1530, 2441, 2460, 3420, 3545, 3591, 4701, 5090]
--- cfg7: no selectors: bad=[392, 715, 722, 724, 7389, 10187, 11789, 15360, 15363, 16020, 18800, 18803, 19692, 20212, 20215, 21958, 24403, 24540, 27585, 28647, 31548, 33099, 40354]  R(28647)%p=36200939269128454586076546451607958467047992891178506183612554289882454126226  R(20215)%p=44859544763832475231923253825569092119321525945631045653619508440821028887
    knobs on a28647 with delta COPRIME to p: 39  (non-bool 2)  e.g. [438, 490, 1530, 1603, 2081, 2455, 4287, 5643]
    knobs on a20215 with delta COPRIME to p: 38  (non-bool 1)  e.g. [438, 490, 1530, 1603, 2081, 2455, 4287, 5643]
    knobs coprime-to-p on BOTH rows: 37 [438, 490, 1530, 1603, 2081, 2455, 4287, 5643, 5910, 6821]
