state bad: [20215, 28647]
candidates in cones of [10187, 20212]: 281; boolean: 256
probed 256 booleans in 1s
*** boolean flips with delta COPRIME to p on [10187, 20212]: 201 ***
   x_47 -> a20212: delta bits=296 delta mod p = 36200939269128454586076546451607958467047992891178506183612554289882454126226
   x_112 -> a20212: delta bits=296 delta mod p = 36200939269128454586076546451607958467047992891178506183612554289882454126226
   x_490 -> a10187: delta bits=5470 delta mod p = 92855324091488703755014098619997624005108702698315502373004217347086445344298
   x_542 -> a20212: delta bits=296 delta mod p = 36200939269128454586076546451607958467047992891178506183612554289882454126226
   x_853 -> a20212: delta bits=296 delta mod p = 36200939269128454586076546451607958467047992891178506183612554289882454126226
   x_1357 -> a20212: delta bits=296 delta mod p = 36200939269128454586076546451607958467047992891178506183612554289882454126226
   x_1413 -> a20212: delta bits=296 delta mod p = 36200939269128454586076546451607958467047992891178506183612554289882454126226
   x_1438 -> a20212: delta bits=296 delta mod p = 36200939269128454586076546451607958467047992891178506183612554289882454126226
   x_1502 -> a20212: delta bits=296 delta mod p = 36200939269128454586076546451607958467047992891178506183612554289882454126226
   x_1530 -> a10187: delta bits=5470 delta mod p = 54149848777012574645337280400920687462012778858073314317566623272619650129664
   x_1544 -> a20212: delta bits=296 delta mod p = 36200939269128454586076546451607958467047992891178506183612554289882454126226
   x_1571 -> a20212: delta bits=296 delta mod p = 36200939269128454586076546451607958467047992891178506183612554289882454126226
   x_1603 -> a10187: delta bits=5470 delta mod p = 65777006843456738639063815180261499724850271848146878174600625257218537484474
   x_1685 -> a20212: delta bits=296 delta mod p = 36200939269128454586076546451607958467047992891178506183612554289882454126226
   x_1695 -> a20212: delta bits=296 delta mod p = 36200939269128454586076546451607958467047992891178506183612554289882454126226
   x_1746 -> a20212: delta bits=296 delta mod p = 36200939269128454586076546451607958467047992891178506183612554289882454126226
   x_1931 -> a20212: delta bits=296 delta mod p = 36200939269128454586076546451607958467047992891178506183612554289882454126226
   x_2055 -> a20212: delta bits=296 delta mod p = 36200939269128454586076546451607958467047992891178506183612554289882454126226
   x_2081 -> a10187: delta bits=5470 delta mod p = 92855324091488703755014098619997624005108702698315502373004217347086445344298
   x_2143 -> a20212: delta bits=296 delta mod p = 36200939269128454586076546451607958467047992891178506183612554289882454126226
   x_2229 -> a20212: delta bits=296 delta mod p = 36200939269128454586076546451607958467047992891178506183612554289882454126226
   x_2527 -> a20212: delta bits=296 delta mod p = 36200939269128454586076546451607958467047992891178506183612554289882454126226
   x_2779 -> a20212: delta bits=296 delta mod p = 36200939269128454586076546451607958467047992891178506183612554289882454126226
   x_3106 -> a20212: delta bits=296 delta mod p = 36200939269128454586076546451607958467047992891178506183612554289882454126226
   x_3216 -> a20212: delta bits=296 delta mod p = 36200939269128454586076546451607958467047992891178506183612554289882454126226
   x_3320 -> a20212: delta bits=296 delta mod p = 36200939269128454586076546451607958467047992891178506183612554289882454126226
   x_3414 -> a20212: delta bits=296 delta mod p = 36200939269128454586076546451607958467047992891178506183612554289882454126226
   x_3707 -> a20212: delta bits=296 delta mod p = 36200939269128454586076546451607958467047992891178506183612554289882454126226
   x_4279 -> a20212: delta bits=296 delta mod p = 36200939269128454586076546451607958467047992891178506183612554289882454126226
   x_4287 -> a10187: delta bits=5470 delta mod p = 92855324091488703755014098619997624005108702698315502373004217347086445344298
   x_4362 -> a20212: delta bits=296 delta mod p = 36200939269128454586076546451607958467047992891178506183612554289882454126226
   x_4381 -> a20212: delta bits=296 delta mod p = 36200939269128454586076546451607958467047992891178506183612554289882454126226
   x_4940 -> a20212: delta bits=296 delta mod p = 36200939269128454586076546451607958467047992891178506183612554289882454126226
   x_5148 -> a20212: delta bits=296 delta mod p = 36200939269128454586076546451607958467047992891178506183612554289882454126226
   x_5584 -> a20212: delta bits=296 delta mod p = 36200939269128454586076546451607958467047992891178506183612554289882454126226
   x_5630 -> a20212: delta bits=296 delta mod p = 36200939269128454586076546451607958467047992891178506183612554289882454126226
   x_5651 -> a20212: delta bits=296 delta mod p = 36200939269128454586076546451607958467047992891178506183612554289882454126226
   x_5663 -> a20212: delta bits=296 delta mod p = 36200939269128454586076546451607958467047992891178506183612554289882454126226
   x_5910 -> a10187: delta bits=5470 delta mod p = 92855324091488703755014098619997624005108702698315502373004217347086445344298
   x_6143 -> a20212: delta bits=296 delta mod p = 36200939269128454586076546451607958467047992891178506183612554289882454126226
delta census: {(10187, 'zero'): 233, (20212, 'nonzero mod p'): 178, (20212, 'zero'): 78, (10187, 'nonzero mod p'): 23}
