a10187 movers 23, a20212 movers 178
x_490: fails=74 score=38959 bad=[7389, 10187, 20215, 26960, 26963, 26965, 28647, 30479, 30480, 40306] (8s)
x_1530: fails=28 score=39005 bad=[10187, 28647] (14s)
x_1603: fails=28 score=39005 bad=[10187, 28647] (13s)
x_2081: fails=78 score=38955 bad=[3939, 3940, 7389, 10187, 20215, 26960, 26963, 26965, 28647, 40306] (5s)
x_4287: fails=78 score=38955 bad=[3930, 3931, 7389, 10187, 20215, 26960, 26963, 26965, 28647, 40306] (6s)
x_5910: fails=46 score=38987 bad=[10187, 26960, 26963, 26965, 28647, 40306] (12s)
x_11368: fails=79 score=38954 bad=[7389, 10187, 16688, 16689, 20215, 22933, 26960, 26963, 26965, 28647] (5s)
x_12054: fails=46 score=38987 bad=[10187, 26960, 26963, 26965, 28647, 40306] (13s)
x_12095: fails=76 score=38957 bad=[7389, 10187, 20215, 26960, 26963, 26965, 28647, 30697, 30698, 40306] (5s)
x_13195: fails=81 score=38952 bad=[3948, 3949, 7389, 10187, 20215, 26960, 26963, 26965, 28647, 40306] (7s)
x_14808: fails=78 score=38955 bad=[7389, 10187, 20215, 26960, 26963, 26965, 28647, 37151, 37152, 40306] (7s)
x_14823: fails=79 score=38954 bad=[7389, 10187, 19919, 19920, 20215, 26960, 26963, 26965, 28647, 40306] (8s)
x_16348: fails=46 score=38987 bad=[10187, 26960, 26963, 26965, 28647, 40306] (53s)
x_16586: fails=46 score=38987 bad=[10187, 26960, 26963, 26965, 28647, 40306] (23s)
x_17406: fails=46 score=38987 bad=[10187, 26960, 26963, 26965, 28647, 40306] (20s)
x_18022: fails=46 score=38987 bad=[10187, 26960, 26963, 26965, 28647, 40306] (20s)
x_22562: fails=46 score=38987 bad=[10187, 26960, 26963, 26965, 28647, 40306] (17s)
x_22623: fails=46 score=38987 bad=[10187, 26960, 26963, 26965, 28647, 40306] (16s)
x_23751: fails=46 score=38987 bad=[10187, 26960, 26963, 26965, 28647, 40306] (16s)
x_24365: fails=46 score=38987 bad=[10187, 26960, 26963, 26965, 28647, 40306] (18s)
x_28005: fails=46 score=38987 bad=[10187, 26960, 26963, 26965, 28647, 40306] (19s)
x_34974: fails=75 score=38958 bad=[1924, 1925, 7389, 10187, 20215, 26960, 26963, 26965, 28647, 40306] (7s)
x_37862: fails=80 score=38953 bad=[1704, 1705, 7389, 10187, 20215, 26960, 26963, 26965, 28647, 40306] (8s)
x_47: fails=65 score=38968 bad=[20212, 20215, 20649, 20652, 25147, 25148, 28647, 32148] (12s)
x_112: fails=62 score=38971 bad=[20212, 20215, 20649, 20652, 28647, 30126, 30127, 32148] (8s)
x_542: fails=66 score=38967 bad=[14579, 14580, 20212, 20215, 20649, 20652, 28647, 32148, 40589] (6s)
x_853: fails=64 score=38969 bad=[20212, 20215, 20649, 20652, 23161, 28647, 32148, 36115, 40418, 40667] (6s)
x_1357: fails=64 score=38969 bad=[19591, 19592, 20212, 20215, 20649, 20652, 28647, 32148, 40512] (5s)
x_1413: fails=64 score=38969 bad=[17719, 17720, 20212, 20215, 20649, 20652, 28647, 32148] (5s)
x_1438: fails=61 score=38972 bad=[20212, 20215, 20649, 20652, 28647, 30439, 30440, 32148] (4s)
x_1502: fails=62 score=38971 bad=[355, 356, 20212, 20215, 20649, 20652, 28647, 32148] (4s)
x_1544: fails=64 score=38969 bad=[13273, 13274, 20212, 20215, 20649, 20652, 28647, 32148] (5s)
x_1571: fails=63 score=38970 bad=[19757, 19758, 20212, 20215, 20649, 20652, 28647, 32148] (5s)
x_1685: fails=66 score=38967 bad=[20212, 20215, 20649, 20652, 25728, 28647, 30149, 32148] (4s)
x_1695: fails=63 score=38970 bad=[19600, 19601, 20212, 20215, 20649, 20652, 28647, 32148] (4s)
x_1746: fails=63 score=38970 bad=[2767, 2768, 20212, 20215, 20649, 20652, 28647, 32148, 40424] (4s)
x_1931: fails=63 score=38970 bad=[17463, 17464, 20212, 20215, 20649, 20652, 28647, 32148] (4s)
x_2055: fails=61 score=38972 bad=[2750, 20212, 20215, 20649, 20652, 28647, 32148, 39424] (4s)
x_2143: fails=63 score=38970 bad=[19539, 19540, 20212, 20215, 20649, 20652, 28647, 32148] (4s)
x_2229: fails=64 score=38969 bad=[18013, 18014, 20212, 20215, 20649, 20652, 28647, 32148] (4s)
x_2527: fails=63 score=38970 bad=[6676, 6677, 20212, 20215, 20649, 20652, 28647, 32148] (4s)
x_2779: fails=64 score=38969 bad=[2785, 2786, 20212, 20215, 20649, 20652, 28647, 32148] (5s)
x_3106: fails=63 score=38970 bad=[17454, 17455, 20212, 20215, 20649, 20652, 28647, 32148, 40645] (5s)
x_3216: fails=33 score=39000 bad=[20649, 20652, 28647, 32148] (9s)
x_3320: fails=64 score=38969 bad=[20212, 20215, 20649, 20652, 25736, 25737, 28647, 32148] (4s)
x_3414: fails=33 score=39000 bad=[20649, 20652, 28647, 32148] (9s)
x_3707: fails=63 score=38970 bad=[20212, 20215, 20649, 20652, 28647, 32148, 35717, 35718] (4s)
x_4279: fails=59 score=38974 bad=[6668, 12606, 20212, 20215, 20649, 20652, 28647, 32148] (5s)
x_4362: fails=65 score=38968 bad=[1681, 20212, 20215, 20649, 20652, 28500, 28647, 32148] (4s)
x_4381: fails=65 score=38968 bad=[20212, 20215, 20649, 20652, 28647, 32148, 35469, 35470] (4s)
x_4940: fails=61 score=38972 bad=[20212, 20215, 20649, 20652, 21427, 28164, 28647, 32148] (4s)
x_5148: fails=33 score=39000 bad=[20649, 20652, 28647, 32148] (9s)
x_5584: fails=33 score=39000 bad=[20649, 20652, 28647, 32148] (10s)
x_5630: fails=64 score=38969 bad=[17995, 17996, 20212, 20215, 20649, 20652, 28647, 32148] (5s)
x_5651: fails=64 score=38969 bad=[20212, 20215, 20649, 20652, 28647, 32148, 36465, 36466] (5s)
x_5663: fails=62 score=38971 bad=[20212, 20215, 20649, 20652, 28647, 32148, 33155, 33156] (5s)
x_6143: fails=64 score=38969 bad=[1148, 20212, 20215, 20649, 20652, 22296, 28647, 32148] (5s)
x_6177: fails=66 score=38967 bad=[1033, 1698, 20212, 20215, 20649, 20652, 28647, 32148] (5s)
x_6503: fails=61 score=38972 bad=[4868, 4869, 20212, 20215, 20649, 20652, 28647, 32148] (6s)
x_6825: fails=63 score=38970 bad=[20212, 20215, 20649, 20652, 23611, 23612, 28647, 32148] (5s)
BEST 28 bit 1530 bad [10187, 28647]
