testing 201 boolean flips
x_47: start bad=[20212, 20215, 20649, 20652, 25147, 25148, 28647, 32148] rows=10 -> row 25147 unsatisfiable
x_112: start bad=[20212, 20215, 20649, 20652, 28647, 30126, 30127, 32148] rows=10 -> row 30126 unsatisfiable
x_490: start bad=[7389, 10187, 20215, 26960, 26963, 26965, 28647, 30479, 30480, 40306, 40475] rows=12 -> row 30479 unsatisfiable
x_542: start bad=[14579, 14580, 20212, 20215, 20649, 20652, 28647, 32148, 40589] rows=11 -> row 14579 unsatisfiable
x_853: start bad=[20212, 20215, 20649, 20652, 23161, 28647, 32148, 36115, 40418, 40667] rows=12 -> row 23161 unsatisfiable
x_1357: start bad=[19591, 19592, 20212, 20215, 20649, 20652, 28647, 32148, 40512] rows=11 -> row 19591 unsatisfiable
x_1413: start bad=[17719, 17720, 20212, 20215, 20649, 20652, 28647, 32148] rows=10 -> row 17719 unsatisfiable
x_1438: start bad=[20212, 20215, 20649, 20652, 28647, 30439, 30440, 32148] rows=10 -> row 30439 unsatisfiable
x_1502: start bad=[355, 356, 20212, 20215, 20649, 20652, 28647, 32148] rows=10 -> row 355 unsatisfiable
x_1530: start bad=[20215, 28647] rows=5 -> core infeasible
x_1544: start bad=[13273, 13274, 20212, 20215, 20649, 20652, 28647, 32148] rows=10 -> row 13273 unsatisfiable
x_1571: start bad=[19757, 19758, 20212, 20215, 20649, 20652, 28647, 32148] rows=10 -> row 19757 unsatisfiable
x_1603: start bad=[20215, 28647] rows=5 -> core infeasible
x_1685: start bad=[20212, 20215, 20649, 20652, 25728, 28647, 30149, 32148] rows=10 -> row 25728 unsatisfiable
x_1695: start bad=[19600, 19601, 20212, 20215, 20649, 20652, 28647, 32148] rows=10 -> row 19600 unsatisfiable
x_1746: start bad=[2767, 2768, 20212, 20215, 20649, 20652, 28647, 32148, 40424] rows=11 -> row 2767 unsatisfiable
x_1931: start bad=[17463, 17464, 20212, 20215, 20649, 20652, 28647, 32148] rows=10 -> row 17463 unsatisfiable
x_2055: start bad=[2750, 20212, 20215, 20649, 20652, 28647, 32148, 39424] rows=10 -> row 2750 unsatisfiable
x_2081: start bad=[3939, 3940, 7389, 10187, 20215, 26960, 26963, 26965, 28647, 40306] rows=11 -> row 3939 unsatisfiable
x_2143: start bad=[19539, 19540, 20212, 20215, 20649, 20652, 28647, 32148] rows=10 -> row 19539 unsatisfiable
x_2229: start bad=[18013, 18014, 20212, 20215, 20649, 20652, 28647, 32148] rows=10 -> row 18013 unsatisfiable
x_2527: start bad=[6676, 6677, 20212, 20215, 20649, 20652, 28647, 32148] rows=10 -> row 6676 unsatisfiable
x_2779: start bad=[2785, 2786, 20212, 20215, 20649, 20652, 28647, 32148] rows=10 -> row 2785 unsatisfiable
x_3106: start bad=[17454, 17455, 20212, 20215, 20649, 20652, 28647, 32148, 40645] rows=11 -> row 17454 unsatisfiable
x_3216: start bad=[20212, 20215, 20649, 20652, 28647, 32148, 32743, 32744, 40035] rows=11 -> row 32743 unsatisfiable
x_3320: start bad=[20212, 20215, 20649, 20652, 25736, 25737, 28647, 32148] rows=10 -> row 25736 unsatisfiable
x_3414: start bad=[20212, 20215, 20649, 20652, 28647, 32148, 35863, 35864] rows=10 -> row 35863 unsatisfiable
x_3707: start bad=[20212, 20215, 20649, 20652, 28647, 32148, 35717, 35718] rows=10 -> row 35717 unsatisfiable
x_4279: start bad=[6668, 12606, 20212, 20215, 20649, 20652, 28647, 32148] rows=10 -> row 6668 unsatisfiable
x_4287: start bad=[3930, 3931, 7389, 10187, 20215, 26960, 26963, 26965, 28647, 40306] rows=11 -> row 3930 unsatisfiable
x_4362: start bad=[1681, 20212, 20215, 20649, 20652, 28500, 28647, 32148] rows=10 -> row 1681 unsatisfiable
x_4381: start bad=[20212, 20215, 20649, 20652, 28647, 32148, 35469, 35470] rows=10 -> row 35469 unsatisfiable
x_4940: start bad=[20212, 20215, 20649, 20652, 21427, 28164, 28647, 32148] rows=10 -> row 21427 unsatisfiable
x_5148: start bad=[20212, 20215, 20649, 20652, 26527, 26528, 28647, 32148] rows=10 -> row 26527 unsatisfiable
x_5584: start bad=[20212, 20215, 20649, 20652, 28647, 32148, 36461, 36462] rows=10 -> row 36461 unsatisfiable
x_5630: start bad=[17995, 17996, 20212, 20215, 20649, 20652, 28647, 32148] rows=10 -> row 17995 unsatisfiable
x_5651: start bad=[20212, 20215, 20649, 20652, 28647, 32148, 36465, 36466] rows=10 -> row 36465 unsatisfiable
x_5663: start bad=[20212, 20215, 20649, 20652, 28647, 32148, 33155, 33156] rows=10 -> row 33155 unsatisfiable
x_5910: start bad=[7389, 10187, 20215, 26960, 26963, 26965, 28389, 28390, 28647, 40306, 40475] rows=12 -> row 28389 unsatisfiable
x_6143: start bad=[1148, 20212, 20215, 20649, 20652, 22296, 28647, 32148] rows=10 -> row 1148 unsatisfiable
x_6177: start bad=[1033, 1698, 20212, 20215, 20649, 20652, 28647, 32148] rows=10 -> row 1033 unsatisfiable
x_6503: start bad=[4868, 4869, 20212, 20215, 20649, 20652, 28647, 32148] rows=10 -> row 4868 unsatisfiable
x_6825: start bad=[20212, 20215, 20649, 20652, 23611, 23612, 28647, 32148] rows=10 -> row 23611 unsatisfiable
x_7029: start bad=[8542, 20212, 20215, 20649, 20652, 28647, 32148, 32752, 32753] rows=11 -> row 8542 unsatisfiable
x_7151: start bad=[20212, 20215, 20649, 20652, 28647, 30455, 30456, 32148, 40626] rows=11 -> row 30455 unsatisfiable
x_7745: start bad=[20212, 20215, 20649, 20652, 28647, 29796, 29797, 32148, 39969, 40707] rows=12 -> row 29796 unsatisfiable
x_7780: start bad=[4375, 4376, 20212, 20215, 20649, 20652, 28647, 32148] rows=10 -> row 4375 unsatisfiable
x_8319: start bad=[20212, 20215, 20649, 20652, 28647, 29261, 29262, 32148, 40512] rows=11 -> row 29261 unsatisfiable
x_8441: start bad=[20212, 20215, 20649, 20652, 28647, 29744, 29745, 32148] rows=10 -> row 29744 unsatisfiable
x_8757: start bad=[18004, 18005, 20212, 20215, 20649, 20652, 28647, 32148] rows=10 -> row 18004 unsatisfiable
x_9294: start bad=[20212, 20215, 20649, 20652, 27757, 27758, 28647, 32148] rows=10 -> row 27757 unsatisfiable
x_9601: start bad=[20212, 20215, 20649, 20652, 22273, 22274, 28647, 32148] rows=10 -> row 22273 unsatisfiable
x_10255: start bad=[14786, 14787, 20212, 20215, 20649, 20652, 28647, 32148] rows=10 -> row 14786 unsatisfiable
x_10428: start bad=[7112, 7113, 20212, 20215, 20649, 20652, 28647, 32148] rows=10 -> row 7112 unsatisfiable
x_10591: start bad=[20212, 20215, 20649, 20652, 26814, 26815, 28647, 32148] rows=10 -> row 26814 unsatisfiable
x_10746: start bad=[5046, 5047, 20212, 20215, 20649, 20652, 28647, 32148] rows=10 -> row 5046 unsatisfiable
x_11026: start bad=[9521, 9522, 20212, 20215, 20649, 20652, 28647, 32148] rows=10 -> row 9521 unsatisfiable
x_11170: start bad=[20212, 20215, 20649, 20652, 28647, 31475, 32148, 32445] rows=10 -> row 31475 unsatisfiable
x_11368: start bad=[7389, 10187, 16688, 16689, 20215, 22933, 26960, 26963, 26965, 28647, 40306] rows=12 -> row 16688 unsatisfiable
x_11777: start bad=[17728, 17729, 20212, 20215, 20649, 20652, 28647, 32148] rows=10 -> row 17728 unsatisfiable
x_12054: start bad=[7389, 10187, 20215, 26960, 26963, 26965, 28647, 32856, 35851, 40306, 40616] rows=12 -> row 32856 unsatisfiable
x_12072: start bad=[2758, 2759, 20212, 20215, 20649, 20652, 28647, 32148, 40424] rows=11 -> row 2758 unsatisfiable
x_12095: start bad=[7389, 10187, 20215, 26960, 26963, 26965, 28647, 30697, 30698, 40306, 40475] rows=12 -> row 30697 unsatisfiable
x_12134: start bad=[20212, 20215, 20649, 20652, 22745, 28647, 32148, 35729] rows=10 -> row 22745 unsatisfiable
x_12422: start bad=[14777, 14778, 20212, 20215, 20649, 20652, 28647, 32148] rows=10 -> row 14777 unsatisfiable
x_12714: start bad=[20212, 20215, 20649, 20652, 28647, 32148, 32628, 32629, 40035] rows=11 -> row 32628 unsatisfiable
x_12737: start bad=[1050, 1051, 20212, 20215, 20649, 20652, 28647, 32148] rows=10 -> row 1050 unsatisfiable
x_12747: start bad=[20212, 20215, 20649, 20652, 28647, 32148, 38003, 38004] rows=10 -> row 38003 unsatisfiable
x_12814: start bad=[1165, 1166, 20212, 20215, 20649, 20652, 28647, 32148] rows=10 -> row 1165 unsatisfiable
x_13195: start bad=[3948, 3949, 7389, 10187, 20215, 26960, 26963, 26965, 28647, 40306] rows=11 -> row 3948 unsatisfiable
x_13526: start bad=[10308, 10309, 20212, 20215, 20649, 20652, 28647, 32148] rows=10 -> row 10308 unsatisfiable
x_14039: start bad=[8224, 8225, 20212, 20215, 20649, 20652, 28647, 32148] rows=10 -> row 8224 unsatisfiable
x_14601: start bad=[20212, 20215, 20649, 20652, 22313, 23579, 28647, 32148] rows=10 -> row 22313 unsatisfiable
x_14644: start bad=[13282, 13283, 20212, 20215, 20649, 20652, 28647, 32148] rows=10 -> row 13282 unsatisfiable
x_14808: start bad=[7389, 10187, 20215, 26960, 26963, 26965, 28647, 37151, 37152, 40306] rows=11 -> row 37151 unsatisfiable
x_14823: start bad=[7389, 10187, 19919, 19920, 20215, 26960, 26963, 26965, 28647, 40306] rows=11 -> row 19919 unsatisfiable
x_14928: start bad=[20212, 20215, 20649, 20652, 25543, 25544, 28647, 32148, 40551] rows=11 -> row 25543 unsatisfiable
x_15064: start bad=[4484, 4485, 20212, 20215, 20649, 20652, 28647, 32148] rows=10 -> row 4484 unsatisfiable
x_15406: start bad=[20212, 20215, 20649, 20652, 22304, 22305, 28647, 32148] rows=10 -> row 22304 unsatisfiable
x_15730: start bad=[20212, 20215, 20649, 20652, 28647, 32148, 33981, 33982] rows=10 -> row 33981 unsatisfiable
x_16214: start bad=[5165, 19094, 20212, 20215, 20649, 20652, 28647, 32148] rows=10 -> row 5165 unsatisfiable
x_16348: start bad=[7389, 10187, 16970, 16971, 20215, 26960, 26963, 26965, 28647, 40306] rows=11 -> row 16970 unsatisfiable
x_16411: start bad=[3853, 3854, 20212, 20215, 20649, 20652, 28647, 32148] rows=10 -> row 3853 unsatisfiable
x_16586: start bad=[7389, 10187, 19206, 19207, 20215, 26960, 26963, 26965, 28647, 40306] rows=11 -> row 19206 unsatisfiable
x_16688: start bad=[20212, 20215, 20649, 20652, 26832, 26833, 28647, 32148, 34187] rows=11 -> row 26832 unsatisfiable
x_17149: start bad=[4352, 4353, 20212, 20215, 20649, 20652, 28647, 32148] rows=10 -> row 4352 unsatisfiable
x_17406: start bad=[7389, 10187, 20215, 26960, 26963, 26965, 28647, 38062, 38063, 40306] rows=11 -> row 38062 unsatisfiable
x_17410: start bad=[20212, 20215, 20649, 20652, 22601, 22602, 28647, 32148] rows=10 -> row 22601 unsatisfiable
x_17681: start bad=[20212, 20215, 20649, 20652, 28647, 29787, 29788, 32148, 40707] rows=11 -> row 29787 unsatisfiable
x_17710: start bad=[17445, 17446, 20212, 20215, 20649, 20652, 28647, 32148, 40645] rows=11 -> row 17445 unsatisfiable
x_17711: start bad=[10021, 10022, 20212, 20215, 20649, 20652, 28647, 32148, 39498] rows=11 -> row 10021 unsatisfiable
x_17790: start bad=[5037, 5038, 20212, 20215, 20649, 20652, 28647, 32148] rows=10 -> row 5037 unsatisfiable
x_17899: start bad=[1156, 1157, 20212, 20215, 20649, 20652, 28647, 32148, 37315] rows=11 -> row 1156 unsatisfiable
x_18022: start bad=[3598, 7389, 10187, 13042, 20215, 26960, 26963, 26965, 28647, 40306] rows=11 -> row 3598 unsatisfiable
x_18184: start bad=[20212, 20215, 20649, 20652, 28647, 32148, 34357, 38693] rows=10 -> row 34357 unsatisfiable
x_18348: start bad=[5104, 20212, 20215, 20649, 20652, 28647, 32148, 32352] rows=10 -> row 5104 unsatisfiable
x_18732: start bad=[4502, 20212, 20215, 20649, 20652, 28647, 32148, 33618] rows=10 -> row 4502 unsatisfiable
x_18989: start bad=[20212, 20215, 20649, 20652, 28647, 32148, 37070, 37071] rows=10 -> row 37070 unsatisfiable
x_19074: start bad=[15516, 15517, 20212, 20215, 20649, 20652, 28647, 32148, 39648, 39792] rows=12 -> row 15516 unsatisfiable
x_19326: start bad=[15134, 15135, 20212, 20215, 20649, 20652, 28647, 32148] rows=10 -> row 15134 unsatisfiable
x_19435: start bad=[4493, 4494, 20212, 20215, 20649, 20652, 28647, 32148, 32775] rows=11 -> row 4493 unsatisfiable
x_19690: start bad=[16788, 16789, 20212, 20215, 20649, 20652, 28647, 32148, 40544] rows=11 -> row 16788 unsatisfiable
x_19737: start bad=[18900, 18901, 20212, 20215, 20649, 20652, 28647, 32148] rows=10 -> row 18900 unsatisfiable
x_19743: start bad=[20212, 20215, 20649, 20652, 22999, 24579, 28647, 32148, 40398] rows=11 -> row 22999 unsatisfiable
x_19745: start bad=[4361, 19749, 20212, 20215, 20649, 20652, 28647, 32148] rows=10 -> row 4361 unsatisfiable
x_20325: start bad=[20212, 20215, 20649, 20652, 25341, 25342, 28647, 32148] rows=10 -> row 25341 unsatisfiable
x_20356: start bad=[3862, 17113, 20212, 20215, 20649, 20652, 28647, 32148] rows=10 -> row 3862 unsatisfiable
x_20603: start bad=[964, 965, 20212, 20215, 20649, 20652, 28647, 32148, 40353] rows=11 -> row 964 unsatisfiable
x_20622: start bad=[9062, 9063, 20212, 20215, 20649, 20652, 28647, 32148] rows=10 -> row 9062 unsatisfiable
x_20776: start bad=[20212, 20215, 20649, 20652, 28647, 29753, 29754, 32148] rows=10 -> row 29753 unsatisfiable
x_21266: start bad=[4859, 4860, 20212, 20215, 20649, 20652, 28647, 32148] rows=10 -> row 4859 unsatisfiable
x_21305: start bad=[3048, 3049, 20212, 20215, 20649, 20652, 28647, 32148] rows=10 -> row 3048 unsatisfiable
x_21392: start bad=[10013, 20212, 20215, 20649, 20652, 28647, 31592, 32148] rows=10 -> row 10013 unsatisfiable
x_22106: start bad=[20212, 20215, 20649, 20652, 28647, 32148, 35671, 35672, 40398] rows=11 -> row 35671 unsatisfiable
x_22140: start bad=[7839, 20212, 20215, 20649, 20652, 24638, 28647, 32148] rows=10 -> row 7839 unsatisfiable
x_22282: start bad=[20212, 20215, 20649, 20652, 28647, 29836, 29837, 32148] rows=10 -> row 29836 unsatisfiable
x_22492: start bad=[20212, 20215, 20649, 20652, 23923, 23924, 28647, 32148] rows=10 -> row 23923 unsatisfiable
x_22562: start bad=[7389, 10187, 16680, 20215, 26960, 26963, 26965, 28647, 31077, 40306] rows=11 -> row 16680 unsatisfiable
x_22579: start bad=[20212, 20215, 20649, 20652, 28647, 32148, 38572, 38573] rows=10 -> row 38572 unsatisfiable
x_22595: start bad=[9071, 9072, 20212, 20215, 20649, 20652, 28647, 32148] rows=10 -> row 9071 unsatisfiable
x_22623: start bad=[2072, 2073, 7389, 10187, 20215, 26960, 26963, 26965, 28647, 40306] rows=11 -> row 2072 unsatisfiable
x_22790: start bad=[1181, 1182, 20212, 20215, 20649, 20652, 28647, 32148] rows=10 -> row 1181 unsatisfiable
x_23751: start bad=[7389, 10187, 20215, 26960, 26963, 26965, 28647, 31068, 31069, 40306] rows=11 -> row 31068 unsatisfiable
x_23794: start bad=[12543, 12544, 20212, 20215, 20649, 20652, 28647, 32148] rows=10 -> row 12543 unsatisfiable
x_24134: start bad=[20212, 20215, 20649, 20652, 28647, 32148, 36913, 36914] rows=10 -> row 36913 unsatisfiable
x_24136: start bad=[14570, 14571, 20212, 20215, 20649, 20652, 28647, 32148] rows=10 -> row 14570 unsatisfiable
x_24267: start bad=[14592, 14593, 20212, 20215, 20649, 20652, 28647, 32148, 40412] rows=11 -> row 14592 unsatisfiable
x_24335: start bad=[14515, 14516, 20212, 20215, 20649, 20652, 28647, 32148] rows=10 -> row 14515 unsatisfiable
x_24365: start bad=[7389, 10187, 19197, 19198, 20215, 26960, 26963, 26965, 28647, 40306] rows=11 -> row 19197 unsatisfiable
x_24372: start bad=[20212, 20215, 20649, 20652, 26823, 26824, 28647, 32148] rows=10 -> row 26823 unsatisfiable
x_24601: start bad=[20212, 20215, 20649, 20652, 28647, 32148, 32877, 32878] rows=10 -> row 32877 unsatisfiable
x_24734: start bad=[20212, 20215, 20649, 20652, 28647, 32148, 35460, 35461] rows=10 -> row 35460 unsatisfiable
x_24774: start bad=[10841, 10842, 20212, 20215, 20649, 20652, 28647, 32148] rows=10 -> row 10841 unsatisfiable
x_24912: start bad=[2794, 2795, 20212, 20215, 20649, 20652, 28647, 32148] rows=10 -> row 2794 unsatisfiable
x_25104: start bad=[13264, 13265, 20212, 20215, 20649, 20652, 28647, 32148, 39271] rows=11 -> row 13264 unsatisfiable
x_25150: start bad=[20212, 20215, 20649, 20652, 21006, 21007, 28647, 32148] rows=10 -> row 21006 unsatisfiable
x_25292: start bad=[20212, 20215, 20649, 20652, 28647, 29536, 29537, 32148] rows=10 -> row 29536 unsatisfiable
x_25908: start bad=[17079, 20212, 20215, 20649, 20652, 26693, 28647, 32148, 37315] rows=11 -> row 17079 unsatisfiable
x_26078: start bad=[20212, 20215, 20649, 20652, 28647, 30778, 30779, 32148, 40353, 40697] rows=12 -> row 30778 unsatisfiable
x_26277: start bad=[20212, 20215, 20649, 20652, 21371, 21372, 28647, 32148] rows=10 -> row 21371 unsatisfiable
x_27592: start bad=[5028, 5029, 20212, 20215, 20649, 20652, 28647, 32148, 39612] rows=11 -> row 5028 unsatisfiable
x_27738: start bad=[4366, 4367, 20212, 20215, 20649, 20652, 28647, 32148] rows=10 -> row 4366 unsatisfiable
x_28005: start bad=[3606, 3607, 7389, 10187, 20215, 26960, 26963, 26965, 28647, 40306] rows=11 -> row 3606 unsatisfiable
x_28024: start bad=[364, 365, 20212, 20215, 20649, 20652, 28647, 32148, 40035] rows=11 -> row 364 unsatisfiable
x_28737: start bad=[20212, 20215, 20649, 20652, 24177, 24178, 28647, 32148] rows=10 -> row 24177 unsatisfiable
x_28754: start bad=[17061, 17062, 20212, 20215, 20649, 20652, 28647, 32148] rows=10 -> row 17061 unsatisfiable
x_28785: start bad=[1174, 1175, 20212, 20215, 20649, 20652, 28647, 32148] rows=10 -> row 1174 unsatisfiable
x_28825: start bad=[15143, 20212, 20215, 20649, 20652, 27684, 28647, 32148] rows=10 -> row 15143 unsatisfiable
x_29327: start bad=[1492, 1493, 20212, 20215, 20649, 20652, 28647, 32148, 40224] rows=11 -> row 1492 unsatisfiable
x_29545: start bad=[20212, 20215, 20649, 20652, 24505, 24506, 28647, 32148] rows=10 -> row 24505 unsatisfiable
x_29661: start bad=[8233, 8234, 20212, 20215, 20649, 20652, 28647, 32148] rows=10 -> row 8233 unsatisfiable
x_29670: start bad=[7855, 9525, 20212, 20215, 20649, 20652, 28647, 32148, 39648] rows=11 -> row 7855 unsatisfiable
x_29711: start bad=[1041, 1042, 20212, 20215, 20649, 20652, 28647, 32148] rows=10 -> row 1041 unsatisfiable
x_30207: start bad=[4965, 4966, 20212, 20215, 20649, 20652, 28647, 32148] rows=10 -> row 4965 unsatisfiable
x_30242: start bad=[16797, 16798, 20212, 20215, 20649, 20652, 28647, 32148, 40544] rows=11 -> row 16797 unsatisfiable
x_30420: start bad=[5156, 5157, 20212, 20215, 20649, 20652, 28647, 32148] rows=10 -> row 5156 unsatisfiable
x_30613: start bad=[20212, 20215, 20649, 20652, 28647, 32148, 34253, 36489] rows=10 -> row 34253 unsatisfiable
x_30673: start bad=[5746, 5747, 20212, 20215, 20649, 20652, 28647, 32148] rows=10 -> row 5746 unsatisfiable
x_30823: start bad=[17558, 17559, 20212, 20215, 20649, 20652, 28647, 32148] rows=10 -> row 17558 unsatisfiable
x_31767: start bad=[20212, 20215, 20649, 20652, 28647, 30446, 30447, 32148, 40626] rows=11 -> row 30446 unsatisfiable
x_31932: start bad=[20212, 20215, 20649, 20652, 28647, 32148, 33973, 33974] rows=10 -> row 33973 unsatisfiable
x_32092: start bad=[20212, 20215, 20649, 20652, 28647, 32148, 36904, 36905] rows=10 -> row 36904 unsatisfiable
x_32368: start bad=[10004, 10005, 20212, 20215, 20649, 20652, 28647, 32148] rows=10 -> row 10004 unsatisfiable
x_32558: start bad=[9080, 20212, 20215, 20649, 20652, 28647, 32148, 37423, 40626] rows=11 -> row 9080 unsatisfiable
x_32872: start bad=[20212, 20215, 20649, 20652, 28647, 29735, 29736, 32148] rows=10 -> row 29735 unsatisfiable
x_33015: start bad=[973, 974, 20212, 20215, 20649, 20652, 28647, 32148, 40353] rows=11 -> row 973 unsatisfiable
x_33095: start bad=[20212, 20215, 20649, 20652, 23859, 23860, 28647, 32148] rows=10 -> row 23859 unsatisfiable
x_33099: start bad=[20212, 20215, 20649, 20652, 21380, 21381, 28647, 32148] rows=10 -> row 21380 unsatisfiable
x_33190: start bad=[20212, 20215, 20649, 20652, 24186, 24187, 28647, 32148] rows=10 -> row 24186 unsatisfiable
x_33242: start bad=[10030, 10031, 20212, 20215, 20649, 20652, 28647, 32148] rows=10 -> row 10030 unsatisfiable
x_33283: start bad=[20212, 20215, 20649, 20652, 21610, 21611, 28647, 32148] rows=10 -> row 21610 unsatisfiable
x_33434: start bad=[20212, 20215, 20649, 20652, 28647, 32148, 39415, 39416, 40314] rows=11 -> row 39415 unsatisfiable
x_33822: start bad=[4343, 4344, 20212, 20215, 20649, 20652, 28647, 32148] rows=10 -> row 4343 unsatisfiable
x_33824: start bad=[20212, 20215, 20649, 20652, 28647, 28660, 28661, 32148] rows=10 -> row 28660 unsatisfiable
x_33929: start bad=[1140, 20212, 20215, 20649, 20652, 28647, 32148, 36922] rows=10 -> row 1140 unsatisfiable
x_33951: start bad=[20212, 20215, 20649, 20652, 25620, 25621, 28647, 32148] rows=10 -> row 25620 unsatisfiable
x_34309: start bad=[20212, 20215, 20649, 20652, 27396, 28647, 32148, 38678, 40645] rows=11 -> row 27396 unsatisfiable
x_34510: start bad=[10361, 10362, 20212, 20215, 20649, 20652, 28647, 32148] rows=10 -> row 10361 unsatisfiable
x_34715: start bad=[20212, 20215, 20649, 20652, 28647, 32148, 33990, 33991] rows=10 -> row 33990 unsatisfiable
x_34969: start bad=[20212, 20215, 20649, 20652, 21435, 21436, 28647, 32148] rows=10 -> row 21435 unsatisfiable
x_34974: start bad=[1924, 1925, 7389, 10187, 20215, 26960, 26963, 26965, 28647, 40306] rows=11 -> row 1924 unsatisfiable
x_35062: start bad=[10850, 10851, 20212, 20215, 20649, 20652, 28647, 32148] rows=10 -> row 10850 unsatisfiable
x_35079: start bad=[20212, 20215, 20649, 20652, 23762, 23763, 28647, 32148] rows=10 -> row 23762 unsatisfiable
x_35110: start bad=[20212, 20215, 20649, 20652, 28647, 30464, 30465, 32148] rows=10 -> row 30464 unsatisfiable
x_35450: start bad=[17070, 17071, 20212, 20215, 20649, 20652, 28647, 32148, 37315] rows=11 -> row 17070 unsatisfiable
x_35537: start bad=[1689, 1690, 20212, 20215, 20649, 20652, 28647, 32148] rows=10 -> row 1689 unsatisfiable
x_35635: start bad=[8202, 8203, 20212, 20215, 20649, 20652, 28647, 32148] rows=10 -> row 8202 unsatisfiable
x_35660: start bad=[19421, 19422, 20212, 20215, 20649, 20652, 28647, 32148] rows=10 -> row 19421 unsatisfiable
x_35835: start bad=[10317, 15519, 20212, 20215, 20649, 20652, 28647, 32148] rows=10 -> row 10317 unsatisfiable
x_36035: start bad=[4956, 4957, 20212, 20215, 20649, 20652, 28647, 32148] rows=10 -> row 4956 unsatisfiable
x_36293: start bad=[20212, 20215, 20649, 20652, 28647, 29805, 29806, 32148] rows=10 -> row 29805 unsatisfiable
x_36314: start bad=[20212, 20215, 20649, 20652, 23932, 23933, 28647, 32148] rows=10 -> row 23932 unsatisfiable
x_36459: start bad=[19263, 19264, 20212, 20215, 20649, 20652, 28647, 32148] rows=10 -> row 19263 unsatisfiable
x_36961: start bad=[20212, 20215, 20649, 20652, 28647, 32148, 34442, 34443] rows=10 -> row 34442 unsatisfiable
x_37631: start bad=[3039, 3040, 20212, 20215, 20649, 20652, 28647, 32148] rows=10 -> row 3039 unsatisfiable
x_37862: start bad=[1704, 1705, 7389, 10187, 20215, 26960, 26963, 26965, 28647, 40306] rows=11 -> row 1704 unsatisfiable
x_38288: start bad=[8542, 20212, 20215, 20649, 20652, 28647, 31935, 31936, 32148, 39189] rows=12 -> row 8542 unsatisfiable
x_38459: start bad=[17121, 17122, 20212, 20215, 20649, 20652, 28647, 32148] rows=10 -> row 17121 unsatisfiable
x_38630: start bad=[3844, 3845, 20212, 20215, 20649, 20652, 28647, 32148] rows=10 -> row 3844 unsatisfiable
x_38643: start bad=[20212, 20215, 20649, 20652, 23645, 23646, 28647, 32148] rows=10 -> row 23645 unsatisfiable
x_38645: start bad=[5096, 20212, 20215, 20649, 20652, 28647, 32148, 34187, 36921] rows=11 -> row 5096 unsatisfiable
BEST: None None None
