=== cfg0: 3 channels, sizes [178, 41, 21], base bad=[20215, 28647]
  mask(0, 0, 0) (None, None, None): fails=28 score=39005 bad=[20215, 28647] (2s)
    *** NEW BEST 39005 ***
  mask(0, 0, 1) (None, None, 490): fails=56 score=38977 bad=[20215, 26960, 26963, 26965, 28647, 30479, 30480, 40306] (4s)
  mask(0, 0, 1) (None, None, 2081): fails=72 score=38961 bad=[20215, 26215, 26960, 26963, 26965, 28647, 35416, 40306] (4s)
  mask(0, 1, 0) (None, 91, None): fails=41 score=38992 bad=[21548, 21549, 28035, 28037, 28647, 40530] (2s)
  mask(0, 1, 0) (None, 1203, None): fails=48 score=38985 bad=[28035, 28037, 28647, 38540, 39589] (2s)
  mask(0, 1, 1) (None, 91, 490): fails=87 score=38946 bad=[7389, 10187, 21548, 21549, 26960, 26963, 26965, 28035] (3s)
  mask(0, 1, 1) (None, 91, 2081): fails=103 score=38930 bad=[7389, 10187, 21548, 21549, 26215, 26960, 26963, 26965] (3s)
  mask(0, 1, 1) (None, 1203, 490): fails=94 score=38939 bad=[7389, 10187, 26960, 26963, 26965, 28035, 28037, 28647] (4s)
  mask(0, 1, 1) (None, 1203, 2081): fails=110 score=38923 bad=[7389, 10187, 26215, 26960, 26963, 26965, 28035, 28037] (4s)
  mask(1, 0, 0) (47, None, None): fails=64 score=38969 bad=[20649, 20652, 25148, 28647, 32148, 37872] (2s)
  mask(1, 0, 0) (112, None, None): fails=46 score=38987 bad=[20649, 20652, 28647, 30126, 30127, 32148] (2s)
  mask(1, 0, 1) (47, None, 490): fails=107 score=38926 bad=[10187, 20649, 20652, 25148, 26960, 26963, 26965, 28647] (3s)
  mask(1, 0, 1) (47, None, 2081): fails=123 score=38910 bad=[10187, 20649, 20652, 25148, 26215, 26960, 26963, 26965] (3s)
  mask(1, 0, 1) (112, None, 490): fails=89 score=38944 bad=[10187, 20649, 20652, 26960, 26963, 26965, 28647, 30126] (2s)
  mask(1, 0, 1) (112, None, 2081): fails=105 score=38928 bad=[10187, 20649, 20652, 26215, 26960, 26963, 26965, 28647] (2s)
  mask(1, 1, 0) (47, 91, None): fails=92 score=38941 bad=[20649, 20652, 21548, 21549, 25148, 28035, 28037, 28647] (2s)
  mask(1, 1, 0) (47, 1203, None): fails=99 score=38934 bad=[20649, 20652, 25148, 28035, 28037, 28647, 32148, 37872] (2s)
  mask(1, 1, 0) (112, 91, None): fails=74 score=38959 bad=[20649, 20652, 21548, 21549, 28035, 28037, 28647, 30126] (2s)
  mask(1, 1, 0) (112, 1203, None): fails=81 score=38952 bad=[20649, 20652, 28035, 28037, 28647, 30126, 30127, 32148] (1s)
  mask(1, 1, 1) (47, 91, 490): fails=138 score=38895 bad=[7389, 10187, 20649, 20652, 21548, 21549, 25148, 26960] (2s)
  mask(1, 1, 1) (47, 91, 2081): fails=154 score=38879 bad=[7389, 10187, 20649, 20652, 21548, 21549, 25148, 26215] (3s)
  mask(1, 1, 1) (47, 1203, 490): fails=145 score=38888 bad=[7389, 10187, 20649, 20652, 25148, 26960, 26963, 26965] (3s)
  mask(1, 1, 1) (47, 1203, 2081): fails=161 score=38872 bad=[7389, 10187, 20649, 20652, 25148, 26215, 26960, 26963] (3s)
  mask(1, 1, 1) (112, 91, 490): fails=120 score=38913 bad=[7389, 10187, 20649, 20652, 21548, 21549, 26960, 26963] (2s)
  mask(1, 1, 1) (112, 91, 2081): fails=136 score=38897 bad=[7389, 10187, 20649, 20652, 21548, 21549, 26215, 26960] (2s)
  mask(1, 1, 1) (112, 1203, 490): fails=127 score=38906 bad=[7389, 10187, 20649, 20652, 26960, 26963, 26965, 28035] (2s)
  mask(1, 1, 1) (112, 1203, 2081): fails=143 score=38890 bad=[7389, 10187, 20649, 20652, 26215, 26960, 26963, 26965] (2s)
=== cfg5: 4 channels, sizes [178, 41, 21, 7], base bad=[392, 715, 722, 724, 7389, 10187, 18800, 18803, 20215, 21958, 27585, 28647, 31548]
  mask(0, 0, 0, 0) (None, None, None, None): fails=116 score=38917 bad=[392, 715, 722, 724, 18800, 18803, 20215, 21958] (3s)
  mask(0, 0, 0, 1) (None, None, None, 1530): fails=28 score=39005 bad=[20215, 28647] (2s)
  mask(0, 0, 0, 1) (None, None, None, 5643): fails=126 score=38907 bad=[392, 722, 724, 726, 15696, 15697, 18800, 18803] (2s)
  mask(0, 0, 1, 0) (None, None, 490, None): fails=144 score=38889 bad=[392, 715, 722, 724, 18800, 18803, 20215, 21958] (3s)
  mask(0, 0, 1, 0) (None, None, 2081, None): fails=160 score=38873 bad=[392, 715, 722, 724, 18800, 18803, 20215, 21958] (3s)
  mask(0, 0, 1, 1) (None, None, 490, 1530): fails=56 score=38977 bad=[20215, 26960, 26963, 26965, 28647, 30479, 30480, 40306] (3s)
  mask(0, 0, 1, 1) (None, None, 490, 5643): fails=154 score=38879 bad=[392, 722, 724, 726, 15696, 15697, 18800, 18803] (3s)
  mask(0, 0, 1, 1) (None, None, 2081, 1530): fails=72 score=38961 bad=[20215, 26215, 26960, 26963, 26965, 28647, 35416, 40306] (3s)
  mask(0, 0, 1, 1) (None, None, 2081, 5643): fails=170 score=38863 bad=[392, 722, 724, 726, 15696, 15697, 18800, 18803] (3s)
  mask(0, 1, 0, 0) (None, 91, None, None): fails=147 score=38886 bad=[392, 715, 722, 724, 7389, 10187, 18800, 18803] (3s)
  mask(0, 1, 0, 0) (None, 1203, None, None): fails=154 score=38879 bad=[392, 715, 722, 724, 7389, 10187, 18800, 18803] (3s)
  mask(0, 1, 0, 1) (None, 91, None, 1530): fails=41 score=38992 bad=[21548, 21549, 28035, 28037, 28647, 40530] (2s)
  mask(0, 1, 0, 1) (None, 91, None, 5643): fails=139 score=38894 bad=[392, 722, 724, 726, 15696, 15697, 18800, 18803] (2s)
  mask(0, 1, 0, 1) (None, 1203, None, 1530): fails=48 score=38985 bad=[28035, 28037, 28647, 38540, 39589] (2s)
  mask(0, 1, 0, 1) (None, 1203, None, 5643): fails=146 score=38887 bad=[392, 722, 724, 726, 15696, 15697, 18800, 18803] (2s)
  mask(0, 1, 1, 0) (None, 91, 490, None): fails=175 score=38858 bad=[392, 715, 722, 724, 7389, 10187, 18800, 18803] (3s)
  mask(0, 1, 1, 0) (None, 91, 2081, None): fails=191 score=38842 bad=[392, 715, 722, 724, 7389, 10187, 18800, 18803] (3s)
  mask(0, 1, 1, 0) (None, 1203, 490, None): fails=182 score=38851 bad=[392, 715, 722, 724, 7389, 10187, 18800, 18803] (3s)
  mask(0, 1, 1, 0) (None, 1203, 2081, None): fails=198 score=38835 bad=[392, 715, 722, 724, 7389, 10187, 18800, 18803] (4s)
  mask(0, 1, 1, 1) (None, 91, 490, 1530): fails=87 score=38946 bad=[7389, 10187, 21548, 21549, 26960, 26963, 26965, 28035] (3s)
  mask(0, 1, 1, 1) (None, 91, 490, 5643): fails=185 score=38848 bad=[392, 722, 724, 726, 7389, 10187, 15696, 15697] (3s)
  mask(0, 1, 1, 1) (None, 91, 2081, 1530): fails=103 score=38930 bad=[7389, 10187, 21548, 21549, 26215, 26960, 26963, 26965] (3s)
  mask(0, 1, 1, 1) (None, 91, 2081, 5643): fails=201 score=38832 bad=[392, 722, 724, 726, 7389, 10187, 15696, 15697] (3s)
  mask(0, 1, 1, 1) (None, 1203, 490, 1530): fails=94 score=38939 bad=[7389, 10187, 26960, 26963, 26965, 28035, 28037, 28647] (4s)
  mask(0, 1, 1, 1) (None, 1203, 490, 5643): fails=192 score=38841 bad=[392, 722, 724, 726, 7389, 10187, 15696, 15697] (4s)
  mask(0, 1, 1, 1) (None, 1203, 2081, 1530): fails=110 score=38923 bad=[7389, 10187, 26215, 26960, 26963, 26965, 28035, 28037] (4s)
  mask(0, 1, 1, 1) (None, 1203, 2081, 5643): fails=208 score=38825 bad=[392, 722, 724, 726, 7389, 10187, 15696, 15697] (4s)
  mask(1, 0, 0, 0) (47, None, None, None): fails=167 score=38866 bad=[392, 715, 722, 724, 10187, 18800, 18803, 20649] (2s)
  mask(1, 0, 0, 0) (112, None, None, None): fails=149 score=38884 bad=[392, 715, 722, 724, 10187, 18800, 18803, 20649] (2s)
  mask(1, 0, 0, 1) (47, None, None, 1530): fails=64 score=38969 bad=[20649, 20652, 25148, 28647, 32148, 37872] (2s)
  mask(1, 0, 0, 1) (47, None, None, 5643): fails=162 score=38871 bad=[392, 722, 724, 726, 15696, 15697, 18800, 18803] (2s)
  mask(1, 0, 0, 1) (112, None, None, 1530): fails=46 score=38987 bad=[20649, 20652, 28647, 30126, 30127, 32148] (2s)
  mask(1, 0, 0, 1) (112, None, None, 5643): fails=144 score=38889 bad=[392, 722, 724, 726, 15696, 15697, 18800, 18803] (2s)
  mask(1, 0, 1, 0) (47, None, 490, None): fails=195 score=38838 bad=[392, 715, 722, 724, 10187, 18800, 18803, 20649] (3s)
  mask(1, 0, 1, 0) (47, None, 2081, None): fails=211 score=38822 bad=[392, 715, 722, 724, 10187, 18800, 18803, 20649] (3s)
  mask(1, 0, 1, 0) (112, None, 490, None): fails=177 score=38856 bad=[392, 715, 722, 724, 10187, 18800, 18803, 20649] (2s)
  mask(1, 0, 1, 0) (112, None, 2081, None): fails=193 score=38840 bad=[392, 715, 722, 724, 10187, 18800, 18803, 20649] (2s)
  mask(1, 0, 1, 1) (47, None, 490, 1530): fails=107 score=38926 bad=[10187, 20649, 20652, 25148, 26960, 26963, 26965, 28647] (3s)
  mask(1, 0, 1, 1) (47, None, 490, 5643): fails=205 score=38828 bad=[392, 722, 724, 726, 10187, 15696, 15697, 18800] (3s)
  mask(1, 0, 1, 1) (47, None, 2081, 1530): fails=123 score=38910 bad=[10187, 20649, 20652, 25148, 26215, 26960, 26963, 26965] (3s)
  mask(1, 0, 1, 1) (47, None, 2081, 5643): fails=221 score=38812 bad=[392, 722, 724, 726, 10187, 15696, 15697, 18800] (3s)
  mask(1, 0, 1, 1) (112, None, 490, 1530): fails=89 score=38944 bad=[10187, 20649, 20652, 26960, 26963, 26965, 28647, 30126] (3s)
  mask(1, 0, 1, 1) (112, None, 490, 5643): fails=187 score=38846 bad=[392, 722, 724, 726, 10187, 15696, 15697, 18800] (3s)
  mask(1, 0, 1, 1) (112, None, 2081, 1530): fails=105 score=38928 bad=[10187, 20649, 20652, 26215, 26960, 26963, 26965, 28647] (3s)
  mask(1, 0, 1, 1) (112, None, 2081, 5643): fails=203 score=38830 bad=[392, 722, 724, 726, 10187, 15696, 15697, 18800] (3s)
  mask(1, 1, 0, 0) (47, 91, None, None): fails=198 score=38835 bad=[392, 715, 722, 724, 7389, 10187, 18800, 18803] (2s)
  mask(1, 1, 0, 0) (47, 1203, None, None): fails=205 score=38828 bad=[392, 715, 722, 724, 7389, 10187, 18800, 18803] (2s)
  mask(1, 1, 0, 0) (112, 91, None, None): fails=180 score=38853 bad=[392, 715, 722, 724, 7389, 10187, 18800, 18803] (2s)
  mask(1, 1, 0, 0) (112, 1203, None, None): fails=187 score=38846 bad=[392, 715, 722, 724, 7389, 10187, 18800, 18803] (2s)
  mask(1, 1, 0, 1) (47, 91, None, 1530): fails=92 score=38941 bad=[20649, 20652, 21548, 21549, 25148, 28035, 28037, 28647] (2s)
  mask(1, 1, 0, 1) (47, 91, None, 5643): fails=190 score=38843 bad=[392, 722, 724, 726, 15696, 15697, 18800, 18803] (2s)
  mask(1, 1, 0, 1) (47, 1203, None, 1530): fails=99 score=38934 bad=[20649, 20652, 25148, 28035, 28037, 28647, 32148, 37872] (2s)
  mask(1, 1, 0, 1) (47, 1203, None, 5643): fails=197 score=38836 bad=[392, 722, 724, 726, 15696, 15697, 18800, 18803] (2s)
  mask(1, 1, 0, 1) (112, 91, None, 1530): fails=74 score=38959 bad=[20649, 20652, 21548, 21549, 28035, 28037, 28647, 30126] (1s)
  mask(1, 1, 0, 1) (112, 91, None, 5643): fails=172 score=38861 bad=[392, 722, 724, 726, 15696, 15697, 18800, 18803] (2s)
  mask(1, 1, 0, 1) (112, 1203, None, 1530): fails=81 score=38952 bad=[20649, 20652, 28035, 28037, 28647, 30126, 30127, 32148] (2s)
  mask(1, 1, 0, 1) (112, 1203, None, 5643): fails=179 score=38854 bad=[392, 722, 724, 726, 15696, 15697, 18800, 18803] (2s)
  mask(1, 1, 1, 0) (47, 91, 490, None): fails=226 score=38807 bad=[392, 715, 722, 724, 7389, 10187, 18800, 18803] (3s)
  mask(1, 1, 1, 0) (47, 91, 2081, None): fails=242 score=38791 bad=[392, 715, 722, 724, 7389, 10187, 18800, 18803] (3s)
  mask(1, 1, 1, 0) (47, 1203, 490, None): fails=233 score=38800 bad=[392, 715, 722, 724, 7389, 10187, 18800, 18803] (3s)
  mask(1, 1, 1, 0) (47, 1203, 2081, None): fails=249 score=38784 bad=[392, 715, 722, 724, 7389, 10187, 18800, 18803] (3s)
  mask(1, 1, 1, 0) (112, 91, 490, None): fails=208 score=38825 bad=[392, 715, 722, 724, 7389, 10187, 18800, 18803] (2s)
  mask(1, 1, 1, 0) (112, 91, 2081, None): fails=224 score=38809 bad=[392, 715, 722, 724, 7389, 10187, 18800, 18803] (2s)
  mask(1, 1, 1, 0) (112, 1203, 490, None): fails=215 score=38818 bad=[392, 715, 722, 724, 7389, 10187, 18800, 18803] (2s)
  mask(1, 1, 1, 0) (112, 1203, 2081, None): fails=231 score=38802 bad=[392, 715, 722, 724, 7389, 10187, 18800, 18803] (3s)
  mask(1, 1, 1, 1) (47, 91, 490, 1530): fails=138 score=38895 bad=[7389, 10187, 20649, 20652, 21548, 21549, 25148, 26960] (3s)
  mask(1, 1, 1, 1) (47, 91, 490, 5643): fails=236 score=38797 bad=[392, 722, 724, 726, 7389, 10187, 15696, 15697] (3s)
  mask(1, 1, 1, 1) (47, 91, 2081, 1530): fails=154 score=38879 bad=[7389, 10187, 20649, 20652, 21548, 21549, 25148, 26215] (2s)
  mask(1, 1, 1, 1) (47, 91, 2081, 5643): fails=252 score=38781 bad=[392, 722, 724, 726, 7389, 10187, 15696, 15697] (3s)
  mask(1, 1, 1, 1) (47, 1203, 490, 1530): fails=145 score=38888 bad=[7389, 10187, 20649, 20652, 25148, 26960, 26963, 26965] (3s)
  mask(1, 1, 1, 1) (47, 1203, 490, 5643): fails=243 score=38790 bad=[392, 722, 724, 726, 7389, 10187, 15696, 15697] (3s)
  mask(1, 1, 1, 1) (47, 1203, 2081, 1530): fails=161 score=38872 bad=[7389, 10187, 20649, 20652, 25148, 26215, 26960, 26963] (3s)
  mask(1, 1, 1, 1) (47, 1203, 2081, 5643): fails=259 score=38774 bad=[392, 722, 724, 726, 7389, 10187, 15696, 15697] (3s)
  mask(1, 1, 1, 1) (112, 91, 490, 1530): fails=120 score=38913 bad=[7389, 10187, 20649, 20652, 21548, 21549, 26960, 26963] (2s)
  mask(1, 1, 1, 1) (112, 91, 490, 5643): fails=218 score=38815 bad=[392, 722, 724, 726, 7389, 10187, 15696, 15697] (2s)
  mask(1, 1, 1, 1) (112, 91, 2081, 1530): fails=136 score=38897 bad=[7389, 10187, 20649, 20652, 21548, 21549, 26215, 26960] (3s)
  mask(1, 1, 1, 1) (112, 91, 2081, 5643): fails=234 score=38799 bad=[392, 722, 724, 726, 7389, 10187, 15696, 15697] (9s)
  mask(1, 1, 1, 1) (112, 1203, 490, 1530): fails=127 score=38906 bad=[7389, 10187, 20649, 20652, 26960, 26963, 26965, 28035] (7s)
  mask(1, 1, 1, 1) (112, 1203, 490, 5643): fails=225 score=38808 bad=[392, 722, 724, 726, 7389, 10187, 15696, 15697] (5s)
  mask(1, 1, 1, 1) (112, 1203, 2081, 1530): fails=143 score=38890 bad=[7389, 10187, 20649, 20652, 26215, 26960, 26963, 26965] (5s)
  mask(1, 1, 1, 1) (112, 1203, 2081, 5643): fails=241 score=38792 bad=[392, 722, 724, 726, 7389, 10187, 15696, 15697] (3s)
=== cfg7: 4 channels, sizes [41, 24, 9, 4], base bad=[392, 715, 722, 724, 7389, 10187, 11789, 15360, 15363, 16020, 18800, 18803, 19692, 20212, 20215, 21958, 24403, 24540, 27585, 28647, 31548, 33099, 40354]
  mask(0, 0, 0, 0) (None, None, None, None): fails=184 score=38849 bad=[392, 715, 722, 724, 11789, 15360, 15363, 16020] (9s)
  mask(0, 0, 0, 1) (None, None, None, 1530): fails=125 score=38908 bad=[715, 722, 724, 11789, 15360, 15363, 16020, 19692] (3s)
  mask(0, 0, 0, 1) (None, None, None, 5643): fails=202 score=38831 bad=[392, 715, 722, 724, 11789, 15360, 15363, 15696] (3s)
  mask(0, 0, 1, 0) (None, None, 438, None): fails=172 score=38861 bad=[392, 715, 722, 724, 11789, 15360, 15363, 16020] (3s)
  mask(0, 0, 1, 0) (None, None, 1603, None): fails=116 score=38917 bad=[392, 715, 722, 724, 18800, 18803, 20215, 21958] (3s)
  mask(0, 0, 1, 1) (None, None, 438, 1530): fails=86 score=38947 bad=[11789, 15360, 15363, 16020, 19692, 20215, 28647, 36924] (2s)
  mask(0, 0, 1, 1) (None, None, 438, 5643): fails=182 score=38851 bad=[392, 722, 724, 726, 11789, 15360, 15363, 15696] (2s)
  mask(0, 0, 1, 1) (None, None, 1603, 1530): fails=28 score=39005 bad=[20215, 28647] (2s)
  mask(0, 0, 1, 1) (None, None, 1603, 5643): fails=126 score=38907 bad=[392, 722, 724, 726, 15696, 15697, 18800, 18803] (2s)
  mask(0, 1, 0, 0) (None, 490, None, None): fails=198 score=38835 bad=[392, 715, 722, 724, 11789, 15360, 15363, 16020] (3s)
  mask(0, 1, 0, 0) (None, 2081, None, None): fails=201 score=38832 bad=[392, 715, 722, 724, 11789, 15360, 15363, 16020] (3s)
  mask(0, 1, 0, 1) (None, 490, None, 1530): fails=153 score=38880 bad=[715, 722, 724, 11789, 15360, 15363, 16020, 19692] (3s)
  mask(0, 1, 0, 1) (None, 490, None, 5643): fails=215 score=38818 bad=[392, 715, 722, 724, 11789, 15360, 15363, 15696] (4s)
  mask(0, 1, 0, 1) (None, 2081, None, 1530): fails=169 score=38864 bad=[715, 722, 724, 11789, 15360, 15363, 16020, 19692] (4s)
  mask(0, 1, 0, 1) (None, 2081, None, 5643): fails=231 score=38802 bad=[392, 715, 722, 724, 11789, 15360, 15363, 15696] (4s)
  mask(0, 1, 1, 0) (None, 490, 438, None): fails=200 score=38833 bad=[392, 715, 722, 724, 11789, 15360, 15363, 16020] (3s)
  mask(0, 1, 1, 0) (None, 490, 1603, None): fails=144 score=38889 bad=[392, 715, 722, 724, 18800, 18803, 20215, 21958] (3s)
  mask(0, 1, 1, 0) (None, 2081, 438, None): fails=216 score=38817 bad=[392, 715, 722, 724, 11789, 15360, 15363, 16020] (3s)
  mask(0, 1, 1, 0) (None, 2081, 1603, None): fails=160 score=38873 bad=[392, 715, 722, 724, 18800, 18803, 20215, 21958] (3s)
  mask(0, 1, 1, 1) (None, 490, 438, 1530): fails=114 score=38919 bad=[11789, 15360, 15363, 16020, 19692, 20215, 26960, 26963] (3s)
  mask(0, 1, 1, 1) (None, 490, 438, 5643): fails=210 score=38823 bad=[392, 722, 724, 726, 11789, 15360, 15363, 15696] (4s)
  mask(0, 1, 1, 1) (None, 490, 1603, 1530): fails=56 score=38977 bad=[20215, 26960, 26963, 26965, 28647, 30479, 30480, 40306] (3s)
  mask(0, 1, 1, 1) (None, 490, 1603, 5643): fails=154 score=38879 bad=[392, 722, 724, 726, 15696, 15697, 18800, 18803] (3s)
  mask(0, 1, 1, 1) (None, 2081, 438, 1530): fails=130 score=38903 bad=[11789, 15360, 15363, 16020, 19692, 20215, 26215, 26960] (3s)
  mask(0, 1, 1, 1) (None, 2081, 438, 5643): fails=226 score=38807 bad=[392, 722, 724, 726, 11789, 15360, 15363, 15696] (3s)
  mask(0, 1, 1, 1) (None, 2081, 1603, 1530): fails=72 score=38961 bad=[20215, 26215, 26960, 26963, 26965, 28647, 35416, 40306] (3s)
  mask(0, 1, 1, 1) (None, 2081, 1603, 5643): fails=170 score=38863 bad=[392, 722, 724, 726, 15696, 15697, 18800, 18803] (3s)
  mask(1, 0, 0, 0) (91, None, None, None): fails=206 score=38827 bad=[392, 715, 722, 724, 11789, 15360, 15363, 16020] (3s)
  mask(1, 0, 0, 0) (1203, None, None, None): fails=213 score=38820 bad=[392, 715, 722, 724, 11789, 15360, 15363, 16020] (4s)
  mask(1, 0, 0, 1) (91, None, None, 1530): fails=156 score=38877 bad=[715, 722, 724, 7389, 10187, 11789, 15360, 15363] (3s)
  mask(1, 0, 0, 1) (91, None, None, 5643): fails=233 score=38800 bad=[392, 715, 722, 724, 7389, 10187, 11789, 15360] (3s)
  mask(1, 0, 0, 1) (1203, None, None, 1530): fails=163 score=38870 bad=[715, 722, 724, 7389, 10187, 11789, 15360, 15363] (6s)
  mask(1, 0, 0, 1) (1203, None, None, 5643): fails=240 score=38793 bad=[392, 715, 722, 724, 7389, 10187, 11789, 15360] (4s)
  mask(1, 0, 1, 0) (91, None, 438, None): fails=203 score=38830 bad=[392, 715, 722, 724, 7389, 10187, 11789, 15360] (3s)
  mask(1, 0, 1, 0) (91, None, 1603, None): fails=147 score=38886 bad=[392, 715, 722, 724, 7389, 10187, 18800, 18803] (3s)
  mask(1, 0, 1, 0) (1203, None, 438, None): fails=210 score=38823 bad=[392, 715, 722, 724, 7389, 10187, 11789, 15360] (4s)
  mask(1, 0, 1, 0) (1203, None, 1603, None): fails=154 score=38879 bad=[392, 715, 722, 724, 7389, 10187, 18800, 18803] (3s)
  mask(1, 0, 1, 1) (91, None, 438, 1530): fails=99 score=38934 bad=[11789, 15360, 15363, 16020, 19692, 21548, 21549, 28035] (2s)
  mask(1, 0, 1, 1) (91, None, 438, 5643): fails=195 score=38838 bad=[392, 722, 724, 726, 11789, 15360, 15363, 15696] (2s)
  mask(1, 0, 1, 1) (91, None, 1603, 1530): fails=41 score=38992 bad=[21548, 21549, 28035, 28037, 28647, 40530] (2s)
  mask(1, 0, 1, 1) (91, None, 1603, 5643): fails=139 score=38894 bad=[392, 722, 724, 726, 15696, 15697, 18800, 18803] (2s)
  mask(1, 0, 1, 1) (1203, None, 438, 1530): fails=106 score=38927 bad=[11789, 15360, 15363, 16020, 19692, 28035, 28037, 28647] (2s)
  mask(1, 0, 1, 1) (1203, None, 438, 5643): fails=202 score=38831 bad=[392, 722, 724, 726, 11789, 15360, 15363, 15696] (3s)
  mask(1, 0, 1, 1) (1203, None, 1603, 1530): fails=48 score=38985 bad=[28035, 28037, 28647, 38540, 39589] (2s)
  mask(1, 0, 1, 1) (1203, None, 1603, 5643): fails=146 score=38887 bad=[392, 722, 724, 726, 15696, 15697, 18800, 18803] (3s)
  mask(1, 1, 0, 0) (91, 490, None, None): fails=241 score=38792 bad=[392, 715, 722, 724, 10187, 11789, 15360, 15363] (3s)
  mask(1, 1, 0, 0) (91, 2081, None, None): fails=242 score=38791 bad=[392, 715, 722, 724, 10187, 11789, 15360, 15363] (3s)
  mask(1, 1, 0, 0) (1203, 490, None, None): fails=248 score=38785 bad=[392, 715, 722, 724, 10187, 11789, 15360, 15363] (3s)
  mask(1, 1, 0, 0) (1203, 2081, None, None): fails=249 score=38784 bad=[392, 715, 722, 724, 10187, 11789, 15360, 15363] (3s)
  mask(1, 1, 0, 1) (91, 490, None, 1530): fails=184 score=38849 bad=[715, 722, 724, 7389, 10187, 11789, 15360, 15363] (3s)
  mask(1, 1, 0, 1) (91, 490, None, 5643): fails=257 score=38776 bad=[392, 715, 722, 724, 7389, 11789, 15360, 15363] (4s)
  mask(1, 1, 0, 1) (91, 2081, None, 1530): fails=200 score=38833 bad=[715, 722, 724, 7389, 10187, 11789, 15360, 15363] (4s)
  mask(1, 1, 0, 1) (91, 2081, None, 5643): fails=273 score=38760 bad=[392, 715, 722, 724, 7389, 11789, 15360, 15363] (4s)
  mask(1, 1, 0, 1) (1203, 490, None, 1530): fails=191 score=38842 bad=[715, 722, 724, 7389, 10187, 11789, 15360, 15363] (4s)
  mask(1, 1, 0, 1) (1203, 490, None, 5643): fails=264 score=38769 bad=[392, 715, 722, 724, 7389, 11789, 15360, 15363] (4s)
  mask(1, 1, 0, 1) (1203, 2081, None, 1530): fails=207 score=38826 bad=[715, 722, 724, 7389, 10187, 11789, 15360, 15363] (4s)
  mask(1, 1, 0, 1) (1203, 2081, None, 5643): fails=280 score=38753 bad=[392, 715, 722, 724, 7389, 11789, 15360, 15363] (4s)
  mask(1, 1, 1, 0) (91, 490, 438, None): fails=231 score=38802 bad=[392, 715, 722, 724, 7389, 10187, 11789, 15360] (3s)
  mask(1, 1, 1, 0) (91, 490, 1603, None): fails=175 score=38858 bad=[392, 715, 722, 724, 7389, 10187, 18800, 18803] (3s)
  mask(1, 1, 1, 0) (91, 2081, 438, None): fails=247 score=38786 bad=[392, 715, 722, 724, 7389, 10187, 11789, 15360] (4s)
  mask(1, 1, 1, 0) (91, 2081, 1603, None): fails=191 score=38842 bad=[392, 715, 722, 724, 7389, 10187, 18800, 18803] (3s)
  mask(1, 1, 1, 0) (1203, 490, 438, None): fails=238 score=38795 bad=[392, 715, 722, 724, 7389, 10187, 11789, 15360] (4s)
  mask(1, 1, 1, 0) (1203, 490, 1603, None): fails=182 score=38851 bad=[392, 715, 722, 724, 7389, 10187, 18800, 18803] (4s)
  mask(1, 1, 1, 0) (1203, 2081, 438, None): fails=254 score=38779 bad=[392, 715, 722, 724, 7389, 10187, 11789, 15360] (4s)
  mask(1, 1, 1, 0) (1203, 2081, 1603, None): fails=198 score=38835 bad=[392, 715, 722, 724, 7389, 10187, 18800, 18803] (4s)
  mask(1, 1, 1, 1) (91, 490, 438, 1530): fails=145 score=38888 bad=[7389, 10187, 11789, 15360, 15363, 16020, 19692, 21548] (3s)
  mask(1, 1, 1, 1) (91, 490, 438, 5643): fails=241 score=38792 bad=[392, 722, 724, 726, 7389, 10187, 11789, 15360] (4s)
  mask(1, 1, 1, 1) (91, 490, 1603, 1530): fails=87 score=38946 bad=[7389, 10187, 21548, 21549, 26960, 26963, 26965, 28035] (3s)
  mask(1, 1, 1, 1) (91, 490, 1603, 5643): fails=185 score=38848 bad=[392, 722, 724, 726, 7389, 10187, 15696, 15697] (3s)
  mask(1, 1, 1, 1) (91, 2081, 438, 1530): fails=161 score=38872 bad=[7389, 10187, 11789, 15360, 15363, 16020, 19692, 21548] (3s)
  mask(1, 1, 1, 1) (91, 2081, 438, 5643): fails=257 score=38776 bad=[392, 722, 724, 726, 7389, 10187, 11789, 15360] (3s)
  mask(1, 1, 1, 1) (91, 2081, 1603, 1530): fails=103 score=38930 bad=[7389, 10187, 21548, 21549, 26215, 26960, 26963, 26965] (3s)
  mask(1, 1, 1, 1) (91, 2081, 1603, 5643): fails=201 score=38832 bad=[392, 722, 724, 726, 7389, 10187, 15696, 15697] (3s)
  mask(1, 1, 1, 1) (1203, 490, 438, 1530): fails=152 score=38881 bad=[7389, 10187, 11789, 15360, 15363, 16020, 19692, 26960] (4s)
  mask(1, 1, 1, 1) (1203, 490, 438, 5643): fails=248 score=38785 bad=[392, 722, 724, 726, 7389, 10187, 11789, 15360] (4s)
  mask(1, 1, 1, 1) (1203, 490, 1603, 1530): fails=94 score=38939 bad=[7389, 10187, 26960, 26963, 26965, 28035, 28037, 28647] (4s)
  mask(1, 1, 1, 1) (1203, 490, 1603, 5643): fails=192 score=38841 bad=[392, 722, 724, 726, 7389, 10187, 15696, 15697] (4s)
  mask(1, 1, 1, 1) (1203, 2081, 438, 1530): fails=168 score=38865 bad=[7389, 10187, 11789, 15360, 15363, 16020, 19692, 26215] (4s)
  mask(1, 1, 1, 1) (1203, 2081, 438, 5643): fails=264 score=38769 bad=[392, 722, 724, 726, 7389, 10187, 11789, 15360] (4s)
  mask(1, 1, 1, 1) (1203, 2081, 1603, 1530): fails=110 score=38923 bad=[7389, 10187, 26215, 26960, 26963, 26965, 28035, 28037] (3s)
  mask(1, 1, 1, 1) (1203, 2081, 1603, 5643): fails=208 score=38825 bad=[392, 722, 724, 726, 7389, 10187, 15696, 15697] (4s)
BEST 28 39005 cfg0 [20215, 28647]
