start bad [20215, 28647]
candidates 326 (non-boolean 72)
cluster-affine knobs: 248 (7s)
   x_47 BOOL: {20215: '28975428127282446574'}  (also disturbs [20212, 20649, 20652, 25147, 25148, 32148])
   x_91 BOOL: {20215: '28975428127282446574', 28647: '18804965774307329581'}  (also disturbs [21548, 21549, 28033, 28035, 28037, 40530])
   x_112 BOOL: {20215: '28975428127282446574'}  (also disturbs [20212, 20649, 20652, 30126, 30127, 32148])
   x_490 BOOL: {7389: '18804965774307329581', 10187: '28975428127282446574'}  (also disturbs [7389, 10187, 26960, 26963, 26965, 30479])
   x_542 BOOL: {20215: '28975428127282446574'}  (also disturbs [14579, 14580, 20212, 20649, 20652, 32148])
   x_853 BOOL: {20215: '28975428127282446574'}  (also disturbs [20212, 20649, 20652, 23161, 32148, 36115])
   x_1203 BOOL: {20215: '28975428127282446574', 28647: '18804965774307329581'}  (also disturbs [12143, 28033, 28035, 28037, 38540])
   x_1357 BOOL: {20215: '28975428127282446574'}  (also disturbs [19591, 19592, 20212, 20649, 20652, 32148])
   x_1413 BOOL: {20215: '28975428127282446574'}  (also disturbs [17719, 17720, 20212, 20649, 20652, 32148])
   x_1438 BOOL: {20215: '28975428127282446574'}  (also disturbs [20212, 20649, 20652, 30439, 30440, 32148])
   x_1502 BOOL: {20215: '28975428127282446574'}  (also disturbs [355, 356, 20212, 20649, 20652, 32148])
   x_1544 BOOL: {20215: '28975428127282446574'}  (also disturbs [13273, 13274, 20212, 20649, 20652, 32148])
   x_1571 BOOL: {20215: '28975428127282446574'}  (also disturbs [19757, 19758, 20212, 20649, 20652, 32148])
   x_1685 BOOL: {20215: '28975428127282446574'}  (also disturbs [20212, 20649, 20652, 25728, 30149, 32148])
   x_1695 BOOL: {20215: '28975428127282446574'}  (also disturbs [19600, 19601, 20212, 20649, 20652, 32148])
   x_1746 BOOL: {20215: '28975428127282446574'}  (also disturbs [2767, 2768, 20212, 20649, 20652, 32148])
   x_1931 BOOL: {20215: '28975428127282446574'}  (also disturbs [17463, 17464, 20212, 20649, 20652, 32148])
   x_2055 BOOL: {20215: '28975428127282446574'}  (also disturbs [2750, 20212, 20649, 20652, 32148, 39424])
   x_2081 BOOL: {7389: '18804965774307329581', 10187: '28975428127282446574'}  (also disturbs [3939, 3940, 7389, 10187, 26960, 26963])
   x_2143 BOOL: {20215: '28975428127282446574'}  (also disturbs [19539, 19540, 20212, 20649, 20652, 32148])
   x_2229 BOOL: {20215: '28975428127282446574'}  (also disturbs [18013, 18014, 20212, 20649, 20652, 32148])
   x_2441 BOOL: {20215: '28975428127282446574', 28647: '18804965774307329581'}  (also disturbs [13402, 13403, 28033, 28035, 28037, 40550])
   x_2460 BOOL: {20215: '28975428127282446574', 28647: '18804965774307329581'}  (also disturbs [15551, 25418, 28033, 28035, 28037])
   x_2527 BOOL: {20215: '28975428127282446574'}  (also disturbs [6676, 6677, 20212, 20649, 20652, 32148])
   x_2779 BOOL: {20215: '28975428127282446574'}  (also disturbs [2785, 2786, 20212, 20649, 20652, 32148])
   x_3106 BOOL: {20215: '28975428127282446574'}  (also disturbs [17454, 17455, 20212, 20649, 20652, 32148])
   x_3216 BOOL: {20215: '28975428127282446574'}  (also disturbs [20212, 20649, 20652, 32148, 32743, 32744])
   x_3320 BOOL: {20215: '28975428127282446574'}  (also disturbs [20212, 20649, 20652, 25736, 25737, 32148])
   x_3414 BOOL: {20215: '28975428127282446574'}  (also disturbs [20212, 20649, 20652, 32148, 35863, 35864])
   x_3420 BOOL: {20215: '28975428127282446574', 28647: '18804965774307329581'}  (also disturbs [28033, 28035, 28037, 34248, 34249])
   x_3545 BOOL: {20215: '28975428127282446574', 28647: '18804965774307329581'}  (also disturbs [26041, 26042, 28033, 28035, 28037])
   x_3591 BOOL: {20215: '28975428127282446574', 28647: '18804965774307329581'}  (also disturbs [17759, 17760, 28033, 28035, 28037, 40550])
   x_3707 BOOL: {20215: '28975428127282446574'}  (also disturbs [20212, 20649, 20652, 32148, 35717, 35718])
   x_4279 BOOL: {20215: '28975428127282446574'}  (also disturbs [6668, 12606, 20212, 20649, 20652, 32148])
   x_4287 BOOL: {7389: '18804965774307329581', 10187: '28975428127282446574'}  (also disturbs [3930, 3931, 7389, 10187, 26960, 26963])
   x_4362 BOOL: {20215: '28975428127282446574'}  (also disturbs [1681, 20212, 20649, 20652, 28500, 32148])
   x_4381 BOOL: {20215: '28975428127282446574'}  (also disturbs [20212, 20649, 20652, 32148, 35469, 35470])
   x_4701 BOOL: {20215: '28975428127282446574', 28647: '18804965774307329581'}  (also disturbs [21557, 21558, 28033, 28035, 28037, 40530])
   x_4940 BOOL: {20215: '28975428127282446574'}  (also disturbs [20212, 20649, 20652, 21427, 28164, 32148])
   x_5090 BOOL: {20215: '28975428127282446574', 28647: '18804965774307329581'}  (also disturbs [26852, 28033, 28035, 28037, 37134, 38223])
   x_5148 BOOL: {20215: '28975428127282446574'}  (also disturbs [20212, 20649, 20652, 26527, 26528, 32148])
   x_5584 BOOL: {20215: '28975428127282446574'}  (also disturbs [20212, 20649, 20652, 32148, 36461, 36462])
   x_5630 BOOL: {20215: '28975428127282446574'}  (also disturbs [17995, 17996, 20212, 20649, 20652, 32148])
   x_5651 BOOL: {20215: '28975428127282446574'}  (also disturbs [20212, 20649, 20652, 32148, 36465, 36466])
   x_5663 BOOL: {20215: '28975428127282446574'}  (also disturbs [20212, 20649, 20652, 32148, 33155, 33156])
   x_5910 BOOL: {7389: '18804965774307329581', 10187: '28975428127282446574'}  (also disturbs [7389, 10187, 26960, 26963, 26965, 28389])
   x_6083 int: {28647: '-1', 7389: '1'}  (also disturbs [7389])
   x_6143 BOOL: {20215: '28975428127282446574'}  (also disturbs [1148, 20212, 20649, 20652, 22296, 32148])
   x_6177 BOOL: {20215: '28975428127282446574'}  (also disturbs [1033, 1698, 20212, 20649, 20652, 32148])
   x_6312 BOOL: {20215: '28975428127282446574', 28647: '18804965774307329581'}  (also disturbs [28033, 28035, 28037, 32816, 32817])
   x_6503 BOOL: {20215: '28975428127282446574'}  (also disturbs [4868, 4869, 20212, 20649, 20652, 32148])
   x_6825 BOOL: {20215: '28975428127282446574'}  (also disturbs [20212, 20649, 20652, 23611, 23612, 32148])
   x_7029 BOOL: {20215: '28975428127282446574'}  (also disturbs [8542, 20212, 20649, 20652, 32148, 32752])
   x_7142 BOOL: {20215: '28975428127282446574', 28647: '18804965774307329581'}  (also disturbs [8576, 8577, 28033, 28035, 28037])
   x_7151 BOOL: {20215: '28975428127282446574'}  (also disturbs [20212, 20649, 20652, 30455, 30456, 32148])
   x_7745 BOOL: {20215: '28975428127282446574'}  (also disturbs [20212, 20649, 20652, 29796, 29797, 32148])
   x_7780 BOOL: {20215: '28975428127282446574'}  (also disturbs [4375, 4376, 20212, 20649, 20652, 32148])
   x_8319 BOOL: {20215: '28975428127282446574'}  (also disturbs [20212, 20649, 20652, 29261, 29262, 32148])
   x_8370 BOOL: {20215: '28975428127282446574', 28647: '18804965774307329581'}  (also disturbs [12160, 12161, 28033, 28035, 28037])
   x_8441 BOOL: {20215: '28975428127282446574'}  (also disturbs [20212, 20649, 20652, 29744, 29745, 32148])
   x_8487 BOOL: {20215: '28975428127282446574', 28647: '18804965774307329581'}  (also disturbs [2867, 2868, 28033, 28035, 28037])
   x_8757 BOOL: {20215: '28975428127282446574'}  (also disturbs [18004, 18005, 20212, 20649, 20652, 32148])
   x_9260 BOOL: {20215: '28975428127282446574', 28647: '18804965774307329581'}  (also disturbs [4270, 4271, 28033, 28035, 28037, 40287])
   x_9294 BOOL: {20215: '28975428127282446574'}  (also disturbs [20212, 20649, 20652, 27757, 27758, 32148])
   x_9601 BOOL: {20215: '28975428127282446574'}  (also disturbs [20212, 20649, 20652, 22273, 22274, 32148])
   x_10255 BOOL: {20215: '28975428127282446574'}  (also disturbs [14786, 14787, 20212, 20649, 20652, 32148])
   x_10428 BOOL: {20215: '28975428127282446574'}  (also disturbs [7112, 7113, 20212, 20649, 20652, 32148])
   x_10513 BOOL: {20215: '28975428127282446574', 28647: '18804965774307329581'}  (also disturbs [9282, 9283, 28033, 28035, 28037, 40483])
   x_10591 BOOL: {20215: '28975428127282446574'}  (also disturbs [20212, 20649, 20652, 26814, 26815, 32148])
   x_10746 BOOL: {20215: '28975428127282446574'}  (also disturbs [5046, 5047, 20212, 20649, 20652, 32148])
   x_10836 BOOL: {20215: '28975428127282446574', 28647: '18804965774307329581'}  (also disturbs [28033, 28035, 28037, 37224, 37225])
   x_11026 BOOL: {20215: '28975428127282446574'}  (also disturbs [9521, 9522, 20212, 20649, 20652, 32148])
   x_11170 BOOL: {20215: '28975428127282446574'}  (also disturbs [20212, 20649, 20652, 31475, 32148, 32445])
   x_11189 BOOL: {20215: '28975428127282446574', 28647: '18804965774307329581'}  (also disturbs [12151, 12152, 28033, 28035, 28037])
   x_11368 BOOL: {7389: '18804965774307329581', 10187: '28975428127282446574'}  (also disturbs [7389, 10187, 16688, 16689, 22933, 26960])
   x_11777 BOOL: {20215: '28975428127282446574'}  (also disturbs [17728, 17729, 20212, 20649, 20652, 32148])
   x_12054 BOOL: {7389: '18804965774307329581', 10187: '28975428127282446574'}  (also disturbs [7389, 10187, 26960, 26963, 26965, 32856])
   x_12072 BOOL: {20215: '28975428127282446574'}  (also disturbs [2758, 2759, 20212, 20649, 20652, 32148])
   x_12095 BOOL: {7389: '18804965774307329581', 10187: '28975428127282446574'}  (also disturbs [7389, 10187, 26960, 26963, 26965, 30697])
   x_12134 BOOL: {20215: '28975428127282446574'}  (also disturbs [20212, 20649, 20652, 22745, 32148, 35729])
   x_12422 BOOL: {20215: '28975428127282446574'}  (also disturbs [14777, 14778, 20212, 20649, 20652, 32148])
   x_12714 BOOL: {20215: '28975428127282446574'}  (also disturbs [20212, 20649, 20652, 32148, 32628, 32629])
   x_12737 BOOL: {20215: '28975428127282446574'}  (also disturbs [1050, 1051, 20212, 20649, 20652, 32148])
   x_12747 BOOL: {20215: '28975428127282446574'}  (also disturbs [20212, 20649, 20652, 32148, 38003, 38004])
   x_12814 BOOL: {20215: '28975428127282446574'}  (also disturbs [1165, 1166, 20212, 20649, 20652, 32148])
   x_13195 BOOL: {7389: '18804965774307329581', 10187: '28975428127282446574'}  (also disturbs [3948, 3949, 7389, 10187, 26960, 26963])
   x_13526 BOOL: {20215: '28975428127282446574'}  (also disturbs [10308, 10309, 20212, 20649, 20652, 32148])
   x_13710 BOOL: {20215: '28975428127282446574', 28647: '18804965774307329581'}  (also disturbs [12907, 21991, 28033, 28035, 28037])
   x_14039 BOOL: {20215: '28975428127282446574'}  (also disturbs [8224, 8225, 20212, 20649, 20652, 32148])
   x_14601 BOOL: {20215: '28975428127282446574'}  (also disturbs [20212, 20649, 20652, 22313, 23579, 32148])
   x_14644 BOOL: {20215: '28975428127282446574'}  (also disturbs [13282, 13283, 20212, 20649, 20652, 32148])
   x_14808 BOOL: {7389: '18804965774307329581', 10187: '28975428127282446574'}  (also disturbs [7389, 10187, 26960, 26963, 26965, 37151])
   x_14823 BOOL: {7389: '18804965774307329581', 10187: '28975428127282446574'}  (also disturbs [7389, 10187, 19919, 19920, 26960, 26963])
   x_14853 int: {28647: '1'}  (also disturbs [20212])
   x_14928 BOOL: {20215: '28975428127282446574'}  (also disturbs [20212, 20649, 20652, 25543, 25544, 32148])
   x_15064 BOOL: {20215: '28975428127282446574'}  (also disturbs [4484, 4485, 20212, 20649, 20652, 32148])
   x_15406 BOOL: {20215: '28975428127282446574'}  (also disturbs [20212, 20649, 20652, 22304, 22305, 32148])
   x_15730 BOOL: {20215: '28975428127282446574'}  (also disturbs [20212, 20649, 20652, 32148, 33981, 33982])
   x_16214 BOOL: {20215: '28975428127282446574'}  (also disturbs [5165, 19094, 20212, 20649, 20652, 32148])
   x_16348 BOOL: {7389: '18804965774307329581', 10187: '28975428127282446574'}  (also disturbs [7389, 10187, 16970, 16971, 26960, 26963])
   x_16411 BOOL: {20215: '28975428127282446574'}  (also disturbs [3853, 3854, 20212, 20649, 20652, 32148])
   x_16586 BOOL: {7389: '18804965774307329581', 10187: '28975428127282446574'}  (also disturbs [7389, 10187, 19206, 19207, 26960, 26963])
   x_16688 BOOL: {20215: '28975428127282446574'}  (also disturbs [20212, 20649, 20652, 26832, 26833, 32148])
   x_17083 BOOL: {20215: '28975428127282446574', 28647: '18804965774307329581'}  (also disturbs [28033, 28035, 28037, 32807, 32808])
   x_17149 BOOL: {20215: '28975428127282446574'}  (also disturbs [4352, 4353, 20212, 20649, 20652, 32148])
   x_17378 BOOL: {20215: '28975428127282446574', 28647: '18804965774307329581'}  (also disturbs [28033, 28035, 28037, 34636, 36942, 40483])
   x_17406 BOOL: {7389: '18804965774307329581', 10187: '28975428127282446574'}  (also disturbs [7389, 10187, 26960, 26963, 26965, 38062])
   x_17410 BOOL: {20215: '28975428127282446574'}  (also disturbs [20212, 20649, 20652, 22601, 22602, 32148])
   x_17681 BOOL: {20215: '28975428127282446574'}  (also disturbs [20212, 20649, 20652, 29787, 29788, 32148])
   x_17710 BOOL: {20215: '28975428127282446574'}  (also disturbs [17445, 17446, 20212, 20649, 20652, 32148])
   x_17711 BOOL: {20215: '28975428127282446574'}  (also disturbs [10021, 10022, 20212, 20649, 20652, 32148])
   x_17790 BOOL: {20215: '28975428127282446574'}  (also disturbs [5037, 5038, 20212, 20649, 20652, 32148])
   x_17899 BOOL: {20215: '28975428127282446574'}  (also disturbs [1156, 1157, 20212, 20649, 20652, 32148])
   x_18022 BOOL: {7389: '18804965774307329581', 10187: '28975428127282446574'}  (also disturbs [3598, 7389, 10187, 13042, 26960, 26963])
   x_18184 BOOL: {20215: '28975428127282446574'}  (also disturbs [20212, 20649, 20652, 32148, 34357, 38693])
   x_18348 BOOL: {20215: '28975428127282446574'}  (also disturbs [5104, 20212, 20649, 20652, 32148, 32352])
   x_18732 BOOL: {20215: '28975428127282446574'}  (also disturbs [4502, 20212, 20649, 20652, 32148, 33618])
   x_18989 BOOL: {20215: '28975428127282446574'}  (also disturbs [20212, 20649, 20652, 32148, 37070, 37071])
   x_19074 BOOL: {20215: '28975428127282446574'}  (also disturbs [15516, 15517, 20212, 20649, 20652, 32148])
   x_19326 BOOL: {20215: '28975428127282446574'}  (also disturbs [15134, 15135, 20212, 20649, 20652, 32148])
   x_19435 BOOL: {20215: '28975428127282446574'}  (also disturbs [4493, 4494, 20212, 20649, 20652, 32148])
   x_19690 BOOL: {20215: '28975428127282446574'}  (also disturbs [16788, 16789, 20212, 20649, 20652, 32148])
   x_19737 BOOL: {20215: '28975428127282446574'}  (also disturbs [18900, 18901, 20212, 20649, 20652, 32148])
   x_19743 BOOL: {20215: '28975428127282446574'}  (also disturbs [20212, 20649, 20652, 22999, 24579, 32148])
   x_19745 BOOL: {20215: '28975428127282446574'}  (also disturbs [4361, 19749, 20212, 20649, 20652, 32148])
   x_20325 BOOL: {20215: '28975428127282446574'}  (also disturbs [20212, 20649, 20652, 25341, 25342, 32148])
   x_20356 BOOL: {20215: '28975428127282446574'}  (also disturbs [3862, 17113, 20212, 20649, 20652, 32148])
   x_20564 BOOL: {20215: '28975428127282446574', 28647: '18804965774307329581'}  (also disturbs [8900, 8901, 28033, 28035, 28037])
   x_20603 BOOL: {20215: '28975428127282446574'}  (also disturbs [964, 965, 20212, 20649, 20652, 32148])
   x_20622 BOOL: {20215: '28975428127282446574'}  (also disturbs [9062, 9063, 20212, 20649, 20652, 32148])
   x_20776 BOOL: {20215: '28975428127282446574'}  (also disturbs [20212, 20649, 20652, 29753, 29754, 32148])
   x_20837 BOOL: {20215: '28975428127282446574', 28647: '18804965774307329581'}  (also disturbs [28033, 28035, 28037, 33937, 33938])
   x_21103 BOOL: {20215: '28975428127282446574', 28647: '18804965774307329581'}  (also disturbs [28033, 28035, 28037, 35882, 35883])
   x_21112 BOOL: {20215: '28975428127282446574', 28647: '18804965774307329581'}  (also disturbs [25409, 25410, 28033, 28035, 28037])
   x_21266 BOOL: {20215: '28975428127282446574'}  (also disturbs [4859, 4860, 20212, 20649, 20652, 32148])
   x_21305 BOOL: {20215: '28975428127282446574'}  (also disturbs [3048, 3049, 20212, 20649, 20652, 32148])
   x_21392 BOOL: {20215: '28975428127282446574'}  (also disturbs [10013, 20212, 20649, 20652, 31592, 32148])
   x_21702 BOOL: {20215: '28975428127282446574', 28647: '18804965774307329581'}  (also disturbs [28033, 28035, 28037, 30160, 30161])
   x_22106 BOOL: {20215: '28975428127282446574'}  (also disturbs [20212, 20649, 20652, 32148, 35671, 35672])
   x_22140 BOOL: {20215: '28975428127282446574'}  (also disturbs [7839, 20212, 20649, 20652, 24638, 32148])
   x_22282 BOOL: {20215: '28975428127282446574'}  (also disturbs [20212, 20649, 20652, 29836, 29837, 32148])
   x_22492 BOOL: {20215: '28975428127282446574'}  (also disturbs [20212, 20649, 20652, 23923, 23924, 32148])
   x_22513 BOOL: {20215: '28975428127282446574', 28647: '18804965774307329581'}  (also disturbs [22054, 22055, 28033, 28035, 28037])
   x_22562 BOOL: {7389: '18804965774307329581', 10187: '28975428127282446574'}  (also disturbs [7389, 10187, 16680, 26960, 26963, 26965])
   x_22579 BOOL: {20215: '28975428127282446574'}  (also disturbs [20212, 20649, 20652, 32148, 38572, 38573])
   x_22595 BOOL: {20215: '28975428127282446574'}  (also disturbs [9071, 9072, 20212, 20649, 20652, 32148])
   x_22623 BOOL: {7389: '18804965774307329581', 10187: '28975428127282446574'}  (also disturbs [2072, 2073, 7389, 10187, 26960, 26963])
   x_22790 BOOL: {20215: '28975428127282446574'}  (also disturbs [1181, 1182, 20212, 20649, 20652, 32148])
   x_22820 int: {20215: '-1157920892373161954'}  (also disturbs [])
   x_23262 BOOL: {20215: '28975428127282446574', 28647: '18804965774307329581'}  (also disturbs [9837, 9838, 28033, 28035, 28037])
   x_23751 BOOL: {7389: '18804965774307329581', 10187: '28975428127282446574'}  (also disturbs [7389, 10187, 26960, 26963, 26965, 31068])
   x_23794 BOOL: {20215: '28975428127282446574'}  (also disturbs [12543, 12544, 20212, 20649, 20652, 32148])
   x_24134 BOOL: {20215: '28975428127282446574'}  (also disturbs [20212, 20649, 20652, 32148, 36913, 36914])
   x_24136 BOOL: {20215: '28975428127282446574'}  (also disturbs [14570, 14571, 20212, 20649, 20652, 32148])
   x_24267 BOOL: {20215: '28975428127282446574'}  (also disturbs [14592, 14593, 20212, 20649, 20652, 32148])
   x_24335 BOOL: {20215: '28975428127282446574'}  (also disturbs [14515, 14516, 20212, 20649, 20652, 32148])
   x_24365 BOOL: {7389: '18804965774307329581', 10187: '28975428127282446574'}  (also disturbs [7389, 10187, 19197, 19198, 26960, 26963])
   x_24372 BOOL: {20215: '28975428127282446574'}  (also disturbs [20212, 20649, 20652, 26823, 26824, 32148])
   x_24601 BOOL: {20215: '28975428127282446574'}  (also disturbs [20212, 20649, 20652, 32148, 32877, 32878])
   x_24734 BOOL: {20215: '28975428127282446574'}  (also disturbs [20212, 20649, 20652, 32148, 35460, 35461])
   x_24774 BOOL: {20215: '28975428127282446574'}  (also disturbs [10841, 10842, 20212, 20649, 20652, 32148])
   x_24912 BOOL: {20215: '28975428127282446574'}  (also disturbs [2794, 2795, 20212, 20649, 20652, 32148])
   x_25104 BOOL: {20215: '28975428127282446574'}  (also disturbs [13264, 13265, 20212, 20649, 20652, 32148])
   x_25150 BOOL: {20215: '28975428127282446574'}  (also disturbs [20212, 20649, 20652, 21006, 21007, 32148])
   x_25292 BOOL: {20215: '28975428127282446574'}  (also disturbs [20212, 20649, 20652, 29536, 29537, 32148])
   x_25908 BOOL: {20215: '28975428127282446574'}  (also disturbs [17079, 20212, 20649, 20652, 26693, 32148])
   x_26005 BOOL: {20215: '28975428127282446574', 28647: '18804965774307329581'}  (also disturbs [28033, 28035, 28037, 34497, 34498])
   x_26078 BOOL: {20215: '28975428127282446574'}  (also disturbs [20212, 20649, 20652, 30778, 30779, 32148])
   x_26277 BOOL: {20215: '28975428127282446574'}  (also disturbs [20212, 20649, 20652, 21371, 21372, 32148])
   x_26489 int: {7389: '-1157920892373161954'}  (also disturbs [7389])
   x_27592 BOOL: {20215: '28975428127282446574'}  (also disturbs [5028, 5029, 20212, 20649, 20652, 32148])
   x_27738 BOOL: {20215: '28975428127282446574'}  (also disturbs [4366, 4367, 20212, 20649, 20652, 32148])
   x_28005 BOOL: {7389: '18804965774307329581', 10187: '28975428127282446574'}  (also disturbs [3606, 3607, 7389, 10187, 26960, 26963])
   x_28024 BOOL: {20215: '28975428127282446574'}  (also disturbs [364, 365, 20212, 20649, 20652, 32148])
   x_28645 BOOL: {20215: '28975428127282446574', 28647: '18804965774307329581'}  (also disturbs [28033, 28035, 28037, 33297, 33298])
   x_28713 BOOL: {20215: '28975428127282446574', 28647: '18804965774307329581'}  (also disturbs [2849, 2850, 28033, 28035, 28037])
   x_28737 BOOL: {20215: '28975428127282446574'}  (also disturbs [20212, 20649, 20652, 24177, 24178, 32148])
   x_28754 BOOL: {20215: '28975428127282446574'}  (also disturbs [17061, 17062, 20212, 20649, 20652, 32148])
   x_28785 BOOL: {20215: '28975428127282446574'}  (also disturbs [1174, 1175, 20212, 20649, 20652, 32148])
   x_28825 BOOL: {20215: '28975428127282446574'}  (also disturbs [15143, 20212, 20649, 20652, 27684, 32148])
   x_29327 BOOL: {20215: '28975428127282446574'}  (also disturbs [1492, 1493, 20212, 20649, 20652, 32148])
   x_29545 BOOL: {20215: '28975428127282446574'}  (also disturbs [20212, 20649, 20652, 24505, 24506, 32148])
   x_29661 BOOL: {20215: '28975428127282446574'}  (also disturbs [8233, 8234, 20212, 20649, 20652, 32148])
   x_29670 BOOL: {20215: '28975428127282446574'}  (also disturbs [7855, 9525, 20212, 20649, 20652, 32148])
   x_29711 BOOL: {20215: '28975428127282446574'}  (also disturbs [1041, 1042, 20212, 20649, 20652, 32148])
   x_29785 BOOL: {20215: '28975428127282446574', 28647: '18804965774307329581'}  (also disturbs [28033, 28035, 28037, 36152, 36153])
   x_30207 BOOL: {20215: '28975428127282446574'}  (also disturbs [4965, 4966, 20212, 20649, 20652, 32148])
   x_30242 BOOL: {20215: '28975428127282446574'}  (also disturbs [16797, 16798, 20212, 20649, 20652, 32148])
   x_30420 BOOL: {20215: '28975428127282446574'}  (also disturbs [5156, 5157, 20212, 20649, 20652, 32148])
   x_30448 BOOL: {20215: '28975428127282446574', 28647: '18804965774307329581'}  (also disturbs [28033, 28035, 28037, 34627, 34628])
   x_30468 int: {7389: '-1'}  (also disturbs [722, 724, 726, 7389])
   x_30613 BOOL: {20215: '28975428127282446574'}  (also disturbs [20212, 20649, 20652, 32148, 34253, 36489])
   x_30673 BOOL: {20215: '28975428127282446574'}  (also disturbs [5746, 5747, 20212, 20649, 20652, 32148])
   x_30823 BOOL: {20215: '28975428127282446574'}  (also disturbs [17558, 17559, 20212, 20649, 20652, 32148])
   x_31339 int: {20215: '-1', 10187: '1'}  (also disturbs [10187])
   x_31767 BOOL: {20215: '28975428127282446574'}  (also disturbs [20212, 20649, 20652, 30446, 30447, 32148])
   x_31899 BOOL: {20215: '28975428127282446574', 28647: '18804965774307329581'}  (also disturbs [2858, 2859, 28033, 28035, 28037])
   x_31932 BOOL: {20215: '28975428127282446574'}  (also disturbs [20212, 20649, 20652, 32148, 33973, 33974])
   x_32092 BOOL: {20215: '28975428127282446574'}  (also disturbs [20212, 20649, 20652, 32148, 36904, 36905])
   x_32368 BOOL: {20215: '28975428127282446574'}  (also disturbs [10004, 10005, 20212, 20649, 20652, 32148])
   x_32558 BOOL: {20215: '28975428127282446574'}  (also disturbs [9080, 20212, 20649, 20652, 32148, 37423])
   x_32669 BOOL: {20215: '28975428127282446574', 28647: '18804965774307329581'}  (also disturbs [8799, 8800, 28033, 28035, 28037])
   x_32872 BOOL: {20215: '28975428127282446574'}  (also disturbs [20212, 20649, 20652, 29735, 29736, 32148])
   x_33015 BOOL: {20215: '28975428127282446574'}  (also disturbs [973, 974, 20212, 20649, 20652, 32148])
   x_33095 BOOL: {20215: '28975428127282446574'}  (also disturbs [20212, 20649, 20652, 23859, 23860, 32148])
   x_33099 BOOL: {20215: '28975428127282446574'}  (also disturbs [20212, 20649, 20652, 21380, 21381, 32148])
   x_33169 int: {10187: '-1'}  (also disturbs [722, 724, 726, 10187])
   x_33190 BOOL: {20215: '28975428127282446574'}  (also disturbs [20212, 20649, 20652, 24186, 24187, 32148])
   x_33242 BOOL: {20215: '28975428127282446574'}  (also disturbs [10030, 10031, 20212, 20649, 20652, 32148])
   x_33283 BOOL: {20215: '28975428127282446574'}  (also disturbs [20212, 20649, 20652, 21610, 21611, 32148])
   x_33434 BOOL: {20215: '28975428127282446574'}  (also disturbs [20212, 20649, 20652, 32148, 39415, 39416])
   x_33822 BOOL: {20215: '28975428127282446574'}  (also disturbs [4343, 4344, 20212, 20649, 20652, 32148])
   x_33824 BOOL: {20215: '28975428127282446574'}  (also disturbs [20212, 20649, 20652, 28660, 28661, 32148])
   x_33929 BOOL: {20215: '28975428127282446574'}  (also disturbs [1140, 20212, 20649, 20652, 32148, 36922])
   x_33951 BOOL: {20215: '28975428127282446574'}  (also disturbs [20212, 20649, 20652, 25620, 25621, 32148])
   x_34175 BOOL: {20215: '28975428127282446574', 28647: '18804965774307329581'}  (also disturbs [6797, 12169, 28033, 28035, 28037])
   x_34309 BOOL: {20215: '28975428127282446574'}  (also disturbs [20212, 20649, 20652, 27396, 32148, 38678])
   x_34510 BOOL: {20215: '28975428127282446574'}  (also disturbs [10361, 10362, 20212, 20649, 20652, 32148])
   x_34715 BOOL: {20215: '28975428127282446574'}  (also disturbs [20212, 20649, 20652, 32148, 33990, 33991])
   x_34969 BOOL: {20215: '28975428127282446574'}  (also disturbs [20212, 20649, 20652, 21435, 21436, 32148])
   x_34974 BOOL: {7389: '18804965774307329581', 10187: '28975428127282446574'}  (also disturbs [1924, 1925, 7389, 10187, 26960, 26963])
   x_35062 BOOL: {20215: '28975428127282446574'}  (also disturbs [10850, 10851, 20212, 20649, 20652, 32148])
   x_35079 BOOL: {20215: '28975428127282446574'}  (also disturbs [20212, 20649, 20652, 23762, 23763, 32148])
   x_35110 BOOL: {20215: '28975428127282446574'}  (also disturbs [20212, 20649, 20652, 30464, 30465, 32148])
   x_35179 BOOL: {20215: '28975428127282446574', 28647: '18804965774307329581'}  (also disturbs [28033, 28035, 28037, 35891, 39333])
   x_35450 BOOL: {20215: '28975428127282446574'}  (also disturbs [17070, 17071, 20212, 20649, 20652, 32148])
   x_35537 BOOL: {20215: '28975428127282446574'}  (also disturbs [1689, 1690, 20212, 20649, 20652, 32148])
   x_35635 BOOL: {20215: '28975428127282446574'}  (also disturbs [8202, 8203, 20212, 20649, 20652, 32148])
   x_35660 BOOL: {20215: '28975428127282446574'}  (also disturbs [19421, 19422, 20212, 20649, 20652, 32148])
   x_35740 BOOL: {20215: '28975428127282446574', 28647: '18804965774307329581'}  (also disturbs [28033, 28035, 28037, 37142, 37143])
   x_35835 BOOL: {20215: '28975428127282446574'}  (also disturbs [10317, 15519, 20212, 20649, 20652, 32148])
   x_35839 BOOL: {20215: '28975428127282446574', 28647: '18804965774307329581'}  (also disturbs [6805, 6806, 28033, 28035, 28037])
   x_36035 BOOL: {20215: '28975428127282446574'}  (also disturbs [4956, 4957, 20212, 20649, 20652, 32148])
   x_36044 BOOL: {20215: '28975428127282446574', 28647: '18804965774307329581'}  (also disturbs [12915, 12916, 28033, 28035, 28037])
   x_36293 BOOL: {20215: '28975428127282446574'}  (also disturbs [20212, 20649, 20652, 29805, 29806, 32148])
   x_36314 BOOL: {20215: '28975428127282446574'}  (also disturbs [20212, 20649, 20652, 23932, 23933, 32148])
   x_36459 BOOL: {20215: '28975428127282446574'}  (also disturbs [19263, 19264, 20212, 20649, 20652, 32148])
   x_36961 BOOL: {20215: '28975428127282446574'}  (also disturbs [20212, 20649, 20652, 32148, 34442, 34443])
   x_37012 int: {10187: '-9196452048535942977'}  (also disturbs [10187])
   x_37147 BOOL: {20215: '28975428127282446574', 28647: '18804965774307329581'}  (also disturbs [15559, 15560, 28033, 28035, 28037])
   x_37631 BOOL: {20215: '28975428127282446574'}  (also disturbs [3039, 3040, 20212, 20649, 20652, 32148])
   x_37862 BOOL: {7389: '18804965774307329581', 10187: '28975428127282446574'}  (also disturbs [1704, 1705, 7389, 10187, 26960, 26963])
   x_38055 BOOL: {20215: '28975428127282446574', 28647: '18804965774307329581'}  (also disturbs [9273, 9274, 28033, 28035, 28037, 40483])
   x_38288 BOOL: {20215: '28975428127282446574'}  (also disturbs [8542, 20212, 20649, 20652, 31935, 31936])
   x_38459 BOOL: {20215: '28975428127282446574'}  (also disturbs [17121, 17122, 20212, 20649, 20652, 32148])
   x_38630 BOOL: {20215: '28975428127282446574'}  (also disturbs [3844, 3845, 20212, 20649, 20652, 32148])
   x_38643 BOOL: {20215: '28975428127282446574'}  (also disturbs [20212, 20649, 20652, 23645, 23646, 32148])
   x_38645 BOOL: {20215: '28975428127282446574'}  (also disturbs [5096, 20212, 20649, 20652, 32148, 34187])
  elim: 0 singletons, 4 pivots, core 0x0, 0.0s
CLUSTER SOLVE -> ok
EXACT: fails=33 score=39000 bad=[722, 724, 726, 20212]
