[4279,26005] start fails=21 bad=[6668, 12606, 34497, 34498]
[4279,26005] step0: a34498 x_2966<-9318844514905842409036 => bad=4 fails=31 [6668, 10372, 12606, 34497]
[4279,26005] step1: a10372 x_2966<-0 => bad=4 fails=21 [6668, 12606, 34497, 34498]
[4279,26005] step2: a12606 x_25750<-7544485379814373646135 => bad=4 fails=32 [6668, 19725, 34497, 34498]
[4279,26005] step3: a19725 x_25750<-0 => bad=4 fails=21 [6668, 12606, 34497, 34498]
[4279,26005] step4: a34498 x_2966<-9318844514905842409036 => bad=4 fails=31 [6668, 10372, 12606, 34497]
[4279,26005] step5: a10372 x_23823<-9318844514905842409036 => bad=4 fails=33 [6668, 12606, 34497, 35326]
[4279,26005] step6: a35326 x_23823<-0 => bad=4 fails=31 [6668, 10372, 12606, 34497]
[4279,26005] step7: a10372 x_2966<-0 => bad=4 fails=21 [6668, 12606, 34497, 34498]
[4279,26005] step8: a12606 x_25750<-7544485379814373646135 => bad=4 fails=32 [6668, 19725, 34497, 34498]
[4279,26005] step9: a19725 x_15951<-7544485379814373646135 => bad=4 fails=35 [6668, 7128, 34497, 34498]
[4279,26005] step10: a7128 x_15951<-0 => bad=4 fails=32 [6668, 19725, 34497, 34498]
[4279,26005] step11: a19725 x_25750<-0 => bad=4 fails=21 [6668, 12606, 34497, 34498]
[4279,26005] step12: a34498 x_2966<-9318844514905842409036 => bad=4 fails=31 [6668, 10372, 12606, 34497]
[4279,26005] step13: a10372 x_23823<-9318844514905842409036 => bad=4 fails=33 [6668, 12606, 34497, 35326]
[4279,26005] step14: a34497 x_4391<-2634823044008658901252 => bad=4 fails=40 [6668, 12606, 13311, 35326]
[4279,26005] step15: a13311 x_4391<-0 => bad=4 fails=33 [6668, 12606, 34497, 35326]
[4279,26005] step16: a35326 x_23823<-0 => bad=4 fails=31 [6668, 10372, 12606, 34497]
[4279,26005] step17: a10372 x_2966<-0 => bad=4 fails=21 [6668, 12606, 34497, 34498]
[4279,26005] step18: a12606 x_25750<-7544485379814373646135 => bad=4 fails=32 [6668, 19725, 34497, 34498]
[4279,26005] step19: a19725 x_15951<-7544485379814373646135 => bad=4 fails=35 [6668, 7128, 34497, 34498]
[4279,26005] step20: a6668 x_26301<-4981376091790452847557 => bad=4 fails=39 [209, 7128, 34497, 34498]
[4279,26005] step21: a209 x_26301<-0 => bad=4 fails=35 [6668, 7128, 34497, 34498]
[4279,26005] step22: a7128 x_15951<-0 => bad=4 fails=32 [6668, 19725, 34497, 34498]
[4279,26005] step23: a19725 x_25750<-0 => bad=4 fails=21 [6668, 12606, 34497, 34498]
[4279,26005] step24: a34498 x_2966<-9318844514905842409036 => bad=4 fails=31 [6668, 10372, 12606, 34497]
BEST bad= 4 fails= 21 badset [6668, 12606, 34497, 34498]
wrote loop11_4279_26005_21.json
