=== baseline (selectors 1530,1603 on) ===
 a10187: 2 classes; zero..x233, 9285532409148870375501..x21
 a20212: 2 classes; 3620093926912845458607..x178, zero..x76
 R1 mod p = 22981624690591324143788809642515852940280603493270692712106986169263210356252  R2 mod p = 44159679639019146557987083382852396884224992023970032213706899677695745279353
=== after flipping x_490 ===  bad=[7389, 10187, 20215, 26960, 26963, 26965, 28647, 30479]
 a10187: 1 classes, identical to baseline? False; zero..x253
 a20212: 2 classes, identical to baseline? False; 3620093926912845458607..x178, zero..x75
  R1 mod p = 22981624690591324143788809642515852940280603493270692712106986169263210356252   R2 mod p = 44159679639019146557987083382852396884224992023970032213706899677695745279353
=== after flipping x_2081 ===  bad=[3939, 3940, 7389, 10187, 20215, 26960, 26963, 26965]
 a10187: 1 classes, identical to baseline? False; zero..x253
 a20212: 2 classes, identical to baseline? False; 3620093926912845458607..x178, zero..x75
  R1 mod p = 22981624690591324143788809642515852940280603493270692712106986169263210356252   R2 mod p = 44159679639019146557987083382852396884224992023970032213706899677695745279353
=== after flipping x_4287 ===  bad=[3930, 3931, 7389, 10187, 20215, 26960, 26963, 26965]
 a10187: 1 classes, identical to baseline? False; zero..x253
 a20212: 2 classes, identical to baseline? False; 3620093926912845458607..x178, zero..x75
  R1 mod p = 22981624690591324143788809642515852940280603493270692712106986169263210356252   R2 mod p = 44159679639019146557987083382852396884224992023970032213706899677695745279353
=== after flipping x_5910 ===  bad=[7389, 10187, 20215, 26960, 26963, 26965, 28389, 28390]
 a10187: 1 classes, identical to baseline? False; zero..x253
 a20212: 2 classes, identical to baseline? False; 3620093926912845458607..x178, zero..x75
  R1 mod p = 22981624690591324143788809642515852940280603493270692712106986169263210356252   R2 mod p = 44159679639019146557987083382852396884224992023970032213706899677695745279353
=== after flipping x_12054 ===  bad=[7389, 10187, 20215, 26960, 26963, 26965, 28647, 32856]
 a10187: 1 classes, identical to baseline? False; zero..x253
 a20212: 2 classes, identical to baseline? False; 3620093926912845458607..x178, zero..x75
  R1 mod p = 22981624690591324143788809642515852940280603493270692712106986169263210356252   R2 mod p = 44159679639019146557987083382852396884224992023970032213706899677695745279353
