root 34554: 78 free candidates
  bit x_91: start fails=31 bad=[20212, 20215, 21548, 21549, 40530] -> coll=3 fails=31 bad=[20212, 20215, 21548, 21549, 40530] (4s)
  bit x_438: start fails=30 bad=[20212, 20215, 36924, 36925] -> coll=2 fails=30 bad=[20212, 20215, 36924, 36925] (4s)
  bit x_490: start fails=26 bad=[20212, 20215, 30479, 30480, 40475] -> coll=2 fails=41 bad=[7538, 20212, 20215, 30479] (2s)
  bit x_1203: start fails=30 bad=[12143, 20212, 20215, 38540] -> coll=2 fails=28 bad=[7909, 7913, 20212, 20215] (6s)
  bit x_1530: start fails=35 bad=[20212, 20215, 33208, 33209] -> coll=2 fails=35 bad=[20212, 20215, 33208, 33209] (2s)
  bit x_1603: start fails=30 bad=[9822, 9823, 20212, 20215] -> coll=2 fails=30 bad=[9822, 9823, 20212, 20215] (2s)
  bit x_2081: start fails=30 bad=[3939, 3940, 20212, 20215] -> coll=2 fails=30 bad=[3939, 3940, 20212, 20215] (4s)
  bit x_2441: start fails=31 bad=[13402, 13403, 20212, 20215, 40550] -> coll=2 fails=42 bad=[6741, 13403, 20212, 20215] (6s)
  bit x_2455: start fails=31 bad=[9695, 9696, 20212, 20215] -> coll=2 fails=31 bad=[9695, 9696, 20212, 20215] (6s)
  bit x_2460: start fails=32 bad=[15551, 20212, 20215, 25418] -> coll=2 fails=32 bad=[15551, 20212, 20215, 25418] (2s)
  bit x_3420: start fails=31 bad=[20212, 20215, 34248, 34249] -> coll=2 fails=31 bad=[20212, 20215, 34248, 34249] (2s)
  bit x_3545: start fails=30 bad=[20212, 20215, 26041, 26042] -> coll=2 fails=30 bad=[20212, 20215, 26041, 26042] (2s)
  bit x_3591: start fails=30 bad=[17759, 17760, 20212, 20215, 40550] -> coll=3 fails=29 bad=[17756, 17759, 17760, 20212, 20215] (4s)
  bit x_4287: start fails=30 bad=[3930, 3931, 20212, 20215] -> coll=2 fails=30 bad=[3930, 3931, 20212, 20215] (2s)
  bit x_4701: start fails=30 bad=[20212, 20215, 21557, 21558, 40530] -> coll=1 fails=29 bad=[6741, 20212, 20215] (6s)
  bit x_5090: start fails=25 bad=[20212, 20215, 26852, 37134, 38223] -> coll=2 fails=24 bad=[20212, 20215, 26852, 38223] (27s)
  bit x_5643: start fails=31 bad=[15696, 15697, 20212, 20215] -> coll=2 fails=31 bad=[15696, 15697, 20212, 20215] (10s)
  bit x_5910: start fails=28 bad=[20212, 20215, 28389, 28390, 40475] -> coll=3 fails=28 bad=[20212, 20215, 28389, 28390, 40475] (6s)
  bit x_6312: start fails=30 bad=[20212, 20215, 32816, 32817] -> coll=2 fails=30 bad=[20212, 20215, 32816, 32817] (4s)
