[rd0] from bad=[747, 20212, 24403] fails=35: 257 cands (5s)
   cand a747 x_18956<- 1257873147476011081160397 => bad=3 fails=24 [20212, 20215, 24403]
   cand a24403 x_4279<- 1 => bad=4 fails=37 [747, 6668, 12606, 20212]
   cand a24403 x_33287<- 1 => bad=4 fails=37 [747, 20212, 36766, 36767]
   cand a24403 x_5148<- 1 => bad=4 fails=38 [747, 20212, 26527, 26528]
   cand a24403 x_14039<- 1 => bad=4 fails=38 [747, 8224, 8225, 20212]
   cand a24403 x_22492<- 1 => bad=4 fails=38 [747, 20212, 23923, 23924]
   cand a24403 x_24601<- 1 => bad=4 fails=38 [747, 20212, 32877, 32878]
   cand a24403 x_26005<- 1 => bad=4 fails=38 [747, 20212, 34497, 34498]
   cand a24403 x_33824<- 1 => bad=4 fails=38 [747, 20212, 28660, 28661]
[rd0] best so far fails=24 bad=[20212, 20215, 24403]
[rd1] from bad=[20212, 20215, 24403] fails=24: 257 cands (11s)
   cand a20215 x_18956<- 0 => bad=3 fails=35 [747, 20212, 24403]
   cand a24403 x_4279<- 1 => bad=4 fails=26 [6668, 12606, 20212, 20215]
   cand a24403 x_33287<- 1 => bad=4 fails=26 [20212, 20215, 36766, 36767]
   cand a24403 x_5148<- 1 => bad=4 fails=27 [20212, 20215, 26527, 26528]
   cand a24403 x_14039<- 1 => bad=4 fails=27 [8224, 8225, 20212, 20215]
   cand a24403 x_22492<- 1 => bad=4 fails=27 [20212, 20215, 23923, 23924]
   cand a24403 x_24601<- 1 => bad=4 fails=27 [20212, 20215, 32877, 32878]
   cand a24403 x_26005<- 1 => bad=4 fails=27 [20212, 20215, 34497, 34498]
   cand a24403 x_33824<- 1 => bad=4 fails=27 [20212, 20215, 28660, 28661]
[rd1] from bad=[747, 6668, 12606, 20212] fails=37: 6 cands (2s)
   cand a12606 x_4279<- 0 => bad=3 fails=35 [747, 20212, 24403]
   cand a6668 x_4279<- 0 => bad=3 fails=35 [747, 20212, 24403]
   cand a20212 x_12186<- 9141625816075550914918037 => bad=4 fails=36 [747, 4872, 6668, 12606]
   cand a12606 x_25750<- 7544485379814373646135744 => bad=4 fails=48 [747, 6668, 19725, 20212]
   cand a6668 x_26301<- 4981376091790452847557310 => bad=4 fails=49 [209, 747, 12606, 20212]
[rd1] from bad=[747, 20212, 36766, 36767] fails=37: 6 cands (2s)
   cand a36766 x_33287<- 0 => bad=3 fails=35 [747, 20212, 24403]
   cand a36767 x_33287<- 0 => bad=3 fails=35 [747, 20212, 24403]
   cand a20212 x_14853<- 9141625816075550914918037 => bad=4 fails=37 [747, 28647, 36766, 36767]
   cand a36767 x_12270<- 1329911919613452662145391 => bad=4 fails=49 [747, 16495, 20212, 36766]
   cand a36766 x_19626<- 1048078853077959918835580 => bad=4 fails=50 [747, 16493, 20212, 36767]
[rd1] best so far fails=24 bad=[20212, 20215, 24403]
[rd2] from bad=[747, 20212, 24403] fails=35: 257 cands (4s)
   cand a24403 x_4279<- 1 => bad=4 fails=37 [747, 6668, 12606, 20212]
   cand a24403 x_33287<- 1 => bad=4 fails=37 [747, 20212, 36766, 36767]
   cand a24403 x_5148<- 1 => bad=4 fails=38 [747, 20212, 26527, 26528]
   cand a24403 x_14039<- 1 => bad=4 fails=38 [747, 8224, 8225, 20212]
   cand a24403 x_22492<- 1 => bad=4 fails=38 [747, 20212, 23923, 23924]
   cand a24403 x_24601<- 1 => bad=4 fails=38 [747, 20212, 32877, 32878]
   cand a24403 x_26005<- 1 => bad=4 fails=38 [747, 20212, 34497, 34498]
   cand a24403 x_33824<- 1 => bad=4 fails=38 [747, 20212, 28660, 28661]
   cand a24403 x_34974<- 1 => bad=4 fails=38 [747, 1924, 1925, 20212]
[rd2] from bad=[747, 20212, 24403] fails=35: 257 cands (10s)
