[x_10428] flipped: bad=[7112, 7113, 20212, 20215, 20649, 20652, 28647, 32148]
   ONE system: 483 affine knobs x 330 rows
   -> row 7389: rhs % -1157920892373161954235709850086879078532699846656405640394575840079088346
   max solvable 324/330  BLOCKING [20649, 20652, 23207, 28647, 32148, 37872]
   EXACT fails=61 score=38972 bad=[20649, 20652, 23207, 28647, 32148, 37872]
[x_10428] done 5s
[x_11026] flipped: bad=[9521, 9522, 20212, 20215, 20649, 20652, 28647, 32148]
   ONE system: 195 affine knobs x 131 rows
   -> row 28452: rhs % -115792089237316195423570985008687907853269984665640564039457584007908834
   max solvable 125/131  BLOCKING [16664, 20649, 20652, 28452, 28647, 32148]
   EXACT fails=65 score=38968 bad=[16664, 20649, 20652, 28452, 28647, 32148]
[x_11026] done 3s
[x_38459] flipped: bad=[17121, 17122, 20212, 20215, 20649, 20652, 28647, 32148]
   ONE system: 248 affine knobs x 170 rows
   -> row 7389: rhs % -1157920892373161954235709850086879078532699846656405640394575840079088346
   max solvable 164/170  BLOCKING [17121, 20649, 20652, 28647, 32148, 38686]
   EXACT fails=56 score=38977 bad=[17121, 20649, 20652, 28647, 32148, 38686]
[x_38459] done 4s
[x_490] flipped: bad=[7389, 10187, 20215, 26960, 26963, 26965, 28647, 30479, 30480, 40306, 40475]
   ONE system: 720 affine knobs x 449 rows
   -> row 26960 unsatisfiable
   max solvable 440/449  BLOCKING [20215, 26960, 26963, 26965, 28647, 30479, 30480, 40306, 40475]
   EXACT fails=56 score=38977 bad=[20215, 26960, 26963, 26965, 28647, 30479, 30480, 40306, 40475]
[x_490] done 12s
[x_2081] flipped: bad=[3939, 3940, 7389, 10187, 20215, 26960, 26963, 26965, 28647, 40306]
   ONE system: 765 affine knobs x 478 rows
   -> row 26960 unsatisfiable
   max solvable 470/478  BLOCKING [20215, 26215, 26960, 26963, 26965, 28647, 35416, 40306]
   EXACT fails=72 score=38961 bad=[20215, 26215, 26960, 26963, 26965, 28647, 35416, 40306]
[x_2081] done 13s
[x_4287] flipped: bad=[3930, 3931, 7389, 10187, 20215, 26960, 26963, 26965, 28647, 40306]
   ONE system: 765 affine knobs x 478 rows
   -> row 26960 unsatisfiable
   max solvable 470/478  BLOCKING [20215, 26215, 26960, 26963, 26965, 28647, 35416, 40306]
   EXACT fails=72 score=38961 bad=[20215, 26215, 26960, 26963, 26965, 28647, 35416, 40306]
[x_4287] done 12s
[x_5910] flipped: bad=[7389, 10187, 20215, 26960, 26963, 26965, 28389, 28390, 28647, 40306, 40475]
   ONE system: 717 affine knobs x 447 rows
   -> row 26960 unsatisfiable
   max solvable 438/447  BLOCKING [20215, 26960, 26963, 26965, 28389, 28390, 28647, 40306, 40475]
   EXACT fails=58 score=38975 bad=[20215, 26960, 26963, 26965, 28389, 28390, 28647, 40306, 40475]
[x_5910] done 10s
[x_12054] flipped: bad=[7389, 10187, 20215, 26960, 26963, 26965, 28647, 32856, 35851, 40306, 40616]
   ONE system: 689 affine knobs x 436 rows
   -> row 26960 unsatisfiable
   max solvable 427/436  BLOCKING [20215, 26960, 26963, 26965, 28647, 32856, 35851, 40306, 40616]
   EXACT fails=59 score=38974 bad=[20215, 26960, 26963, 26965, 28647, 32856, 35851, 40306, 40616]
[x_12054] done 7s
BEST 56 [17121, 20649, 20652, 28647, 32148, 38686]
