feasible B bits: 50
--- PAIRS ---
pair (13195, 3545): FEAS=True vars=833 rows=651 exact=(31, [28033, 28035, 28037]) msg=ok (7s)
pair (16586, 28645): FEAS=True vars=724 rows=584 exact=(31, [28033, 28035, 28037]) msg=ok (6s)
pair (1530, 1603): FEAS=True vars=151 rows=127 exact=(36, [722, 724, 726]) msg=ok (5s)
pair (22562, 2441): FEAS=True vars=342 rows=335 exact=(31, [28033, 28035, 28037]) msg=ok (6s)
pair (14823, 24365): FEAS=True vars=169 rows=143 exact=(36, [21953, 21956, 35418]) msg=ok (5s)
pair (1530, 21112): FEAS=True vars=498 rows=434 exact=(31, [28033, 28035, 28037]) msg=ok (6s)
pair (5910, 490): FEAS=True vars=77 rows=70 exact=(34, [28471, 28474, 29965, 38654]) msg=ok (5s)
pair (2081, 17406): FEAS=True vars=122 rows=116 exact=(31, [23014, 23017, 23019, 38306]) msg=ok (5s)
pair (16827, 1603): FEAS=True vars=47 rows=36 exact=(36, [11153, 11156, 11158]) msg=ok (4s)
pair (6821, 2081): FEAS=True vars=1102 rows=809 exact=(34, [26960, 26963, 26965, 40306]) msg=ok (7s)
pair (22623, 17406): FEAS=True vars=254 rows=211 exact=(36, [21953, 21956, 35418]) msg=ok (4s)
pair (1530, 23751): FEAS=True vars=261 rows=285 exact=(34, [26960, 26963, 26965, 40306]) msg=ok (6s)
--- TRIPLES ---
triple (2455, 6312, 28005): FEAS=True vars=1015 rows=751 exact=(49, [26960, 26963, 26965, 28033, 28035, 28037, 40306]) msg=ok (6s)
triple (28005, 24365, 1530): FEAS=True vars=378 rows=360 exact=(54, [21953, 21956, 26960, 26963, 26965, 35418, 40306]) msg=ok (6s)
triple (23751, 24365, 16586): FEAS=True vars=134 rows=112 exact=(45, [23014, 23017, 23019, 35822, 38138, 38140, 38306]) msg=ok (5s)
triple (1530, 6312, 490): FEAS=True vars=824 rows=650 exact=(49, [26960, 26963, 26965, 28033, 28035, 28037, 40306]) msg=ok (5s)
triple (22623, 2460, 12054): FEAS=True vars=566 rows=471 exact=(51, [21953, 21956, 28033, 28035, 28037, 35418]) msg=ok (5s)
triple (16827, 3545, 22562): FEAS=True vars=875 rows=683 exact=(49, [26960, 26963, 26965, 28033, 28035, 28037, 40306]) msg=ok (5s)
