cluster cone: 333 free vars, 256 boolean
--- cfg0 baseline (x_1530,x_1603): bad=[20215, 28647]; 240 moving bits, 3 classes
    x178: c1=362009392691284545860765.. c2=928553240914887037550140..
    x41: c1=107833348867425503451660.. c2=928553240914887037550140..
    x21: c1=0.. c2=928553240914887037550140..
    targets T1=44159679639019146557987083.. T2=22981624690591324143788809..
    multiplicity space size 165396
    multiplicity solutions: 0  []
--- cfg1 +x_490: bad=[7389, 10187, 20215, 26960, 26963, 26965, 28647, 30479, 30480, 40306, 40475]; 219 moving bits, 2 classes
    x178: c1=362009392691284545860765.. c2=928553240914887037550140..
    x41: c1=107833348867425503451660.. c2=928553240914887037550140..
    targets T1=44159679639019146557987083.. T2=45918389836418815812345696..
    multiplicity space size 7518
    multiplicity solutions: 0  []
--- cfg5 only x_1603: bad=[392, 715, 722, 724, 7389, 10187, 18800, 18803, 20215, 21958, 27585, 28647, 31548]; 247 moving bits, 4 classes
    x178: c1=362009392691284545860765.. c2=928553240914887037550140..
    x41: c1=107833348867425503451660.. c2=928553240914887037550140..
    x21: c1=0.. c2=312130836311850829767803..
    x7: c1=0.. c2=541498487770125746453372..
    targets T1=44159679639019146557987083.. T2=77131473467603898789126090..
    multiplicity space size 1323168
    too large for direct enumeration
--- cfg7 no selectors: bad=[392, 715, 722, 724, 7389, 10187, 11789, 15360, 15363, 16020, 18800, 18803, 19692, 20212, 20215, 21958, 24403, 24540, 27585, 28647, 31548, 33099, 40354]; 78 moving bits, 4 classes
    x41: c1=795911499681877408374944.. c2=0..
    x24: c1=875498903380784328094049.. c2=229367651458274916685568..
    x9: c1=875498903380784328094049.. c2=107515770751958604115347..
    x4: c1=875498903380784328094049.. c2=958886126855144401216209..
    targets T1=0.. T2=22981624690591324143788809..
    multiplicity space size 52500
    multiplicity solutions: 0  []
