free vars in the four cones: 56
  U0 mod p = 13045688446435322878377830871655916675150680999306108130553271753322457728684
  V0 mod p = 69717593138303545587441533830759544446698670336637602700440817959432857857464
  movers: 23 of 56   nonlinear: 21
   x_1530: dU=-625734872059338856734854083845004 dV=-105318010383318479807006331144314
   x_1603: dU=-192154881276725001157699452014764 dV=-578105946051595502206158021437964
   x_2455: dU=2012434771180148125733080971017987 dV=5781059460515955022061580214379640
   x_3401: dU=2688002575860551543012556817589712 dV=-838989525370110871138511393756053
   x_4012: dU=4029321767707461620452455338507818 dV=4680246677973515930117666634212089
   x_5643: dU=1008488098309123400470176322223471 dV=3491330147908896143493339104095880
   x_6821: dU=1008488098309123400470176322223471 dV=3549140742514055693713954906239677
   x_7401: dU=2012434771180148125733080971017987 dV=5781059460515955022061580214379640
   x_17760: dU=1008488098309123400470176322223471 dV=3549140742514055693713954906239677
   x_21074: dU=1008488098309123400470176322223471 dV=3549140742514055693713954906239677
   x_22351: dU=2012434771180148125733080971017987 dV=5781059460515955022061580214379640
   x_24517: dU=2012434771180148125733080971017987 dV=5781059460515955022061580214379640
   x_25710: dU=-228585122062152315777521990271307 dV=-671516096054873089798768345394956
   x_27393: dU=1008488098309123400470176322223471 dV=3491330147908896143493339104095880
   x_28954: dU=-204595968058065138177734685389024 dV=-601042992209979449068552090751162
   x_30468: dU=2227542558432771790713759227621830 dV=-154083926678807562979295803478439
   x_33169: dU=0 dV=-471968490307644562221442734553910
   x_33177: dU=6501044797446194963204865309133903 dV=7551269188887870120478478942296025
   x_33287: dU=2012434771180148125733080971017987 dV=5781059460515955022061580214379640
   x_34801: dU=-308167853357615125958591606956879 dV=-462350111031214544315727886191714
   x_35979: dU=2012434771180148125733080971017987 dV=5781059460515955022061580214379640
   x_37856: dU=3081678533576151259585916069568795 dV=-961837927643001790571484836219597
   x_38625: dU=1008488098309123400470176322223471 dV=3491330147908896143493339104095880
Traceback (most recent call last):
  File "/home/user/integer_solver/solve_lab/agentE_work/triple.py", line 55, in <module>
    sol,msg,_=sparse.solve_sparse(rows,rhs,names=['exact','modp'],verbose=True,maxcore=200)
              ^^^^^^^^^^^^^^^^^^^^^^^^^^^^^^^^^^^^^^^^^^^^^^^^^^^^^^^^^^^^^^^^^^^^^^^^^^^^^
  File "/home/user/integer_solver/solve_lab/agentE_work/sparse.py", line 70, in solve_sparse
    corevars=sorted(set().union(*[set(R[i]) for i in core])) if core else []
             ^^^^^^^^^^^^^^^^^^^^^^^^^^^^^^^^^^^^^^^^^^^^^^^
TypeError: '<' not supported between instances of 'str' and 'int'
