parsed: 39033 equations, 40885 distinct atoms

[PASS] 0. instance shape: 39,033 equations / 40,885 atoms, all atoms deg<=2
        equations=39033 atoms=40885
[PASS] 1. 3,707 atoms are `X - p*H`, every handle H occurs in NO other atom
        assertion atoms=3707  distinct handles=3707  all handles occur in exactly one atom=True
        => each is exactly `X == 0 (mod p)` with a free quotient; the mod-p
           abstraction of the instance is EXACT (no information is lost).
[PASS] 2a. Z-propagation from EMPTY forces 5,624 vars, zero conflicts; the only
    large pinned constants in the whole instance are p and K
        forced=5624 conflicts=0  values: 0->4109  1->1286  p->220  K->9
        K = 97553848499418123410591666447050222001188385549510401465815187079080512838891
[PASS] 2b. mod-p propagation (effective support) determines 28,701 vars from
    1,156 boolean decisions, leaving EXACTLY 3 violated atoms
        determined=28701 decisions=1156 violated=3: ['a17810: X2287 - 8272701 * X35389', 'a17813: X21889 - 8646263 * X35389', 'a17816: X25156 - 10159099 * X35389']
[PASS] 2c. the 3 violated atoms are `X_k - m_k * X35389` with three DIFFERENT m_k,
    and each X_k is an independently-derived multiple of X6671
    => rank 2 in (X35389, X6671) => BOTH are forced to 0 mod p
        [(2287, 8272701, 35389), (21889, 8646263, 35389), (25156, 10159099, 35389)]
[PASS] 3. EXACT polynomial identities (symbolic back-substitution of the
   instance's own atoms, not numeric agreement):
     X35389 = (x2-x1)^2*(x3+x1+x2+K) - (y2-y1)^2
     X6671  = (y3+y1)(x2-x1) - (y2-y1)(x1-x3)
        X35389 identity: True
        X6671 identity: True
        leaves x1=X12186 y1=X16742 x2=X14853 y2=X24908 x3=X22162 y3=X30213 K=X24453
        (variables outside the leaf set are replaced by the values FORCED in
         step 2 -- booleans and pins -- so the identity is exact for that branch)
[PASS] 4. substituting u = x + K/3 turns the gadget into the STANDARD Weierstrass
   addition law, and the 256 conditional-pin constant pairs become points
   on y^2 = x^3 + b (a = 0), b explicit below
        selectors with 296-bit pin pairs = 256
        pin pairs on the curve in the given order = 219/256
        pin pairs on the curve after swap/negate  = 256/256
        target point T is on the curve            = True
        b = 64019533680030876408443198762210829058751700634554282185987325820393598524794
        p = 115792089237316195423570985008687907853269984665640564039457584007908834671663  (secp256k1's prime; b is NOT 7 -- this is a sextic twist)
[PASS] 5. group order N is a 256-bit PRIME and the 256 table points form a single
   doubling ladder {G, 2G, 4G, ..., 2^255 G}
        N = 115792089237316195423570985008687907852837564279074904382605163141518161494337
        N prime = True   N kills a curve point = True
        trace t = p+1-N = 432420386565659656852420866390673177327   N == p (anomalous)? False
        points whose double is also in the table = 255/256
        unique chain start = [2779]   chain length from it = 256
        G = (31917591553801470078828036568057743875467637605644620066197178005619323650152, 83364444556352143115103874010002344754157095926378075484791050960431190202517)
        T = (30121525689829097248416773597728729849687459852468451992398421980273013515302, 44859544763832475231923253825569092119321525945631045653619508440821028887)
[PASS] 5b. no MOV/FR reduction and not anomalous: embedding degree > 50
        embedding degree k with N | p^k-1 for k<=50: None

---- step 6: the weight-bearing step, tested adversarially ----
[PASS] 6a. every branch point of the mod-p propagation has root set exactly {0,1}
    (a non-boolean branch would be a continuous knob and would refute the claim)
        non-boolean branch points found: 0 []
[PASS] 6b. propagation is confluent (same result on repeat); every non-decision
    assignment came from a unit clause, so A and B are a FUNCTION OF THE
    BOOLEAN DECISIONS ALONE
        identical=True
[PASS] 6c. MECHANISM TEST (corrected): the accumulator is ADVICE, not a derived value --
    switching on extra selectors RELEASES (x1,y1).  Setting the released
    accumulator to the elliptic-curve partial sum of the switched-on ladder
    points, computed independently, CLOSES the rung it created.
    If the circuit computed anything other than the ladder, this fails.
        matched 3/3
          trio [35179, 35839, 14808]: (x1,y1) not released -- skipped
          trio [14039, 36314, 14601]: the RELEASED accumulator (x1,y1), set to the independently computed EC sum P_36314 (+) P_14601, closes its rung; 3 atoms remain: [17810, 17813, 17816]
          trio [5651, 35062, 22623]: the RELEASED accumulator (x1,y1), set to the independently computed EC sum P_35062 (+) P_22623, closes its rung; 0 atoms remain: []
          trio [10428, 5630, 2081]: the RELEASED accumulator (x1,y1), set to the independently computed EC sum P_5630 (+) P_2081, closes its rung; 3 atoms remain: [17810, 17813, 17816]
[PASS] 6c2. ADVERSARIAL ESCAPE ATTEMPT: switch OFF the selector that pins (x2,y2) so
     that (x2,y2) becomes a FREE advice value, and set it to T (-) acc so that
     A = B = 0 outright.  It works -- and three NEW check atoms fire, which
     decompile to the SAME `m*A' + m'*B'` form on a different ladder rung.
        A=0 B=0 (both zero), new violated atoms=3: ['a24121: X12000 - (X21219 + X22131)', 'a24124: X12926 - (X31730 + X36524)', 'a31069: X21364 - (X6711 + X2853)']
        => freeing an advice coordinate does not remove the constraint, it relocates it.
[PASS] 6d. every one of the 512 conditional-pin handles is forced to 0 mod p, so an
    active pin fixes its advice value EXACTLY mod p (no continuous knob).
    A single handle that were free mod p would refute the reduction.
        conditional pins=512  handles not forced 0 mod p=0
[PASS] 6e. ADVERSARIAL: releasing a coordinate (switch on one more selector) makes
    A=B=0 SOLVABLE -- and re-introduces the identical gadget one rung up the
    ladder.  The constraint is invariant; only its position moves.
        selector X47 released (x1,y1) with 0 conflicts;
        solving the cubic for (x1,y1) gives A=0 B=0 (both zero),
        and exactly 3 NEW violated atoms appear: [19520, 19523, 19526]
        -- the same `X_k - m_k*X_j` triple, now for the previous ladder rung.

---- WHAT THIS CERTIFICATE DOES AND DOES NOT ESTABLISH ----

ESTABLISHED (steps 1-6):
  If an assignment makes ALL 40,885 atoms vanish, then the 256 selector bits b_i
  satisfy  sum_i b_i * 2^i * G = T  on y^2 = x^3 + b over p, whose group order N
  is a 256-bit prime with embedding degree > 50 and trace 432420386565659656852420866390673177327.
  Finding such b is a 256-bit ECDLP.  Best known cost: Pollard rho,
  ~sqrt(pi*N/4) ~= 2^127 group operations.  That is the honest price.

NOT ESTABLISHED (the one gap, stated plainly):
  "all atoms vanish" is SUFFICIENT for all 39,033 equations but not NECESSARY.
  Each equation is an integer combination of 3-24 atoms, so nonzero atoms may
  cancel.  1853 atoms occur in exactly one equation, and the 39,026 witness
  itself has 9 nonzero atoms.  To close the gap one must show no atom vector in
  the image of the atom map, other than 0, kills every equation -- that is the
  compensation-closure question, and it is open.
  So the precise status is: THE INSTANCE CONTAINS A 256-BIT ECDLP ON ITS
  ALL-ATOMS-ZERO BRANCH.  Every construction anyone has run lives on that branch,
  which is why the 39,026 floor has never moved.


VERDICT: 15/15 steps PASS  -> CERTIFICATE HOLDS
