eq8680: 18 atoms.  Candidate knob GROUPS (all atoms of one variable):
   knob X22526: group (11776,) (1 new atoms) net effect on eq8680 core = -4052723123306066839824984475304076774864449463297419741381015440276809213508205
   knob X950: group (20290,) (1 new atoms) net effect on eq8680 core = -2894802230932904885589274625217197696331749616641014100986439600197720866791575
   knob X15120: group (20292,) (1 new atoms) net effect on eq8680 core = -2894802230932904885589274625217197696331749616641014100986439600197720866791575
   knob X35531: group (20294,) (1 new atoms) net effect on eq8680 core = -115792089237316195423570985008687907853269984665640564039457584007908834671663
   knob X34868: group (11778,) (1 new atoms) net effect on eq8680 core = 1621089249322426735929993790121630709945779785318967896552406176110723685403282
   knob X6947: group (23435,) (1 new atoms) net effect on eq8680 core = -694752535423897172541425910052127447119619907993843384236745504047453008029978
   knob X33168: group (23437,) (1 new atoms) net effect on eq8680 core = 2431633873983640103894990685182446064918669677978451844828609264166085528104923
   knob X10422: group (11772,) (1 new atoms) net effect on eq8680 core = -2663218052458272494742132655199821880625209647309732972907524432181903197448249
   knob X11099: group (11774,) (1 new atoms) net effect on eq8680 core = -2315841784746323908471419700173758157065399693312811280789151680158176693433260
   knob X23822: group (11776, 11777) (2 new atoms) net effect on eq8680 core = 18
   knob X6247: group (11777, 38669) (2 new atoms) net effect on eq8680 core = 0
   knob X9629: group (20290, 20291) (2 new atoms) net effect on eq8680 core = -13523972
   knob X9106: group (7554, 20291) (2 new atoms) net effect on eq8680 core = 0
   knob X18253: group (20292, 20293) (2 new atoms) net effect on eq8680 core = -3
   knob X37720: group (20294, 20295) (2 new atoms) net effect on eq8680 core = 5
   knob X7945: group (11778, 11779) (2 new atoms) net effect on eq8680 core = -14
   knob X19964: group (1631, 23434) (1 new atoms) net effect on eq8680 core = -1
   knob X23754: group (23435, 23436) (2 new atoms) net effect on eq8680 core = -9
   knob X2239: group (8953, 23436) (2 new atoms) net effect on eq8680 core = 0
   knob X37413: group (11774, 11775) (2 new atoms) net effect on eq8680 core = 229007513
   knob X37254: group (11775, 11917) (2 new atoms) net effect on eq8680 core = 27
   knob X13502: group (20293, 20295, 30856) (3 new atoms) net effect on eq8680 core = 0
   knob X8976: group (11915, 11927, 20295) (3 new atoms) net effect on eq8680 core = -39978124
   knob X35619: group (23437, 23438, 35830) (3 new atoms) net effect on eq8680 core = -34
   knob X31731: group (7551, 23438, 35829) (3 new atoms) net effect on eq8680 core = 0
   knob X23642: group (11772, 11773, 34814) (3 new atoms) net effect on eq8680 core = 18
   knob X30108: group (11773, 34813, 36618) (3 new atoms) net effect on eq8680 core = 5
   knob X15324: group (11775, 22331, 33707) (3 new atoms) net effect on eq8680 core = -27
   knob X3629: group (11921, 13644, 20293, 30859) (4 new atoms) net effect on eq8680 core = 28
   knob X4432: group (2427, 22331, 23434, 33706) (3 new atoms) net effect on eq8680 core = 1
   knob X34600: group (11773, 18074, 22330, 34813, 38498) (5 new atoms) net effect on eq8680 core = -5
   knob X16495: group (7559, 11777, 11779, 11781, 11915, 30856, 30859, 33754) (8 new atoms) net effect on eq8680 core = 0
   knob X21279: group (1629, 19227, 20291, 23436, 23438, 35829, 36502, 36505) (8 new atoms) net effect on eq8680 core = 3405888503703472915740997102626013224787535821332548914579068112446735778692668309438580099481740952947632210163036595519126745705228830302286168106322540329239866496330120021381027897278559024667905994324353316121888203968400428234109558815194078710809690339880892282684447759985653593322132021146066173723927438423864636601142421289057064115649196425492890001543435679254550570501912806677297631472400367164469214270165901706622777127387596168367942773350673650995288424055809101731380720812069662965343676837588081806530772410166780988158934043921308952244976617087824216495822681057843025944138996792303525762308108447652067496310553470594880403980726990164573837031911047644074389922884035363909151638377741195077694560139069243609293069042391565355671695273325306879971400511985239207080557758720585987611651137425583350547208606372905352170822869804529357398334778273051100727828777344361119750912387174803217
   knob X30095: group (968, 1680, 3022, 4441, 7859, 13514, 13557, 14598, 17629, 20181, 20290, 21041, 27140, 27424, 30179, 31738, 33332, 38803) (18 new atoms) net effect on eq8680 core = 0
   knob X34660: group (1688, 4449, 7867, 9580, 11338, 11774, 12028, 17637, 18996, 20185, 20303, 20836, 21183, 25791, 27971, 30383, 31741, 36743) (18 new atoms) net effect on eq8680 core = 0
   knob X29084: group (1031, 4293, 7944, 8062, 9584, 11342, 11778, 12032, 17069, 20187, 20307, 20673, 21187, 25795, 30387, 33311, 33847, 36509, 38821) (19 new atoms) net effect on eq8680 core = 0
   knob X26874: group (964, 1676, 3018, 4437, 6507, 7855, 13482, 13510, 13553, 14594, 16884, 17625, 21037, 23435, 24784, 27420, 28177, 31734, 33831) (19 new atoms) net effect on eq8680 core = 0
   knob X14466: group (972, 1684, 2011, 2701, 2963, 3026, 4445, 7863, 12024, 13518, 14602, 17633, 20183, 20294, 20299, 27144, 27967, 30135, 30183, 38295) (20 new atoms) net effect on eq8680 core = 0
   knob X24490: group (259, 966, 1678, 3020, 4439, 7857, 13483, 13512, 13555, 14596, 17627, 21039, 23437, 24786, 27422, 28179, 30177, 31736, 37836, 38801) (20 new atoms) net effect on eq8680 core = 0
   knob X8173: group (974, 1686, 2013, 2703, 4447, 6509, 7865, 11772, 12026, 17142, 17635, 18994, 20184, 20301, 21181, 25789, 27969, 30185, 31739, 38235) (20 new atoms) net effect on eq8680 core = 0
   knob X30754: group (813, 1029, 7942, 9582, 11340, 11776, 12030, 17073, 17639, 20186, 20189, 20305, 20838, 21185, 25793, 27973, 30385, 31743, 32191, 33206, 36507) (21 new atoms) net effect on eq8680 core = 0
   knob X4339: group (25, 970, 1682, 2009, 2699, 3024, 4443, 7861, 9283, 13516, 14600, 17050, 17089, 17631, 20182, 20292, 21043, 27142, 27426, 30133, 30181, 31777, 38805) (23 new atoms) net effect on eq8680 core = 0

single groups added to the deliverable's support + a23434:
