base support [23432, 23433, 36225, 36226, 36227, 36228, 36229, 37537, 37538, 23434]: |E|=13
  X19964   add=(1631,)                      |E|= 27 (+14 new) knobs= 9 forced=0 active=27 nodes=  2068   11s  minfail > 6  (cannot beat 39,026)
  X4432    add=(2427, 22331, 33706)         |E|= 40 (+27 new) knobs= 9 forced=0 active=40 nodes=  2862   15s  minfail > 6  (cannot beat 39,026)
  X6947    add=(23435,)                     |E|= 14 (+ 1 new) knobs= 9 forced=0 active=14 nodes=   768    3s  minfail > 6  (cannot beat 39,026)
  X33168   add=(23437,)                     |E|= 16 (+ 3 new) knobs= 9 forced=0 active=16 nodes=   768    2s  minfail > 6  (cannot beat 39,026)
  X10422   add=(11772,)                     |E|= 22 (+ 9 new) knobs= 9 forced=0 active=22 nodes=  3813   17s  minfail > 6  (cannot beat 39,026)
  X11099   add=(11774,)                     |E|= 24 (+11 new) knobs= 9 forced=0 active=24 nodes=  5331   28s  minfail > 6  (cannot beat 39,026)
  X22526   add=(11776,)                     |E|= 25 (+12 new) knobs= 9 forced=0 active=25 nodes=  5331   36s  minfail > 6  (cannot beat 39,026)
  X34868   add=(11778,)                     |E|= 27 (+14 new) knobs= 9 forced=0 active=27 nodes=  5331   30s  minfail > 6  (cannot beat 39,026)
  X950     add=(20290,)                     |E|= 18 (+ 5 new) knobs= 9 forced=0 active=18 nodes=  1770    8s  minfail > 6  (cannot beat 39,026)
  X15120   add=(20292,)                     |E|= 20 (+ 7 new) knobs= 9 forced=0 active=20 nodes=  1770    8s  minfail > 6  (cannot beat 39,026)
  X35531   add=(20294,)                     |E|= 21 (+ 8 new) knobs= 9 forced=0 active=21 nodes=  2593   13s  minfail > 6  (cannot beat 39,026)
  X18253   add=(20292, 20293)               |E|= 21 (+ 8 new) knobs=10 forced=0 active=21 nodes=  2821   20s  minfail > 6  (cannot beat 39,026)
  X37720   add=(20294, 20295)               |E|= 22 (+ 9 new) knobs=10 forced=0 active=22 nodes=  2821   19s  minfail > 6  (cannot beat 39,026)
  X23822   add=(11776, 11777)               |E|= 26 (+13 new) knobs=10 forced=0 active=26 nodes=  5331   37s  minfail > 6  (cannot beat 39,026)
  X7945    add=(11778, 11779)               |E|= 28 (+15 new) knobs=10 forced=0 active=28 nodes=  7294   58s  minfail > 6  (cannot beat 39,026)
  X9629    add=(20290, 20291)               |E|= 19 (+ 6 new) knobs=10 forced=0 active=19 nodes=  2068   16s  minfail > 6  (cannot beat 39,026)
  X37413   add=(11774, 11775)               |E|= 25 (+12 new) knobs=10 forced=0 active=25 nodes=  5518   47s  minfail > 6  (cannot beat 39,026)
  X37254   add=(11775, 11917)               |E|= 42 (+29 new) knobs= 9 forced=0 active=42 nodes= 14591  110s  minfail > 6  (cannot beat 39,026)
  X35619   add=(23437, 23438, 35830)        |E|= 17 (+ 4 new) knobs=10 forced=0 active=17 nodes=  1691   10s  minfail > 6  (cannot beat 39,026)
  X23642   add=(11772, 11773, 34814)        |E|= 23 (+10 new) knobs=10 forced=0 active=23 nodes=  5518   41s  minfail > 6  (cannot beat 39,026)
  X30108   add=(11773, 34813, 36618)        |E|= 37 (+24 new) knobs= 9 forced=0 active=37 nodes=  6641   41s  minfail > 6  (cannot beat 39,026)
  X15324   add=(11775, 22331, 33707)        |E|= 44 (+31 new) knobs= 9 forced=0 active=39 nodes=  7587   46s  minfail > 6  (cannot beat 39,026)

pairs of the cheapest groups:
  X19964+X4432 add=(1631, 2427, 22331, 33706)   |E|= 54 (+41 new) knobs=10 forced=0 active=54 nodes=  6790   57s  minfail > 6  (cannot beat 39,026)
  X19964+X6947 add=(1631, 23435)                |E|= 28 (+15 new) knobs=10 forced=0 active=28 nodes=  2068   11s  minfail > 6  (cannot beat 39,026)
  X19964+X33168 add=(1631, 23437)                |E|= 30 (+17 new) knobs=10 forced=0 active=30 nodes=  2068   12s  minfail > 6  (cannot beat 39,026)
  X19964+X10422 add=(1631, 11772)                |E|= 36 (+23 new) knobs=10 forced=0 active=36 nodes=  8685   92s  minfail > 6  (cannot beat 39,026)
  X19964+X11099 add=(1631, 11774)                |E|= 38 (+25 new) knobs=10 forced=0 active=38 nodes= 11499  137s  minfail > 6  (cannot beat 39,026)
  X19964+X22526 add=(1631, 11776)                |E|= 39 (+26 new) knobs=10 forced=0 active=39 nodes= 11499   99s  minfail > 6  (cannot beat 39,026)
  X19964+X34868 add=(1631, 11778)                |E|= 41 (+28 new) knobs=10 forced=0 active=41 nodes= 11499   86s  minfail > 6  (cannot beat 39,026)
  X19964+X950 add=(1631, 20290)                |E|= 32 (+19 new) knobs=10 forced=0 active=32 nodes=  4443   30s  minfail > 6  (cannot beat 39,026)
  X19964+X15120 add=(1631, 20292)                |E|= 34 (+21 new) knobs=10 forced=0 active=34 nodes=  4443   24s  minfail > 6  (cannot beat 39,026)
  X19964+X35531 add=(1631, 20294)                |E|= 35 (+22 new) knobs=10 forced=0 active=35 nodes=  6190   45s  minfail > 6  (cannot beat 39,026)
  X19964+X18253 add=(1631, 20292, 20293)         |E|= 35 (+22 new) knobs=11 forced=0 active=35 nodes=  6813   61s  minfail > 6  (cannot beat 39,026)
  X4432+X6947 add=(2427, 22331, 23435, 33706)  |E|= 41 (+28 new) knobs=10 forced=0 active=41 nodes=  2862   20s  minfail > 6  (cannot beat 39,026)
  X4432+X33168 add=(2427, 22331, 23437, 33706)  |E|= 43 (+30 new) knobs=10 forced=0 active=43 nodes=  2862   20s  minfail > 6  (cannot beat 39,026)
  X4432+X10422 add=(2427, 11772, 22331, 33706)  |E|= 49 (+36 new) knobs=10 forced=0 active=49 nodes= 11022  121s  minfail > 6  (cannot beat 39,026)
  X4432+X11099 add=(2427, 11774, 22331, 33706)  |E|= 51 (+38 new) knobs=10 forced=0 active=51 nodes= 14126  126s  minfail > 6  (cannot beat 39,026)
  X4432+X22526 add=(2427, 11776, 22331, 33706)  |E|= 52 (+39 new) knobs=10 forced=0 active=52 nodes= 14126  109s  minfail > 6  (cannot beat 39,026)
  X4432+X34868 add=(2427, 11778, 22331, 33706)  |E|= 54 (+41 new) knobs=10 forced=0 active=54 nodes= 14126  101s  minfail > 6  (cannot beat 39,026)
  X4432+X950 add=(2427, 20290, 22331, 33706)  |E|= 45 (+32 new) knobs=10 forced=0 active=45 nodes=  5856   40s  minfail > 6  (cannot beat 39,026)
  X4432+X15120 add=(2427, 20292, 22331, 33706)  |E|= 47 (+34 new) knobs=10 forced=0 active=47 nodes=  5856   44s  minfail > 6  (cannot beat 39,026)
  X4432+X35531 add=(2427, 20294, 22331, 33706)  |E|= 48 (+35 new) knobs=10 forced=0 active=48 nodes=  7992   66s  minfail > 6  (cannot beat 39,026)
  X4432+X18253 add=(2427, 20292, 20293, 22331, 33706) |E|= 48 (+35 new) knobs=11 forced=0 active=48 nodes=  8824   87s  minfail > 6  (cannot beat 39,026)
  X6947+X33168 add=(23435, 23437)               |E|= 16 (+ 3 new) knobs=10 forced=0 active=16 nodes=   768    2s  minfail > 6  (cannot beat 39,026)
  X6947+X10422 add=(11772, 23435)               |E|= 22 (+ 9 new) knobs=10 forced=0 active=22 nodes=  3813   19s  minfail > 6  (cannot beat 39,026)
  X6947+X11099 add=(11774, 23435)               |E|= 24 (+11 new) knobs=10 forced=0 active=24 nodes=  5331   27s  minfail > 6  (cannot beat 39,026)
  X6947+X22526 add=(11776, 23435)               |E|= 25 (+12 new) knobs=10 forced=0 active=25 nodes=  5331   24s  minfail > 6  (cannot beat 39,026)
  X6947+X34868 add=(11778, 23435)               |E|= 27 (+14 new) knobs=10 forced=0 active=27 nodes=  5331   22s  minfail > 6  (cannot beat 39,026)
  X6947+X950 add=(20290, 23435)               |E|= 18 (+ 5 new) knobs=10 forced=0 active=18 nodes=  1770    7s  minfail > 6  (cannot beat 39,026)
  X6947+X15120 add=(20292, 23435)               |E|= 20 (+ 7 new) knobs=10 forced=0 active=20 nodes=  1770    7s  minfail > 6  (cannot beat 39,026)
  X6947+X35531 add=(20294, 23435)               |E|= 21 (+ 8 new) knobs=10 forced=0 active=21 nodes=  2593    9s  minfail > 6  (cannot beat 39,026)
  X6947+X18253 add=(20292, 20293, 23435)        |E|= 21 (+ 8 new) knobs=11 forced=0 active=21 nodes=  2821   15s  minfail > 6  (cannot beat 39,026)
  X33168+X10422 add=(11772, 23437)               |E|= 23 (+10 new) knobs=10 forced=0 active=23 nodes=  3813   18s  minfail > 6  (cannot beat 39,026)
  X33168+X11099 add=(11774, 23437)               |E|= 25 (+12 new) knobs=10 forced=0 active=25 nodes=  5331   26s  minfail > 6  (cannot beat 39,026)
  X33168+X22526 add=(11776, 23437)               |E|= 26 (+13 new) knobs=10 forced=0 active=26 nodes=  5331   24s  minfail > 6  (cannot beat 39,026)
  X33168+X34868 add=(11778, 23437)               |E|= 28 (+15 new) knobs=10 forced=0 active=28 nodes=  5331   32s  minfail > 6  (cannot beat 39,026)
  X33168+X950 add=(20290, 23437)               |E|= 18 (+ 5 new) knobs=10 forced=0 active=18 nodes=  1770    8s  minfail > 6  (cannot beat 39,026)
  X33168+X15120 add=(20292, 23437)               |E|= 20 (+ 7 new) knobs=10 forced=0 active=20 nodes=  1770    8s  minfail > 6  (cannot beat 39,026)
  X33168+X35531 add=(20294, 23437)               |E|= 22 (+ 9 new) knobs=10 forced=0 active=22 nodes=  2593   13s  minfail > 6  (cannot beat 39,026)
  X33168+X18253 add=(20292, 20293, 23437)        |E|= 21 (+ 8 new) knobs=11 forced=0 active=21 nodes=  2821   16s  minfail > 6  (cannot beat 39,026)
  X10422+X11099 add=(11772, 11774)               |E|= 24 (+11 new) knobs=10 forced=0 active=24 nodes=  5331   30s  minfail > 6  (cannot beat 39,026)
  X10422+X22526 add=(11772, 11776)               |E|= 26 (+13 new) knobs=10 forced=0 active=26 nodes=  5331   45s  minfail > 6  (cannot beat 39,026)
  X10422+X34868 add=(11772, 11778)               |E|= 28 (+15 new) knobs=10 forced=0 active=28 nodes=  5331   33s  minfail > 6  (cannot beat 39,026)
  X10422+X950 add=(11772, 20290)               |E|= 23 (+10 new) knobs=10 forced=0 active=23 nodes=  3813   19s  minfail > 6  (cannot beat 39,026)
  X10422+X15120 add=(11772, 20292)               |E|= 24 (+11 new) knobs=10 forced=0 active=24 nodes=  3813   20s  minfail > 6  (cannot beat 39,026)
  X10422+X35531 add=(11772, 20294)               |E|= 23 (+10 new) knobs=10 forced=0 active=23 nodes=  3813   19s  minfail > 6  (cannot beat 39,026)
  X10422+X18253 add=(11772, 20292, 20293)        |E|= 24 (+11 new) knobs=11 forced=0 active=24 nodes=  4221   26s  minfail > 6  (cannot beat 39,026)
  X11099+X22526 add=(11774, 11776)               |E|= 26 (+13 new) knobs=10 forced=0 active=26 nodes=  5331   28s  minfail > 6  (cannot beat 39,026)
  X11099+X34868 add=(11774, 11778)               |E|= 28 (+15 new) knobs=10 forced=0 active=28 nodes=  5331   28s  minfail > 6  (cannot beat 39,026)
  X11099+X950 add=(11774, 20290)               |E|= 25 (+12 new) knobs=10 forced=0 active=25 nodes=  5331   30s  minfail > 6  (cannot beat 39,026)
  X11099+X15120 add=(11774, 20292)               |E|= 26 (+13 new) knobs=10 forced=0 active=26 nodes=  5331   31s  minfail > 6  (cannot beat 39,026)
  X11099+X35531 add=(11774, 20294)               |E|= 25 (+12 new) knobs=10 forced=0 active=25 nodes=  5331   31s  minfail > 6  (cannot beat 39,026)
  X11099+X18253 add=(11774, 20292, 20293)        |E|= 26 (+13 new) knobs=11 forced=0 active=26 nodes=  5912   40s  minfail > 6  (cannot beat 39,026)
  X22526+X34868 add=(11776, 11778)               |E|= 27 (+14 new) knobs=10 forced=0 active=27 nodes=  5331   26s  minfail > 6  (cannot beat 39,026)
  X22526+X950 add=(11776, 20290)               |E|= 26 (+13 new) knobs=10 forced=0 active=26 nodes=  5331   25s  minfail > 6  (cannot beat 39,026)
  X22526+X15120 add=(11776, 20292)               |E|= 27 (+14 new) knobs=10 forced=0 active=27 nodes=  5331   25s  minfail > 6  (cannot beat 39,026)
  X22526+X35531 add=(11776, 20294)               |E|= 26 (+13 new) knobs=10 forced=0 active=26 nodes=  5331   25s  minfail > 6  (cannot beat 39,026)
  X22526+X18253 add=(11776, 20292, 20293)        |E|= 27 (+14 new) knobs=11 forced=0 active=27 nodes=  5912   38s  minfail > 6  (cannot beat 39,026)
  X34868+X950 add=(11778, 20290)               |E|= 28 (+15 new) knobs=10 forced=0 active=28 nodes=  5331   27s  minfail > 6  (cannot beat 39,026)
  X34868+X15120 add=(11778, 20292)               |E|= 29 (+16 new) knobs=10 forced=0 active=29 nodes=  5331   24s  minfail > 6  (cannot beat 39,026)
  X34868+X35531 add=(11778, 20294)               |E|= 28 (+15 new) knobs=10 forced=0 active=28 nodes=  5331   25s  minfail > 6  (cannot beat 39,026)
  X34868+X18253 add=(11778, 20292, 20293)        |E|= 29 (+16 new) knobs=11 forced=0 active=29 nodes=  5912   35s  minfail > 6  (cannot beat 39,026)
  X950+X15120 add=(20290, 20292)               |E|= 20 (+ 7 new) knobs=10 forced=0 active=20 nodes=  1770    5s  minfail > 6  (cannot beat 39,026)
  X950+X35531 add=(20290, 20294)               |E|= 22 (+ 9 new) knobs=10 forced=0 active=22 nodes=  2593    9s  minfail > 6  (cannot beat 39,026)
  X950+X18253 add=(20290, 20292, 20293)        |E|= 21 (+ 8 new) knobs=11 forced=0 active=21 nodes=  2821   14s  minfail > 6  (cannot beat 39,026)
  X15120+X35531 add=(20292, 20294)               |E|= 22 (+ 9 new) knobs=10 forced=0 active=22 nodes=  2593    9s  minfail > 6  (cannot beat 39,026)
  X15120+X18253 add=(20292, 20293)               |E|= 21 (+ 8 new) knobs=10 forced=0 active=21 nodes=  2821   16s  minfail > 6  (cannot beat 39,026)
  X35531+X18253 add=(20292, 20293, 20294)        |E|= 22 (+ 9 new) knobs=11 forced=0 active=22 nodes=  2821   15s  minfail > 6  (cannot beat 39,026)

done
