maximal frame: free=8812 checks=12331  built 0.8s
CAL score=39026 deficit=4 rank=7
--- ALL 65 singletons ---
  *** WIN D=[642] deficit=4 rank=8 score=39020
  *** WIN D=[986] deficit=4 rank=8 score=39020
  *** WIN D=[2099] deficit=4 rank=8 score=39020
  *** WIN D=[2239] deficit=4 rank=8 score=39020
  *** WIN D=[3177] deficit=4 rank=8 score=39020
  *** WIN D=[4339] deficit=4 rank=8 score=39020
  *** WIN D=[5282] deficit=4 rank=8 score=39020
  *** WIN D=[5370] deficit=4 rank=8 score=39020
  *** WIN D=[6247] deficit=4 rank=8 score=39020
  *** WIN D=[7075] deficit=4 rank=8 score=39020
  *** WIN D=[7945] deficit=4 rank=8 score=39020
  *** WIN D=[8173] deficit=4 rank=8 score=39020
  *** WIN D=[9062] deficit=4 rank=8 score=39020
  *** WIN D=[9106] deficit=4 rank=8 score=39020
  *** WIN D=[9325] deficit=4 rank=8 score=39020
  *** WIN D=[9629] deficit=4 rank=8 score=39020
  *** WIN D=[11985] deficit=4 rank=8 score=39020
  *** WIN D=[13502] deficit=4 rank=8 score=39020
  *** WIN D=[14466] deficit=4 rank=8 score=39020
  *** WIN D=[15963] deficit=4 rank=8 score=39020
  *** WIN D=[16495] deficit=4 rank=8 score=39020
  *** WIN D=[16543] deficit=4 rank=8 score=39020
  *** WIN D=[17499] deficit=4 rank=8 score=39020
  *** WIN D=[18253] deficit=4 rank=8 score=39020
  *** WIN D=[18822] deficit=4 rank=8 score=39020
  *** WIN D=[19892] deficit=4 rank=8 score=39020
  *** WIN D=[19964] deficit=4 rank=8 score=39020
  *** WIN D=[20434] deficit=4 rank=8 score=39020
  *** WIN D=[20473] deficit=4 rank=8 score=39020
  *** WIN D=[20492] deficit=4 rank=8 score=39020
  *** WIN D=[21279] deficit=4 rank=8 score=39020
  *** WIN D=[22665] deficit=4 rank=8 score=39020
  *** WIN D=[23642] deficit=4 rank=8 score=39020
  *** WIN D=[23754] deficit=4 rank=8 score=39020
  *** WIN D=[23822] deficit=4 rank=8 score=39020
  *** WIN D=[24425] deficit=4 rank=8 score=39020
  *** WIN D=[24490] deficit=4 rank=8 score=39020
  *** WIN D=[25297] deficit=4 rank=8 score=39020
  *** WIN D=[26064] deficit=4 rank=8 score=39020
  *** WIN D=[26874] deficit=4 rank=8 score=39020
  *** WIN D=[28599] deficit=4 rank=8 score=39020
  *** WIN D=[28961] deficit=4 rank=8 score=39020
  *** WIN D=[28969] deficit=4 rank=8 score=39020
  *** WIN D=[29084] deficit=4 rank=8 score=39020
  *** WIN D=[29155] deficit=4 rank=8 score=39020
  *** WIN D=[29854] deficit=4 rank=8 score=39020
  *** WIN D=[30095] deficit=4 rank=8 score=39020
  *** WIN D=[30108] deficit=4 rank=8 score=39020
  *** WIN D=[30754] deficit=4 rank=8 score=39020
  *** WIN D=[30763] deficit=4 rank=8 score=39020
  *** WIN D=[31731] deficit=4 rank=8 score=39020
  *** WIN D=[31864] deficit=4 rank=8 score=39020
  *** WIN D=[33347] deficit=4 rank=8 score=39020
  *** WIN D=[33989] deficit=4 rank=8 score=39020
  *** WIN D=[34660] deficit=4 rank=8 score=39020
  *** WIN D=[34952] deficit=4 rank=8 score=39020
  *** WIN D=[35619] deficit=4 rank=8 score=39020
  *** WIN D=[36136] deficit=4 rank=8 score=39020
  *** WIN D=[36473] deficit=4 rank=8 score=39020
  *** WIN D=[37158] deficit=4 rank=8 score=39020
  *** WIN D=[37254] deficit=4 rank=8 score=39020
  *** WIN D=[37280] deficit=4 rank=8 score=39020
  *** WIN D=[37413] deficit=4 rank=8 score=39020
  *** WIN D=[37720] deficit=4 rank=8 score=39020
  done 26s  best gap -4
--- ALL 2080 pairs ---
  *** WIN D=[642, 986] deficit=4 rank=8 score=39020
  *** WIN D=[642, 2099] deficit=4 rank=8 score=39020
  *** WIN D=[642, 2239] deficit=4 rank=8 score=39020
  *** WIN D=[642, 3177] deficit=4 rank=8 score=39020
  *** WIN D=[642, 4339] deficit=4 rank=8 score=39020
  *** WIN D=[642, 5282] deficit=4 rank=8 score=39020
  *** WIN D=[642, 5370] deficit=4 rank=8 score=39020
  *** WIN D=[642, 6247] deficit=4 rank=8 score=39020
  *** WIN D=[642, 7075] deficit=4 rank=8 score=39020
  *** WIN D=[642, 7945] deficit=4 rank=8 score=39020
  *** WIN D=[642, 8173] deficit=4 rank=8 score=39020
  *** WIN D=[642, 9062] deficit=4 rank=8 score=39020
  *** WIN D=[642, 9106] deficit=4 rank=8 score=39020
  *** WIN D=[642, 9325] deficit=4 rank=8 score=39020
  *** WIN D=[642, 9629] deficit=4 rank=8 score=39020
  *** WIN D=[642, 11985] deficit=4 rank=8 score=39020
  *** WIN D=[642, 13502] deficit=4 rank=8 score=39020
  *** WIN D=[642, 14466] deficit=4 rank=8 score=39020
  *** WIN D=[642, 15963] deficit=4 rank=8 score=39020
  *** WIN D=[642, 16495] deficit=4 rank=8 score=39020
  *** WIN D=[642, 16543] deficit=4 rank=8 score=39020
  *** WIN D=[642, 17499] deficit=4 rank=8 score=39020
  *** WIN D=[642, 18253] deficit=4 rank=8 score=39020
  *** WIN D=[642, 18822] deficit=4 rank=8 score=39020
  *** WIN D=[642, 19892] deficit=4 rank=8 score=39020
  *** WIN D=[642, 19964] deficit=4 rank=8 score=39020
  *** WIN D=[642, 20434] deficit=4 rank=8 score=39020
  *** WIN D=[642, 20473] deficit=4 rank=8 score=39020
  *** WIN D=[642, 20492] deficit=4 rank=8 score=39020
  *** WIN D=[642, 21279] deficit=4 rank=8 score=39020
  *** WIN D=[642, 22665] deficit=4 rank=8 score=39020
  *** WIN D=[642, 23642] deficit=4 rank=8 score=39020
  *** WIN D=[642, 23754] deficit=4 rank=8 score=39020
  *** WIN D=[642, 23822] deficit=4 rank=8 score=39020
  *** WIN D=[642, 24425] deficit=4 rank=8 score=39020
  *** WIN D=[642, 24490] deficit=4 rank=8 score=39020
  *** WIN D=[642, 25297] deficit=4 rank=8 score=39020
  *** WIN D=[642, 26064] deficit=4 rank=8 score=39020
  *** WIN D=[642, 26874] deficit=4 rank=8 score=39020
  *** WIN D=[642, 28599] deficit=4 rank=8 score=39020
  *** WIN D=[642, 28961] deficit=4 rank=8 score=39020
  *** WIN D=[642, 28969] deficit=4 rank=8 score=39020
  *** WIN D=[642, 29084] deficit=4 rank=8 score=39020
  *** WIN D=[642, 29155] deficit=4 rank=8 score=39020
  *** WIN D=[642, 29854] deficit=4 rank=8 score=39020
  *** WIN D=[642, 30095] deficit=4 rank=8 score=39020
  *** WIN D=[642, 30108] deficit=4 rank=8 score=39020
  *** WIN D=[642, 30754] deficit=4 rank=8 score=39020
  *** WIN D=[642, 30763] deficit=4 rank=8 score=39020
  *** WIN D=[642, 31731] deficit=4 rank=8 score=39020
  *** WIN D=[642, 31864] deficit=4 rank=8 score=39020
  *** WIN D=[642, 33347] deficit=4 rank=8 score=39020
  *** WIN D=[642, 33989] deficit=4 rank=8 score=39020
  *** WIN D=[642, 34660] deficit=4 rank=8 score=39020
  *** WIN D=[642, 34952] deficit=4 rank=8 score=39020
  *** WIN D=[642, 35619] deficit=4 rank=8 score=39020
  *** WIN D=[642, 36136] deficit=4 rank=8 score=39020
  *** WIN D=[642, 36473] deficit=4 rank=8 score=39020
  *** WIN D=[642, 37158] deficit=4 rank=8 score=39020
  *** WIN D=[642, 37254] deficit=4 rank=8 score=39020
  *** WIN D=[642, 37280] deficit=4 rank=8 score=39020
  *** WIN D=[642, 37413] deficit=4 rank=8 score=39020
  *** WIN D=[642, 37720] deficit=4 rank=8 score=39020
   0/65 96s
  *** WIN D=[986, 2099] deficit=4 rank=8 score=39020
  *** WIN D=[986, 2239] deficit=4 rank=8 score=39020
  *** WIN D=[986, 3177] deficit=4 rank=8 score=39020
  *** WIN D=[986, 4339] deficit=4 rank=8 score=39020
  *** WIN D=[986, 5282] deficit=4 rank=8 score=39020
  *** WIN D=[986, 5370] deficit=4 rank=8 score=39020
  *** WIN D=[986, 6247] deficit=4 rank=8 score=39020
  *** WIN D=[986, 7075] deficit=4 rank=8 score=39020
  *** WIN D=[986, 7945] deficit=4 rank=8 score=39020
  *** WIN D=[986, 8173] deficit=4 rank=8 score=39020
  *** WIN D=[986, 9062] deficit=4 rank=8 score=39020
  *** WIN D=[986, 9106] deficit=4 rank=8 score=39020
  *** WIN D=[986, 9325] deficit=4 rank=8 score=39020
  *** WIN D=[986, 9629] deficit=4 rank=8 score=39020
  *** WIN D=[986, 11985] deficit=4 rank=8 score=39020
  *** WIN D=[986, 13502] deficit=4 rank=8 score=39020
  *** WIN D=[986, 14466] deficit=4 rank=8 score=39020
  *** WIN D=[986, 15963] deficit=4 rank=8 score=39020
  *** WIN D=[986, 16495] deficit=4 rank=8 score=39020
  *** WIN D=[986, 16543] deficit=4 rank=8 score=39020
  *** WIN D=[986, 17499] deficit=4 rank=8 score=39020
  *** WIN D=[986, 18253] deficit=4 rank=8 score=39020
  *** WIN D=[986, 18822] deficit=4 rank=8 score=39020
  *** WIN D=[986, 19892] deficit=4 rank=8 score=39020
  *** WIN D=[986, 19964] deficit=4 rank=8 score=39020
  *** WIN D=[986, 20434] deficit=4 rank=8 score=39020
  *** WIN D=[986, 20473] deficit=4 rank=8 score=39020
  *** WIN D=[986, 20492] deficit=4 rank=8 score=39020
  *** WIN D=[986, 21279] deficit=4 rank=8 score=39020
  *** WIN D=[986, 22665] deficit=4 rank=8 score=39020
  *** WIN D=[986, 23642] deficit=4 rank=8 score=39020
  *** WIN D=[986, 23754] deficit=4 rank=8 score=39020
  *** WIN D=[986, 23822] deficit=4 rank=8 score=39020
  *** WIN D=[986, 24425] deficit=4 rank=8 score=39020
  *** WIN D=[986, 24490] deficit=4 rank=8 score=39020
  *** WIN D=[986, 25297] deficit=4 rank=8 score=39020
  *** WIN D=[986, 26064] deficit=4 rank=8 score=39020
  *** WIN D=[986, 26874] deficit=4 rank=8 score=39020
  *** WIN D=[986, 28599] deficit=4 rank=8 score=39020
  *** WIN D=[986, 28961] deficit=4 rank=8 score=39020
  *** WIN D=[986, 28969] deficit=4 rank=8 score=39020
  *** WIN D=[986, 29084] deficit=4 rank=8 score=39020
  *** WIN D=[986, 29155] deficit=4 rank=8 score=39020
  *** WIN D=[986, 29854] deficit=4 rank=8 score=39020
  *** WIN D=[986, 30095] deficit=4 rank=8 score=39020
  *** WIN D=[986, 30108] deficit=4 rank=8 score=39020
  *** WIN D=[986, 30754] deficit=4 rank=8 score=39020
  *** WIN D=[986, 30763] deficit=4 rank=8 score=39020
  *** WIN D=[986, 31731] deficit=4 rank=8 score=39020
  *** WIN D=[986, 31864] deficit=4 rank=8 score=39020
  *** WIN D=[986, 33347] deficit=4 rank=8 score=39020
  *** WIN D=[986, 33989] deficit=4 rank=8 score=39020
  *** WIN D=[986, 34660] deficit=4 rank=8 score=39020
  *** WIN D=[986, 34952] deficit=4 rank=8 score=39020
  *** WIN D=[986, 35619] deficit=4 rank=8 score=39020
  *** WIN D=[986, 36136] deficit=4 rank=8 score=39020
  *** WIN D=[986, 36473] deficit=4 rank=8 score=39020
  *** WIN D=[986, 37158] deficit=4 rank=8 score=39020
  *** WIN D=[986, 37254] deficit=4 rank=8 score=39020
  *** WIN D=[986, 37280] deficit=4 rank=8 score=39020
  *** WIN D=[986, 37413] deficit=4 rank=8 score=39020
  *** WIN D=[986, 37720] deficit=4 rank=8 score=39020
  *** WIN D=[2099, 2239] deficit=4 rank=8 score=39020
  *** WIN D=[2099, 3177] deficit=4 rank=8 score=39020
  *** WIN D=[2099, 4339] deficit=4 rank=8 score=39020
  *** WIN D=[2099, 5282] deficit=4 rank=8 score=39020
  *** WIN D=[2099, 5370] deficit=4 rank=8 score=39020
  *** WIN D=[2099, 6247] deficit=4 rank=8 score=39020
  *** WIN D=[2099, 7075] deficit=4 rank=8 score=39020
  *** WIN D=[2099, 7945] deficit=4 rank=8 score=39020
  *** WIN D=[2099, 8173] deficit=4 rank=8 score=39020
  *** WIN D=[2099, 9062] deficit=4 rank=8 score=39020
  *** WIN D=[2099, 9106] deficit=4 rank=8 score=39020
  *** WIN D=[2099, 9325] deficit=4 rank=8 score=39020
  *** WIN D=[2099, 9629] deficit=4 rank=8 score=39020
  *** WIN D=[2099, 11985] deficit=4 rank=8 score=39020
  *** WIN D=[2099, 13502] deficit=4 rank=8 score=39020
  *** WIN D=[2099, 14466] deficit=4 rank=8 score=39020
  *** WIN D=[2099, 15963] deficit=4 rank=8 score=39020
  *** WIN D=[2099, 16495] deficit=4 rank=8 score=39020
  *** WIN D=[2099, 16543] deficit=4 rank=8 score=39020
  *** WIN D=[2099, 17499] deficit=4 rank=8 score=39020
  *** WIN D=[2099, 18253] deficit=4 rank=8 score=39020
  *** WIN D=[2099, 18822] deficit=4 rank=8 score=39020
  *** WIN D=[2099, 19892] deficit=4 rank=8 score=39020
  *** WIN D=[2099, 19964] deficit=4 rank=8 score=39020
  *** WIN D=[2099, 20434] deficit=4 rank=8 score=39020
  *** WIN D=[2099, 20473] deficit=4 rank=8 score=39020
  *** WIN D=[2099, 20492] deficit=4 rank=8 score=39020
  *** WIN D=[2099, 21279] deficit=4 rank=8 score=39020
  *** WIN D=[2099, 22665] deficit=4 rank=8 score=39020
  *** WIN D=[2099, 23642] deficit=4 rank=8 score=39020
  *** WIN D=[2099, 23754] deficit=4 rank=8 score=39020
  *** WIN D=[2099, 23822] deficit=4 rank=8 score=39020
  *** WIN D=[2099, 24425] deficit=4 rank=8 score=39020
  *** WIN D=[2099, 24490] deficit=4 rank=8 score=39020
  *** WIN D=[2099, 25297] deficit=4 rank=8 score=39020
  *** WIN D=[2099, 26064] deficit=4 rank=8 score=39020
  *** WIN D=[2099, 26874] deficit=4 rank=8 score=39020
  *** WIN D=[2099, 28599] deficit=4 rank=8 score=39020
  *** WIN D=[2099, 28961] deficit=4 rank=8 score=39020
  *** WIN D=[2099, 28969] deficit=4 rank=8 score=39020
  *** WIN D=[2099, 29084] deficit=4 rank=8 score=39020
  *** WIN D=[2099, 29155] deficit=4 rank=8 score=39020
  *** WIN D=[2099, 29854] deficit=4 rank=8 score=39020
  *** WIN D=[2099, 30095] deficit=4 rank=8 score=39020
  *** WIN D=[2099, 30108] deficit=4 rank=8 score=39020
  *** WIN D=[2099, 30754] deficit=4 rank=8 score=39020
  *** WIN D=[2099, 30763] deficit=4 rank=8 score=39020
  *** WIN D=[2099, 31731] deficit=4 rank=8 score=39020
  *** WIN D=[2099, 31864] deficit=4 rank=8 score=39020
  *** WIN D=[2099, 33347] deficit=4 rank=8 score=39020
  *** WIN D=[2099, 33989] deficit=4 rank=8 score=39020
  *** WIN D=[2099, 34660] deficit=4 rank=8 score=39020
  *** WIN D=[2099, 34952] deficit=4 rank=8 score=39020
  *** WIN D=[2099, 35619] deficit=4 rank=8 score=39020
  *** WIN D=[2099, 36136] deficit=4 rank=8 score=39020
  *** WIN D=[2099, 36473] deficit=4 rank=8 score=39020
  *** WIN D=[2099, 37158] deficit=4 rank=8 score=39020
  *** WIN D=[2099, 37254] deficit=4 rank=8 score=39020
  *** WIN D=[2099, 37280] deficit=4 rank=8 score=39020
  *** WIN D=[2099, 37413] deficit=4 rank=8 score=39020
  *** WIN D=[2099, 37720] deficit=4 rank=8 score=39020
  *** WIN D=[2239, 3177] deficit=4 rank=8 score=39020
  *** WIN D=[2239, 4339] deficit=4 rank=8 score=39020
  *** WIN D=[2239, 5282] deficit=4 rank=8 score=39020
  *** WIN D=[2239, 5370] deficit=4 rank=8 score=39020
  *** WIN D=[2239, 6247] deficit=4 rank=8 score=39020
  *** WIN D=[2239, 7075] deficit=4 rank=8 score=39020
  *** WIN D=[2239, 7945] deficit=4 rank=8 score=39020
  *** WIN D=[2239, 8173] deficit=4 rank=8 score=39020
  *** WIN D=[2239, 9062] deficit=4 rank=8 score=39020
  *** WIN D=[2239, 9106] deficit=4 rank=8 score=39020
  *** WIN D=[2239, 9325] deficit=4 rank=8 score=39020
  *** WIN D=[2239, 9629] deficit=4 rank=8 score=39020
  *** WIN D=[2239, 11985] deficit=4 rank=8 score=39020
  *** WIN D=[2239, 13502] deficit=4 rank=8 score=39020
  *** WIN D=[2239, 14466] deficit=4 rank=8 score=39020
  *** WIN D=[2239, 15963] deficit=4 rank=8 score=39020
  *** WIN D=[2239, 16495] deficit=4 rank=8 score=39020
  *** WIN D=[2239, 16543] deficit=4 rank=8 score=39020
  *** WIN D=[2239, 17499] deficit=4 rank=8 score=39020
  *** WIN D=[2239, 18253] deficit=4 rank=8 score=39020
  *** WIN D=[2239, 18822] deficit=4 rank=8 score=39020
  *** WIN D=[2239, 19892] deficit=4 rank=8 score=39020
  *** WIN D=[2239, 19964] deficit=4 rank=8 score=39020
  *** WIN D=[2239, 20434] deficit=4 rank=8 score=39020
  *** WIN D=[2239, 20473] deficit=4 rank=8 score=39020
  *** WIN D=[2239, 20492] deficit=4 rank=8 score=39020
  *** WIN D=[2239, 21279] deficit=4 rank=8 score=39020
  *** WIN D=[2239, 22665] deficit=4 rank=8 score=39020
  *** WIN D=[2239, 23642] deficit=4 rank=8 score=39020
  *** WIN D=[2239, 23754] deficit=4 rank=8 score=39020
  *** WIN D=[2239, 23822] deficit=4 rank=8 score=39020
  *** WIN D=[2239, 24425] deficit=4 rank=8 score=39020
  *** WIN D=[2239, 24490] deficit=4 rank=8 score=39020
  *** WIN D=[2239, 25297] deficit=4 rank=8 score=39020
  *** WIN D=[2239, 26064] deficit=4 rank=8 score=39020
  *** WIN D=[2239, 26874] deficit=4 rank=8 score=39020
  *** WIN D=[2239, 28599] deficit=4 rank=8 score=39020
  *** WIN D=[2239, 28961] deficit=4 rank=8 score=39020
  *** WIN D=[2239, 28969] deficit=4 rank=8 score=39020
  *** WIN D=[2239, 29084] deficit=4 rank=8 score=39020
  *** WIN D=[2239, 29155] deficit=4 rank=8 score=39020
  *** WIN D=[2239, 29854] deficit=4 rank=8 score=39020
  *** WIN D=[2239, 30095] deficit=4 rank=8 score=39020
  *** WIN D=[2239, 30108] deficit=4 rank=8 score=39020
  *** WIN D=[2239, 30754] deficit=4 rank=8 score=39020
  *** WIN D=[2239, 30763] deficit=4 rank=8 score=39020
  *** WIN D=[2239, 31731] deficit=4 rank=8 score=39020
  *** WIN D=[2239, 31864] deficit=4 rank=8 score=39020
  *** WIN D=[2239, 33347] deficit=4 rank=8 score=39020
  *** WIN D=[2239, 33989] deficit=4 rank=8 score=39020
  *** WIN D=[2239, 34660] deficit=4 rank=8 score=39020
  *** WIN D=[2239, 34952] deficit=4 rank=8 score=39020
  *** WIN D=[2239, 35619] deficit=4 rank=8 score=39020
  *** WIN D=[2239, 36136] deficit=4 rank=8 score=39020
  *** WIN D=[2239, 36473] deficit=4 rank=8 score=39020
  *** WIN D=[2239, 37158] deficit=4 rank=8 score=39020
  *** WIN D=[2239, 37254] deficit=4 rank=8 score=39020
  *** WIN D=[2239, 37280] deficit=4 rank=8 score=39020
  *** WIN D=[2239, 37413] deficit=4 rank=8 score=39020
  *** WIN D=[2239, 37720] deficit=4 rank=8 score=39020
  *** WIN D=[3177, 4339] deficit=4 rank=8 score=39020
  *** WIN D=[3177, 5282] deficit=4 rank=8 score=39020
  *** WIN D=[3177, 5370] deficit=4 rank=8 score=39020
  *** WIN D=[3177, 6247] deficit=4 rank=8 score=39020
  *** WIN D=[3177, 7075] deficit=4 rank=8 score=39020
  *** WIN D=[3177, 7945] deficit=4 rank=8 score=39020
  *** WIN D=[3177, 8173] deficit=4 rank=8 score=39020
  *** WIN D=[3177, 9062] deficit=4 rank=8 score=39020
  *** WIN D=[3177, 9106] deficit=4 rank=8 score=39020
  *** WIN D=[3177, 9325] deficit=4 rank=8 score=39020
  *** WIN D=[3177, 9629] deficit=4 rank=8 score=39020
  *** WIN D=[3177, 11985] deficit=4 rank=8 score=39020
  *** WIN D=[3177, 13502] deficit=4 rank=8 score=39020
  *** WIN D=[3177, 14466] deficit=4 rank=8 score=39020
  *** WIN D=[3177, 15963] deficit=4 rank=8 score=39020
  *** WIN D=[3177, 16495] deficit=4 rank=8 score=39020
  *** WIN D=[3177, 16543] deficit=4 rank=8 score=39020
  *** WIN D=[3177, 17499] deficit=4 rank=8 score=39020
  *** WIN D=[3177, 18253] deficit=4 rank=8 score=39020
  *** WIN D=[3177, 18822] deficit=4 rank=8 score=39020
  *** WIN D=[3177, 19892] deficit=4 rank=8 score=39020
  *** WIN D=[3177, 19964] deficit=4 rank=8 score=39020
  *** WIN D=[3177, 20434] deficit=4 rank=8 score=39020
  *** WIN D=[3177, 20473] deficit=4 rank=8 score=39020
  *** WIN D=[3177, 20492] deficit=4 rank=8 score=39020
  *** WIN D=[3177, 21279] deficit=4 rank=8 score=39020
  *** WIN D=[3177, 22665] deficit=4 rank=8 score=39020
  *** WIN D=[3177, 23642] deficit=4 rank=8 score=39020
  *** WIN D=[3177, 23754] deficit=4 rank=8 score=39020
  *** WIN D=[3177, 23822] deficit=4 rank=8 score=39020
  *** WIN D=[3177, 24425] deficit=4 rank=8 score=39020
  *** WIN D=[3177, 24490] deficit=4 rank=8 score=39020
  *** WIN D=[3177, 25297] deficit=4 rank=8 score=39020
  *** WIN D=[3177, 26064] deficit=4 rank=8 score=39020
  *** WIN D=[3177, 26874] deficit=4 rank=8 score=39020
  *** WIN D=[3177, 28599] deficit=4 rank=8 score=39020
  *** WIN D=[3177, 28961] deficit=4 rank=8 score=39020
  *** WIN D=[3177, 28969] deficit=4 rank=8 score=39020
  *** WIN D=[3177, 29084] deficit=4 rank=8 score=39020
  *** WIN D=[3177, 29155] deficit=4 rank=8 score=39020
  *** WIN D=[3177, 29854] deficit=4 rank=8 score=39020
  *** WIN D=[3177, 30095] deficit=4 rank=8 score=39020
  *** WIN D=[3177, 30108] deficit=4 rank=8 score=39020
  *** WIN D=[3177, 30754] deficit=4 rank=8 score=39020
  *** WIN D=[3177, 30763] deficit=4 rank=8 score=39020
  *** WIN D=[3177, 31731] deficit=4 rank=8 score=39020
  *** WIN D=[3177, 31864] deficit=4 rank=8 score=39020
  *** WIN D=[3177, 33347] deficit=4 rank=8 score=39020
