wide candidate free inputs: 68
knobs that touch the region: 49 ; outside equations they disturb: 139
=== EXACT POLYNOMIAL SIZING (wide knob set) ===
region |R| = 12 : [2554, 6816, 8124, 9123, 9421, 12231, 12270, 12350, 14584, 18673, 22044, 29125]
knobs (49): [642, 950, 1329, 1613, 2099, 3629, 4432, 6090, 6947, 7068, 7075, 8731, 8976, 9118, 9413, 9629, 10422, 10711, 10903, 11099, 15120, 15324, 17325, 17499, 18253, 19964, 21279, 21574, 22043, 22665, 23110, 23642, 23754, 27500, 28599, 28730, 28961, 29854, 30108, 31864, 32230, 32349, 33168, 34600, 35531, 35619, 37254, 37413, 37720]
knobs: 49   downstream DAG variables touched: 737   check atoms touched: 1107
   forward pass 0.0s ; variables that are genuinely symbolic: 786
   downstream variable degrees: min -1 max 3

per-row exact polynomial (inner sum; `sq` = the equation squares it):
   eq 2554    deg 2    terms 27      maxcoefbits 3041    sq=False  const=0  knobs used [642, 950, 2099, 3629, 4432, 6947, 7068, 8976, 9413, 9629, 10422, 11099, 15120, 17499, 18253, 19964, 21279, 23754, 28730, 30108, 33168, 34600, 35531, 35619, 37413, 37720]
   eq 6816    deg 2    terms 42      maxcoefbits 3043    sq=False  const=0  knobs used [642, 950, 1329, 1613, 2099, 3629, 4432, 6090, 6947, 7068, 7075, 8731, 9118, 9413, 9629, 10903, 15120, 17325, 17499, 18253, 19964, 21279, 21574, 22665, 23754, 27500, 28599, 28730, 28961, 29854, 31864, 32349, 33168, 35531, 35619, 37720]
   eq 8124    deg 2    terms 28      maxcoefbits 3042    sq=False  const=0  knobs used [642, 950, 2099, 3629, 4432, 6947, 7068, 7075, 8731, 9413, 9629, 15120, 17325, 17499, 18253, 19964, 21279, 23754, 28599, 28730, 31864, 33168, 35531, 35619, 37720]
   eq 9123    deg 2    terms 26      maxcoefbits 2433    sq=False  const=0  knobs used [642, 1329, 1613, 6090, 7075, 8731, 9118, 10711, 10903, 17325, 21574, 22043, 22665, 23110, 27500, 28599, 28961, 29854, 31864, 32230, 32349]
   eq 9421    deg 2    terms 33      maxcoefbits 3041    sq=False  const=0  knobs used [642, 1329, 1613, 2099, 4432, 6090, 6947, 7068, 7075, 8731, 9118, 9413, 10903, 17325, 17499, 19964, 21279, 21574, 22665, 23754, 28599, 28730, 28961, 29854, 31864, 33168, 35619]
   eq 12231   deg 2    terms 41      maxcoefbits 3041    sq=False  const=2433-bit  knobs used [642, 950, 2099, 3629, 4432, 6947, 7068, 7075, 8731, 8976, 9413, 9629, 10422, 10903, 11099, 15120, 15324, 17325, 17499, 18253, 19964, 21279, 23642, 23754, 28599, 28730, 28961, 30108, 31864, 33168, 34600, 35531, 35619, 37254, 37413, 37720]
   eq 12270   deg 2    terms 26      maxcoefbits 2433    sq=False  const=2433-bit  knobs used [642, 1329, 2099, 4432, 7068, 7075, 8731, 9118, 9413, 10903, 17325, 17499, 19964, 22665, 28599, 28730, 28961, 29854, 31864]
   eq 12350   deg 2    terms 48      maxcoefbits 3043    sq=False  const=2435-bit  knobs used [642, 950, 1329, 2099, 3629, 4432, 6947, 7068, 7075, 8731, 8976, 9118, 9413, 9629, 10422, 10903, 11099, 15120, 15324, 17325, 17499, 18253, 19964, 21279, 21574, 22665, 23642, 23754, 28599, 28730, 28961, 29854, 30108, 31864, 33168, 34600, 35531, 35619, 37254, 37413, 37720]
   eq 14584   deg 2    terms 42      maxcoefbits 3043    sq=False  const=2433-bit  knobs used [642, 950, 1329, 2099, 3629, 4432, 6947, 7068, 7075, 8731, 8976, 9118, 9413, 9629, 10422, 10903, 15120, 17325, 17499, 18253, 19964, 21279, 21574, 22665, 23642, 23754, 28599, 28730, 28961, 29854, 31864, 33168, 35531, 35619, 37720]
   eq 18673   deg 2    terms 11      maxcoefbits 2430    sq=False  const=2430-bit  knobs used [7075, 8731, 9118, 10903, 28961, 29854, 31864]
   eq 22044   deg 2    terms 15      maxcoefbits 2427    sq=False  const=2427-bit  knobs used [642, 2099, 4432, 6947, 7068, 9413, 17325, 17499, 19964, 23754, 28599, 28730]
   eq 29125   deg 2    terms 26      maxcoefbits 3043    sq=False  const=2419-bit  knobs used [950, 3629, 4432, 6947, 8976, 9413, 9629, 10422, 11099, 15120, 17499, 18253, 19964, 21279, 23642, 23754, 28730, 30108, 33168, 34600, 35531, 35619, 37413, 37720]

=== system size ===
unknowns 49, equations 12, max total degree 2
