x_8731 occurs in atoms:
   a1633   "x_19892 - x_21279 * x_8731"
   a9081   "x_3349 - (x_8731 + x_14865)"
   a36662  "x_7075 * x_8731"
   a40630  "(x_27994 - (x_36641 - x_13986) + -30 * (x_26188 - x_27994) + -34 * (x_21279 - x_9062 * x_20434) + -3"
x_9118 occurs in atoms:
   a1639   "x_32010 - (x_9118 + x_31861)"
   a9083   "x_34310 - (x_31861 - x_9118)"
   a36660  "5113045 * (x_7075 * x_9118) - x_29854"
   a36969  "x_25297 - x_21279 * x_9118"
   a40630  "(x_27994 - (x_36641 - x_13986) + -30 * (x_26188 - x_27994) + -34 * (x_21279 - x_9062 * x_20434) + -3"

x_19892  occurs in 3 atoms [1633, 1635, 40630]
x_3349   occurs in 2 atoms [9081, 9082]
x_32010  occurs in 2 atoms [1639, 1640]
x_34310  occurs in 2 atoms [9083, 9084]
x_25297  occurs in 3 atoms [30316, 36969, 40630]
x_21279  occurs in 8 atoms [1633, 19352, 20449, 23620, 23622, 36966, 36969, 40630]
x_14865  occurs in 6 atoms [1631, 1637, 3932, 3936, 9081, 40630]
x_31861  occurs in 7 atoms [1636, 1639, 3930, 3934, 9083, 36967, 40630]

atoms to absorb for x_8731: [1633, 9081, 40630]
atoms to absorb for x_9118: [1639, 9083, 36969, 40630]

BASE: |R|=9  private=[642, 1329, 9413, 10903, 17325, 28730, 29854, 31864]  |E|=13
    FULL SYSTEM unsolvable over Z: row 29125: rhs % -11579208923731619542357098500868790785326998466564056403945758  (0s)
    maxsat = 6 of 13 -> cost 7
BASE+free(x_8731): |R|=12  private=[642, 1329, 8731, 9413, 10903, 17325, 28730, 29854, 31864]  |E|=39
    FULL SYSTEM unsolvable over Z: row 29125: rhs % -11579208923731619542357098500868790785326998466564056403945758  (0s)
    maxsat = 4 of 39 -> cost 35
BASE+free(x_9118): |R|=13  private=[642, 1329, 9118, 9413, 10903, 17325, 28730, 29854, 31864]  |E|=46
    FULL SYSTEM unsolvable over Z: row 29125: rhs % -11579208923731619542357098500868790785326998466564056403945758  (0s)
    maxsat = 4 of 46 -> cost 42
BASE+free(x_8731,x_9118): |R|=15  private=[642, 1329, 8731, 9118, 9413, 10903, 17325, 28730, 29854, 31864]  |E|=47
    FULL SYSTEM unsolvable over Z: row 29125: rhs % -11579208923731619542357098500868790785326998466564056403945758  (0s)
    maxsat = 4 of 47 -> cost 43
DONE
