atom a37887 full source:
   (x_4432 - x_19964 - x_28730 + 6 * (x_23754 - x_26874 * x_6947) + 15 * (6122989 * (x_21279 * x_2239) - x_23754) + -21 * (x_35619 - x_24490 * x_33168) + -13 * (x_21279 * x_31731 + x_35619) + 25 * (x_9629 - x_30095 * x_950) + 1 * (x_21279 * x_9106 - 13523997 * x_9629) + 25 * (x_18253 - x_4339 * x_15120) + 28 * (x_13502 * x_3629 - x_18253) + 1 * (x_37720 - x_14466 * x_35531) + -4 * (9994531 * (x_13502 * x_8976) - x_37720) + 23 * (x_23642 - x_8173 * x_10422) + -5 * (x_34600 - x_30108 + x_23642) + 20 * (x_37413 - x_34660 * x_11099) + -27 * (x_15324 - x_37254 - 8481759 * x_37413) + 35 * (x_23822 - x_30754 * x_22526) + 17 * (x_16495 * x_6247 - x_23822) + -14 * (x_7945 - x_29084 * x_34868)) * (x_4432 - x_19964 - x_28730 + 6 * (x_23754 - x_26874 * x_6947) + 15 * (6122989 * (x_21279 * x_2239) - x_23754) + -21 * (x_35619 - x_24490 * x_33168) + -13 * (x_21279 * x_31731 + x_35619) + 25 * (x_9629 - x_30095 * x_950) + 1 * (x_21279 * x_9106 - 13523997 * x_9629) + 25 * (x_18253 - x_4339 * x_15120) + 28 * (x_13502 * x_3629 - x_18253) + 1 * (x_37720 - x_14466 * x_35531) + -4 * (9994531 * (x_13502 * x_8976) - x_37720) + 23 * (x_23642 - x_8173 * x_10422) + -5 * (x_34600 - x_30108 + x_23642) + 20 * (x_37413 - x_34660 * x_11099) + -27 * (x_15324 - x_37254 - 8481759 * x_37413) + 35 * (x_23822 - x_30754 * x_22526) + 17 * (x_16495 * x_6247 - x_23822) + -14 * (x_7945 - x_29084 * x_34868))

a37887 appears in equations: [8680]
a37887 current value: 0 bits

--- degree of a37887 in each nonlinear knob
   x_4432   degree 2   2nd difference constant = 2
        a37887(x_4432 = o+t) = 1..*t^2 + 0..*t + const   (leading coeff 1 bits)
   x_28730  degree 2   2nd difference constant = 2
        a37887(x_28730 = o+t) = 1..*t^2 + 0..*t + const   (leading coeff 1 bits)

=== all 12 knobs (baseline) : knobs=12 rows=28 (sat 21, fail 7) skipped=[8680] nonlinear-checks=[37887]
    eq8680 still not linear -> cannot be constrained here
    +eq12231  -> score 39026  failing [8680, 12270, 12350, 14584, 18673, 22044, 29125]
    +eq12270  -> score 39026  failing [8680, 12231, 12350, 14584, 18673, 22044, 29125]
    +eq12350  -> score 39026  failing [8680, 12231, 12270, 14584, 18673, 22044, 29125]
    +eq14584  -> score 39026  failing [8680, 12231, 12270, 12350, 18673, 22044, 29125]
    +eq18673  -> score 39026  failing [8680, 12231, 12270, 12350, 14584, 22044, 29125]
    +eq22044  -> score 39026  failing [8680, 12231, 12270, 12350, 14584, 18673, 29125]
    +eq29125  -> score 39026  failing [8680, 12231, 12270, 12350, 14584, 18673, 22044]
    best here: 39026

=== x_4432 held fixed : knobs=11 rows=26 (sat 19, fail 7) skipped=[8680] nonlinear-checks=[37887]
    eq8680 still not linear -> cannot be constrained here
    +eq12231  -> score 39026  failing [8680, 12270, 12350, 14584, 18673, 22044, 29125]
    +eq12270  -> score 39026  failing [8680, 12231, 12350, 14584, 18673, 22044, 29125]
    +eq12350  -> score 39026  failing [8680, 12231, 12270, 14584, 18673, 22044, 29125]
    +eq14584  -> score 39026  failing [8680, 12231, 12270, 12350, 18673, 22044, 29125]
    +eq18673  -> score 39026  failing [8680, 12231, 12270, 12350, 14584, 22044, 29125]
    +eq22044  -> score 39026  failing [8680, 12231, 12270, 12350, 14584, 18673, 29125]
    +eq29125  -> score 39026  failing [8680, 12231, 12270, 12350, 14584, 18673, 22044]
    best here: 39026

=== x_28730 held fixed : knobs=11 rows=28 (sat 21, fail 7) skipped=[8680] nonlinear-checks=[37887]
    eq8680 still not linear -> cannot be constrained here
    nothing buyable

=== both nonlinear knobs held fixed : knobs=10 rows=26 (sat 19, fail 7) skipped=[] nonlinear-checks=[]
    nothing buyable
DONE
