witness nonzero check atoms (the residual): [22229, 22230, 35758, 35759, 35760, 35761, 35762]
witness failing equations: [12231, 12270, 12350, 14584, 18673, 22044, 29125]
   eq12231  has 20 terms, 5 of them on nonzero atoms [35760, 35761, 35762, 22229, 22230]
   eq12270  has 8 terms, 7 of them on nonzero atoms [35758, 35759, 35760, 35761, 35762, 22229, 22230]
   eq12350  has 24 terms, 7 of them on nonzero atoms [35758, 35759, 35760, 35761, 35762, 22229, 22230]
   eq14584  has 20 terms, 7 of them on nonzero atoms [35758, 35759, 35760, 35761, 35762, 22229, 22230]
   eq18673  has 3 terms, 3 of them on nonzero atoms [35759, 35760, 35761]
   eq22044  has 5 terms, 3 of them on nonzero atoms [35762, 22229, 22230]
   eq29125  has 15 terms, 1 of them on nonzero atoms [22230]

|U| = free inputs reaching a nonzero region atom: 15
carriers of S: 26
knob set = U + carriers(S): 34 free inputs
columns probed in 1s
checks reachable: 64   nonlinear: 7 [29465, 29466, 29467, 37887, 41400, 41827, 42245]
equations reachable: 190   (witness failures inside: 7 of 7)
failures NOT reachable (permanently failing for this class): []
rows: 175   dropped (nonlinear atom): 16 [4108, 6556, 6967, 7094, 7198, 9082, 13479, 13629, 20624, 23482]
dropped rows that currently FAIL: []
witness satisfies 168 rows, fails 7: [12231, 12270, 12350, 14584, 18673, 22044, 29125]

sanity: witness-satisfied set solvable: True

--- can ANY failing equation be bought over the whole of U + carriers(S)?
   no solvable subset of size 7
   no solvable subset of size 6
   no solvable subset of size 5
   no solvable subset of size 4
   no solvable subset of size 3
   no solvable subset of size 2
   no solvable subset of size 1

NOTHING buyable over the entire class.
DONE
