p is the 256-bit constant: 115792089237316195423570...
R0+a23618: P=8 |E|=13  FULL SYSTEM UNSOLVABLE over Z: row 29125: rhs % -1157920892373161954235709850086879078532699846656405  (0s)

--- single growths on top of R0+a23618 (39 candidates)
R0+a23618+a21204: P=9 |E|=22  FULL SYSTEM UNSOLVABLE over Z: row 29125: rhs % -1157920892373161954235709850086879078532699846656405  (0s)
R0+a23618+a27380: P=9 |E|=22  FULL SYSTEM UNSOLVABLE over Z: row 29125: rhs % -1157920892373161954235709850086879078532699846656405  (0s)
R0+a23618+a21201: P=9 |E|=23  FULL SYSTEM UNSOLVABLE over Z: row 29125: rhs % -1157920892373161954235709850086879078532699846656405  (0s)
R0+a23618+a24476: P=9 |E|=23  FULL SYSTEM UNSOLVABLE over Z: row 29125: rhs % -1157920892373161954235709850086879078532699846656405  (0s)
R0+a23618+a21206: P=9 |E|=24  FULL SYSTEM UNSOLVABLE over Z: row 29125: rhs % -1157920892373161954235709850086879078532699846656405  (0s)
R0+a23618+a24983: P=9 |E|=24  FULL SYSTEM UNSOLVABLE over Z: row 29125: rhs % -1157920892373161954235709850086879078532699846656405  (0s)
R0+a23618+a38739: P=9 |E|=24  FULL SYSTEM UNSOLVABLE over Z: row 29125: rhs % -1157920892373161954235709850086879078532699846656405  (0s)
R0+a23618+a2075: P=9 |E|=25  FULL SYSTEM UNSOLVABLE over Z: row 29125: rhs % -1157920892373161954235709850086879078532699846656405  (0s)
R0+a23618+a16969: P=9 |E|=25  FULL SYSTEM UNSOLVABLE over Z: row 29125: rhs % -1157920892373161954235709850086879078532699846656405  (0s)
R0+a23618+a23031: P=9 |E|=25  FULL SYSTEM UNSOLVABLE over Z: row 29125: rhs % -1157920892373161954235709850086879078532699846656405  (0s)
R0+a23618+a27667: P=9 |E|=25  FULL SYSTEM UNSOLVABLE over Z: row 29125: rhs % -1157920892373161954235709850086879078532699846656405  (0s)
R0+a23618+a37316: P=9 |E|=25  FULL SYSTEM UNSOLVABLE over Z: row 29125: rhs % -1157920892373161954235709850086879078532699846656405  (0s)
R0+a23618+a2077: P=9 |E|=26  FULL SYSTEM UNSOLVABLE over Z: row 29125: rhs % -1157920892373161954235709850086879078532699846656405  (0s)
R0+a23618+a16971: P=9 |E|=26  FULL SYSTEM UNSOLVABLE over Z: row 29125: rhs % -1157920892373161954235709850086879078532699846656405  (0s)
R0+a23618+a27669: P=9 |E|=26  FULL SYSTEM UNSOLVABLE over Z: row 29125: rhs % -1157920892373161954235709850086879078532699846656405  (0s)
R0+a23618+a27672: P=9 |E|=26  FULL SYSTEM UNSOLVABLE over Z: row 29125: rhs % -1157920892373161954235709850086879078532699846656405  (0s)
R0+a23618+a27674: P=9 |E|=26  FULL SYSTEM UNSOLVABLE over Z: row 29125: rhs % -1157920892373161954235709850086879078532699846656405  (0s)
R0+a23618+a29680: P=9 |E|=26  FULL SYSTEM UNSOLVABLE over Z: row 29125: rhs % -1157920892373161954235709850086879078532699846656405  (0s)
R0+a23618+a37321: P=9 |E|=26  FULL SYSTEM UNSOLVABLE over Z: row 29125: rhs % -1157920892373161954235709850086879078532699846656405  (0s)
R0+a23618+a37323: P=9 |E|=26  FULL SYSTEM UNSOLVABLE over Z: row 29125: rhs % -1157920892373161954235709850086879078532699846656405  (0s)
R0+a23618+a38734: P=9 |E|=26  FULL SYSTEM UNSOLVABLE over Z: row 29125: rhs % -1157920892373161954235709850086879078532699846656405  (0s)
R0+a23618+a39085: P=9 |E|=26  FULL SYSTEM UNSOLVABLE over Z: row 29125: rhs % -1157920892373161954235709850086879078532699846656405  (0s)
R0+a23618+a3040: P=9 |E|=27  FULL SYSTEM UNSOLVABLE over Z: row 29125: rhs % -1157920892373161954235709850086879078532699846656405  (0s)
R0+a23618+a13619: P=9 |E|=27  FULL SYSTEM UNSOLVABLE over Z: row 29125: rhs % -1157920892373161954235709850086879078532699846656405  (0s)
R0+a23618+a13621: P=9 |E|=27  FULL SYSTEM UNSOLVABLE over Z: row 29125: rhs % -1157920892373161954235709850086879078532699846656405  (0s)
R0+a23618+a16206: P=9 |E|=27  FULL SYSTEM UNSOLVABLE over Z: row 29125: rhs % -1157920892373161954235709850086879078532699846656405  (0s)
R0+a23618+a27686: P=9 |E|=27  FULL SYSTEM UNSOLVABLE over Z: row 29125: rhs % -1157920892373161954235709850086879078532699846656405  (0s)
R0+a23618+a28499: P=9 |E|=27  FULL SYSTEM UNSOLVABLE over Z: row 29125: rhs % -1157920892373161954235709850086879078532699846656405  (0s)
R0+a23618+a37318: P=9 |E|=27  FULL SYSTEM UNSOLVABLE over Z: row 29125: rhs % -1157920892373161954235709850086879078532699846656405  (0s)
R0+a23618+a38737: P=9 |E|=27  FULL SYSTEM UNSOLVABLE over Z: row 29125: rhs % -1157920892373161954235709850086879078532699846656405  (0s)
R0+a23618+a13616: P=9 |E|=28  FULL SYSTEM UNSOLVABLE over Z: row 29125: rhs % -1157920892373161954235709850086879078532699846656405  (0s)
R0+a23618+a23029: P=9 |E|=28  FULL SYSTEM UNSOLVABLE over Z: row 29125: rhs % -1157920892373161954235709850086879078532699846656405  (0s)
R0+a23618+a34236: P=9 |E|=28  FULL SYSTEM UNSOLVABLE over Z: row 29125: rhs % -1157920892373161954235709850086879078532699846656405  (0s)
R0+a23618+a1681: P=9 |E|=29  FULL SYSTEM UNSOLVABLE over Z: row 29125: rhs % -1157920892373161954235709850086879078532699846656405  (0s)
R0+a23618+a4485: P=9 |E|=29  FULL SYSTEM UNSOLVABLE over Z: row 29125: rhs % -1157920892373161954235709850086879078532699846656405  (0s)
R0+a23618+a16208: P=9 |E|=29  FULL SYSTEM UNSOLVABLE over Z: row 29125: rhs % -1157920892373161954235709850086879078532699846656405  (0s)
R0+a23618+a27688: P=9 |E|=29  FULL SYSTEM UNSOLVABLE over Z: row 29125: rhs % -1157920892373161954235709850086879078532699846656405  (0s)
R0+a23618+a7960: P=9 |E|=30  FULL SYSTEM UNSOLVABLE over Z: row 29125: rhs % -1157920892373161954235709850086879078532699846656405  (0s)
R0+a23618+a16211: P=9 |E|=31  FULL SYSTEM UNSOLVABLE over Z: row 29125: rhs % -1157920892373161954235709850086879078532699846656405  (0s)

solvable single growths: []

--- double growths
best double: None
DONE
