{'combo': [1931], 'msg': 'ok', 't': 11.2, 'maxr': 3, 'maxv': 2000, 'fails': 56, 'score': 38977, 'bad': [20649, 20652, 28647, 31825, 32148, 36187]}
{'combo': [3414], 'msg': 'ok', 't': 10.9, 'maxr': 3, 'maxv': 2000, 'fails': 50, 'score': 38983, 'bad': [20649, 20652, 28647, 32148, 35863, 35864]}
{'combo': [7029], 'msg': 'ok', 't': 9.4, 'maxr': 3, 'maxv': 2000, 'fails': 58, 'score': 38975, 'bad': [8542, 20649, 20652, 28647, 32148, 32753, 34971]}
{'combo': [9601], 'msg': 'ok', 't': 10.5, 'maxr': 3, 'maxv': 2000, 'fails': 60, 'score': 38973, 'bad': [20649, 20652, 22274, 23432, 28647, 32148]}
{'combo': [11777], 'msg': 'ok', 't': 6.5, 'maxr': 3, 'maxv': 2000, 'fails': 65, 'score': 38968, 'bad': [17729, 20649, 20652, 28452, 28647, 32148]}
{'combo': [17410], 'msg': 'ok', 't': 8.3, 'maxr': 3, 'maxv': 2000, 'fails': 61, 'score': 38972, 'bad': [20649, 20652, 23207, 28647, 32148, 37872]}
{'combo': [19690], 'msg': 'ok', 't': 9.7, 'maxr': 3, 'maxv': 2000, 'fails': 49, 'score': 38984, 'bad': [16788, 16789, 20649, 20652, 28647, 32148, 40544]}
{'combo': [22492], 'msg': 'ok', 't': 9.2, 'maxr': 3, 'maxv': 2000, 'fails': 44, 'score': 38989, 'bad': [20649, 20652, 23923, 23924, 28647, 32148]}
{'combo': [24601], 'msg': 'ok', 't': 10.0, 'maxr': 3, 'maxv': 2000, 'fails': 44, 'score': 38989, 'bad': [20649, 20652, 28647, 32148, 32877, 32878]}
{'combo': [27592], 'msg': 'ok', 't': 4.9, 'maxr': 3, 'maxv': 2000, 'fails': 47, 'score': 38986, 'bad': [5028, 5029, 20649, 20652, 28647, 32148, 39612]}
{'combo': [30420], 'msg': 'ok', 't': 19.8, 'maxr': 3, 'maxv': 2000, 'fails': 55, 'score': 38978, 'bad': [5156, 20649, 20652, 21731, 28647, 32148]}
{'combo': [32558], 'msg': 'ok', 't': 11.5, 'maxr': 3, 'maxv': 2000, 'fails': 59, 'score': 38974, 'bad': [20649, 20652, 28058, 28647, 32148, 37423, 40626]}
{'combo': [33099], 'msg': 'ok', 't': 14.9, 'maxr': 3, 'maxv': 2000, 'fails': 64, 'score': 38969, 'bad': [20649, 20652, 21381, 28647, 31698, 32148]}
{'combo': [35660], 'msg': 'ok', 't': 7.1, 'maxr': 3, 'maxv': 2000, 'fails': 60, 'score': 38973, 'bad': [19422, 20649, 20652, 23432, 28647, 32148]}
{'combo': [91], 'msg': 'ok', 't': 7.9, 'maxr': 3, 'maxv': 2000, 'fails': 41, 'score': 38992, 'bad': [21548, 21549, 28035, 28037, 28647, 40530]}
{'combo': [4701], 'msg': 'ok', 't': 4.6, 'maxr': 3, 'maxv': 2000, 'fails': 40, 'score': 38993, 'bad': [21557, 21558, 28035, 28037, 28647, 40530]}
{'combo': [21112], 'msg': 'ok', 't': 6.4, 'maxr': 3, 'maxv': 2000, 'fails': 55, 'score': 38978, 'bad': [28035, 28037, 28647, 35326, 38550]}
{'combo': [37147], 'msg': 'ok', 't': 7.8, 'maxr': 3, 'maxv': 2000, 'fails': 39, 'score': 38994, 'bad': [15559, 15560, 28035, 28037, 28647]}
{'combo': [5910], 'msg': 'ok', 't': 16.5, 'maxr': 3, 'maxv': 2000, 'fails': 58, 'score': 38975, 'bad': [20215, 26960, 26963, 26965, 28389, 28390, 28647, 40306, 40475]}
{'combo': [13195], 'msg': 'ok', 't': 29.5, 'maxr': 3, 'maxv': 2000, 'fails': 72, 'score': 38961, 'bad': [20215, 26215, 26960, 26963, 26965, 28647, 35416, 40306]}
{'combo': [16586], 'msg': 'ok', 't': 30.9, 'maxr': 3, 'maxv': 2000, 'fails': 73, 'score': 38960, 'bad': [19207, 20215, 26960, 26963, 26965, 28647, 35416, 40306]}
{'combo': [22623], 'msg': 'ok', 't': 32.2, 'maxr': 3, 'maxv': 2000, 'fails': 74, 'score': 38959, 'bad': [2073, 16471, 20215, 26960, 26963, 26965, 28647, 40306]}
{'combo': [34974], 'msg': 'ok', 't': 28.0, 'maxr': 3, 'maxv': 2000, 'fails': 57, 'score': 38976, 'bad': [1924, 1925, 20215, 26960, 26963, 26965, 28647, 40306]}
{'combo': [1603], 'msg': 'ok', 't': 23.2, 'maxr': 3, 'maxv': 2000, 'fails': 28, 'score': 39005, 'bad': [20215, 28647]}
{'combo': [7401], 'msg': 'ok', 't': 22.3, 'maxr': 3, 'maxv': 2000, 'fails': 89, 'score': 38944, 'bad': [722, 724, 726, 1827, 1828, 20215, 24982, 27378, 28647, 33099]}
{'combo': [22351], 'msg': 'ok', 't': 19.6, 'maxr': 3, 'maxv': 2000, 'fails': 89, 'score': 38944, 'bad': [722, 724, 726, 1818, 1819, 20215, 24982, 27378, 28647, 33099, 40372]}
{'combo': [35979], 'msg': 'ok', 't': 18.1, 'maxr': 3, 'maxv': 2000, 'fails': 104, 'score': 38929, 'bad': [722, 724, 726, 20215, 24982, 27378, 28647, 30391, 31118, 33099, 40372]}
