{'combo': [3216], 'msg': 'ok', 't': 10.5, 'maxr': 3, 'maxv': 2000, 'fails': 45, 'score': 38988, 'bad': [20649, 20652, 28647, 32148, 32743, 32744, 40035]}
{'combo': [4362], 'msg': 'ok', 't': 11.1, 'maxr': 3, 'maxv': 2000, 'fails': 61, 'score': 38972, 'bad': [20649, 20652, 26013, 28500, 28647, 32148]}
{'combo': [7780], 'msg': 'ok', 't': 10.5, 'maxr': 3, 'maxv': 2000, 'fails': 61, 'score': 38972, 'bad': [20649, 20652, 28647, 29044, 32148, 35016]}
{'combo': [10746], 'msg': 'ok', 't': 9.1, 'maxr': 3, 'maxv': 2000, 'fails': 50, 'score': 38983, 'bad': [5046, 5047, 20649, 20652, 28647, 32148]}
{'combo': [16214], 'msg': 'ok', 't': 11.7, 'maxr': 3, 'maxv': 2000, 'fails': 47, 'score': 38986, 'bad': [5165, 19094, 20649, 20652, 28647, 32148]}
{'combo': [17790], 'msg': 'ok', 't': 9.5, 'maxr': 3, 'maxv': 2000, 'fails': 59, 'score': 38974, 'bad': [5038, 20649, 20652, 23432, 28647, 32148]}
{'combo': [20622], 'msg': 'ok', 't': 11.6, 'maxr': 3, 'maxv': 2000, 'fails': 57, 'score': 38976, 'bad': [9063, 20649, 20652, 28647, 32148, 36187]}
{'combo': [24267], 'msg': 'ok', 't': 8.1, 'maxr': 3, 'maxv': 2000, 'fails': 49, 'score': 38984, 'bad': [14592, 14593, 20649, 20652, 28647, 32148, 40412]}
{'combo': [26078], 'msg': 'ok', 't': 7.4, 'maxr': 3, 'maxv': 2000, 'fails': 45, 'score': 38988, 'bad': [20649, 20652, 28647, 30778, 30779, 32148, 40353, 40697]}
{'combo': [30207], 'msg': 'ok', 't': 6.6, 'maxr': 3, 'maxv': 2000, 'fails': 61, 'score': 38972, 'bad': [4966, 20649, 20652, 28647, 32148, 37872]}
{'combo': [31767], 'msg': 'ok', 't': 10.2, 'maxr': 3, 'maxv': 2000, 'fails': 44, 'score': 38989, 'bad': [20649, 20652, 28647, 30446, 30447, 32148, 40626]}
{'combo': [33015], 'msg': 'ok', 't': 11.4, 'maxr': 3, 'maxv': 2000, 'fails': 47, 'score': 38986, 'bad': [973, 974, 20649, 20652, 28647, 32148, 40353]}
{'combo': [34309], 'msg': 'ok', 't': 13.3, 'maxr': 3, 'maxv': 2000, 'fails': 46, 'score': 38987, 'bad': [20649, 20652, 27396, 28647, 32148, 38678, 40645]}
{'combo': [38630], 'msg': 'ok', 't': 9.1, 'maxr': 3, 'maxv': 2000, 'fails': 61, 'score': 38972, 'bad': [3844, 20649, 20652, 28647, 32148, 32915]}
{'combo': [2460], 'msg': 'ok', 't': 8.0, 'maxr': 3, 'maxv': 2000, 'fails': 55, 'score': 38978, 'bad': [28035, 28037, 28647, 35326, 38550]}
{'combo': [13710], 'msg': 'ok', 't': 6.8, 'maxr': 3, 'maxv': 2000, 'fails': 38, 'score': 38995, 'bad': [12907, 21991, 28035, 28037, 28647]}
{'combo': [35179], 'msg': 'ok', 't': 4.5, 'maxr': 3, 'maxv': 2000, 'fails': 54, 'score': 38979, 'bad': [28035, 28037, 28647, 38550, 39333]}
{'combo': [2081], 'msg': 'ok', 't': 13.5, 'maxr': 3, 'maxv': 2000, 'fails': 72, 'score': 38961, 'bad': [20215, 26215, 26960, 26963, 26965, 28647, 35416, 40306]}
{'combo': [12054], 'msg': 'ok', 't': 16.5, 'maxr': 3, 'maxv': 2000, 'fails': 59, 'score': 38974, 'bad': [20215, 26960, 26963, 26965, 28647, 32856, 35851, 40306, 40616]}
{'combo': [14823], 'msg': 'ok', 't': 31.2, 'maxr': 3, 'maxv': 2000, 'fails': 73, 'score': 38960, 'bad': [19920, 20215, 26960, 26963, 26965, 28647, 36000, 40306]}
{'combo': [18022], 'msg': 'ok', 't': 24.2, 'maxr': 3, 'maxv': 2000, 'fails': 60, 'score': 38973, 'bad': [3598, 13042, 20215, 26960, 26963, 26965, 28647, 40306]}
{'combo': [24365], 'msg': 'ok', 't': 32.7, 'maxr': 3, 'maxv': 2000, 'fails': 69, 'score': 38964, 'bad': [20215, 26960, 26963, 26965, 28647, 29146, 35416, 40306]}
{'combo': [438], 'msg': 'ok', 't': 19.6, 'maxr': 3, 'maxv': 2000, 'fails': 71, 'score': 38962, 'bad': [4997, 5000, 11789, 16022, 20215, 28647, 36924, 36925, 40354]}
{'combo': [5643], 'msg': 'ok', 't': 24.9, 'maxr': 3, 'maxv': 2000, 'fails': 85, 'score': 38948, 'bad': [722, 724, 726, 15696, 15697, 20215, 22768, 28647, 29144, 30401]}
{'combo': [17760], 'msg': 'ok', 't': 23.8, 'maxr': 3, 'maxv': 2000, 'fails': 81, 'score': 38952, 'bad': [722, 724, 726, 8010, 8011, 20215, 25991, 25993, 27384, 28647]}
{'combo': [27393], 'msg': 'ok', 't': 22.7, 'maxr': 3, 'maxv': 2000, 'fails': 85, 'score': 38948, 'bad': [722, 724, 726, 15687, 15688, 20215, 22768, 28647, 29144, 30401]}
