{'combo': [3106], 'msg': 'ok', 't': 9.3, 'maxr': 3, 'maxv': 2000, 'fails': 47, 'score': 38986, 'bad': [17454, 17455, 20649, 20652, 28647, 32148, 40645]}
{'combo': [3707], 'msg': 'ok', 't': 12.7, 'maxr': 3, 'maxv': 2000, 'fails': 47, 'score': 38986, 'bad': [20649, 20652, 28647, 32148, 35717, 35718]}
{'combo': [7151], 'msg': 'ok', 't': 8.7, 'maxr': 3, 'maxv': 2000, 'fails': 48, 'score': 38985, 'bad': [20649, 20652, 28647, 30455, 30456, 32148, 40626]}
{'combo': [10428], 'msg': 'ok', 't': 10.1, 'maxr': 3, 'maxv': 2000, 'fails': 61, 'score': 38972, 'bad': [20649, 20652, 23207, 28647, 32148, 37872]}
{'combo': [12134], 'msg': 'ok', 't': 5.3, 'maxr': 3, 'maxv': 2000, 'fails': 48, 'score': 38985, 'bad': [20649, 20652, 22745, 28647, 32148, 35729]}
{'combo': [17710], 'msg': 'ok', 't': 5.6, 'maxr': 3, 'maxv': 2000, 'fails': 47, 'score': 38986, 'bad': [17445, 17446, 20649, 20652, 28647, 32148, 40645]}
{'combo': [20603], 'msg': 'ok', 't': 4.7, 'maxr': 3, 'maxv': 2000, 'fails': 47, 'score': 38986, 'bad': [964, 965, 20649, 20652, 28647, 32148, 40353]}
{'combo': [22595], 'msg': 'ok', 't': 13.5, 'maxr': 3, 'maxv': 2000, 'fails': 56, 'score': 38977, 'bad': [9072, 20649, 20652, 28647, 32148, 36187]}
{'combo': [24734], 'msg': 'ok', 't': 9.0, 'maxr': 3, 'maxv': 2000, 'fails': 45, 'score': 38988, 'bad': [20649, 20652, 28647, 32148, 35460, 35461]}
{'combo': [28785], 'msg': 'ok', 't': 8.8, 'maxr': 3, 'maxv': 2000, 'fails': 63, 'score': 38970, 'bad': [1174, 12502, 20649, 20652, 28647, 32148]}
{'combo': [30673], 'msg': 'ok', 't': 6.6, 'maxr': 3, 'maxv': 2000, 'fails': 60, 'score': 38973, 'bad': [5746, 20649, 20652, 23207, 28647, 32148]}
{'combo': [32872], 'msg': 'ok', 't': 16.0, 'maxr': 3, 'maxv': 2000, 'fails': 47, 'score': 38986, 'bad': [20649, 20652, 28647, 29735, 29736, 32148]}
{'combo': [33283], 'msg': 'ok', 't': 15.1, 'maxr': 3, 'maxv': 2000, 'fails': 58, 'score': 38975, 'bad': [20649, 20652, 28647, 29044, 32148, 34378]}
{'combo': [38288], 'msg': 'ok', 't': 11.7, 'maxr': 3, 'maxv': 2000, 'fails': 49, 'score': 38984, 'bad': [8542, 20649, 20652, 28647, 31935, 31936, 32148, 39189]}
{'combo': [2441], 'msg': 'ok', 't': 8.2, 'maxr': 3, 'maxv': 2000, 'fails': 41, 'score': 38992, 'bad': [13402, 13403, 28035, 28037, 28647, 40550]}
{'combo': [6312], 'msg': 'ok', 't': 8.2, 'maxr': 3, 'maxv': 2000, 'fails': 56, 'score': 38977, 'bad': [28035, 28037, 28647, 37300, 38550]}
{'combo': [28645], 'msg': 'ok', 't': 6.4, 'maxr': 3, 'maxv': 2000, 'fails': 56, 'score': 38977, 'bad': [28035, 28037, 28647, 37300, 38550]}
{'combo': [490], 'msg': 'ok', 't': 10.1, 'maxr': 3, 'maxv': 2000, 'fails': 56, 'score': 38977, 'bad': [20215, 26960, 26963, 26965, 28647, 30479, 30480, 40306, 40475]}
{'combo': [11368], 'msg': 'ok', 't': 13.0, 'maxr': 3, 'maxv': 2000, 'fails': 61, 'score': 38972, 'bad': [16688, 16689, 20215, 22933, 26960, 26963, 26965, 28647, 40306]}
{'combo': [14808], 'msg': 'ok', 't': 26.5, 'maxr': 3, 'maxv': 2000, 'fails': 60, 'score': 38973, 'bad': [20215, 26960, 26963, 26965, 28647, 37151, 37152, 40306]}
{'combo': [17406], 'msg': 'ok', 't': 27.7, 'maxr': 3, 'maxv': 2000, 'fails': 60, 'score': 38973, 'bad': [20215, 26960, 26963, 26965, 28647, 38062, 38063, 40306]}
{'combo': [23751], 'msg': 'ok', 't': 29.9, 'maxr': 3, 'maxv': 2000, 'fails': 73, 'score': 38960, 'bad': [20215, 26960, 26963, 26965, 28647, 31069, 35416, 40306]}
{'combo': [37862], 'msg': 'ok', 't': 30.6, 'maxr': 3, 'maxv': 2000, 'fails': 73, 'score': 38960, 'bad': [1705, 20215, 26960, 26963, 26965, 28647, 36000, 40306]}
{'combo': [2455], 'msg': 'ok', 't': 25.5, 'maxr': 3, 'maxv': 2000, 'fails': 106, 'score': 38927, 'bad': [722, 724, 726, 16495, 20215, 24982, 27378, 28297, 28647, 33099]}
{'combo': [16827], 'msg': 'ok', 't': 22.2, 'maxr': 3, 'maxv': 2000, 'fails': 80, 'score': 38953, 'bad': [11153, 11156, 11158, 11789, 20215, 24540, 28647, 34718, 38315, 40354]}
{'combo': [24517], 'msg': 'ok', 't': 21.8, 'maxr': 3, 'maxv': 2000, 'fails': 105, 'score': 38928, 'bad': [722, 724, 726, 20215, 24982, 27378, 28297, 28647, 29305, 33099]}
{'combo': [38625], 'msg': 'ok', 't': 18.2, 'maxr': 3, 'maxv': 2000, 'fails': 88, 'score': 38945, 'bad': [722, 724, 726, 18806, 18807, 20215, 22768, 28647, 29144, 30401]}
