{'combo': [3320], 'msg': 'ok', 't': 12.2, 'maxr': 3, 'maxv': 2000, 'fails': 54, 'score': 38979, 'bad': [20649, 20652, 27537, 28647, 32148, 37976]}
{'combo': [5148], 'msg': 'ok', 't': 67.7, 'maxr': 3, 'maxv': 2000, 'fails': 56, 'score': 38977, 'bad': [20649, 20652, 26528, 28339, 28647, 32148]}
{'combo': [8441], 'msg': 'ok', 't': 12.0, 'maxr': 3, 'maxv': 2000, 'fails': 49, 'score': 38984, 'bad': [20649, 20652, 28647, 29744, 29745, 32148]}
{'combo': [11026], 'msg': 'ok', 't': 4.9, 'maxr': 3, 'maxv': 2000, 'fails': 65, 'score': 38968, 'bad': [16664, 20649, 20652, 28452, 28647, 32148]}
{'combo': [16411], 'msg': 'ok', 't': 9.5, 'maxr': 3, 'maxv': 2000, 'fails': 60, 'score': 38973, 'bad': [3853, 20649, 20652, 28647, 32148, 32915]}
{'combo': [18989], 'msg': 'ok', 't': 67.5, 'maxr': 3, 'maxv': 2000, 'fails': 48, 'score': 38985, 'bad': [20649, 20652, 28647, 32148, 37070, 37071]}
{'combo': [20776], 'msg': 'ok', 't': 10.7, 'maxr': 3, 'maxv': 2000, 'fails': 48, 'score': 38985, 'bad': [20649, 20652, 28647, 29753, 29754, 32148]}
{'combo': [24372], 'msg': 'ok', 't': 14.6, 'maxr': 3, 'maxv': 2000, 'fails': 62, 'score': 38971, 'bad': [20649, 20652, 26823, 28647, 32148, 39395]}
{'combo': [26277], 'msg': 'ok', 't': 21.2, 'maxr': 3, 'maxv': 2000, 'fails': 59, 'score': 38974, 'bad': [20649, 20652, 21372, 28647, 31698, 32148]}
{'combo': [30242], 'msg': 'ok', 't': 13.3, 'maxr': 3, 'maxv': 2000, 'fails': 49, 'score': 38984, 'bad': [16797, 16798, 20649, 20652, 28647, 32148, 40544]}
{'combo': [32368], 'msg': 'ok', 't': 16.7, 'maxr': 3, 'maxv': 2000, 'fails': 61, 'score': 38972, 'bad': [20649, 20652, 28647, 29044, 32148, 35016]}
{'combo': [33095], 'msg': 'ok', 't': 19.7, 'maxr': 3, 'maxv': 2000, 'fails': 62, 'score': 38971, 'bad': [20649, 20652, 23860, 24234, 28647, 32148]}
{'combo': [35110], 'msg': 'ok', 't': 16.7, 'maxr': 3, 'maxv': 2000, 'fails': 49, 'score': 38984, 'bad': [20649, 20652, 28647, 30464, 30465, 32148]}
{'combo': [38643], 'msg': 'ok', 't': 40.6, 'maxr': 3, 'maxv': 2000, 'fails': 46, 'score': 38987, 'bad': [20649, 20652, 23645, 23646, 28647, 32148]}
{'combo': [3545], 'msg': 'ok', 't': 20.7, 'maxr': 3, 'maxv': 2000, 'fails': 55, 'score': 38978, 'bad': [28035, 28037, 28647, 35326, 38550]}
{'combo': [21103], 'msg': 'ok', 't': 22.1, 'maxr': 3, 'maxv': 2000, 'fails': 56, 'score': 38977, 'bad': [28035, 28037, 28647, 35883, 38550]}
{'combo': [36044], 'msg': 'ok', 't': 14.7, 'maxr': 3, 'maxv': 2000, 'fails': 56, 'score': 38977, 'bad': [12916, 28035, 28037, 28647, 38550]}
{'combo': [4287], 'msg': 'ok', 't': 16.3, 'maxr': 3, 'maxv': 2000, 'fails': 72, 'score': 38961, 'bad': [20215, 26215, 26960, 26963, 26965, 28647, 35416, 40306]}
{'combo': [12095], 'msg': 'ok', 't': 10.8, 'maxr': 3, 'maxv': 2000, 'fails': 58, 'score': 38975, 'bad': [20215, 26960, 26963, 26965, 28647, 30697, 30698, 40306, 40475]}
{'combo': [16348], 'msg': 'ok', 't': 9.8, 'maxr': 3, 'maxv': 2000, 'fails': 60, 'score': 38973, 'bad': [16970, 16971, 20215, 26960, 26963, 26965, 28647, 40306]}
{'combo': [22562], 'msg': 'ok', 't': 18.7, 'maxr': 3, 'maxv': 2000, 'fails': 72, 'score': 38961, 'bad': [20215, 26215, 26960, 26963, 26965, 28647, 35416, 40306]}
{'combo': [28005], 'msg': 'ok', 't': 13.3, 'maxr': 3, 'maxv': 2000, 'fails': 60, 'score': 38973, 'bad': [3606, 3607, 20215, 26960, 26963, 26965, 28647, 40306]}
{'combo': [1530], 'msg': 'ok', 't': 7.4, 'maxr': 3, 'maxv': 2000, 'fails': 28, 'score': 39005, 'bad': [20215, 28647]}
{'combo': [6821], 'msg': 'ok', 't': 7.6, 'maxr': 3, 'maxv': 2000, 'fails': 82, 'score': 38951, 'bad': [722, 724, 726, 15705, 20215, 25991, 25993, 27384, 28647, 31005]}
{'combo': [21074], 'msg': 'ok', 't': 6.1, 'maxr': 3, 'maxv': 2000, 'fails': 84, 'score': 38949, 'bad': [722, 724, 726, 8001, 8002, 20215, 25991, 25993, 27384, 28647]}
{'combo': [33287], 'msg': 'ok', 't': 6.4, 'maxr': 3, 'maxv': 2000, 'fails': 85, 'score': 38948, 'bad': [722, 724, 726, 20215, 24982, 27378, 28647, 33099, 36766, 36767]}
