raw LHS: 3175 chars.   E parse: 20 (coef, atom) entries, issq=True outer=1
E's eqfails uses sum(c*atom) directly as the residual, so that sum IS the affine form S.

--- (1) WHICH POWER: raw LHS vs S, on perturbed vectors
   x_4432   += 1 :  S = 1       LHS = 1           S^2=True S^3=True S^4=True
   x_4432   += 2 :  S = 2       LHS = 16          S^2=False S^3=False S^4=True
   x_4432   += 3 :  S = 3       LHS = 81          S^2=False S^3=False S^4=True
   x_4432   += 5 :  S = 5       LHS = 625         S^2=False S^3=False S^4=True
   x_19964  += 2 :  S = -2      LHS = 16          S^2=False S^3=False S^4=True
   x_28730  += 3 :  S = -3      LHS = 81          S^2=False S^3=False S^4=True
   x_23754  += 2 :  S = -18     LHS = 104976      S^2=False S^3=False S^4=True
   => LHS == S^k for k = [4]
   CORRECTION CONFIRMED: the equation is S^4, not S^2.

--- (3) DERIVATIVES: which object has slope +1?
   S at the witness = 0   (LHS = 0)
   dS/dx_4432   = 1
   dS/dx_19964  = -1
   dS/dx_28730  = -1
   T = S*S would have dT/dx_4432 = 2S+1 = 1 at the witness
   CORRECTION CONFIRMED: the object with slope +1 is S, the affine form.

--- (2) HOW MANY TERMS: 18 or 20?
   E gives 20 entries; coefficients used more than once: {1: 3, -13: 2, 25: 2, -5: 2}
   candidate split brackets (same coefficient, adjacent atoms):
      coef 1     -> atoms [23618, 20449, 20452]
           a23618   x_4432 - x_19964 - x_28730
           a20449   x_21279 * x_9106 - 13523997 * x_9629
           a20452   x_37720 - x_14466 * x_35531
      coef -13   -> atoms [23622, 23623]
           a23622   x_21279 * x_31731
           a23623   x_35619
      coef 25    -> atoms [20448, 20450]
           a20448   x_9629 - x_30095 * x_950
           a20450   x_18253 - x_4339 * x_15120
      coef -5    -> atoms [11876, 11877]
           a11876   x_34600 - x_30108
           a11877   x_23642
   Two brackets are split by E into two atoms each:
      -13 * (x_21279 * x_31731 + x_35619)   -> a23622, a23623
       -5 * (x_34600 - x_30108 + x_23642)   -> a11876, a11877
   so 18 bracketed groups become 20 (coef, atom) entries: 18 + 2 = 20.
   BOTH COUNTS ARE RIGHT AT DIFFERENT GRANULARITIES -- 18 syntactic terms,
   20 atoms after E splits those two brackets.  Not a contradiction.

--- the three p-handles agent T identified, as terms of S
   x_18253 - x_4339 * x_15120         -> [(25, 20450)]
   x_37720 - x_14466 * x_35531        -> [(1, 20452)]
   x_23642 - x_8173 * x_10422         -> [(23, 11875)]
DONE
