EXACT POSTERIOR TAIL  P(w <= B | 10<=w<=246), and the rigorous bracket once
families C-H (signed<=7, BSGS, window, small-multiple, lambda-box, orbit) are
also removed.  Bracket width is reported in bits of the exponent.

  B   |  meaning                                  |  P(w<=B)        | bracket width (bits)
   14 | reach of THIS BOX (AB S3: 2^47 time, 2^30 mem) | 2^-180.7801   | 3.37e-09
   20 |                                           | 2^-158.0499   | 2.84e-14
   24 | 'actionable' band (AB S5)                 | 2^-144.4870   | 0.00e+00
   32 |                                           | 2^-120.3608   | -2.84e-14
   40 |                                           | 2^-99.5083    | 0.00e+00
   48 |                                           | 2^-81.3675    | 0.00e+00
   52 | memory-aware rho crossover at 2^30 memory | 2^-73.1941    | 0.00e+00
   56 | rho crossover at 2^40 memory (AB S5 payoff band) | 2^-65.5704    | -2.84e-14
   64 | rho crossover at 2^60 memory              | 2^-51.8589    | 0.00e+00
   80 |                                           | 2^-29.9813    | 0.00e+00
  104 | AB Thm B unbounded-memory crossover (struck) | 2^-9.2739     | 0.00e+00
  128 | the mode                                  | 2^-0.9299     | 0.00e+00
  148 | AB Thm B break-even B                     | 2^-0.0074     | 0.00e+00

independent Decimal recomputation of the three headline exponents:
   B= 14  math.log route 2^-180.780136   Decimal route 2^-180.780136   agree to 0.0e+00
   B= 24  math.log route 2^-144.487001   Decimal route 2^-144.487001   agree to 0.0e+00
   B= 56  math.log route 2^-65.570354   Decimal route 2^-65.570354   agree to 2.8e-14

complementary framing (the number the user actually asked for):
   P(w >  14) = 1 - 2^-180.7801 = 1 - 3.800e-55   i.e. w is ABOVE the band with certainty 1 - 2^-180.78
   P(w >  24) = 1 - 2^-144.4870 = 1 - 3.199e-44   i.e. w is ABOVE the band with certainty 1 - 2^-144.49
   P(w >  56) = 1 - 2^-65.5704 = 1 - 1.825e-20   i.e. w is ABOVE the band with certainty 1 - 2^-65.57

expected number of instances you would have to draw before seeing w <= B:
   B= 14 : 2^180.78 draws  (age of the universe in Planck times ~ 2^202)
   B= 24 : 2^144.49 draws  (age of the universe in Planck times ~ 2^202)
   B= 56 : 2^65.57 draws  (age of the universe in Planck times ~ 2^202)
