| B | P(w<=B) | P(w>=256-B) |
| 10 | 2^-198.048 | 2^-198.049 |
| 15 | 2^-176.761 | 2^-176.762 |
| 20 | 2^-158.050 | 2^-158.050 |
| 25 | 2^-141.265 | 2^-141.265 |
| 30 | 2^-126.057 | 2^-126.057 |
| 35 | 2^-112.193 | 2^-112.193 |
| 40 | 2^-99.508 | 2^-99.508 |
| 45 | 2^-87.879 | 2^-87.879 |
| 50 | 2^-77.210 | 2^-77.210 |
| 55 | 2^-67.426 | 2^-67.426 |
| 60 | 2^-58.467 | 2^-58.467 |
| 65 | 2^-50.282 | 2^-50.282 |
| 70 | 2^-42.828 | 2^-42.828 |
| 75 | 2^-36.072 | 2^-36.072 |
| 80 | 2^-29.981 | 2^-29.981 |
| 85 | 2^-24.531 | 2^-24.531 |
| 90 | 2^-19.698 | 2^-19.698 |
| 95 | 2^-15.460 | 2^-15.460 |
| 100 | 2^-11.800 | 2^-11.800 |
| 104 | 2^-9.274 | 2^-9.274 |
| 110 | 2^-6.132 | 2^-6.132 |
| 120 | 2^-2.521 | 2^-2.521 |
| 128 | 2^-0.930 | 2^-0.930 |

exact rational P(w<=56 | 10<=w<=246):
num = 704554170828535938336067512011116919433767878168705296840
den = 38597363079105398474523661669562635950945854759691634794201713246701323697853

exact rational P(w<=24):
num = 1234913069110343459477149431198000
den = 38597363079105398474523661669562635950945854759691634794201713246701323697853

exact rational P(w<=14):
num = 637655757836932123200
den = 1678146220830669498892333116067940693519384989551810208443552749856579291211

Z (posterior normaliser) = 115792089237316195423570985008687907852837564279074904382605139740103971093559
N - Z = 23401414190400778
