alignment bad (pre-repair): 4
atoms with exactly 1 handle: 3681 of 9032
S = [19745, 12134, 35062, 23262, 17710, 28754, 30823, 7780, 33824, 12422, 33434, 33951, 91, 5910, 35835, 33095, 22579, 20603, 853, 35635, 36961, 2441, 8319, 9294, 21305, 2143, 18022, 11368, 8370, 10591, 3320, 23794, 1931, 22282, 3216, 14039, 16348, 30673, 24912, 22595, 29785, 10428, 490, 32558, 24774, 3106, 6312, 35979, 12814, 27738, 28005, 37147, 28825, 31899, 24136, 19737, 35110, 6825, 34715, 15406, 38288, 22623, 38645, 30420, 7401, 16688, 19435, 7745, 33822, 4940, 542, 11189, 34510, 21392, 29327, 33283, 2460, 38459, 2455, 112, 1746, 1413, 31767, 37862, 4701, 19326, 14823, 23751, 24517, 22106, 35839, 36459, 35079, 32092, 28645, 7142, 19743, 28737, 32872, 22140, 5663, 36293, 17681, 21112, 26078, 30242, 11777, 24365, 12054, 12747, 29661, 30207, 1530, 25104, 3414, 2527, 35537, 21103, 22562, 11170, 35450, 14601, 34974, 3420, 1603, 33099, 1357, 4279]
outer 0: global nonzero 70, violated c-conditions 67, nonzero handle-less 3
   single-wire pass: 55 accepted
outer 1: global nonzero 10, violated c-conditions 7, nonzero handle-less 3
   handle-less pass: 3 nonzero handle-less atom(s)
      *** x13454 += p*13189448 zeroes (x12827-(x31566*x24511)) (exact, recomputed)
outer 2: global nonzero 9, violated c-conditions 7, nonzero handle-less 2
   handle-less pass: 2 nonzero handle-less atom(s)
   single-wire STALLED -> joint two-wire pass
  atom ((x22366*x5209)-(8054097*x37199))  c=8054097
     round 0: |group|=1 (0 exact) wires=6 new pairs=15
     (x664   ,x4860  ) |group|=1 200 candidate(s) verified, guard rejected all
     (x664   ,x7814  ) |group|=1 200 candidate(s) verified, guard rejected all
     (x664   ,x14370 ) |group|=1 200 candidate(s) verified, guard rejected all
     (x664   ,x24959 ) |group|=1 200 candidate(s) verified, guard rejected all
     (x664   ,x25606 ) |group|=1 200 candidate(s) verified, guard rejected all
     *** (x4860 += p*7397480 , x7814 += p*75188) |group|=1  global 9 -> 8
outer 3: global nonzero 8, violated c-conditions 6, nonzero handle-less 2
   handle-less pass: 2 nonzero handle-less atom(s)
   single-wire STALLED -> joint two-wire pass
  atom ((x12134*(x27137-113476461412842355952148348673776174265  c=4847139
     round 0: |group|=1 (0 exact) wires=1 new pairs=0
     folding in collateral: ['((x4237*x19004)-(6256063*x6487))']
     round 1: |group|=2 (0 exact) wires=6 new pairs=15
     (x14520 ,x19075 ) |group|=2 NO JOINT ROOT mod 9 (exhaustive)
     (x14520 ,x19689 ) |group|=2 NO JOINT ROOT mod 9 (exhaustive)
     *** (x14520 += p*217456327217 , x27137 += p*43368324358) |group|=2  global 8 -> 7
outer 4: global nonzero 7, violated c-conditions 5, nonzero handle-less 2
   handle-less pass: 2 nonzero handle-less atom(s)
   single-wire STALLED -> joint two-wire pass
  atom ((x2820-x17195)-(8271997*x17079))  c=8271997
     round 0: |group|=1 (0 exact) wires=2 new pairs=1
     (x2820  ,x14047 ) |group|=1 191 candidate(s) verified, guard rejected all
     folding in collateral: ['((x5794*x19670)-(8567205*x2062))', '((x14047-x19324)-(3914361*x6389))']
     round 1: |group|=3 (0 exact) wires=8 new pairs=27
     (x2820  ,x13880 ) |group|=3 NO JOINT ROOT mod 116507 (sampled)
     (x2820  ,x15237 ) |group|=3 NO JOINT ROOT mod 116507 (sampled)
     (x2820  ,x19965 ) |group|=3 NO JOINT ROOT mod 116507 (sampled)
     (x2820  ,x22362 ) |group|=3 NO JOINT ROOT mod 116507 (sampled)
     (x2820  ,x23437 ) |group|=3 NO JOINT ROOT mod 116507 (sampled)
     (x2820  ,x36590 ) |group|=3 NO JOINT ROOT mod 116507 (sampled)
     (x13880 ,x14047 ) |group|=3 NO JOINT ROOT mod 571147 (sampled)
     (x13880 ,x15237 ) |group|=3 NO JOINT ROOT mod 71 (exhaustive)
     (x13880 ,x19965 ) |group|=3 NO JOINT ROOT mod 71 (exhaustive)
     (x13880 ,x22362 ) |group|=3 NO JOINT ROOT mod 71 (exhaustive)
     (x13880 ,x23437 ) |group|=3 NO JOINT ROOT mod 71 (exhaustive)
     (x13880 ,x36590 ) |group|=3 NO JOINT ROOT mod 71 (exhaustive)
     (x14047 ,x15237 ) |group|=3 NO JOINT ROOT mod 116507 (sampled)
     (x14047 ,x19965 ) |group|=3 NO JOINT ROOT mod 116507 (sampled)
     (x14047 ,x22362 ) |group|=3 NO JOINT ROOT mod 116507 (sampled)
     (x14047 ,x23437 ) |group|=3 NO JOINT ROOT mod 116507 (sampled)
     (x14047 ,x36590 ) |group|=3 NO JOINT ROOT mod 116507 (sampled)
     (x15237 ,x19965 ) |group|=3 NO JOINT ROOT mod 71 (exhaustive)
     (x15237 ,x22362 ) |group|=3 NO JOINT ROOT mod 71 (exhaustive)
     (x15237 ,x23437 ) |group|=3 NO JOINT ROOT mod 71 (exhaustive)
     (x15237 ,x36590 ) |group|=3 NO JOINT ROOT mod 71 (exhaustive)
     (x19965 ,x22362 ) |group|=3 NO JOINT ROOT mod 71 (exhaustive)
     (x19965 ,x23437 ) |group|=3 NO JOINT ROOT mod 71 (exhaustive)
     (x19965 ,x36590 ) |group|=3 NO JOINT ROOT mod 71 (exhaustive)
     (x22362 ,x23437 ) |group|=3 NO JOINT ROOT mod 71 (exhaustive)
     (x22362 ,x36590 ) |group|=3 NO JOINT ROOT mod 71 (exhaustive)
     (x23437 ,x36590 ) |group|=3 NO JOINT ROOT mod 71 (exhaustive)
     no addable collateral -- giving up on ((x2820-x17195)-(8271997*x17079))
  atom ((x14370-x17131)-(10573909*x2482))  c=10573909
     round 0: |group|=1 (0 exact) wires=2 new pairs=1
     (x2404  ,x14370 ) |group|=1 200 candidate(s) verified, guard rejected all
     folding in collateral: ['((x2404-x34427)-(9516871*x32385))', '((x22366*x5209)-(8054097*x37199))']
     round 1: |group|=3 (0 exact) wires=8 new pairs=27
     (x664   ,x2404  ) |group|=3 200 candidate(s) verified, guard rejected all
     (x664   ,x4860  ) |group|=3 NO JOINT ROOT mod 3163 (exhaustive)
     (x664   ,x7814  ) |group|=3 NO JOINT ROOT mod 3163 (exhaustive)
     (x664   ,x14370 ) |group|=3 200 candidate(s) verified, guard rejected all
     (x664   ,x15967 ) |group|=3 NO JOINT ROOT mod 3163 (exhaustive)
     (x664   ,x24959 ) |group|=3 NO JOINT ROOT mod 3163 (exhaustive)
     (x664   ,x25606 ) |group|=3 NO JOINT ROOT mod 3163 (exhaustive)
     *** (x2404 += p*345293894746491279225 , x4860 += p*639756294071655694143) |group|=3  global 7 -> 6
outer 5: global nonzero 6, violated c-conditions 4, nonzero handle-less 2
   handle-less pass: 2 nonzero handle-less atom(s)
   single-wire STALLED -> joint two-wire pass
  atom ((x2820-x17195)-(8271997*x17079))  c=8271997
     round 0: |group|=1 (0 exact) wires=2 new pairs=1
     (x2820  ,x14047 ) |group|=1 195 candidate(s) verified, guard rejected all
     folding in collateral: ['((x5794*x19670)-(8567205*x2062))', '((x14047-x19324)-(3914361*x6389))']
     round 1: |group|=3 (0 exact) wires=8 new pairs=27
     (x2820  ,x13880 ) |group|=3 NO JOINT ROOT mod 116507 (sampled)
     (x2820  ,x15237 ) |group|=3 NO JOINT ROOT mod 116507 (sampled)
     (x2820  ,x19965 ) |group|=3 NO JOINT ROOT mod 116507 (sampled)
     (x2820  ,x22362 ) |group|=3 NO JOINT ROOT mod 116507 (sampled)
     (x2820  ,x23437 ) |group|=3 NO JOINT ROOT mod 116507 (sampled)
     (x2820  ,x36590 ) |group|=3 NO JOINT ROOT mod 116507 (sampled)
     (x13880 ,x14047 ) |group|=3 NO JOINT ROOT mod 571147 (sampled)
     (x13880 ,x15237 ) |group|=3 NO JOINT ROOT mod 71 (exhaustive)
     (x13880 ,x19965 ) |group|=3 NO JOINT ROOT mod 71 (exhaustive)
     (x13880 ,x22362 ) |group|=3 NO JOINT ROOT mod 71 (exhaustive)
     (x13880 ,x23437 ) |group|=3 NO JOINT ROOT mod 71 (exhaustive)
     (x13880 ,x36590 ) |group|=3 NO JOINT ROOT mod 71 (exhaustive)
     (x14047 ,x15237 ) |group|=3 NO JOINT ROOT mod 116507 (sampled)
     (x14047 ,x19965 ) |group|=3 NO JOINT ROOT mod 116507 (sampled)
     (x14047 ,x22362 ) |group|=3 NO JOINT ROOT mod 116507 (sampled)
     (x14047 ,x23437 ) |group|=3 NO JOINT ROOT mod 116507 (sampled)
     (x14047 ,x36590 ) |group|=3 NO JOINT ROOT mod 116507 (sampled)
     (x15237 ,x19965 ) |group|=3 NO JOINT ROOT mod 71 (exhaustive)
     (x15237 ,x22362 ) |group|=3 NO JOINT ROOT mod 71 (exhaustive)
     (x15237 ,x23437 ) |group|=3 NO JOINT ROOT mod 71 (exhaustive)
     (x15237 ,x36590 ) |group|=3 NO JOINT ROOT mod 71 (exhaustive)
     (x19965 ,x22362 ) |group|=3 NO JOINT ROOT mod 71 (exhaustive)
     (x19965 ,x23437 ) |group|=3 NO JOINT ROOT mod 71 (exhaustive)
     (x19965 ,x36590 ) |group|=3 NO JOINT ROOT mod 71 (exhaustive)
     (x22362 ,x23437 ) |group|=3 NO JOINT ROOT mod 71 (exhaustive)
     (x22362 ,x36590 ) |group|=3 NO JOINT ROOT mod 71 (exhaustive)
     (x23437 ,x36590 ) |group|=3 NO JOINT ROOT mod 71 (exhaustive)
     no addable collateral -- giving up on ((x2820-x17195)-(8271997*x17079))
  atom ((x17100*x14819)-(7038713*x20150))  c=7038713
     round 0: |group|=1 (0 exact) wires=6 new pairs=15
     (x10424 ,x20930 ) |group|=1 NO JOINT ROOT mod 23 (exhaustive)
     (x10424 ,x27436 ) |group|=1 200 candidate(s) verified, guard rejected all
     (x10424 ,x30632 ) |group|=1 200 candidate(s) verified, guard rejected all
     (x10424 ,x35256 ) |group|=1 200 candidate(s) verified, guard rejected all
     (x10424 ,x36193 ) |group|=1 NO JOINT ROOT mod 23 (exhaustive)
     (x20930 ,x27436 ) |group|=1 200 candidate(s) verified, guard rejected all
     (x20930 ,x30632 ) |group|=1 200 candidate(s) verified, guard rejected all
     (x20930 ,x35256 ) |group|=1 200 candidate(s) verified, guard rejected all
     (x20930 ,x36193 ) |group|=1 NO JOINT ROOT mod 23 (exhaustive)
     (x27436 ,x30632 ) |group|=1 200 candidate(s) verified, guard rejected all
     (x27436 ,x35256 ) |group|=1 200 candidate(s) verified, guard rejected all
     (x27436 ,x36193 ) |group|=1 NO JOINT ROOT mod 23 (exhaustive)
     (x30632 ,x35256 ) |group|=1 200 candidate(s) verified, guard rejected all
     (x30632 ,x36193 ) |group|=1 200 candidate(s) verified, guard rejected all
     (x35256 ,x36193 ) |group|=1 200 candidate(s) verified, guard rejected all
     folding in collateral: ['((x28825*(x30632-556914858231426612203900521', '((x38368-x10824)-(4373107*x29375))', '((x19326*(x27436-162300521750221901837067994']
     round 1: |group|=4 (0 exact) wires=7 new pairs=6
     (x10424 ,x38368 ) |group|=4 NO JOINT ROOT mod 23 (exhaustive)
     (x20930 ,x38368 ) |group|=4 NO JOINT ROOT mod 23 (exhaustive)
     (x27436 ,x38368 ) |group|=4 NO JOINT ROOT mod 23 (exhaustive)
     *** (x30632 += p*33769294968936289047690379 , x38368 += p*783635855679201547414215986) |group|=4  global 6 -> 5
outer 6: global nonzero 5, violated c-conditions 3, nonzero handle-less 2
   handle-less pass: 2 nonzero handle-less atom(s)
   single-wire STALLED -> joint two-wire pass
  atom ((x2820-x17195)-(8271997*x17079))  c=8271997
     round 0: |group|=1 (0 exact) wires=2 new pairs=1
     (x2820  ,x14047 ) |group|=1 197 candidate(s) verified, guard rejected all
     folding in collateral: ['((x5794*x19670)-(8567205*x2062))', '((x14047-x19324)-(3914361*x6389))']
     round 1: |group|=3 (0 exact) wires=8 new pairs=27
     (x2820  ,x13880 ) |group|=3 NO JOINT ROOT mod 116507 (sampled)
     (x2820  ,x15237 ) |group|=3 NO JOINT ROOT mod 116507 (sampled)
     (x2820  ,x19965 ) |group|=3 NO JOINT ROOT mod 116507 (sampled)
     (x2820  ,x22362 ) |group|=3 NO JOINT ROOT mod 116507 (sampled)
     (x2820  ,x23437 ) |group|=3 NO JOINT ROOT mod 116507 (sampled)
     (x2820  ,x36590 ) |group|=3 NO JOINT ROOT mod 116507 (sampled)
     (x13880 ,x14047 ) |group|=3 NO JOINT ROOT mod 571147 (sampled)
     (x13880 ,x15237 ) |group|=3 NO JOINT ROOT mod 71 (exhaustive)
     (x13880 ,x19965 ) |group|=3 NO JOINT ROOT mod 71 (exhaustive)
     (x13880 ,x22362 ) |group|=3 NO JOINT ROOT mod 71 (exhaustive)
     (x13880 ,x23437 ) |group|=3 NO JOINT ROOT mod 71 (exhaustive)
     (x13880 ,x36590 ) |group|=3 NO JOINT ROOT mod 71 (exhaustive)
     (x14047 ,x15237 ) |group|=3 NO JOINT ROOT mod 116507 (sampled)
     (x14047 ,x19965 ) |group|=3 NO JOINT ROOT mod 116507 (sampled)
     (x14047 ,x22362 ) |group|=3 NO JOINT ROOT mod 116507 (sampled)
     (x14047 ,x23437 ) |group|=3 NO JOINT ROOT mod 116507 (sampled)
     (x14047 ,x36590 ) |group|=3 NO JOINT ROOT mod 116507 (sampled)
     (x15237 ,x19965 ) |group|=3 NO JOINT ROOT mod 71 (exhaustive)
     (x15237 ,x22362 ) |group|=3 NO JOINT ROOT mod 71 (exhaustive)
     (x15237 ,x23437 ) |group|=3 NO JOINT ROOT mod 71 (exhaustive)
     (x15237 ,x36590 ) |group|=3 NO JOINT ROOT mod 71 (exhaustive)
     (x19965 ,x22362 ) |group|=3 NO JOINT ROOT mod 71 (exhaustive)
     (x19965 ,x23437 ) |group|=3 NO JOINT ROOT mod 71 (exhaustive)
     (x19965 ,x36590 ) |group|=3 NO JOINT ROOT mod 71 (exhaustive)
     (x22362 ,x23437 ) |group|=3 NO JOINT ROOT mod 71 (exhaustive)
     (x22362 ,x36590 ) |group|=3 NO JOINT ROOT mod 71 (exhaustive)
     (x23437 ,x36590 ) |group|=3 NO JOINT ROOT mod 71 (exhaustive)
     no addable collateral -- giving up on ((x2820-x17195)-(8271997*x17079))
  atom (x23514-(x6677*x23504))  EXACT (handle-less)
     round 0: |group|=1 (1 exact) wires=1 new pairs=0
     folding in collateral: ['((x35247*x4)-(3624927*x12726))']
     round 1: |group|=2 (1 exact) wires=6 new pairs=15
     *** (x15140 += p*2871102 , x34218 += p*322948684674) |group|=2  global 5 -> 4
outer 7: global nonzero 4, violated c-conditions 3, nonzero handle-less 1
   handle-less pass: 1 nonzero handle-less atom(s)
   single-wire STALLED -> joint two-wire pass
  atom ((x2820-x17195)-(8271997*x17079))  c=8271997
     round 0: |group|=1 (0 exact) wires=2 new pairs=1
     (x2820  ,x14047 ) |group|=1 194 candidate(s) verified, guard rejected all
     folding in collateral: ['((x5794*x19670)-(8567205*x2062))', '((x14047-x19324)-(3914361*x6389))']
     round 1: |group|=3 (0 exact) wires=8 new pairs=27
     (x2820  ,x13880 ) |group|=3 NO JOINT ROOT mod 116507 (sampled)
     (x2820  ,x15237 ) |group|=3 NO JOINT ROOT mod 116507 (sampled)
     (x2820  ,x19965 ) |group|=3 NO JOINT ROOT mod 116507 (sampled)
     (x2820  ,x22362 ) |group|=3 NO JOINT ROOT mod 116507 (sampled)
