alignment bad (pre-repair): 4
atoms with exactly 1 handle: 3681 of 9032
S(seed=31) = [2081, 27592, 24734, 11777, 2779, 24774, 15730, 22595, 4287, 20356, 28645, 33824, 6503, 38288, 5630, 32669, 16586, 26078, 47, 1357, 2143, 10428, 34715, 1931, 3545, 19326, 31767, 11026, 16688, 1203, 8319, 6312, 22562, 3591, 37631, 4701, 20776, 38643, 14928, 22492, 33434, 31932, 2460, 14644, 36293, 33099, 21266, 33951, 32558, 15406, 24365, 20564, 37147, 19074, 12072, 26277, 22351, 17083, 28713, 20603, 36314, 5148, 29545, 17710, 7780, 36459, 35660, 5584, 6821, 8487, 1695, 19743, 24912, 5090, 28737, 16827, 10836, 10746, 21074, 35979, 23262, 12134, 19745, 1530, 542, 33095, 12422, 12814, 10513, 27738, 19690, 9260, 34175, 38630, 4362, 16348, 30420, 36035, 6825, 24134, 17149, 2527, 25908, 24267, 34974, 21392, 18732, 17790, 7029, 1746, 28754, 3420, 38625, 12737, 20622, 11368, 23794, 24136, 31899, 22790, 35062, 29661, 91, 19435, 35839, 33242, 13526, 7142, 22579, 4940, 29711, 2455, 36961, 23751, 29327, 33287, 21103, 32368, 22106, 35537, 16411, 2229, 29670, 25292, 1685, 35179, 3320, 1603, 10255, 33929, 35110, 490, 30673, 10591, 34309, 14039, 22623, 7745, 21702, 7401, 6143, 1544, 28825, 36044, 30207, 11189, 17681, 14808, 20837, 17406, 12714, 1413, 33190, 3106, 30448, 18022, 18184, 24335, 12054, 33015, 22513, 33822, 28005, 4381, 38055, 438, 37862, 25104, 5643, 38645, 28785, 853, 9601, 1571, 34969, 38459, 17410, 11170, 29785, 26005, 32872, 12095, 2441, 17711, 17899, 5663, 32092, 34510, 14823, 24601, 3216, 21305, 33283, 20325, 15064, 3707, 35740, 1502, 21112, 3414, 9294, 5651, 30613, 17378, 14601, 17760, 35835, 13710, 18348, 19737, 24517, 30242, 13195, 18989, 8441, 12747, 8757, 35450, 30823, 7151, 24372, 4279, 5910, 16214, 2055, 35635, 112, 28024, 6177, 8370]
outer 0: global nonzero 154, violated c-conditions 148, nonzero handle-less 6
   single-wire pass: 117 accepted
outer 1: global nonzero 21, violated c-conditions 15, nonzero handle-less 6
   handle-less pass: 6 nonzero handle-less atom(s)
      *** x13454 += p*13189448 zeroes (x12827-(x31566*x24511)) (exact, recomputed)
      *** x36038 += p*605517349896 zeroes (x11231-(x8233*x21728)) (exact, recomputed)
outer 2: global nonzero 19, violated c-conditions 15, nonzero handle-less 4
   handle-less pass: 4 nonzero handle-less atom(s)
   single-wire STALLED -> joint two-wire pass
  atom ((x29327*(x36128-359702590479861189598273782415394539357  c=1514949
     round 0: |group|=1 (0 exact) wires=1 new pairs=0
     folding in collateral: ['((x31778*x19594)-(9401079*x17407))']
     round 1: |group|=2 (0 exact) wires=6 new pairs=15
     (x6930  ,x14052 ) |group|=2 NO JOINT ROOT mod 3 (exhaustive)
     (x6930  ,x24221 ) |group|=2 NO JOINT ROOT mod 3 (exhaustive)
     (x6930  ,x25477 ) |group|=2 NO JOINT ROOT mod 3 (exhaustive)
     (x6930  ,x27486 ) |group|=2 NO JOINT ROOT mod 3 (exhaustive)
     (x6930  ,x36128 ) |group|=2 NO JOINT ROOT mod 3 (exhaustive)
     (x14052 ,x24221 ) |group|=2 NO JOINT ROOT mod 3 (exhaustive)
     (x14052 ,x25477 ) |group|=2 NO JOINT ROOT mod 3 (exhaustive)
     (x14052 ,x27486 ) |group|=2 NO JOINT ROOT mod 3 (exhaustive)
     (x14052 ,x36128 ) |group|=2 NO JOINT ROOT mod 3 (exhaustive)
     (x24221 ,x25477 ) |group|=2 NO JOINT ROOT mod 3 (exhaustive)
     (x24221 ,x27486 ) |group|=2 NO JOINT ROOT mod 3 (exhaustive)
     (x24221 ,x36128 ) |group|=2 200 candidate(s) verified, guard rejected all
     (x25477 ,x27486 ) |group|=2 NO JOINT ROOT mod 3 (exhaustive)
     *** (x25477 += p*4679798154593 , x36128 += p*736949988298) |group|=2  global 19 -> 18
outer 3: global nonzero 18, violated c-conditions 14, nonzero handle-less 4
   handle-less pass: 4 nonzero handle-less atom(s)
   single-wire STALLED -> joint two-wire pass
  atom ((x34974*(x6209-3733332191859409262065881941083713796096  c=12280449
     round 0: |group|=1 (0 exact) wires=1 new pairs=0
     folding in collateral: ['((x32411*x25754)-(12935699*x37103))']
     round 1: |group|=2 (0 exact) wires=6 new pairs=15
     *** (x5850 += p*137610041288015 , x6209 += p*50990527920679) |group|=2  global 18 -> 17
outer 4: global nonzero 17, violated c-conditions 13, nonzero handle-less 4
   handle-less pass: 4 nonzero handle-less atom(s)
   single-wire STALLED -> joint two-wire pass
  atom ((x7780*(x15749-1190507358280394640819637907995977194938  c=7656793
     round 0: |group|=1 (0 exact) wires=1 new pairs=0
     folding in collateral: ['((x8222*x3983)-(9027329*x3975))']
     round 1: |group|=2 (0 exact) wires=6 new pairs=15
     (x2958  ,x4198  ) |group|=2 NO JOINT ROOT mod 137 (exhaustive)
     (x2958  ,x14457 ) |group|=2 NO JOINT ROOT mod 137 (exhaustive)
