S = [19745, 12134, 35062, 23262, 17710, 28754, 30823, 7780, 33824, 12422, 33434, 33951, 91, 5910, 35835, 33095, 22579, 20603, 853, 35635, 36961, 2441, 8319, 9294, 21305, 2143, 18022, 11368, 8370, 10591, 3320, 23794, 1931, 22282, 3216, 14039, 16348, 30673, 24912, 22595, 29785, 10428, 490, 32558, 24774, 3106, 6312, 35979, 12814, 27738, 28005, 37147, 28825, 31899, 24136, 19737, 35110, 6825, 34715, 15406, 38288, 22623, 38645, 30420]
outer 0: global nonzero 34, violated c-conditions 31, nonzero handle-less 3
   single-wire pass: 25 accepted
outer 1: global nonzero 7, violated c-conditions 4, nonzero handle-less 3
   handle-less pass: 3 nonzero handle-less atom(s)
      *** x34218 += p*322948684674 zeroes (x23514-(x6677*x23504)) (exact, recomputed)
outer 2: global nonzero 6, violated c-conditions 4, nonzero handle-less 2
   handle-less pass: 2 nonzero handle-less atom(s)
      *** x13454 += p*13189448 zeroes (x12827-(x31566*x24511)) (exact, recomputed)
outer 3: global nonzero 5, violated c-conditions 4, nonzero handle-less 1
   handle-less pass: 1 nonzero handle-less atom(s)
   single-wire STALLED -> joint two-wire pass
  atom ((x22366*x5209)-(8054097*x37199))  c=8054097
     round 0: |group|=1 (0 exact) wires=6 new pairs=15
     (x664   ,x4860  ) |group|=1 200 candidate(s) verified, guard rejected all
     (x664   ,x7814  ) |group|=1 200 candidate(s) verified, guard rejected all
     (x664   ,x14370 ) |group|=1 200 candidate(s) verified, guard rejected all
     (x664   ,x24959 ) |group|=1 200 candidate(s) verified, guard rejected all
     (x664   ,x25606 ) |group|=1 200 candidate(s) verified, guard rejected all
     *** (x4860 += p*7397480 , x7814 += p*75188) |group|=1  global 5 -> 4
outer 4: global nonzero 4, violated c-conditions 3, nonzero handle-less 1
   handle-less pass: 1 nonzero handle-less atom(s)
   single-wire STALLED -> joint two-wire pass
  atom ((x14370-x17131)-(10573909*x2482))  c=10573909
     round 0: |group|=1 (0 exact) wires=2 new pairs=1
     (x2404  ,x14370 ) |group|=1 200 candidate(s) verified, guard rejected all
     folding in collateral: ['((x2404-x34427)-(9516871*x32385))', '((x22366*x5209)-(8054097*x37199))']
     round 1: |group|=3 (0 exact) wires=8 new pairs=27
     (x664   ,x2404  ) |group|=3 200 candidate(s) verified, guard rejected all
     (x664   ,x4860  ) |group|=3 NO JOINT ROOT mod 3163 (exhaustive)
     (x664   ,x7814  ) |group|=3 NO JOINT ROOT mod 3163 (exhaustive)
     (x664   ,x14370 ) |group|=3 200 candidate(s) verified, guard rejected all
     (x664   ,x15967 ) |group|=3 NO JOINT ROOT mod 3163 (exhaustive)
     (x664   ,x24959 ) |group|=3 NO JOINT ROOT mod 3163 (exhaustive)
     (x664   ,x25606 ) |group|=3 NO JOINT ROOT mod 3163 (exhaustive)
     *** (x2404 += p*23631431170079627895 , x4860 += p*369109490802023615902) |group|=3  global 4 -> 3
outer 5: global nonzero 3, violated c-conditions 2, nonzero handle-less 1
   handle-less pass: 1 nonzero handle-less atom(s)
   single-wire STALLED -> joint two-wire pass
  atom (x3178-(x13720*x21170))  EXACT (handle-less)
     round 0: |group|=1 (1 exact) wires=1 new pairs=0
     folding in collateral: ['((x14047-x19324)-(3914361*x6389))']
     round 1: |group|=2 (1 exact) wires=2 new pairs=1
     (x14047 ,x19965 ) |group|=2 200 candidate(s) verified, guard rejected all
     folding in collateral: ['((x2820-x17195)-(8271997*x17079))']
     round 2: |group|=3 (1 exact) wires=3 new pairs=2
     no addable collateral -- giving up on (x3178-(x13720*x21170))
   *** FORCED exact step  x19965 += p*850093191878  zeroes (x3178-(x13720*x21170))  (unique root, recomputed); global 3 -> 3; wire FROZEN
outer 6: global nonzero 3, violated c-conditions 3, nonzero handle-less 0
   single-wire STALLED -> joint two-wire pass
  atom ((x14047-x19324)-(3914361*x6389))  c=3914361
     round 0: |group|=1 (0 exact) wires=1 new pairs=0
     folding in collateral: ['((x2820-x17195)-(8271997*x17079))']
     round 1: |group|=2 (0 exact) wires=2 new pairs=1
     *** (x2820 += p*3815648798396 , x14047 += p*16823645328794) |group|=2  global 3 -> 2
outer 7: global nonzero 2, violated c-conditions 2, nonzero handle-less 0
   single-wire STALLED -> joint two-wire pass
   only the two TARGET congruences remain -- CLOSED
|S|=64  T64     NONZERO ATOMS = 2 of 9032   WALL = 1283.7 s  -> close_T64.json
     ((x18956-x37892)-x32237)
     ((x24468-x13682)-(12354891*x34243))
