S(seed=31) = [2081, 27592, 24734, 11777, 2779, 24774, 15730, 22595, 4287, 20356, 28645, 33824, 6503, 38288, 5630, 32669, 16586, 26078, 47, 1357, 2143, 10428, 34715, 1931, 3545, 19326, 31767, 11026, 16688, 1203, 8319, 6312, 22562, 3591, 37631, 4701, 20776, 38643, 14928, 22492, 33434, 31932, 2460, 14644, 36293, 33099, 21266, 33951, 32558, 15406, 24365, 20564, 37147, 19074, 12072, 26277, 22351, 17083, 28713, 20603, 36314, 5148, 29545, 17710, 7780, 36459, 35660, 5584, 6821, 8487, 1695, 19743, 24912, 5090, 28737, 16827, 10836, 10746, 21074, 35979, 23262, 12134, 19745, 1530, 542, 33095, 12422, 12814, 10513, 27738, 19690, 9260, 34175, 38630, 4362, 16348, 30420, 36035, 6825, 24134, 17149, 2527, 25908, 24267, 34974, 21392, 18732, 17790, 7029, 1746, 28754, 3420, 38625, 12737, 20622, 11368, 23794, 24136, 31899, 22790, 35062, 29661, 91, 19435, 35839, 33242, 13526, 7142, 22579, 4940, 29711, 2455, 36961, 23751, 29327, 33287, 21103, 32368, 22106, 35537, 16411, 2229, 29670, 25292, 1685, 35179, 3320, 1603, 10255, 33929, 35110, 490, 30673, 10591, 34309, 14039, 22623, 7745, 21702, 7401, 6143, 1544, 28825, 36044, 30207, 11189, 17681, 14808, 20837, 17406, 12714, 1413, 33190, 3106, 30448, 18022, 18184, 24335, 12054, 33015, 22513, 33822, 28005, 4381, 38055, 438, 37862, 25104, 5643, 38645, 28785, 853, 9601, 1571, 34969, 38459, 17410, 11170, 29785, 26005, 32872, 12095, 2441, 17711, 17899, 5663, 32092, 34510, 14823, 24601, 3216, 21305, 33283, 20325, 15064, 3707, 35740, 1502, 21112, 3414, 9294, 5651, 30613, 17378, 14601, 17760, 35835, 13710, 18348, 19737, 24517, 30242, 13195, 18989, 8441, 12747, 8757, 35450, 30823, 7151, 24372, 4279, 5910, 16214, 2055, 35635, 112, 28024, 6177, 8370]
outer 0: global nonzero 154, violated c-conditions 148, nonzero handle-less 6
   single-wire pass: 117 accepted
outer 1: global nonzero 21, violated c-conditions 15, nonzero handle-less 6
   handle-less pass: 6 nonzero handle-less atom(s)
      *** x13454 += p*13189448 zeroes (x12827-(x31566*x24511)) (exact, recomputed)
      *** x36038 += p*605517349896 zeroes (x11231-(x8233*x21728)) (exact, recomputed)
outer 2: global nonzero 19, violated c-conditions 15, nonzero handle-less 4
   handle-less pass: 4 nonzero handle-less atom(s)
   single-wire STALLED -> joint two-wire pass
  atom ((x29327*(x36128-359702590479861189598273782415394539357  c=1514949
     round 0: |group|=1 (0 exact) wires=1 new pairs=0
     folding in collateral: ['((x31778*x19594)-(9401079*x17407))']
     round 1: |group|=2 (0 exact) wires=6 new pairs=15
     (x6930  ,x14052 ) |group|=2 NO JOINT ROOT mod 3 (exhaustive)
     (x6930  ,x24221 ) |group|=2 NO JOINT ROOT mod 3 (exhaustive)
     (x6930  ,x25477 ) |group|=2 NO JOINT ROOT mod 3 (exhaustive)
     (x6930  ,x27486 ) |group|=2 NO JOINT ROOT mod 3 (exhaustive)
     (x6930  ,x36128 ) |group|=2 NO JOINT ROOT mod 3 (exhaustive)
     (x14052 ,x24221 ) |group|=2 NO JOINT ROOT mod 3 (exhaustive)
     (x14052 ,x25477 ) |group|=2 NO JOINT ROOT mod 3 (exhaustive)
     (x14052 ,x27486 ) |group|=2 NO JOINT ROOT mod 3 (exhaustive)
     (x14052 ,x36128 ) |group|=2 NO JOINT ROOT mod 3 (exhaustive)
     (x24221 ,x25477 ) |group|=2 NO JOINT ROOT mod 3 (exhaustive)
     (x24221 ,x27486 ) |group|=2 NO JOINT ROOT mod 3 (exhaustive)
     (x24221 ,x36128 ) |group|=2 200 candidate(s) verified, guard rejected all
     (x25477 ,x27486 ) |group|=2 NO JOINT ROOT mod 3 (exhaustive)
     *** (x25477 += p*4679798154593 , x36128 += p*736949988298) |group|=2  global 19 -> 18
outer 3: global nonzero 18, violated c-conditions 14, nonzero handle-less 4
   handle-less pass: 4 nonzero handle-less atom(s)
   single-wire STALLED -> joint two-wire pass
  atom ((x34974*(x6209-3733332191859409262065881941083713796096  c=12280449
     round 0: |group|=1 (0 exact) wires=1 new pairs=0
     folding in collateral: ['((x32411*x25754)-(12935699*x37103))']
     round 1: |group|=2 (0 exact) wires=6 new pairs=15
     *** (x5850 += p*137610041288015 , x6209 += p*50990527920679) |group|=2  global 18 -> 17
outer 4: global nonzero 17, violated c-conditions 13, nonzero handle-less 4
   handle-less pass: 4 nonzero handle-less atom(s)
   single-wire STALLED -> joint two-wire pass
  atom ((x7780*(x15749-1190507358280394640819637907995977194938  c=7656793
     round 0: |group|=1 (0 exact) wires=1 new pairs=0
     folding in collateral: ['((x8222*x3983)-(9027329*x3975))']
     round 1: |group|=2 (0 exact) wires=6 new pairs=15
     (x2958  ,x4198  ) |group|=2 NO JOINT ROOT mod 137 (exhaustive)
     (x2958  ,x14457 ) |group|=2 NO JOINT ROOT mod 137 (exhaustive)
     (x2958  ,x15749 ) |group|=2 200 candidate(s) verified, guard rejected all
     (x2958  ,x30879 ) |group|=2 NO JOINT ROOT mod 137 (exhaustive)
     (x2958  ,x38140 ) |group|=2 NO JOINT ROOT mod 137 (exhaustive)
     (x4198  ,x14457 ) |group|=2 NO JOINT ROOT mod 137 (exhaustive)
     *** (x4198 += p*29487146264977 , x15749 += p*32841149882102) |group|=2  global 17 -> 16
outer 5: global nonzero 16, violated c-conditions 12, nonzero handle-less 4
   handle-less pass: 4 nonzero handle-less atom(s)
   single-wire STALLED -> joint two-wire pass
  atom ((x10746*(x3494-2778267233628510002638332493989111029439  c=357055
     round 0: |group|=1 (0 exact) wires=1 new pairs=0
     folding in collateral: ['((x50*x6702)-(6433193*x30378))']
     round 1: |group|=2 (0 exact) wires=6 new pairs=15
     (x3494  ,x6623  ) |group|=2 NO JOINT ROOT mod 71411 (sampled)
     (x3494  ,x12821 ) |group|=2 NO JOINT ROOT mod 71411 (sampled)
     (x3494  ,x25195 ) |group|=2 NO JOINT ROOT mod 71411 (sampled)
     (x3494  ,x33657 ) |group|=2 NO JOINT ROOT mod 71411 (sampled)
     (x3494  ,x37049 ) |group|=2 NO JOINT ROOT mod 71411 (sampled)
     (x6623  ,x12821 ) |group|=2 NO JOINT ROOT mod 5 (exhaustive)
     (x6623  ,x25195 ) |group|=2 NO JOINT ROOT mod 5 (exhaustive)
     (x6623  ,x33657 ) |group|=2 NO JOINT ROOT mod 5 (exhaustive)
     (x6623  ,x37049 ) |group|=2 NO JOINT ROOT mod 5 (exhaustive)
     (x12821 ,x25195 ) |group|=2 NO JOINT ROOT mod 5 (exhaustive)
     (x12821 ,x33657 ) |group|=2 NO JOINT ROOT mod 5 (exhaustive)
     (x12821 ,x37049 ) |group|=2 NO JOINT ROOT mod 5 (exhaustive)
     (x25195 ,x33657 ) |group|=2 NO JOINT ROOT mod 5 (exhaustive)
     (x25195 ,x37049 ) |group|=2 NO JOINT ROOT mod 5 (exhaustive)
     (x33657 ,x37049 ) |group|=2 NO JOINT ROOT mod 5 (exhaustive)
     no addable collateral -- giving up on ((x10746*(x3494-2778267233628510002638332493
  atom ((x7142*(x30083-4725795621547676761289812792260460638150  c=8569197
     round 0: |group|=1 (0 exact) wires=1 new pairs=0
     folding in collateral: ['((x32585*x95)-(16708939*x25070))']
     round 1: |group|=2 (0 exact) wires=6 new pairs=15
     (x18570 ,x19833 ) |group|=2 NO JOINT ROOT mod 9 (exhaustive)
     (x18570 ,x27886 ) |group|=2 NO JOINT ROOT mod 9 (exhaustive)
     *** (x18570 += p*9651289439684 , x30083 += p*5741743207759) |group|=2  global 16 -> 15
outer 6: global nonzero 15, violated c-conditions 11, nonzero handle-less 4
   handle-less pass: 4 nonzero handle-less atom(s)
   single-wire STALLED -> joint two-wire pass
  atom ((x10746*(x3494-2778267233628510002638332493989111029439  c=357055
     round 0: |group|=1 (0 exact) wires=1 new pairs=0
     folding in collateral: ['((x50*x6702)-(6433193*x30378))']
     round 1: |group|=2 (0 exact) wires=6 new pairs=15
     (x3494  ,x6623  ) |group|=2 NO JOINT ROOT mod 71411 (sampled)
     (x3494  ,x12821 ) |group|=2 NO JOINT ROOT mod 71411 (sampled)
     (x3494  ,x25195 ) |group|=2 NO JOINT ROOT mod 71411 (sampled)
     (x3494  ,x33657 ) |group|=2 NO JOINT ROOT mod 71411 (sampled)
     (x3494  ,x37049 ) |group|=2 NO JOINT ROOT mod 71411 (sampled)
     (x6623  ,x12821 ) |group|=2 NO JOINT ROOT mod 5 (exhaustive)
     (x6623  ,x25195 ) |group|=2 NO JOINT ROOT mod 5 (exhaustive)
     (x6623  ,x33657 ) |group|=2 NO JOINT ROOT mod 5 (exhaustive)
     (x6623  ,x37049 ) |group|=2 NO JOINT ROOT mod 5 (exhaustive)
     (x12821 ,x25195 ) |group|=2 NO JOINT ROOT mod 5 (exhaustive)
     (x12821 ,x33657 ) |group|=2 NO JOINT ROOT mod 5 (exhaustive)
     (x12821 ,x37049 ) |group|=2 NO JOINT ROOT mod 5 (exhaustive)
     (x25195 ,x33657 ) |group|=2 NO JOINT ROOT mod 5 (exhaustive)
     (x25195 ,x37049 ) |group|=2 NO JOINT ROOT mod 5 (exhaustive)
     (x33657 ,x37049 ) |group|=2 NO JOINT ROOT mod 5 (exhaustive)
     no addable collateral -- giving up on ((x10746*(x3494-2778267233628510002638332493
  atom ((x542*(x13153-26066848117641554604733072514062377518640  c=14820625
     round 0: |group|=1 (0 exact) wires=1 new pairs=0
     folding in collateral: ['((x21398*x19195)-(15417295*x22935))']
     round 1: |group|=2 (0 exact) wires=6 new pairs=15
     (x4878  ,x5417  ) |group|=2 NO JOINT ROOT mod 625 (exhaustive)
     (x4878  ,x13153 ) |group|=2 200 candidate(s) verified, guard rejected all
     (x4878  ,x20386 ) |group|=2 NO JOINT ROOT mod 625 (exhaustive)
     (x4878  ,x26877 ) |group|=2 NO JOINT ROOT mod 625 (exhaustive)
     (x4878  ,x27670 ) |group|=2 NO JOINT ROOT mod 625 (exhaustive)
     *** (x5417 += p*11465872257465 , x13153 += p*39729881016315) |group|=2  global 15 -> 14
outer 7: global nonzero 14, violated c-conditions 10, nonzero handle-less 4
   handle-less pass: 4 nonzero handle-less atom(s)
   single-wire STALLED -> joint two-wire pass
  atom ((x10746*(x3494-2778267233628510002638332493989111029439  c=357055
     round 0: |group|=1 (0 exact) wires=1 new pairs=0
     folding in collateral: ['((x50*x6702)-(6433193*x30378))']
     round 1: |group|=2 (0 exact) wires=6 new pairs=15
     (x3494  ,x6623  ) |group|=2 NO JOINT ROOT mod 71411 (sampled)
     (x3494  ,x12821 ) |group|=2 NO JOINT ROOT mod 71411 (sampled)
     (x3494  ,x25195 ) |group|=2 NO JOINT ROOT mod 71411 (sampled)
     (x3494  ,x33657 ) |group|=2 NO JOINT ROOT mod 71411 (sampled)
     (x3494  ,x37049 ) |group|=2 NO JOINT ROOT mod 71411 (sampled)
     (x6623  ,x12821 ) |group|=2 NO JOINT ROOT mod 5 (exhaustive)
     (x6623  ,x25195 ) |group|=2 NO JOINT ROOT mod 5 (exhaustive)
     (x6623  ,x33657 ) |group|=2 NO JOINT ROOT mod 5 (exhaustive)
     (x6623  ,x37049 ) |group|=2 NO JOINT ROOT mod 5 (exhaustive)
     (x12821 ,x25195 ) |group|=2 NO JOINT ROOT mod 5 (exhaustive)
     (x12821 ,x33657 ) |group|=2 NO JOINT ROOT mod 5 (exhaustive)
     (x12821 ,x37049 ) |group|=2 NO JOINT ROOT mod 5 (exhaustive)
     (x25195 ,x33657 ) |group|=2 NO JOINT ROOT mod 5 (exhaustive)
     (x25195 ,x37049 ) |group|=2 NO JOINT ROOT mod 5 (exhaustive)
     (x33657 ,x37049 ) |group|=2 NO JOINT ROOT mod 5 (exhaustive)
     no addable collateral -- giving up on ((x10746*(x3494-2778267233628510002638332493
  atom ((x33283*(x7587-1061505712394111634820557820178988103413  c=1356093
     round 0: |group|=1 (0 exact) wires=1 new pairs=0
     folding in collateral: ['((x19343*x18461)-(8102903*x5579))']
     round 1: |group|=2 (0 exact) wires=6 new pairs=15
     (x1906  ,x5023  ) |group|=2 NO JOINT ROOT mod 9 (exhaustive)
     (x1906  ,x7587  ) |group|=2 200 candidate(s) verified, guard rejected all
     (x1906  ,x20722 ) |group|=2 NO JOINT ROOT mod 9 (exhaustive)
     (x1906  ,x22266 ) |group|=2 NO JOINT ROOT mod 9 (exhaustive)
     (x1906  ,x33616 ) |group|=2 NO JOINT ROOT mod 9 (exhaustive)
     *** (x5023 += p*10141109769715 , x7587 += p*5280511824831) |group|=2  global 14 -> 13
outer 8: global nonzero 13, violated c-conditions 9, nonzero handle-less 4
   handle-less pass: 4 nonzero handle-less atom(s)
   single-wire STALLED -> joint two-wire pass
  atom ((x10746*(x3494-2778267233628510002638332493989111029439  c=357055
     round 0: |group|=1 (0 exact) wires=1 new pairs=0
     folding in collateral: ['((x50*x6702)-(6433193*x30378))']
     round 1: |group|=2 (0 exact) wires=6 new pairs=15
     (x3494  ,x6623  ) |group|=2 NO JOINT ROOT mod 71411 (sampled)
     (x3494  ,x12821 ) |group|=2 NO JOINT ROOT mod 71411 (sampled)
     (x3494  ,x25195 ) |group|=2 NO JOINT ROOT mod 71411 (sampled)
     (x3494  ,x33657 ) |group|=2 NO JOINT ROOT mod 71411 (sampled)
     (x3494  ,x37049 ) |group|=2 NO JOINT ROOT mod 71411 (sampled)
     (x6623  ,x12821 ) |group|=2 NO JOINT ROOT mod 5 (exhaustive)
     (x6623  ,x25195 ) |group|=2 NO JOINT ROOT mod 5 (exhaustive)
     (x6623  ,x33657 ) |group|=2 NO JOINT ROOT mod 5 (exhaustive)
     (x6623  ,x37049 ) |group|=2 NO JOINT ROOT mod 5 (exhaustive)
     (x12821 ,x25195 ) |group|=2 NO JOINT ROOT mod 5 (exhaustive)
     (x12821 ,x33657 ) |group|=2 NO JOINT ROOT mod 5 (exhaustive)
     (x12821 ,x37049 ) |group|=2 NO JOINT ROOT mod 5 (exhaustive)
     (x25195 ,x33657 ) |group|=2 NO JOINT ROOT mod 5 (exhaustive)
     (x25195 ,x37049 ) |group|=2 NO JOINT ROOT mod 5 (exhaustive)
     (x33657 ,x37049 ) |group|=2 NO JOINT ROOT mod 5 (exhaustive)
     no addable collateral -- giving up on ((x10746*(x3494-2778267233628510002638332493
  atom ((x15406*(x16384-438322026738768970900837834147486384204  c=7210925
     round 0: |group|=1 (0 exact) wires=1 new pairs=0
     folding in collateral: ['((x20341*x17978)-(2489415*x30102))']
     round 1: |group|=2 (0 exact) wires=6 new pairs=15
     (x7070  ,x8157  ) |group|=2 NO JOINT ROOT mod 25 (exhaustive)
     (x7070  ,x10652 ) |group|=2 NO JOINT ROOT mod 25 (exhaustive)
     (x7070  ,x16384 ) |group|=2 NO JOINT ROOT mod 25 (exhaustive)
     (x7070  ,x19141 ) |group|=2 NO JOINT ROOT mod 25 (exhaustive)
     (x7070  ,x28644 ) |group|=2 NO JOINT ROOT mod 25 (exhaustive)
     (x8157  ,x10652 ) |group|=2 NO JOINT ROOT mod 25 (exhaustive)
     *** (x8157 += p*855126917772 , x16384 += p*1482089796706) |group|=2  global 13 -> 12
outer 9: global nonzero 12, violated c-conditions 8, nonzero handle-less 4
   handle-less pass: 4 nonzero handle-less atom(s)
   single-wire STALLED -> joint two-wire pass
  atom ((x10746*(x3494-2778267233628510002638332493989111029439  c=357055
     round 0: |group|=1 (0 exact) wires=1 new pairs=0
     folding in collateral: ['((x50*x6702)-(6433193*x30378))']
     round 1: |group|=2 (0 exact) wires=6 new pairs=15
     (x3494  ,x6623  ) |group|=2 NO JOINT ROOT mod 71411 (sampled)
     (x3494  ,x12821 ) |group|=2 NO JOINT ROOT mod 71411 (sampled)
     (x3494  ,x25195 ) |group|=2 NO JOINT ROOT mod 71411 (sampled)
