=== ortree2
OR nodes total 254 leaves 256
selector presence (a-only,b-only,both): [((True, True, True), 254)]
depth A 7 depth B 7
=== handles
probing...
handle free vars (every atom-delta divisible by p): 3707
non-handle free vars: 5040
handle -> #atoms hist [(1, 3707)]
=== handles2
 value class 59 atoms: 8 vars; leaf-overlap 8
 value class 62 atoms: 44 vars; leaf-overlap 0
 value class 64 atoms: 54 vars; leaf-overlap 54
 value class 69 atoms: 116 vars; leaf-overlap 116
=== buildall
nodes 383 ; with clean mux 383 ; without []
leaves 384 live 256 dead 128 ; all dead literal-0: True
pins: 256 leaves, bad 0 [] (2s)
=== calib2
alignment bad (pre-repair): 4
alignment bad (post-repair): 0
calibrated 383 nodes; orient hist [(1, 188), ('DEAD', 128), (0, 67)]; failures 0 [] (3s)
=== slopes
slopes for 3681 atoms, 10s
slope/p hist [(1, 2747), (0, 7), (9027329, 1), (13921279, 1), (8422691, 1), (2818759, 1)]
slopes not divisible by p: 0
=== REBUILD DONE
-rw-r--r-- 1 root root 18553965 Aug  7 17:44 /home/user/integer_solver/solve_lab/agentT_work/mirror/F/circ4.pkl
-rw-r--r-- 1 root root  1000374 Aug  7 17:44 /home/user/integer_solver/solve_lab/agentT_work/mirror/F/sched.pkl
-rw-r--r-- 1 root root    13441 Aug  7 17:46 /home/user/integer_solver/solve_lab/agentT_work/mirror/L/calib2.pkl
-rw-r--r-- 1 root root   127495 Aug  7 17:46 /home/user/integer_solver/solve_lab/agentT_work/mirror/L/full_model.pkl
-rw-r--r-- 1 root root   629453 Aug  7 17:46 /home/user/integer_solver/solve_lab/agentT_work/mirror/L/handles.pkl
-rw-r--r-- 1 root root     4215 Aug  7 17:44 /home/user/integer_solver/solve_lab/agentT_work/mirror/L/ors.pkl
-rw-r--r-- 1 root root    19083 Aug  7 17:45 /home/user/integer_solver/solve_lab/agentT_work/mirror/L/ortree2.pkl
-rw-r--r-- 1 root root   293257 Aug  7 17:46 /home/user/integer_solver/solve_lab/agentT_work/mirror/L/slopes.pkl
