state sa/best.json failing 9 [6816, 8124, 9421, 12231, 12270, 12350, 14584, 22044, 29125]
candidate vars: 67
depth 1: 67 states  best k=0 must=1 X=[1329] sub=()  evals=67 12s
depth 2: 786 states  best k=0 must=1 X=[1329, 17325] sub=()  evals=787 136s
depth 3: 761 states  best k=0 must=2 X=[1329, 9413, 17325] sub=()  evals=1338 248s
depth 4: 739 states  best k=0 must=2 X=[642, 1329, 9413, 17325] sub=()  evals=1697 273s
depth 5: 722 states  best k=0 must=2 X=[1329, 10903, 17325, 29854, 31864] sub=()  evals=1936 306s
depth 6: 707 states  best k=0 must=3 X=[1329, 9413, 10903, 17325, 29854, 31864] sub=()  evals=2224 342s
depth 7: 690 states  best k=0 must=3 X=[642, 1329, 9413, 10903, 17325, 29854, 31864] sub=()  evals=2338 352s
depth 8: 672 states  best k=0 must=4 X=[642, 1329, 9413, 10903, 17325, 28730, 29854, 31864] sub=()  evals=2394 358s
depth 9: 660 states  best k=0 must=5 X=[642, 1329, 6947, 9413, 10903, 17325, 28730, 29854, 31864] sub=()  evals=2449 366s
depth 10: 636 states  best k=0 must=6 X=[642, 1329, 6947, 9413, 10903, 17325, 23754, 28730, 29854, 31864] sub=()  evals=2502 376s
depth 11: 624 states  best k=0 must=7 X=[642, 1329, 6947, 9413, 10903, 17325, 23754, 28730, 29854, 31864, 33168] sub=()  evals=2554 385s
depth 12: 600 states  best k=0 must=8 X=[642, 1329, 6947, 9413, 10903, 17325, 23754, 28730, 29854, 31864, 33168, 35619] sub=()  evals=2604 390s
depth 13: 588 states  best k=0 must=9 X=[642, 950, 1329, 6947, 9413, 10903, 17325, 23754, 28730, 29854, 31864, 33168, 35619] sub=()  evals=2653 395s
depth 14: 564 states  best k=0 must=10 X=[642, 950, 1329, 6947, 9413, 9629, 10903, 17325, 23754, 28730, 29854, 31864, 33168, 35619] sub=()  evals=2700 399s
depth 15: 552 states  best k=0 must=11 X=[642, 950, 1329, 6947, 9413, 9629, 10903, 15120, 17325, 23754, 28730, 29854, 31864, 33168, 35619] sub=()  evals=2746 404s
depth 16: 528 states  best k=0 must=12 X=[642, 950, 1329, 6947, 9413, 9629, 10903, 15120, 17325, 18253, 23754, 28730, 29854, 31864, 33168, 35619] sub=()  evals=2790 409s
depth 17: 516 states  best k=0 must=13 X=[642, 950, 1329, 6947, 9413, 9629, 10903, 15120, 17325, 18253, 23754, 28730, 29854, 31864, 33168, 35531, 35619] sub=()  evals=2833 413s
depth 18: 492 states  best k=0 must=14 X=[642, 950, 1329, 6947, 9413, 9629, 10903, 15120, 17325, 18253, 23754, 28730, 29854, 31864, 33168, 35531, 35619, 37720] sub=()  evals=2874 418s
depth 19: 480 states  best k=0 must=15 X=[642, 950, 1329, 6947, 9413, 9629, 10422, 10903, 15120, 17325, 18253, 23754, 28730, 29854, 31864, 33168, 35531, 35619, 37720] sub=()  evals=2914 421s
