=== PLANT VALIDATION against a<=4 table ===
scan data/p_c0.txt sz=1 [0,512): 512 cand zero=0 0.0s
scan data/p_c0.txt sz=2 [0,512): 130560 cand zero=0 0.3s
scan data/p_c0.txt sz=3 [0,512): 22108160 cand zero=0 20.4s
OFFSET_DONE c0 hits=5595
scan data/p_ones.txt sz=1 [0,512): 512 cand zero=0 0.1s
scan data/p_ones.txt sz=2 [0,512): 130560 cand zero=0 0.3s
scan data/p_ones.txt sz=3 [0,512): 22108160 cand zero=0 19.8s
OFFSET_DONE ones hits=5608
scan data/p_a55.txt sz=1 [0,512): 512 cand zero=0 0.0s
scan data/p_a55.txt sz=2 [0,512): 130560 cand zero=0 0.3s
scan data/p_a55.txt sz=3 [0,512): 22108160 cand zero=0 18.5s
OFFSET_DONE a55 hits=5595
scan data/p_a01.txt sz=1 [0,512): 512 cand zero=0 0.0s
scan data/p_a01.txt sz=2 [0,512): 130560 cand zero=0 0.4s
scan data/p_a01.txt sz=3 [0,512): 22108160 cand zero=0 18.5s
OFFSET_DONE a01 hits=5595
scan data/p_inv3.txt sz=1 [0,512): 512 cand zero=0 0.0s
scan data/p_inv3.txt sz=2 [0,512): 130560 cand zero=0 0.4s
scan data/p_inv3.txt sz=3 [0,512): 22108160 cand zero=0 19.7s
OFFSET_DONE inv3 hits=5595
scan data/p_lam.txt sz=1 [0,512): 512 cand zero=0 0.0s
scan data/p_lam.txt sz=2 [0,512): 130560 cand zero=0 0.3s
scan data/p_lam.txt sz=3 [0,512): 22108160 cand zero=0 20.4s
OFFSET_DONE lam hits=5595
scan data/p_2p256.txt sz=1 [0,512): 512 cand zero=0 0.0s
scan data/p_2p256.txt sz=2 [0,512): 130560 cand zero=0 0.3s
scan data/p_2p256.txt sz=3 [0,512): 22108160 cand zero=0 19.8s
OFFSET_DONE 2p256 hits=5595
scan data/p_d1e76.txt sz=1 [0,512): 512 cand zero=0 0.1s
scan data/p_d1e76.txt sz=2 [0,512): 130560 cand zero=0 0.4s
scan data/p_d1e76.txt sz=3 [0,512): 22108160 cand zero=0 21.1s
OFFSET_DONE d1e76 hits=5629
scan data/p_n2p256.txt sz=1 [0,512): 512 cand zero=0 0.0s
scan data/p_n2p256.txt sz=2 [0,512): 130560 cand zero=0 0.4s
scan data/p_n2p256.txt sz=3 [0,512): 22108160 cand zero=0 18.6s
OFFSET_DONE n2p256 hits=5595
scan data/p_n2p256m1.txt sz=1 [0,512): 512 cand zero=0 0.0s
scan data/p_n2p256m1.txt sz=2 [0,512): 130560 cand zero=0 0.3s
scan data/p_n2p256m1.txt sz=3 [0,512): 22108160 cand zero=0 17.1s
OFFSET_DONE n2p256m1 hits=5608
scan data/p_p2p256p1.txt sz=1 [0,512): 512 cand zero=0 0.0s
scan data/p_p2p256p1.txt sz=2 [0,512): 130560 cand zero=0 0.3s
scan data/p_p2p256p1.txt sz=3 [0,512): 22108160 cand zero=0 20.1s
OFFSET_DONE p2p256p1 hits=5595
scan data/p_p2p257.txt sz=1 [0,512): 512 cand zero=0 0.0s
scan data/p_p2p257.txt sz=2 [0,512): 130560 cand zero=0 0.3s
scan data/p_p2p257.txt sz=3 [0,512): 22108160 cand zero=0 27.2s
OFFSET_DONE p2p257 hits=5595
scan data/p_n2p257.txt sz=1 [0,512): 512 cand zero=0 0.0s
scan data/p_n2p257.txt sz=2 [0,512): 130560 cand zero=0 0.4s
scan data/p_n2p257.txt sz=3 [0,512): 22108160 cand zero=0 31.2s
OFFSET_DONE n2p257 hits=5595
scan data/p_n_a55.txt sz=1 [0,512): 512 cand zero=0 0.1s
scan data/p_n_a55.txt sz=2 [0,512): 130560 cand zero=0 0.4s
scan data/p_n_a55.txt sz=3 [0,512): 22108160 cand zero=0 22.7s
OFFSET_DONE n_a55 hits=5595
scan data/p_n_lam.txt sz=1 [0,512): 512 cand zero=0 0.0s
scan data/p_n_lam.txt sz=2 [0,512): 130560 cand zero=0 0.3s
scan data/p_n_lam.txt sz=3 [0,512): 22108160 cand zero=0 18.9s
OFFSET_DONE n_lam hits=5595
scan data/p_n_a0001.txt sz=1 [0,512): 512 cand zero=0 0.0s
scan data/p_n_a0001.txt sz=2 [0,512): 130560 cand zero=0 0.2s
scan data/p_n_a0001.txt sz=3 [0,512): 22108160 cand zero=0 21.1s
OFFSET_DONE n_a0001 hits=5595
scan data/p_halfN.txt sz=1 [0,512): 512 cand zero=0 0.0s
scan data/p_halfN.txt sz=2 [0,512): 130560 cand zero=0 0.4s
scan data/p_halfN.txt sz=3 [0,512): 22108160 cand zero=0 20.1s
OFFSET_DONE halfN hits=5595
scan data/p_a0F.txt sz=1 [0,512): 512 cand zero=0 0.0s
scan data/p_a0F.txt sz=2 [0,512): 130560 cand zero=0 0.3s
scan data/p_a0F.txt sz=3 [0,512): 22108160 cand zero=0 21.1s
OFFSET_DONE a0F hits=5608
scan data/p_aFFFF.txt sz=1 [0,512): 512 cand zero=0 0.0s
scan data/p_aFFFF.txt sz=2 [0,512): 130560 cand zero=0 0.4s
scan data/p_aFFFF.txt sz=3 [0,512): 22108160 cand zero=0 24.4s
OFFSET_DONE aFFFF hits=5595
scan data/p_drep.txt sz=1 [0,512): 512 cand zero=0 0.0s
scan data/p_drep.txt sz=2 [0,512): 130560 cand zero=0 0.4s
scan data/p_drep.txt sz=3 [0,512): 22108160 cand zero=0 21.4s
OFFSET_DONE drep hits=5595
scan data/p_a64_1.txt sz=1 [0,512): 512 cand zero=0 0.0s
scan data/p_a64_1.txt sz=2 [0,512): 130560 cand zero=0 0.3s
scan data/p_a64_1.txt sz=3 [0,512): 22108160 cand zero=0 17.7s
OFFSET_DONE a64_1 hits=5467
scan data/p_p2_128.txt sz=1 [0,512): 512 cand zero=0 0.0s
scan data/p_p2_128.txt sz=2 [0,512): 130560 cand zero=0 0.3s
scan data/p_p2_128.txt sz=3 [0,512): 22108160 cand zero=0 18.5s
OFFSET_DONE p2_128 hits=5595
scan data/p_p2_255_1.txt sz=1 [0,512): 512 cand zero=0 0.0s
scan data/p_p2_255_1.txt sz=2 [0,512): 130560 cand zero=0 0.3s
scan data/p_p2_255_1.txt sz=3 [0,512): 22108160 cand zero=0 19.3s
OFFSET_DONE p2_255_1 hits=5629
SWEEP_COMPLETE
=== REAL OFFSET SWEEP m<=7 ===
scan data/d_a33.txt sz=1 [0,512): 512 cand zero=0 0.0s
scan data/d_a33.txt sz=2 [0,512): 130560 cand zero=0 0.3s
scan data/d_a33.txt sz=3 [0,512): 22108160 cand zero=0 18.3s
OFFSET_DONE a33 hits=0
scan data/d_a55.txt sz=1 [0,512): 512 cand zero=0 0.0s
scan data/d_a55.txt sz=2 [0,512): 130560 cand zero=0 0.3s
scan data/d_a55.txt sz=3 [0,512): 22108160 cand zero=0 19.0s
OFFSET_DONE a55 hits=0
scan data/d_inv10.txt sz=1 [0,512): 512 cand zero=0 0.0s
scan data/d_inv10.txt sz=2 [0,512): 130560 cand zero=0 0.4s
scan data/d_inv10.txt sz=3 [0,512): 22108160 cand zero=0 20.3s
OFFSET_DONE inv10 hits=0
scan data/d_inv5.txt sz=1 [0,512): 512 cand zero=0 0.0s
scan data/d_inv5.txt sz=2 [0,512): 130560 cand zero=0 0.4s
scan data/d_inv5.txt sz=3 [0,512): 22108160 cand zero=0 26.5s
OFFSET_DONE inv5 hits=0
scan data/d_inv3.txt sz=1 [0,512): 512 cand zero=0 0.0s
scan data/d_inv3.txt sz=2 [0,512): 130560 cand zero=0 0.4s
scan data/d_inv3.txt sz=3 [0,512): 22108160 cand zero=0 28.4s
OFFSET_DONE inv3 hits=0
scan data/d_aAA.txt sz=1 [0,512): 512 cand zero=0 0.0s
scan data/d_aAA.txt sz=2 [0,512): 130560 cand zero=0 0.4s
scan data/d_aAA.txt sz=3 [0,512): 22108160 cand zero=0 25.7s
OFFSET_DONE aAA hits=0
scan data/d_aCC.txt sz=1 [0,512): 512 cand zero=0 0.0s
scan data/d_aCC.txt sz=2 [0,512): 130560 cand zero=0 0.3s
scan data/d_aCC.txt sz=3 [0,512): 22108160 cand zero=0 23.3s
OFFSET_DONE aCC hits=0
scan data/d_cshift.txt sz=1 [0,512): 512 cand zero=0 0.0s
scan data/d_cshift.txt sz=2 [0,512): 130560 cand zero=0 0.4s
scan data/d_cshift.txt sz=3 [0,512): 22108160 cand zero=0 25.0s
OFFSET_DONE cshift hits=0
scan data/d_bcurve.txt sz=1 [0,512): 512 cand zero=0 0.0s
scan data/d_bcurve.txt sz=2 [0,512): 130560 cand zero=0 0.3s
scan data/d_bcurve.txt sz=3 [0,512): 22108160 cand zero=0 26.4s
OFFSET_DONE bcurve hits=0
scan data/d_inv7.txt sz=1 [0,512): 512 cand zero=0 0.0s
scan data/d_inv7.txt sz=2 [0,512): 130560 cand zero=0 0.3s
scan data/d_inv7.txt sz=3 [0,512): 22108160 cand zero=0 26.3s
OFFSET_DONE inv7 hits=0
scan data/d_lam2.txt sz=1 [0,512): 512 cand zero=0 0.0s
scan data/d_lam2.txt sz=2 [0,512): 130560 cand zero=0 0.4s
scan data/d_lam2.txt sz=3 [0,512): 22108160 cand zero=0 25.0s
OFFSET_DONE lam2 hits=0
scan data/d_lam.txt sz=1 [0,512): 512 cand zero=0 0.0s
scan data/d_lam.txt sz=2 [0,512): 130560 cand zero=0 0.5s
scan data/d_lam.txt sz=3 [0,512): 22108160 cand zero=0 27.3s
OFFSET_DONE lam hits=0
scan data/d_drep.txt sz=1 [0,512): 512 cand zero=0 0.0s
scan data/d_drep.txt sz=2 [0,512): 130560 cand zero=0 0.4s
