distinct atoms: 50917
distinct atom shapes: 3028
     13092  (V - (V * V))
      7997  V
      4596  (V - (V + V))
      3738  (V - V)
      2794  (V - K)
      2298  (V - (V - V))
      2298  (V - (K * V))
      1679  ((V * V) - V)
      1405  (V - (K - V))
      1372  (V * (V - K))
      1144  ((K * V) * (K - V))
       900  (V - (V * K))
       900  (V - (V + K))
       735  ((V * V) + V)
       734  ((K * (V * V)) - V)
       480  ((V * V) - (K * V))
       445  (V * V)
       256  ((V * (V - K)) - V)
       256  ((V * (V - K)) - (K * V))
       192  ((K * (V - V)) - V)
       192  ((V - V) - V)
       191  ((V - V) + V)
       191  ((V - V) - (K * V))
         3  ((((V - (V * V)) + (-(K) * (V - (V * V)))) + (K * (V - (V * V)))) * (((V - (V * V)) + (-(K) * (V - (V * V)))) + (K * (V - (V * V)))))
         3  ((((V - V) + (K * (V - (V * V)))) + (-(K) * (V - (V * V)))) + (K * (V - (V * V))))
         3  (((V - (V * V)) + (-(K) * (V - (V * V)))) + (K * (V - (V * V))))
         2  ((((V - (V * V)) + (K * (V - (V * V)))) + (-(K) * (V - (V * V)))) * (((V - (V * V)) + (K * (V - (V * V)))) + (-(K) * (V - (V * V)))))
         2  (((V - K) + (-(K) * ((K * V) * (K - V)))) + (-(K) * (V - K)))
         2  (((V - (V * V)) + (K * ((V * V) - V))) + (K * (V - (V * V))))
         2  (((((V - (V * V)) + (-(K) * (V - (V * V)))) + (K * (V - V))) + (-(K) * (V - (V * V)))) * ((((V - (V * V)) + (-(K) * (V - (V * V)))) + (K * (V - V))) + (-(K) * (V - (V * V)))))
         2  ((((V - (V * V)) + (-(K) * (V - (V - V)))) + (K * (V - (V + V)))) * (((V - (V * V)) + (-(K) * (V - (V - V)))) + (K * (V - (V + V)))))
         2  ((((V - (V * V)) + (K * (V - (V * V)))) + (K * (V - (V * V)))) + (K * (V - (V * V))))
         2  ((((V - (V * V)) + (-(K) * (V - (V + V)))) + (-(K) * (V - (V - V)))) + (-(K) * (V - V)))
         2  (((((V - (V * K)) + (-(K) * (V - V))) + (-(K) * ((V * V) - V))) + (K * (V - (V * K)))) + (-(K) * (V - V)))
         2  ((((V - (V * V)) + (K * (V - (V * V)))) + (K * (V - (V * V)))) * (((V - (V * V)) + (K * (V - (V * V)))) + (K * (V - (V * V)))))
         2  (((((V - (V - V)) + (-(K) * (V - (V * V)))) + (-(K) * (V - (V - V)))) + (K * (V - (K * V)))) + (K * (V - (K * V))))
         2  (((V - (V * V)) + (-(K) * (V - (K - V)))) + (K * (V - (V * V))))
         2  ((((V - K) + (-(K) * (V * (V - K)))) + (-(K) * (V - K))) * (((V - K) + (-(K) * (V * (V - K)))) + (-(K) * (V - K))))
         2  (((((((V - (V + V)) + (K * (V - (V + V)))) + (K * (V - (V * V)))) + (K * (V - (V * V)))) + (K * (V - (V - V)))) + (K * (V - (V + V)))) + (K * (V - (V * V))))
         2  (((((V - (V * V)) + (K * (V - (V * V)))) + (K * (V - V))) + (K * (V - (V * V)))) * ((((V - (V * V)) + (K * (V - (V * V)))) + (K * (V - V))) + (K * (V - (V * V)))))
atoms/eq histogram: [(1, 3029), (2, 1), (3, 1337), (4, 1615), (5, 1617), (6, 1696), (7, 1640), (8, 1642), (9, 1650), (10, 1706), (11, 1660), (12, 1675), (13, 1609), (14, 1643), (15, 1614), (16, 1620), (17, 1568), (18, 1616), (19, 1635), (20, 1607), (21, 1668), (22, 1663), (23, 1603), (24, 1632), (25, 287)]
