  (skip inv_3: same 2^44 window as 2N_over_3)
  (skip pow2_32: same 2^44 window as pow2_16)
  (skip ones256_modN: same 2^44 window as two256_modN)
  (skip p_modN: same 2^44 window as two256_modN)
  (skip neg_lam: same 2^44 window as lam2)
  (skip neg_lam2: same 2^44 window as lam)
tier const: 37 families
  c_N_over_2             R=44 jumps=33554432     dps=262667   dp/cf=1.002  37.4s OK miss
  c_N_over_3             R=44 jumps=33554432     dps=262428   dp/cf=1.0011  47.6s OK miss
  c_N_over_4             R=44 jumps=33554432     dps=262638   dp/cf=1.0019  51.9s OK miss
  c_N_over_5             R=44 jumps=33554432     dps=262958   dp/cf=1.0031  47.7s OK miss
  c_N_over_6             R=44 jumps=33554432     dps=261984   dp/cf=0.9994  43.7s OK miss
  c_N_over_7             R=44 jumps=33554432     dps=261717   dp/cf=0.9984  35.5s OK miss
  c_N_over_8             R=44 jumps=33554432     dps=261405   dp/cf=0.9972  37.5s OK miss
  c_N_over_10            R=44 jumps=33554432     dps=262298   dp/cf=1.0006  49.8s OK miss
  c_N_over_16            R=44 jumps=33554432     dps=262163   dp/cf=1.0001  47.8s OK miss
  c_N_over_100           R=44 jumps=33554432     dps=262438   dp/cf=1.0011  50.8s OK miss
  c_2N_over_3            R=44 jumps=33554432     dps=262312   dp/cf=1.0006  41.8s OK miss
  c_3N_over_4            R=44 jumps=33554432     dps=262320   dp/cf=1.0007  31.5s OK miss
  c_inv_5                R=44 jumps=33554432     dps=261770   dp/cf=0.9986  34.4s OK miss
  c_inv_7                R=44 jumps=33554432     dps=261784   dp/cf=0.9986  42.7s OK miss
  c_inv_11               R=44 jumps=33554432     dps=262222   dp/cf=1.0003  43.5s OK miss
  c_inv_13               R=44 jumps=33554432     dps=262863   dp/cf=1.0027  39.6s OK miss
  c_pow2_16              R=44 jumps=33554432     dps=261389   dp/cf=0.9971  32.3s OK miss
  c_pow2_64              R=44 jumps=33554432     dps=261966   dp/cf=0.9993  26.3s OK miss
  c_pow2_96              R=44 jumps=33554432     dps=262192   dp/cf=1.0002  38.3s OK miss
  c_pow2_128             R=44 jumps=33554432     dps=261727   dp/cf=0.9984  40.6s OK miss
  c_pow2_160             R=44 jumps=33554432     dps=261349   dp/cf=0.997  34.4s OK miss
  c_pow2_192             R=44 jumps=33554432     dps=262475   dp/cf=1.0013  35.6s OK miss
  c_pow2_224             R=44 jumps=33554432     dps=262475   dp/cf=1.0013  26.3s OK miss
  c_pow2_250             R=44 jumps=33554432     dps=262766   dp/cf=1.0024  28.3s OK miss
  c_pow2_254             R=44 jumps=33554432     dps=261761   dp/cf=0.9985  34.5s OK miss
  c_pow2_255             R=44 jumps=33554432     dps=262515   dp/cf=1.0014  31.4s OK miss
  c_two256_modN          R=44 jumps=33554432     dps=261981   dp/cf=0.9994  35.3s OK miss
  c_lam                  R=44 jumps=33554432     dps=262267   dp/cf=1.0005  29.5s OK miss
  c_lam2                 R=44 jumps=33554432     dps=260941   dp/cf=0.9954  23.3s OK miss
  c_beta_modN            R=44 jumps=33554432     dps=261985   dp/cf=0.9994  35.3s OK miss
  c_ones_over_3          R=44 jumps=33554432     dps=262254   dp/cf=1.0004  35.4s OK miss
  c_ones_2over3          R=44 jumps=33554432     dps=261504   dp/cf=0.9976  33.4s OK miss
  c_ones_over_5          R=44 jumps=33554432     dps=262053   dp/cf=0.9997  30.5s OK miss
  c_ones_4over5          R=44 jumps=33554432     dps=262482   dp/cf=1.0013  20.2s OK miss
  c_ones_over_15         R=44 jumps=33554432     dps=261503   dp/cf=0.9976  23.3s OK miss
  c_ones_over_17         R=44 jumps=33554432     dps=262014   dp/cf=0.9995  32.4s OK miss
  c_ones_over_257        R=44 jumps=33554432     dps=262182   dp/cf=1.0001  32.5s OK miss
TIER const COMPLETE: 37 families, 0 nonzero-rc, 0 hits
