alignment bad (pre-repair): 4
atoms with exactly 1 handle: 3681 of 9032
|S|=3    NONZERO ATOMS = 12 of 9032   -> close_S3.json
         ((16393557*(x38101-x295))-x9030)
         ((x24908-x17601)+x5201)
         ((x38170*x32453)-x23535)
         ((x38170*x21202)+x11831)
         ((6788513*(x16742-x19083))-x9254)
         ((537773*(x15298*x37758))-x35605)
        (510s)
|S|=5    NONZERO ATOMS = 11 of 9032   -> close_S5.json
         ((8410643*(x21408*x22355))-x18670)
         ((x21408*x25658)+x18590)
         ((x24908-x17601)+x5201)
         ((11436039*(x14623-x27522))-x36864)
         ((6788513*(x16742-x19083))-x9254)
         ((537773*(x15298*x37758))-x35605)
        (735s)
|S|=8    NONZERO ATOMS = 16 of 9032   -> close_S8.json
         ((x16259-x5696)-x6829)
         ((x20413-x38194)+x28036)
         ((13312765*(x2467*x8138))-x2122)
         ((x2467*x8672)-x23237)
         ((x24908-x17601)+x5201)
         ((12846437*(x14853-x1308))-x29967)
        (759s)
|S|=2    NONZERO ATOMS = 6 of 9032   -> close_S2.json
         ((x24908-x17601)+x5201)
         ((537773*(x15298*x37758))-x35605)
         ((x15298*x11150)+x4007)
         ((x18956-x37892)-x32237)
         ((x15298*x25739)-(6672769*x29804))
         ((x24468-x13682)-(12354891*x34243))
        (257s)
