
== main n=8 p=241 balanced j0=True   (4.8s, primes=[(7, 1), (11, 1)], nontrivial moduli 3/21, live-block-count mismatches 0)
  main   n=8   draws=12
    w :  closed/total    rate     rootpinned-rate
     0 :       12/12        1.0000    1.0000
     1 :       96/96        1.0000    1.0000
     2 :      334/336       0.9940    0.5565
     3 :      662/672       0.9851    0.9583
     4 :      819/840       0.9750    0.9738
     5 :      637/660       0.9652    0.9652
     6 :      320/336       0.9524    0.9524
     7 :       90/96        0.9375    0.9375
     8 :       11/12        0.9167    0.9167
    draw 0: 0:1/1 1:8/8 2:28/28 3:56/56 4:70/70 5:55/55 6:28/28 7:8/8 8:1/1   Bmax=8
    draw 1: 0:1/1 1:8/8 2:28/28 3:56/56 4:70/70 5:55/55 6:28/28 7:8/8 8:1/1   Bmax=8
    draw 2: 0:1/1 1:8/8 2:28/28 3:56/56 4:70/70 5:55/55 6:28/28 7:8/8 8:1/1   Bmax=8
    draw 3: 0:1/1 1:8/8 2:27/28 3:50/56 4:55/70 5:36/55 6:13/28 7:2/8 8:0/1   Bmax=7
    draw 4: 0:1/1 1:8/8 2:28/28 3:56/56 4:70/70 5:55/55 6:28/28 7:8/8 8:1/1   Bmax=8
    draw 5: 0:1/1 1:8/8 2:28/28 3:56/56 4:70/70 5:55/55 6:28/28 7:8/8 8:1/1   Bmax=8
    draw 6: 0:1/1 1:8/8 2:28/28 3:56/56 4:70/70 5:55/55 6:28/28 7:8/8 8:1/1   Bmax=8
    draw 7: 0:1/1 1:8/8 2:28/28 3:56/56 4:70/70 5:55/55 6:28/28 7:8/8 8:1/1   Bmax=8
    draw 8: 0:1/1 1:8/8 2:28/28 3:56/56 4:70/70 5:55/55 6:28/28 7:8/8 8:1/1   Bmax=8
    draw 9: 0:1/1 1:8/8 2:28/28 3:56/56 4:70/70 5:55/55 6:28/28 7:8/8 8:1/1   Bmax=8
    draw 10: 0:1/1 1:8/8 2:28/28 3:56/56 4:70/70 5:55/55 6:28/28 7:8/8 8:1/1   Bmax=8
    draw 11: 0:1/1 1:8/8 2:27/28 3:52/56 4:64/70 5:51/55 6:27/28 7:8/8 8:1/1   Bmax=8
    Bmax per draw: [8, 8, 8, 7, 8, 8, 8, 8, 8, 8, 8, 8]
    Bmax == n in 11/12 draws

== main n=8 p=241 skew j0=True   (6.0s, primes=[(7, 1), (11, 1)], nontrivial moduli 3/21, live-block-count mismatches 0)
  main   n=8   draws=12
    w :  closed/total    rate     rootpinned-rate
     0 :       12/12        1.0000    1.0000
     1 :       96/96        1.0000    1.0000
     2 :      330/336       0.9821    0.5089
     3 :      656/672       0.9762    0.9420
     4 :      820/840       0.9762    0.9762
     5 :      641/660       0.9712    0.9712
     6 :      321/336       0.9554    0.9554
     7 :       90/96        0.9375    0.9375
     8 :       11/12        0.9167    0.9167
    draw 0: 0:1/1 1:8/8 2:28/28 3:56/56 4:70/70 5:55/55 6:28/28 7:8/8 8:1/1   Bmax=8
    draw 1: 0:1/1 1:8/8 2:27/28 3:54/56 4:69/70 5:55/55 6:28/28 7:8/8 8:1/1   Bmax=8
    draw 2: 0:1/1 1:8/8 2:27/28 3:54/56 4:69/70 5:55/55 6:28/28 7:8/8 8:1/1   Bmax=8
    draw 3: 0:1/1 1:8/8 2:24/28 3:44/56 4:52/70 5:36/55 6:13/28 7:2/8 8:0/1   Bmax=7
    draw 4: 0:1/1 1:8/8 2:28/28 3:56/56 4:70/70 5:55/55 6:28/28 7:8/8 8:1/1   Bmax=8
    draw 5: 0:1/1 1:8/8 2:28/28 3:56/56 4:70/70 5:55/55 6:28/28 7:8/8 8:1/1   Bmax=8
    draw 6: 0:1/1 1:8/8 2:28/28 3:56/56 4:70/70 5:55/55 6:28/28 7:8/8 8:1/1   Bmax=8
    draw 7: 0:1/1 1:8/8 2:28/28 3:56/56 4:70/70 5:55/55 6:28/28 7:8/8 8:1/1   Bmax=8
    draw 8: 0:1/1 1:8/8 2:28/28 3:56/56 4:70/70 5:55/55 6:28/28 7:8/8 8:1/1   Bmax=8
    draw 9: 0:1/1 1:8/8 2:28/28 3:56/56 4:70/70 5:55/55 6:28/28 7:8/8 8:1/1   Bmax=8
    draw 10: 0:1/1 1:8/8 2:28/28 3:56/56 4:70/70 5:55/55 6:28/28 7:8/8 8:1/1   Bmax=8
    draw 11: 0:1/1 1:8/8 2:28/28 3:56/56 4:70/70 5:55/55 6:28/28 7:8/8 8:1/1   Bmax=8
    Bmax per draw: [8, 8, 8, 7, 8, 8, 8, 8, 8, 8, 8, 8]
    Bmax == n in 11/12 draws

== main n=8 p=241 balanced j0=True   (6.3s, primes=[(7, 1), (11, 1)], nontrivial moduli 3/21, live-block-count mismatches 0)
  main   n=8   draws=12
    w :  closed/total    rate     rootpinned-rate
     0 :       12/12        1.0000    1.0000
     1 :       96/96        1.0000    1.0000
     2 :      329/336       0.9792    0.5565
     3 :      638/672       0.9494    0.9286
     4 :      772/840       0.9190    0.9190
     5 :      589/660       0.8924    0.8924
     6 :      293/336       0.8720    0.8720
     7 :       82/96        0.8542    0.8542
     8 :       10/12        0.8333    0.8333
    draw 0: 0:1/1 1:8/8 2:28/28 3:56/56 4:70/70 5:55/55 6:28/28 7:8/8 8:1/1   Bmax=8
    draw 1: 0:1/1 1:8/8 2:28/28 3:56/56 4:70/70 5:55/55 6:28/28 7:8/8 8:1/1   Bmax=8
    draw 2: 0:1/1 1:8/8 2:28/28 3:56/56 4:70/70 5:55/55 6:28/28 7:8/8 8:1/1   Bmax=8
    draw 3: 0:1/1 1:8/8 2:26/28 3:44/56 4:41/70 5:20/55 6:4/28 7:0/8 8:0/1   Bmax=6
    draw 4: 0:1/1 1:8/8 2:27/28 3:50/56 4:55/70 5:35/55 6:13/28 7:2/8 8:0/1   Bmax=7
    draw 5: 0:1/1 1:8/8 2:28/28 3:56/56 4:70/70 5:55/55 6:28/28 7:8/8 8:1/1   Bmax=8
    draw 6: 0:1/1 1:8/8 2:28/28 3:56/56 4:70/70 5:55/55 6:28/28 7:8/8 8:1/1   Bmax=8
    draw 7: 0:1/1 1:8/8 2:26/28 3:48/56 4:58/70 5:47/55 6:26/28 7:8/8 8:1/1   Bmax=8
    draw 8: 0:1/1 1:8/8 2:28/28 3:56/56 4:70/70 5:55/55 6:28/28 7:8/8 8:1/1   Bmax=8
    draw 9: 0:1/1 1:8/8 2:28/28 3:56/56 4:70/70 5:55/55 6:28/28 7:8/8 8:1/1   Bmax=8
    draw 10: 0:1/1 1:8/8 2:28/28 3:56/56 4:70/70 5:55/55 6:28/28 7:8/8 8:1/1   Bmax=8
    draw 11: 0:1/1 1:8/8 2:26/28 3:48/56 4:58/70 5:47/55 6:26/28 7:8/8 8:1/1   Bmax=8
    Bmax per draw: [8, 8, 8, 6, 7, 8, 8, 8, 8, 8, 8, 8]
    Bmax == n in 10/12 draws

== main n=8 p=241 skew j0=True   (6.0s, primes=[(7, 1), (11, 1)], nontrivial moduli 3/21, live-block-count mismatches 0)
  main   n=8   draws=12
    w :  closed/total    rate     rootpinned-rate
     0 :       12/12        1.0000    1.0000
     1 :       96/96        1.0000    1.0000
     2 :      327/336       0.9732    0.5298
     3 :      633/672       0.9420    0.9182
     4 :      768/840       0.9143    0.9143
     5 :      589/660       0.8924    0.8924
     6 :      295/336       0.8780    0.8780
     7 :       83/96        0.8646    0.8646
     8 :       10/12        0.8333    0.8333
    draw 0: 0:1/1 1:8/8 2:28/28 3:56/56 4:70/70 5:55/55 6:28/28 7:8/8 8:1/1   Bmax=8
    draw 1: 0:1/1 1:8/8 2:27/28 3:54/56 4:69/70 5:55/55 6:28/28 7:8/8 8:1/1   Bmax=8
    draw 2: 0:1/1 1:8/8 2:27/28 3:54/56 4:69/70 5:55/55 6:28/28 7:8/8 8:1/1   Bmax=8
    draw 3: 0:1/1 1:8/8 2:26/28 3:46/56 4:49/70 5:32/55 6:12/28 7:2/8 8:0/1   Bmax=7
    draw 4: 0:1/1 1:8/8 2:27/28 3:51/56 4:60/70 5:45/55 6:23/28 7:7/8 8:1/1   Bmax=8
    draw 5: 0:1/1 1:8/8 2:28/28 3:56/56 4:70/70 5:55/55 6:28/28 7:8/8 8:1/1   Bmax=8
    draw 6: 0:1/1 1:8/8 2:28/28 3:56/56 4:70/70 5:55/55 6:28/28 7:8/8 8:1/1   Bmax=8
    draw 7: 0:1/1 1:8/8 2:27/28 3:52/56 4:64/70 5:51/55 6:27/28 7:8/8 8:1/1   Bmax=8
    draw 8: 0:1/1 1:8/8 2:28/28 3:56/56 4:70/70 5:55/55 6:28/28 7:8/8 8:1/1   Bmax=8
    draw 9: 0:1/1 1:8/8 2:28/28 3:56/56 4:70/70 5:55/55 6:28/28 7:8/8 8:1/1   Bmax=8
    draw 10: 0:1/1 1:8/8 2:28/28 3:56/56 4:70/70 5:55/55 6:28/28 7:8/8 8:1/1   Bmax=8
    draw 11: 0:1/1 1:8/8 2:25/28 3:40/56 4:37/70 5:21/55 6:9/28 7:2/8 8:0/1   Bmax=7
    Bmax per draw: [8, 8, 8, 7, 8, 8, 8, 8, 8, 8, 8, 7]
    Bmax == n in 10/12 draws

== main n=8 p=241 balanced j0=False   (7.4s, primes=[(7, 1), (11, 1)], nontrivial moduli 3/21, live-block-count mismatches 0)
  main   n=8   draws=12
    w :  closed/total    rate     rootpinned-rate
     0 :       12/12        1.0000    1.0000
     1 :       96/96        1.0000    1.0000
     2 :      335/336       0.9970    0.5327
     3 :      668/672       0.9940    0.9539
     4 :      834/840       0.9929    0.9929
     5 :      656/660       0.9939    0.9939
     6 :      335/336       0.9970    0.9970
     7 :       96/96        1.0000    1.0000
     8 :       12/12        1.0000    1.0000
    draw 0: 0:1/1 1:8/8 2:28/28 3:56/56 4:70/70 5:55/55 6:28/28 7:8/8 8:1/1   Bmax=8
    draw 1: 0:1/1 1:8/8 2:28/28 3:56/56 4:70/70 5:55/55 6:28/28 7:8/8 8:1/1   Bmax=8
    draw 2: 0:1/1 1:8/8 2:28/28 3:56/56 4:70/70 5:55/55 6:28/28 7:8/8 8:1/1   Bmax=8
    draw 3: 0:1/1 1:8/8 2:27/28 3:52/56 4:64/70 5:51/55 6:27/28 7:8/8 8:1/1   Bmax=8
    draw 4: 0:1/1 1:8/8 2:28/28 3:56/56 4:70/70 5:55/55 6:28/28 7:8/8 8:1/1   Bmax=8
    draw 5: 0:1/1 1:8/8 2:28/28 3:56/56 4:70/70 5:55/55 6:28/28 7:8/8 8:1/1   Bmax=8
    draw 6: 0:1/1 1:8/8 2:28/28 3:56/56 4:70/70 5:55/55 6:28/28 7:8/8 8:1/1   Bmax=8
    draw 7: 0:1/1 1:8/8 2:28/28 3:56/56 4:70/70 5:55/55 6:28/28 7:8/8 8:1/1   Bmax=8
    draw 8: 0:1/1 1:8/8 2:28/28 3:56/56 4:70/70 5:55/55 6:28/28 7:8/8 8:1/1   Bmax=8
    draw 9: 0:1/1 1:8/8 2:28/28 3:56/56 4:70/70 5:55/55 6:28/28 7:8/8 8:1/1   Bmax=8
    draw 10: 0:1/1 1:8/8 2:28/28 3:56/56 4:70/70 5:55/55 6:28/28 7:8/8 8:1/1   Bmax=8
    draw 11: 0:1/1 1:8/8 2:28/28 3:56/56 4:70/70 5:55/55 6:28/28 7:8/8 8:1/1   Bmax=8
    Bmax per draw: [8, 8, 8, 8, 8, 8, 8, 8, 8, 8, 8, 8]
    Bmax == n in 12/12 draws

== main n=8 p=241 skew j0=False   (7.9s, primes=[(7, 1), (11, 1)], nontrivial moduli 3/21, live-block-count mismatches 0)
  main   n=8   draws=12
    w :  closed/total    rate     rootpinned-rate
     0 :       12/12        1.0000    1.0000
     1 :       96/96        1.0000    1.0000
     2 :      332/336       0.9881    0.5387
     3 :      662/672       0.9851    0.9464
     4 :      831/840       0.9893    0.9869
     5 :      656/660       0.9939    0.9939
     6 :      335/336       0.9970    0.9970
     7 :       96/96        1.0000    1.0000
     8 :       12/12        1.0000    1.0000
    draw 0: 0:1/1 1:8/8 2:28/28 3:56/56 4:70/70 5:55/55 6:28/28 7:8/8 8:1/1   Bmax=8
    draw 1: 0:1/1 1:8/8 2:28/28 3:56/56 4:70/70 5:55/55 6:28/28 7:8/8 8:1/1   Bmax=8
    draw 2: 0:1/1 1:8/8 2:28/28 3:56/56 4:70/70 5:55/55 6:28/28 7:8/8 8:1/1   Bmax=8
    draw 3: 0:1/1 1:8/8 2:24/28 3:46/56 4:61/70 5:51/55 6:27/28 7:8/8 8:1/1   Bmax=8
    draw 4: 0:1/1 1:8/8 2:28/28 3:56/56 4:70/70 5:55/55 6:28/28 7:8/8 8:1/1   Bmax=8
    draw 5: 0:1/1 1:8/8 2:28/28 3:56/56 4:70/70 5:55/55 6:28/28 7:8/8 8:1/1   Bmax=8
    draw 6: 0:1/1 1:8/8 2:28/28 3:56/56 4:70/70 5:55/55 6:28/28 7:8/8 8:1/1   Bmax=8
    draw 7: 0:1/1 1:8/8 2:28/28 3:56/56 4:70/70 5:55/55 6:28/28 7:8/8 8:1/1   Bmax=8
    draw 8: 0:1/1 1:8/8 2:28/28 3:56/56 4:70/70 5:55/55 6:28/28 7:8/8 8:1/1   Bmax=8
    draw 9: 0:1/1 1:8/8 2:28/28 3:56/56 4:70/70 5:55/55 6:28/28 7:8/8 8:1/1   Bmax=8
    draw 10: 0:1/1 1:8/8 2:28/28 3:56/56 4:70/70 5:55/55 6:28/28 7:8/8 8:1/1   Bmax=8
    draw 11: 0:1/1 1:8/8 2:28/28 3:56/56 4:70/70 5:55/55 6:28/28 7:8/8 8:1/1   Bmax=8
    Bmax per draw: [8, 8, 8, 8, 8, 8, 8, 8, 8, 8, 8, 8]
    Bmax == n in 12/12 draws

== main n=8 p=241 balanced j0=False   (6.9s, primes=[(7, 1), (11, 1)], nontrivial moduli 3/21, live-block-count mismatches 0)
  main   n=8   draws=12
    w :  closed/total    rate     rootpinned-rate
     0 :       12/12        1.0000    1.0000
     1 :       96/96        1.0000    1.0000
     2 :      331/336       0.9851    0.5714
     3 :      644/672       0.9583    0.9286
     4 :      775/840       0.9226    0.9226
     5 :      590/672       0.8780    0.8780
     6 :      276/336       0.8214    0.8214
     7 :       62/84        0.7381    0.7381
     8 :        8/12        0.6667    0.6667
    draw 0: 0:1/1 1:8/8 2:28/28 3:56/56 4:70/70 5:56/56 6:28/28 7:7/7 8:1/1   Bmax=8
    draw 1: 0:1/1 1:8/8 2:27/28 3:50/56 4:55/70 5:36/56 6:13/28 7:2/7 8:0/1   Bmax=7
    draw 2: 0:1/1 1:8/8 2:27/28 3:50/56 4:55/70 5:36/56 6:13/28 7:2/7 8:0/1   Bmax=7
    draw 3: 0:1/1 1:8/8 2:28/28 3:56/56 4:70/70 5:56/56 6:28/28 7:7/7 8:1/1   Bmax=8
    draw 4: 0:1/1 1:8/8 2:27/28 3:50/56 4:55/70 5:36/56 6:13/28 7:1/7 8:0/1   Bmax=7
    draw 5: 0:1/1 1:8/8 2:28/28 3:56/56 4:70/70 5:56/56 6:28/28 7:7/7 8:1/1   Bmax=8
    draw 6: 0:1/1 1:8/8 2:28/28 3:56/56 4:70/70 5:56/56 6:28/28 7:7/7 8:1/1   Bmax=8
    draw 7: 0:1/1 1:8/8 2:28/28 3:56/56 4:70/70 5:56/56 6:28/28 7:7/7 8:1/1   Bmax=8
    draw 8: 0:1/1 1:8/8 2:28/28 3:56/56 4:70/70 5:56/56 6:28/28 7:7/7 8:1/1   Bmax=8
    draw 9: 0:1/1 1:8/8 2:28/28 3:56/56 4:70/70 5:56/56 6:28/28 7:7/7 8:1/1   Bmax=8
    draw 10: 0:1/1 1:8/8 2:28/28 3:56/56 4:70/70 5:56/56 6:28/28 7:7/7 8:1/1   Bmax=8
    draw 11: 0:1/1 1:8/8 2:26/28 3:46/56 4:50/70 5:34/56 6:13/28 7:1/7 8:0/1   Bmax=7
    Bmax per draw: [8, 7, 7, 8, 7, 8, 8, 8, 8, 8, 8, 7]
    Bmax == n in 8/12 draws
