
############ pool=(2,) frac=1.0

-- n= 8 p=241 j0=True   (0.2s, primes=[(2, 1)])
   draw 0  Bmax=7   rho=0.8155  model-Bmax=7    counts=1,8,22,40,46,32,13,2,0
   draw 1  Bmax=7   rho=0.7949  model-Bmax=7    counts=1,8,23,49,55,36,13,2,0
   draw 2  Bmax=7   rho=0.8026  model-Bmax=7    counts=1,8,22,40,44,29,11,2,0
   draw 3  Bmax=7   rho=0.8026  model-Bmax=7    counts=1,8,22,40,44,29,11,2,0
   draw 4  Bmax=7   rho=0.7862  model-Bmax=7    counts=1,8,26,46,50,34,13,2,0
   draw 5  Bmax=7   rho=0.7905  model-Bmax=7    counts=1,8,22,38,38,23,9,2,0
   draw 6  Bmax=7   rho=0.7756  model-Bmax=7    counts=1,8,27,50,55,36,13,2,0
   draw 7  Bmax=7   rho=0.7949  model-Bmax=7    counts=1,8,23,49,55,36,13,2,0
   rho: min=0.7756 median=0.7949 ; Bmax: [7, 7, 7, 7, 7, 7, 7, 7] ; n-Bmax: [1, 1, 1, 1, 1, 1, 1, 1]

-- n= 8 p=241 j0=False   (0.2s, primes=[(2, 1)])
   draw 0  Bmax=7   rho=0.8231  model-Bmax=7    counts=1,8,21,39,48,34,13,2,0
   draw 1  Bmax=7   rho=0.8068  model-Bmax=7    counts=1,8,21,48,55,36,13,2,0
   draw 2  Bmax=7   rho=0.8087  model-Bmax=7    counts=1,8,21,47,54,36,13,2,0
   draw 3  Bmax=7   rho=0.8106  model-Bmax=7    counts=1,8,21,46,53,36,13,2,0
   draw 4  Bmax=7   rho=0.7756  model-Bmax=7    counts=1,8,27,50,55,36,13,2,0
   draw 5  Bmax=8   rho=1.0612  model-Bmax=8    counts=1,8,22,45,62,51,28,8,1
   draw 6  Bmax=7   rho=0.7756  model-Bmax=7    counts=1,8,27,50,55,36,13,2,0
   draw 7  Bmax=7   rho=0.8068  model-Bmax=7    counts=1,8,21,48,55,36,13,2,0
   rho: min=0.7756 median=0.8087 ; Bmax: [7, 7, 7, 7, 7, 8, 7, 7] ; n-Bmax: [1, 1, 1, 1, 1, 0, 1, 1]

-- n=12 p=4093 j0=True   (4.8s, primes=[(2, 1)])
   draw 0  Bmax=12  rho=0.9963  model-Bmax=11   counts=1,12,48,144,281,394,421,348,224,110,39,9,1
   draw 1  Bmax=12  rho=0.9696  model-Bmax=11   counts=1,12,50,157,310,432,447,351,213,99,34,8,1
   draw 2  Bmax=12  rho=0.9642  model-Bmax=11   counts=1,12,58,157,289,391,404,325,203,97,34,8,1
   draw 3  Bmax=12  rho=0.9943  model-Bmax=11   counts=1,12,48,138,259,362,382,309,198,99,37,9,1
   draw 4  Bmax=12  rho=0.9691  model-Bmax=11   counts=1,12,50,158,312,433,445,350,213,99,34,8,1
   draw 5  Bmax=12  rho=0.9940  model-Bmax=11   counts=1,12,50,153,315,466,527,441,270,123,41,9,1
   draw 6  Bmax=12  rho=0.9737  model-Bmax=11   counts=1,12,53,187,384,549,575,454,273,124,41,9,1
   draw 7  Bmax=12  rho=0.9693  model-Bmax=11   counts=1,12,50,157,312,434,447,351,213,99,34,8,1
   rho: min=0.9642 median=0.9737 ; Bmax: [12, 12, 12, 12, 12, 12, 12, 12] ; n-Bmax: [0, 0, 0, 0, 0, 0, 0, 0]

-- n=12 p=4093 j0=False   (4.4s, primes=[(2, 1)])
   draw 0  Bmax=11  rho=0.8050  model-Bmax=11   counts=1,12,44,130,236,298,282,204,106,39,9,1,0
   draw 1  Bmax=11  rho=0.7911  model-Bmax=11   counts=1,12,47,151,278,351,332,225,111,39,9,1,0
   draw 2  Bmax=11  rho=0.7877  model-Bmax=11   counts=1,12,56,144,258,328,308,216,108,39,9,1,0
   draw 3  Bmax=11  rho=0.8008  model-Bmax=11   counts=1,12,44,133,258,328,308,216,108,39,9,1,0
   draw 4  Bmax=11  rho=0.7947  model-Bmax=11   counts=1,12,48,157,308,394,370,258,130,46,10,1,0
   draw 5  Bmax=11  rho=0.8612  model-Bmax=11   counts=1,12,45,139,267,356,353,268,149,59,15,2,0
   draw 6  Bmax=11  rho=0.7833  model-Bmax=11   counts=1,12,50,183,346,446,408,272,132,46,10,1,0
   draw 7  Bmax=11  rho=0.7907  model-Bmax=11   counts=1,12,47,151,278,361,332,225,111,39,9,1,0
   rho: min=0.7833 median=0.7947 ; Bmax: [11, 11, 11, 11, 11, 11, 11, 11] ; n-Bmax: [1, 1, 1, 1, 1, 1, 1, 1]

-- n=16 p=65521 j0=True   (67.2s, primes=[(2, 1)])
   draw 0  Bmax=13  rho=0.7287  model-Bmax=14   counts=1,16,98,401,1144,2371,3700,4396,3957,2650,1276,420,86,8,0,0,0
   draw 1  Bmax=14  rho=0.7922  model-Bmax=14   counts=1,16,111,471,1412,3112,5214,6654,6469,4768,2629,1055,292,50,4,0,0
   draw 2  Bmax=13  rho=0.7166  model-Bmax=14   counts=1,16,112,471,1348,2788,4292,4978,4349,2828,1332,431,86,8,0,0,0
   draw 3  Bmax=13  rho=0.7210  model-Bmax=14   counts=1,16,110,449,1256,2574,3982,4706,4213,2796,1332,431,86,8,0,0,0
   draw 4  Bmax=14  rho=0.7931  model-Bmax=14   counts=1,16,103,475,1457,3176,5210,6572,6385,4732,2625,1056,292,50,4,0,0
   rho: min=0.7166 median=0.7287 ; Bmax: [13, 14, 13, 13, 14] ; n-Bmax: [3, 2, 3, 3, 2]

-- n=16 p=65521 j0=False   (59.8s, primes=[(2, 1)])
   draw 0  Bmax=13  rho=0.7418  model-Bmax=14   counts=1,16,87,329,908,1869,2940,3568,3305,2298,1155,398,84,8,0,0,0
   draw 1  Bmax=14  rho=0.8032  model-Bmax=14   counts=1,16,106,428,1283,2860,4974,6696,6843,5208,2904,1156,313,52,4,0,0
   draw 2  Bmax=13  rho=0.7209  model-Bmax=14   counts=1,16,109,440,1212,2450,3760,4418,3943,2622,1259,414,84,8,0,0,0
   draw 3  Bmax=13  rho=0.7311  model-Bmax=14   counts=1,16,103,380,996,1954,2966,3518,3235,2258,1147,398,84,8,0,0,0
   draw 4  Bmax=13  rho=0.7269  model-Bmax=14   counts=1,16,93,404,1156,2308,3452,3968,3505,2348,1159,398,84,8,0,0,0
   rho: min=0.7209 median=0.7311 ; Bmax: [13, 14, 13, 13, 13] ; n-Bmax: [3, 2, 3, 3, 3]

############ pool=(2, 3) frac=1.0

-- n= 8 p=241 j0=True   (0.3s, primes=[(2, 1), (3, 1)])
   draw 0  Bmax=7   rho=0.8045  model-Bmax=7    counts=1,8,22,46,50,33,13,2,0
   draw 1  Bmax=8   rho=0.9999  model-Bmax=7    counts=1,8,27,52,64,51,27,8,1
   draw 2  Bmax=7   rho=0.7856  model-Bmax=7    counts=1,8,26,46,50,33,13,2,0
   draw 3  Bmax=5   rho=0.4717  model-Bmax=5    counts=1,8,20,31,20,4,0,0,0
   draw 4  Bmax=8   rho=0.9999  model-Bmax=7    counts=1,8,27,52,64,51,27,8,1
   draw 5  Bmax=5   rho=0.5619  model-Bmax=6    counts=1,8,23,34,24,8,0,0,0
   draw 6  Bmax=6   rho=0.6374  model-Bmax=6    counts=1,8,25,40,36,17,4,0,0
   draw 7  Bmax=7   rho=0.7758  model-Bmax=7    counts=1,8,24,37,33,21,8,2,0
   rho: min=0.4717 median=0.7856 ; Bmax: [7, 8, 7, 5, 8, 5, 6, 7] ; n-Bmax: [1, 0, 1, 3, 0, 3, 2, 1]

-- n= 8 p=241 j0=False   (0.3s, primes=[(2, 1), (3, 1)])
   draw 0  Bmax=8   rho=1.0559  model-Bmax=8    counts=1,8,19,44,52,43,25,8,1
   draw 1  Bmax=6   rho=0.6456  model-Bmax=6    counts=1,8,24,36,31,16,4,0,0
   draw 2  Bmax=6   rho=0.6456  model-Bmax=6    counts=1,8,24,36,31,16,4,0,0
   draw 3  Bmax=6   rho=0.6710  model-Bmax=6    counts=1,8,20,44,41,20,4,0,0
   draw 4  Bmax=6   rho=0.6367  model-Bmax=6    counts=1,8,26,44,41,20,4,0,0
   draw 5  Bmax=7   rho=0.7881  model-Bmax=7    counts=1,8,24,50,55,35,13,2,0
   draw 6  Bmax=6   rho=0.6601  model-Bmax=6    counts=1,8,24,36,33,20,4,0,0
   draw 7  Bmax=4   rho=0.2657  model-Bmax=4    counts=1,8,17,16,3,0,0,0,0
   rho: min=0.2657 median=0.6601 ; Bmax: [8, 6, 6, 6, 6, 7, 6, 4] ; n-Bmax: [0, 2, 2, 2, 2, 1, 2, 4]

-- n=12 p=4093 j0=True   (7.2s, primes=[(2, 1), (3, 1)])
   draw 0  Bmax=12  rho=0.9819  model-Bmax=11   counts=1,12,53,157,327,476,525,432,268,124,41,8,1
   draw 1  Bmax=11  rho=0.8384  model-Bmax=11   counts=1,12,52,183,347,453,427,299,156,59,15,2,0
   draw 2  Bmax=12  rho=0.9908  model-Bmax=11   counts=1,12,51,146,300,431,484,410,261,123,41,8,1
   draw 3  Bmax=11  rho=0.8440  model-Bmax=11   counts=1,12,52,148,256,319,300,215,117,47,13,2,0
   draw 4  Bmax=11  rho=0.8464  model-Bmax=11   counts=1,12,54,163,299,399,392,283,152,59,15,2,0
   draw 5  Bmax=11  rho=0.7953  model-Bmax=11   counts=1,12,48,146,267,332,303,206,104,38,9,1,0
   draw 6  Bmax=11  rho=0.8425  model-Bmax=11   counts=1,12,48,181,347,453,427,299,156,59,15,2,0
   draw 7  Bmax=11  rho=0.8688  model-Bmax=11   counts=1,12,40,122,236,308,307,228,126,50,13,2,0
   rho: min=0.7953 median=0.8464 ; Bmax: [12, 11, 12, 11, 11, 11, 11, 11] ; n-Bmax: [0, 1, 0, 1, 1, 1, 1, 1]

-- n=12 p=4093 j0=False   (7.3s, primes=[(2, 1), (3, 1)])
   draw 0  Bmax=11  rho=0.8569  model-Bmax=11   counts=1,12,53,149,315,450,470,358,193,72,17,2,0
   draw 1  Bmax=11  rho=0.7833  model-Bmax=11   counts=1,12,50,183,346,446,408,272,132,46,10,1,0
   draw 2  Bmax=11  rho=0.7964  model-Bmax=11   counts=1,12,54,158,312,421,411,295,149,52,11,1,0
   draw 3  Bmax=11  rho=0.8858  model-Bmax=11   counts=1,12,53,153,302,428,437,332,187,76,21,3,0
   draw 4  Bmax=11  rho=0.7848  model-Bmax=11   counts=1,12,55,168,320,420,396,270,132,46,10,1,0
   draw 5  Bmax=11  rho=0.8526  model-Bmax=11   counts=1,12,49,166,340,458,454,336,182,70,17,2,0
   draw 6  Bmax=10  rho=0.7770  model-Bmax=10   counts=1,12,50,193,405,561,538,358,161,45,6,0,0
   draw 7  Bmax=10  rho=0.7306  model-Bmax=10   counts=1,12,44,132,285,360,325,200,86,24,3,0,0
   rho: min=0.7306 median=0.7964 ; Bmax: [11, 11, 11, 11, 11, 11, 10, 10] ; n-Bmax: [1, 1, 1, 1, 1, 1, 2, 2]

-- n=16 p=65521 j0=True   (73.8s, primes=[(2, 1), (3, 1)])
   draw 0  Bmax=14  rho=0.7961  model-Bmax=14   counts=1,16,95,464,1403,3066,5047,6346,6120,4512,2509,1022,288,50,4,0,0
   draw 1  Bmax=15  rho=0.8898  model-Bmax=15   counts=1,16,97,487,1481,3298,5611,7454,7809,6456,4176,2070,756,190,29,2,0
   draw 2  Bmax=14  rho=0.7921  model-Bmax=14   counts=1,16,114,493,1473,3236,5378,6844,6686,4979,2775,1120,309,52,4,0,0
   draw 3  Bmax=13  rho=0.7247  model-Bmax=14   counts=1,16,109,446,1280,2676,4214,5004,4487,2996,1441,470,92,8,0,0,0
   draw 4  Bmax=15  rho=0.8928  model-Bmax=15   counts=1,16,96,463,1431,3174,5423,7270,7694,6415,4170,2070,756,190,29,2,0
   rho: min=0.7247 median=0.7961 ; Bmax: [14, 15, 14, 13, 15] ; n-Bmax: [2, 1, 2, 3, 1]

-- n=16 p=65521 j0=False   (96.6s, primes=[(2, 1), (3, 1)])
   draw 0  Bmax=14  rho=0.7980  model-Bmax=14   counts=1,16,99,462,1416,3188,5420,6976,6803,5024,2781,1120,309,52,4,0,0
   draw 1  Bmax=15  rho=0.8877  model-Bmax=15   counts=1,16,101,478,1567,3704,6677,9222,9789,7996,5005,2366,819,196,29,2,0
   draw 2  Bmax=13  rho=0.6724  model-Bmax=13   counts=1,16,114,485,1388,2832,4237,4699,3859,2318,991,286,50,4,0,0,0
   draw 3  Bmax=12  rho=0.6688  model-Bmax=13   counts=1,16,102,384,1072,2124,3238,3584,2847,1596,608,144,16,0,0,0,0
   draw 4  Bmax=15  rho=0.8795  model-Bmax=15   counts=1,16,104,493,1569,3521,5974,7826,8008,6422,4015,1926,687,172,27,2,0
   rho: min=0.6688 median=0.7980 ; Bmax: [14, 15, 13, 12, 15] ; n-Bmax: [2, 1, 3, 4, 1]

written ad_scale.json
