
############ pool=(2, 3, 4, 5, 7, 8, 9, 11, 13) frac=0.25

-- n= 8 p=241 j0=True   (5.8s, primes=[(3, 2), (13, 1)])
   draw 0  Bmax=7   rho=0.7750  model-Bmax=7    counts=1,8,27,50,55,35,13,2,0
   draw 1  Bmax=8   rho=n/a     model-Bmax=8    counts=1,8,28,56,70,55,28,8,1
   draw 2  Bmax=8   rho=n/a     model-Bmax=8    counts=1,8,28,56,70,55,28,8,1
   draw 3  Bmax=8   rho=0.9999  model-Bmax=7    counts=1,8,27,52,64,51,27,8,1
   draw 4  Bmax=8   rho=0.9999  model-Bmax=7    counts=1,8,27,52,64,51,27,8,1
   draw 5  Bmax=8   rho=n/a     model-Bmax=8    counts=1,8,28,56,70,55,28,8,1
   draw 6  Bmax=8   rho=n/a     model-Bmax=8    counts=1,8,28,56,70,55,28,8,1
   draw 7  Bmax=8   rho=n/a     model-Bmax=8    counts=1,8,28,56,70,55,28,8,1
   rho: min=0.7750 median=0.9999 ; Bmax: [7, 8, 8, 8, 8, 8, 8, 8] ; n-Bmax: [1, 0, 0, 0, 0, 0, 0, 0]

-- n= 8 p=241 j0=True   (4.9s, primes=[(3, 2), (13, 1)])
   draw 0  Bmax=8   rho=n/a     model-Bmax=8    counts=1,8,28,56,70,55,28,8,1
   draw 1  Bmax=8   rho=n/a     model-Bmax=8    counts=1,8,27,56,70,55,28,8,1
   draw 2  Bmax=8   rho=n/a     model-Bmax=8    counts=1,8,28,56,70,55,28,8,1
   draw 3  Bmax=8   rho=n/a     model-Bmax=8    counts=1,8,28,56,70,55,28,8,1
   draw 4  Bmax=8   rho=0.9997  model-Bmax=7    counts=1,8,26,48,58,47,26,8,1
   draw 5  Bmax=8   rho=n/a     model-Bmax=8    counts=1,8,28,56,70,55,28,8,1
   draw 6  Bmax=8   rho=n/a     model-Bmax=8    counts=1,8,28,56,70,55,28,8,1
   draw 7  Bmax=8   rho=n/a     model-Bmax=8    counts=1,8,28,56,70,55,28,8,1
   rho: min=0.9997 median=0.9997 ; Bmax: [8, 8, 8, 8, 8, 8, 8, 8] ; n-Bmax: [0, 0, 0, 0, 0, 0, 0, 0]

-- n=12 p=4093 j0=True   (37.6s, primes=[(3, 2), (5, 1), (11, 1), (13, 1)])
   draw 0  Bmax=12  rho=1.0105  model-Bmax=12   counts=1,12,63,202,450,732,879,774,492,220,66,11,1
   draw 1  Bmax=12  rho=1.0181  model-Bmax=12   counts=1,12,61,190,420,692,849,762,490,220,66,11,1
   draw 2  Bmax=12  rho=n/a     model-Bmax=12   counts=1,12,66,220,495,792,924,792,495,220,66,11,1
   draw 3  Bmax=12  rho=1.0069  model-Bmax=12   counts=1,12,64,208,465,752,894,780,493,220,66,11,1
   draw 4  Bmax=12  rho=n/a     model-Bmax=12   counts=1,12,66,220,495,792,924,792,495,220,66,11,1
   draw 5  Bmax=12  rho=n/a     model-Bmax=12   counts=1,12,66,220,495,792,924,792,495,220,66,11,1
   draw 6  Bmax=12  rho=n/a     model-Bmax=12   counts=1,12,66,220,495,792,924,792,495,220,66,11,1
   draw 7  Bmax=12  rho=n/a     model-Bmax=12   counts=1,12,66,220,495,792,924,792,495,220,66,11,1
   rho: min=1.0069 median=1.0105 ; Bmax: [12, 12, 12, 12, 12, 12, 12, 12] ; n-Bmax: [0, 0, 0, 0, 0, 0, 0, 0]

-- n=12 p=4093 j0=True   (51.0s, primes=[(3, 2), (5, 1), (11, 1), (13, 1)])
   draw 0  Bmax=12  rho=1.0069  model-Bmax=12   counts=1,12,64,208,465,752,894,780,493,220,66,11,1
   draw 1  Bmax=12  rho=1.0069  model-Bmax=12   counts=1,12,64,208,465,752,894,780,493,220,66,11,1
   draw 2  Bmax=12  rho=n/a     model-Bmax=12   counts=1,12,66,220,495,792,924,792,495,220,66,11,1
   draw 3  Bmax=11  rho=0.8518  model-Bmax=11   counts=1,12,63,198,422,640,696,536,285,100,21,2,0
   draw 4  Bmax=11  rho=0.8457  model-Bmax=11   counts=1,12,65,210,450,672,714,540,285,100,21,2,0
   draw 5  Bmax=12  rho=n/a     model-Bmax=12   counts=1,12,66,220,495,792,924,792,495,220,66,11,1
   draw 6  Bmax=12  rho=n/a     model-Bmax=12   counts=1,12,66,220,495,792,924,792,495,220,66,11,1
   draw 7  Bmax=12  rho=n/a     model-Bmax=12   counts=1,12,66,220,495,792,924,792,495,220,66,11,1
   rho: min=0.8457 median=1.0069 ; Bmax: [12, 12, 12, 11, 11, 12, 12, 12] ; n-Bmax: [0, 0, 0, 1, 1, 0, 0, 0]

-- n=16 p=65521 j0=True   (428.9s, primes=[(3, 2), (5, 1), (7, 1), (11, 1), (13, 1)])
   draw 0  Bmax=16  rho=1.0000  model-Bmax=15   counts=1,16,119,548,1754,4148,7513,10648,11946,10648,7513,4147,1754,548,119,16,1
   draw 1  Bmax=16  rho=1.0000  model-Bmax=15   counts=1,16,119,548,1754,4148,7513,10648,11946,10648,7513,4147,1754,548,119,16,1
   draw 2  Bmax=16  rho=n/a     model-Bmax=16   counts=1,16,120,560,1820,4368,8008,11440,12870,11440,8008,4367,1820,560,120,16,1
   draw 3  Bmax=16  rho=1.0000  model-Bmax=15   counts=1,16,118,536,1689,3936,7046,9912,11092,9912,7046,3935,1689,536,118,16,1
   draw 4  Bmax=16  rho=n/a     model-Bmax=16   counts=1,16,120,560,1820,4368,8008,11440,12870,11440,8008,4367,1820,560,120,16,1
   rho: min=1.0000 median=1.0000 ; Bmax: [16, 16, 16, 16, 16] ; n-Bmax: [0, 0, 0, 0, 0]

-- n=16 p=65521 j0=True   (1473.9s, primes=[(3, 2), (5, 1), (7, 1), (11, 1), (13, 1)])
   draw 0  Bmax=16  rho=1.0000  model-Bmax=15   counts=1,16,118,536,1688,3928,7018,9856,11022,9856,7018,3927,1688,536,118,16,1
   draw 1  Bmax=16  rho=1.0027  model-Bmax=16   counts=1,16,117,532,1700,4044,7385,10544,11892,10632,7511,4147,1754,548,119,16,1
   draw 2  Bmax=16  rho=n/a     model-Bmax=16   counts=1,16,120,560,1820,4368,8008,11440,12870,11440,8008,4367,1820,560,120,16,1
   draw 3  Bmax=16  rho=1.0000  model-Bmax=15   counts=1,16,118,536,1688,3928,7018,9856,11022,9856,7018,3927,1688,536,118,16,1
   draw 4  Bmax=16  rho=1.0000  model-Bmax=15   counts=1,16,118,536,1688,3928,7018,9856,11022,9856,7018,3927,1688,536,118,16,1
   rho: min=1.0000 median=1.0000 ; Bmax: [16, 16, 16, 16, 16] ; n-Bmax: [0, 0, 0, 0, 0]

############ pool=(2, 3, 4, 5, 7, 8, 9) frac=1.0

-- n= 8 p=241 j0=True   (5.4s, primes=[(2, 3), (3, 2), (5, 1), (7, 1)])
   draw 0  Bmax=7   rho=0.8125  model-Bmax=7    counts=1,8,22,42,48,34,13,2,0
   draw 1  Bmax=8   rho=1.0621  model-Bmax=8    counts=1,8,21,47,63,51,27,8,1
   draw 2  Bmax=7   rho=0.8055  model-Bmax=7    counts=1,8,22,42,45,30,12,2,0
   draw 3  Bmax=8   rho=1.0555  model-Bmax=8    counts=1,8,21,50,64,51,27,8,1
   draw 4  Bmax=7   rho=0.7836  model-Bmax=7    counts=1,8,25,46,49,31,12,2,0
   draw 5  Bmax=7   rho=0.7756  model-Bmax=7    counts=1,8,27,50,55,36,13,2,0
   draw 6  Bmax=7   rho=0.7750  model-Bmax=7    counts=1,8,27,50,55,35,13,2,0
   draw 7  Bmax=7   rho=0.7750  model-Bmax=7    counts=1,8,27,50,55,35,13,2,0
   rho: min=0.7750 median=0.8055 ; Bmax: [7, 8, 7, 8, 7, 7, 7, 7] ; n-Bmax: [1, 0, 1, 0, 1, 1, 1, 1]

-- n= 8 p=241 j0=True   (4.9s, primes=[(2, 3), (3, 2), (5, 1), (7, 1)])
   draw 0  Bmax=6   rho=0.5698  model-Bmax=6    counts=1,8,22,28,25,12,2,0,0
   draw 1  Bmax=6   rho=0.6567  model-Bmax=6    counts=1,8,24,36,33,19,4,0,0
   draw 2  Bmax=6   rho=0.6577  model-Bmax=6    counts=1,8,22,40,36,18,4,0,0
   draw 3  Bmax=7   rho=0.8074  model-Bmax=7    counts=1,8,23,34,37,23,11,2,0
   draw 4  Bmax=8   rho=n/a     model-Bmax=8    counts=1,8,25,56,70,55,28,8,1
   draw 5  Bmax=6   rho=0.6456  model-Bmax=6    counts=1,8,24,36,31,16,4,0,0
   draw 6  Bmax=7   rho=0.7750  model-Bmax=7    counts=1,8,27,50,55,35,13,2,0
   draw 7  Bmax=7   rho=0.7750  model-Bmax=7    counts=1,8,27,50,55,35,13,2,0
   rho: min=0.5698 median=0.6577 ; Bmax: [6, 6, 6, 7, 8, 6, 7, 7] ; n-Bmax: [2, 2, 2, 1, 0, 2, 1, 1]

-- n=12 p=4093 j0=True   (33.9s, primes=[(2, 3), (3, 2), (5, 1), (7, 1)])
   draw 0  Bmax=12  rho=0.9731  model-Bmax=11   counts=1,12,53,188,388,552,576,454,273,124,41,9,1
   draw 1  Bmax=12  rho=0.9647  model-Bmax=11   counts=1,12,61,181,359,506,524,410,247,114,39,9,1
   draw 2  Bmax=11  rho=0.7949  model-Bmax=11   counts=1,12,61,182,363,513,523,381,192,63,12,1,0
   draw 3  Bmax=12  rho=1.0185  model-Bmax=12   counts=1,12,52,159,347,543,653,593,391,182,57,11,1
   draw 4  Bmax=11  rho=0.8263  model-Bmax=11   counts=1,12,58,153,259,315,287,197,104,41,11,2,0
   draw 5  Bmax=12  rho=1.0125  model-Bmax=12   counts=1,12,58,169,370,580,705,628,404,184,57,10,1
   draw 6  Bmax=12  rho=0.9858  model-Bmax=11   counts=1,12,46,163,337,484,521,424,262,122,41,8,1
   draw 7  Bmax=12  rho=1.0112  model-Bmax=12   counts=1,12,49,184,399,628,738,642,407,184,57,11,1
   rho: min=0.7949 median=0.9858 ; Bmax: [12, 12, 11, 12, 11, 12, 12, 12] ; n-Bmax: [0, 0, 1, 0, 1, 0, 0, 0]

-- n=12 p=4093 j0=True   (26.7s, primes=[(2, 3), (3, 2), (5, 1), (7, 1)])
   draw 0  Bmax=11  rho=0.7842  model-Bmax=11   counts=1,12,51,169,314,393,356,237,116,40,9,1,0
   draw 1  Bmax=11  rho=0.7851  model-Bmax=11   counts=1,12,60,171,321,424,401,277,137,47,10,1,0
   draw 2  Bmax=10  rho=0.6722  model-Bmax=10   counts=1,12,60,169,307,381,324,191,75,18,2,0,0
   draw 3  Bmax=11  rho=0.8080  model-Bmax=11   counts=1,12,46,146,272,374,374,270,137,47,10,1,0
   draw 4  Bmax=11  rho=0.7881  model-Bmax=11   counts=1,12,61,180,354,491,486,341,167,55,11,1,0
   draw 5  Bmax=12  rho=0.9935  model-Bmax=11   counts=1,12,60,178,371,562,639,540,338,154,49,10,1
   draw 6  Bmax=12  rho=1.0090  model-Bmax=12   counts=1,12,44,176,384,591,663,550,340,154,49,10,1
   draw 7  Bmax=12  rho=1.0062  model-Bmax=12   counts=1,12,48,177,368,562,639,540,338,154,49,10,1
   rho: min=0.6722 median=0.8080 ; Bmax: [11, 11, 10, 11, 11, 12, 12, 12] ; n-Bmax: [1, 1, 2, 1, 1, 0, 0, 0]

-- n=16 p=65521 j0=True   (236.6s, primes=[(2, 3), (3, 2), (5, 1), (7, 1)])
   draw 0  Bmax=13  rho=0.7161  model-Bmax=14   counts=1,16,84,416,1180,2390,3646,4272,3821,2534,1193,376,71,6,0,0,0
   draw 1  Bmax=14  rho=0.8081  model-Bmax=14   counts=1,16,93,413,1212,2619,4413,5766,5825,4480,2577,1073,304,52,4,0,0
   draw 2  Bmax=14  rho=0.7872  model-Bmax=14   counts=1,16,101,480,1394,2946,4680,5688,5333,3856,2127,872,252,46,4,0,0
   draw 3  Bmax=15  rho=0.8976  model-Bmax=15   counts=1,16,97,432,1330,3073,5498,7643,8292,6996,4543,2225,794,194,29,2,0
   draw 4  Bmax=14  rho=0.7937  model-Bmax=14   counts=1,16,108,440,1278,2742,4512,5684,5489,4054,2264,932,268,48,4,0,0
   rho: min=0.7161 median=0.7937 ; Bmax: [13, 14, 14, 15, 14] ; n-Bmax: [3, 2, 2, 1, 2]

-- n=16 p=65521 j0=True   (245.0s, primes=[(2, 3), (3, 2), (5, 1), (7, 1)])
   draw 0  Bmax=15  rho=0.8901  model-Bmax=15   counts=1,16,86,439,1291,2777,4592,5968,6146,5017,3222,1601,596,157,26,2,0
   draw 1  Bmax=14  rho=0.7997  model-Bmax=14   counts=1,16,96,461,1401,3109,5228,6727,6623,4948,2763,1118,309,52,4,0,0
   draw 2  Bmax=15  rho=0.8904  model-Bmax=15   counts=1,16,98,485,1458,3246,5537,7378,7757,6436,4173,2069,756,190,29,2,0
   draw 3  Bmax=14  rho=0.7929  model-Bmax=14   counts=1,16,91,380,1037,2064,3101,3629,3355,2462,1413,618,196,40,4,0,0
   draw 4  Bmax=16  rho=1.0089  model-Bmax=16   counts=1,16,110,464,1412,3232,5792,8208,9298,8448,6134,3519,1560,512,116,16,1
   rho: min=0.7929 median=0.8901 ; Bmax: [15, 14, 15, 14, 16] ; n-Bmax: [1, 2, 1, 2, 0]

written ad_scale.json
