
############ pool=(4,) frac=1.0

-- n= 8 p=241 j0=True   (0.2s, primes=[(2, 2)])
   draw 0  Bmax=7   rho=0.8155  model-Bmax=7    counts=1,8,22,40,46,32,13,2,0
   draw 1  Bmax=7   rho=0.7923  model-Bmax=7    counts=1,8,22,37,38,23,9,2,0
   draw 2  Bmax=7   rho=0.7923  model-Bmax=7    counts=1,8,22,37,38,23,9,2,0
   draw 3  Bmax=7   rho=0.8026  model-Bmax=7    counts=1,8,22,40,44,29,11,2,0
   draw 4  Bmax=7   rho=0.7923  model-Bmax=7    counts=1,8,22,37,38,23,9,2,0
   draw 5  Bmax=7   rho=0.7905  model-Bmax=7    counts=1,8,22,38,38,23,9,2,0
   draw 6  Bmax=7   rho=0.7923  model-Bmax=7    counts=1,8,22,37,38,23,9,2,0
   draw 7  Bmax=7   rho=0.7923  model-Bmax=7    counts=1,8,22,37,38,23,9,2,0
   rho: min=0.7905 median=0.7923 ; Bmax: [7, 7, 7, 7, 7, 7, 7, 7] ; n-Bmax: [1, 1, 1, 1, 1, 1, 1, 1]

-- n= 8 p=241 j0=False   (0.2s, primes=[(2, 2)])
   draw 0  Bmax=7   rho=0.8250  model-Bmax=7    counts=1,8,21,38,45,32,13,2,0
   draw 1  Bmax=7   rho=0.8261  model-Bmax=7    counts=1,8,21,38,43,32,13,2,0
   draw 2  Bmax=7   rho=0.8261  model-Bmax=7    counts=1,8,21,38,43,32,13,2,0
   draw 3  Bmax=7   rho=0.8106  model-Bmax=7    counts=1,8,21,46,53,36,13,2,0
   draw 4  Bmax=7   rho=0.8261  model-Bmax=7    counts=1,8,21,38,43,32,13,2,0
   draw 5  Bmax=8   rho=1.0578  model-Bmax=8    counts=1,8,22,45,60,51,28,8,1
   draw 6  Bmax=7   rho=0.8250  model-Bmax=7    counts=1,8,21,38,45,32,13,2,0
   draw 7  Bmax=7   rho=0.8261  model-Bmax=7    counts=1,8,21,38,43,32,13,2,0
   rho: min=0.8106 median=0.8261 ; Bmax: [7, 7, 7, 7, 7, 8, 7, 7] ; n-Bmax: [1, 1, 1, 1, 1, 0, 1, 1]

-- n=10 p=1009 j0=True   (1.1s, primes=[(2, 2)])
   draw 0  Bmax=9   rho=0.8264  model-Bmax=9    counts=1,10,39,107,173,189,138,63,17,2,0
   draw 1  Bmax=9   rho=0.7603  model-Bmax=9    counts=1,10,37,91,138,144,98,41,10,1,0
   draw 2  Bmax=9   rho=0.7603  model-Bmax=9    counts=1,10,37,91,138,144,98,41,10,1,0
   draw 3  Bmax=10  rho=0.9882  model-Bmax=9    counts=1,10,37,92,145,165,133,76,31,8,1
   draw 4  Bmax=9   rho=0.7603  model-Bmax=9    counts=1,10,37,91,138,144,98,41,10,1,0
   draw 5  Bmax=9   rho=0.7573  model-Bmax=9    counts=1,10,37,94,145,150,100,41,10,1,0
   draw 6  Bmax=9   rho=0.7603  model-Bmax=9    counts=1,10,37,91,138,144,98,41,10,1,0
   draw 7  Bmax=9   rho=0.7603  model-Bmax=9    counts=1,10,37,91,138,144,98,41,10,1,0
   rho: min=0.7573 median=0.7603 ; Bmax: [9, 9, 9, 10, 9, 9, 9, 9] ; n-Bmax: [1, 1, 1, 0, 1, 1, 1, 1]

-- n=10 p=1009 j0=False   (1.3s, primes=[(2, 2)])
   draw 0  Bmax=10  rho=0.9932  model-Bmax=9    counts=1,10,35,93,158,176,141,81,32,8,1
   draw 1  Bmax=10  rho=0.9707  model-Bmax=9    counts=1,10,34,84,132,136,103,59,25,7,1
   draw 2  Bmax=10  rho=0.9707  model-Bmax=9    counts=1,10,34,84,132,136,103,59,25,7,1
   draw 3  Bmax=10  rho=0.9975  model-Bmax=9    counts=1,10,34,85,137,145,116,71,30,8,1
   draw 4  Bmax=10  rho=0.9707  model-Bmax=9    counts=1,10,34,84,132,136,103,59,25,7,1
   draw 5  Bmax=10  rho=0.9888  model-Bmax=9    counts=1,10,35,99,165,186,148,83,32,8,1
   draw 6  Bmax=10  rho=0.9707  model-Bmax=9    counts=1,10,34,84,132,136,103,59,25,7,1
   draw 7  Bmax=10  rho=0.9707  model-Bmax=9    counts=1,10,34,84,132,136,103,59,25,7,1
   rho: min=0.9707 median=0.9707 ; Bmax: [10, 10, 10, 10, 10, 10, 10, 10] ; n-Bmax: [0, 0, 0, 0, 0, 0, 0, 0]

-- n=12 p=4093 j0=True   (5.8s, primes=[(2, 2)])
   draw 0  Bmax=12  rho=0.9856  model-Bmax=11   counts=1,12,48,141,262,346,349,276,174,88,35,9,1
   draw 1  Bmax=12  rho=0.9618  model-Bmax=11   counts=1,12,48,132,241,314,320,253,156,75,27,7,1
   draw 2  Bmax=12  rho=0.9345  model-Bmax=11   counts=1,12,58,154,266,327,307,229,140,69,25,7,1
   draw 3  Bmax=12  rho=0.9698  model-Bmax=11   counts=1,12,48,135,244,315,315,244,152,75,29,8,1
   draw 4  Bmax=12  rho=0.9519  model-Bmax=11   counts=1,12,48,132,235,291,282,216,133,65,24,7,1
   draw 5  Bmax=12  rho=0.9945  model-Bmax=11   counts=1,12,50,153,312,458,517,435,269,123,41,9,1
   draw 6  Bmax=12  rho=0.9519  model-Bmax=11   counts=1,12,48,132,235,291,282,216,133,65,24,7,1
   draw 7  Bmax=12  rho=0.9618  model-Bmax=11   counts=1,12,48,132,241,314,320,253,156,75,27,7,1
   rho: min=0.9345 median=0.9618 ; Bmax: [12, 12, 12, 12, 12, 12, 12, 12] ; n-Bmax: [0, 0, 0, 0, 0, 0, 0, 0]

-- n=12 p=4093 j0=False   (6.1s, primes=[(2, 2)])
   draw 0  Bmax=11  rho=0.8062  model-Bmax=11   counts=1,12,44,130,229,291,277,204,106,39,9,1,0
   draw 1  Bmax=11  rho=0.8059  model-Bmax=11   counts=1,12,44,130,226,287,273,200,105,38,9,1,0
   draw 2  Bmax=11  rho=0.7901  model-Bmax=11   counts=1,12,56,142,246,308,282,204,106,39,9,1,0
   draw 3  Bmax=11  rho=0.8024  model-Bmax=11   counts=1,12,44,133,238,319,305,213,107,38,9,1,0
   draw 4  Bmax=11  rho=0.8065  model-Bmax=11   counts=1,12,44,130,227,289,275,202,106,39,9,1,0
   draw 5  Bmax=11  rho=0.8622  model-Bmax=11   counts=1,12,45,139,257,345,344,264,148,58,15,2,0
   draw 6  Bmax=11  rho=0.8059  model-Bmax=11   counts=1,12,44,130,226,287,273,200,105,38,9,1,0
   draw 7  Bmax=11  rho=0.8059  model-Bmax=11   counts=1,12,44,130,226,287,273,200,105,38,9,1,0
   rho: min=0.7901 median=0.8059 ; Bmax: [11, 11, 11, 11, 11, 11, 11, 11] ; n-Bmax: [1, 1, 1, 1, 1, 1, 1, 1]

-- n=14 p=16363 j0=True   (28.8s, primes=[(2, 2)])
   draw 0  Bmax=14  rho=0.9985  model-Bmax=13   counts=1,14,74,280,733,1427,2090,2328,1993,1316,667,253,69,12,1
   draw 1  Bmax=14  rho=0.9714  model-Bmax=13   counts=1,14,72,260,647,1176,1570,1606,1294,830,423,167,50,10,1
   draw 2  Bmax=14  rho=0.9406  model-Bmax=13   counts=1,14,72,260,630,1118,1456,1420,1073,654,320,120,36,8,1
   draw 3  Bmax=14  rho=0.9411  model-Bmax=13   counts=1,14,72,271,666,1164,1527,1536,1189,716,341,127,37,8,1
   draw 4  Bmax=14  rho=0.9374  model-Bmax=13   counts=1,14,72,256,616,1087,1401,1354,1009,603,297,114,34,8,1
   draw 5  Bmax=14  rho=0.9937  model-Bmax=13   counts=1,14,72,266,673,1230,1686,1770,1489,985,515,211,64,12,1
   draw 6  Bmax=14  rho=0.9263  model-Bmax=13   counts=1,14,83,288,679,1154,1461,1406,1048,626,305,115,34,8,1
   draw 7  Bmax=14  rho=0.9697  model-Bmax=13   counts=1,14,72,256,621,1112,1470,1494,1192,762,395,157,48,10,1
   rho: min=0.9263 median=0.9697 ; Bmax: [14, 14, 14, 14, 14, 14, 14, 14] ; n-Bmax: [0, 0, 0, 0, 0, 0, 0, 0]

-- n=14 p=16363 j0=False   (24.4s, primes=[(2, 2)])
   draw 0  Bmax=12  rho=0.7692  model-Bmax=12   counts=1,14,71,244,578,973,1202,1114,769,390,142,33,4,0,0
   draw 1  Bmax=12  rho=0.7469  model-Bmax=12   counts=1,14,71,237,540,873,1036,924,621,312,112,25,3,0,0
   draw 2  Bmax=12  rho=0.7563  model-Bmax=12   counts=1,14,73,259,634,1111,1432,1366,951,472,158,31,3,0,0
   draw 3  Bmax=12  rho=0.7452  model-Bmax=12   counts=1,14,71,244,559,888,1042,924,621,312,112,25,3,0,0
   draw 4  Bmax=12  rho=0.7479  model-Bmax=12   counts=1,14,71,235,532,853,1014,914,619,312,112,25,3,0,0
   draw 5  Bmax=12  rho=0.7695  model-Bmax=12   counts=1,14,71,239,552,904,1099,1015,708,369,137,32,4,0,0
   draw 6  Bmax=12  rho=0.7358  model-Bmax=12   counts=1,14,82,272,591,914,1054,926,621,312,112,25,3,0,0
   draw 7  Bmax=12  rho=0.7479  model-Bmax=12   counts=1,14,71,235,532,853,1014,914,619,312,112,25,3,0,0
   rho: min=0.7358 median=0.7479 ; Bmax: [12, 12, 12, 12, 12, 12, 12, 12] ; n-Bmax: [2, 2, 2, 2, 2, 2, 2, 2]

############ pool=(8,) frac=1.0

-- n= 8 p=241 j0=True   (1.9s, primes=[(2, 3)])
   draw 0  Bmax=7   rho=0.8303  model-Bmax=7    counts=1,8,20,38,46,32,13,2,0
   draw 1  Bmax=7   rho=0.8070  model-Bmax=7    counts=1,8,20,35,38,23,9,2,0
   draw 2  Bmax=7   rho=0.8070  model-Bmax=7    counts=1,8,20,35,38,23,9,2,0
   draw 3  Bmax=7   rho=0.8070  model-Bmax=7    counts=1,8,20,35,38,23,9,2,0
   draw 4  Bmax=7   rho=0.7923  model-Bmax=7    counts=1,8,22,37,38,23,9,2,0
   draw 5  Bmax=7   rho=0.8070  model-Bmax=7    counts=1,8,20,35,38,23,9,2,0
   draw 6  Bmax=7   rho=0.7923  model-Bmax=7    counts=1,8,22,37,38,23,9,2,0
   draw 7  Bmax=7   rho=0.8070  model-Bmax=7    counts=1,8,20,35,38,23,9,2,0
   rho: min=0.7923 median=0.8070 ; Bmax: [7, 7, 7, 7, 7, 7, 7, 7] ; n-Bmax: [1, 1, 1, 1, 1, 1, 1, 1]

-- n= 8 p=241 j0=False   (1.6s, primes=[(2, 3)])
   draw 0  Bmax=7   rho=0.8092  model-Bmax=7    counts=1,8,20,34,36,22,9,2,0
   draw 1  Bmax=7   rho=0.7356  model-Bmax=7    counts=1,8,20,34,36,25,9,1,0
   draw 2  Bmax=7   rho=0.7104  model-Bmax=7    counts=1,8,20,32,33,19,6,1,0
   draw 3  Bmax=7   rho=0.7104  model-Bmax=7    counts=1,8,20,32,33,19,6,1,0
   draw 4  Bmax=7   rho=0.7264  model-Bmax=7    counts=1,8,21,36,37,25,9,1,0
   draw 5  Bmax=7   rho=0.7104  model-Bmax=7    counts=1,8,20,32,33,19,6,1,0
   draw 6  Bmax=7   rho=0.7264  model-Bmax=7    counts=1,8,21,36,37,25,9,1,0
   draw 7  Bmax=7   rho=0.7356  model-Bmax=7    counts=1,8,20,34,36,25,9,1,0
   rho: min=0.7104 median=0.7264 ; Bmax: [7, 7, 7, 7, 7, 7, 7, 7] ; n-Bmax: [1, 1, 1, 1, 1, 1, 1, 1]

-- n=10 p=1009 j0=True   (3.8s, primes=[(2, 3)])
   draw 0  Bmax=9   rho=0.8478  model-Bmax=9    counts=1,10,33,86,142,154,113,55,16,2,0
   draw 1  Bmax=9   rho=0.7714  model-Bmax=9    counts=1,10,33,84,134,138,95,40,10,1,0
   draw 2  Bmax=9   rho=0.7709  model-Bmax=9    counts=1,10,33,84,133,137,94,39,10,1,0
   draw 3  Bmax=9   rho=0.7687  model-Bmax=9    counts=1,10,33,87,132,134,91,38,10,1,0
   draw 4  Bmax=9   rho=0.7703  model-Bmax=9    counts=1,10,33,84,132,134,91,38,10,1,0
   draw 5  Bmax=9   rho=0.7698  model-Bmax=9    counts=1,10,33,86,136,140,95,40,10,1,0
   draw 6  Bmax=9   rho=0.7703  model-Bmax=9    counts=1,10,33,84,132,134,91,38,10,1,0
   draw 7  Bmax=9   rho=0.7714  model-Bmax=9    counts=1,10,33,84,134,138,95,40,10,1,0
   rho: min=0.7687 median=0.7709 ; Bmax: [9, 9, 9, 9, 9, 9, 9, 9] ; n-Bmax: [1, 1, 1, 1, 1, 1, 1, 1]

-- n=10 p=1009 j0=False   (3.1s, primes=[(2, 3)])
   draw 0  Bmax=10  rho=0.9875  model-Bmax=9    counts=1,10,32,72,108,112,90,55,24,7,1
   draw 1  Bmax=10  rho=0.9646  model-Bmax=9    counts=1,10,32,66,91,90,72,44,19,6,1
   draw 2  Bmax=10  rho=0.9646  model-Bmax=9    counts=1,10,32,66,91,90,72,44,19,6,1
   draw 3  Bmax=10  rho=0.9910  model-Bmax=9    counts=1,10,32,66,96,98,79,50,23,7,1
   draw 4  Bmax=10  rho=0.9646  model-Bmax=9    counts=1,10,32,66,91,90,72,44,19,6,1
   draw 5  Bmax=10  rho=0.9510  model-Bmax=9    counts=1,10,34,78,117,120,90,50,21,6,1
   draw 6  Bmax=10  rho=0.9646  model-Bmax=9    counts=1,10,32,66,91,90,72,44,19,6,1
   draw 7  Bmax=10  rho=0.9646  model-Bmax=9    counts=1,10,32,66,91,90,72,44,19,6,1
   rho: min=0.9510 median=0.9646 ; Bmax: [10, 10, 10, 10, 10, 10, 10, 10] ; n-Bmax: [0, 0, 0, 0, 0, 0, 0, 0]

-- n=12 p=4093 j0=True   (8.5s, primes=[(2, 3)])
   draw 0  Bmax=12  rho=0.9533  model-Bmax=11   counts=1,12,43,107,172,208,195,141,92,50,21,6,1
   draw 1  Bmax=12  rho=0.9268  model-Bmax=11   counts=1,12,45,106,160,185,179,134,81,40,16,5,1
   draw 2  Bmax=12  rho=0.9286  model-Bmax=11   counts=1,12,45,105,155,173,163,123,78,40,16,5,1
   draw 3  Bmax=12  rho=0.9570  model-Bmax=11   counts=1,12,43,100,158,188,177,136,90,48,20,6,1
   draw 4  Bmax=12  rho=0.9504  model-Bmax=11   counts=1,12,44,109,183,224,225,173,104,53,20,6,1
   draw 5  Bmax=12  rho=0.9513  model-Bmax=11   counts=1,12,44,109,180,213,209,162,101,53,20,6,1
   draw 6  Bmax=12  rho=0.9203  model-Bmax=11   counts=1,12,45,114,187,212,196,148,89,42,16,5,1
   draw 7  Bmax=12  rho=0.9326  model-Bmax=11   counts=1,12,43,100,155,182,178,134,81,40,16,5,1
   rho: min=0.9203 median=0.9504 ; Bmax: [12, 12, 12, 12, 12, 12, 12, 12] ; n-Bmax: [0, 0, 0, 0, 0, 0, 0, 0]

-- n=12 p=4093 j0=False   (7.6s, primes=[(2, 3)])
   draw 0  Bmax=11  rho=0.8098  model-Bmax=11   counts=1,12,42,111,186,228,216,157,83,32,8,1,0
   draw 1  Bmax=10  rho=0.6350  model-Bmax=10   counts=1,12,43,109,161,168,131,70,28,8,1,0,0
   draw 2  Bmax=10  rho=0.6420  model-Bmax=10   counts=1,12,42,99,144,154,122,68,28,8,1,0,0
   draw 3  Bmax=10  rho=0.6442  model-Bmax=10   counts=1,12,41,96,143,152,120,67,28,8,1,0,0
   draw 4  Bmax=10  rho=0.6397  model-Bmax=10   counts=1,12,43,114,195,219,173,96,37,9,1,0,0
   draw 5  Bmax=10  rho=0.6513  model-Bmax=10   counts=1,12,42,105,181,210,169,99,41,10,1,0,0
   draw 6  Bmax=10  rho=0.6375  model-Bmax=10   counts=1,12,42,104,161,168,131,70,28,8,1,0,0
   draw 7  Bmax=10  rho=0.6376  model-Bmax=10   counts=1,12,42,104,160,168,131,70,28,8,1,0,0
   rho: min=0.6350 median=0.6420 ; Bmax: [11, 10, 10, 10, 10, 10, 10, 10] ; n-Bmax: [1, 2, 2, 2, 2, 2, 2, 2]

-- n=14 p=16363 j0=True   (30.2s, primes=[(2, 3)])
   draw 0  Bmax=12  rho=0.7250  model-Bmax=12   counts=1,14,66,209,438,662,754,650,435,211,76,18,2,0,0
   draw 1  Bmax=12  rho=0.6961  model-Bmax=12   counts=1,14,68,236,524,801,860,655,357,147,52,15,2,0,0
   draw 2  Bmax=12  rho=0.7057  model-Bmax=12   counts=1,14,66,213,441,680,765,610,353,146,52,15,2,0,0
   draw 3  Bmax=12  rho=0.7029  model-Bmax=12   counts=1,14,66,207,431,653,718,570,325,135,48,14,2,0,0
   draw 4  Bmax=13  rho=0.7814  model-Bmax=12   counts=1,14,66,207,421,636,710,575,362,170,73,23,5,1,0
   draw 5  Bmax=12  rho=0.7053  model-Bmax=12   counts=1,14,66,205,412,608,672,544,321,135,48,14,2,0,0
   draw 6  Bmax=14  rho=0.9121  model-Bmax=13   counts=1,14,70,226,500,858,1085,1018,722,412,201,76,23,6,1
   draw 7  Bmax=12  rho=0.7037  model-Bmax=12   counts=1,14,66,207,428,635,685,552,325,135,48,14,2,0,0
   rho: min=0.6961 median=0.7057 ; Bmax: [12, 12, 12, 12, 13, 12, 14, 12] ; n-Bmax: [2, 2, 2, 2, 1, 2, 0, 2]

-- n=14 p=16363 j0=False   (24.1s, primes=[(2, 3)])
   draw 0  Bmax=10  rho=0.6233  model-Bmax=11   counts=1,14,69,201,453,654,687,514,266,84,12,0,0,0,0
   draw 1  Bmax=10  rho=0.5955  model-Bmax=11   counts=1,14,69,202,460,632,618,436,207,62,9,0,0,0,0
   draw 2  Bmax=10  rho=0.5498  model-Bmax=10   counts=1,14,69,192,411,542,529,361,161,39,4,0,0,0,0
   draw 3  Bmax=10  rho=0.5740  model-Bmax=11   counts=1,14,69,199,422,570,555,387,182,52,6,0,0,0,0
   draw 4  Bmax=10  rho=0.5494  model-Bmax=10   counts=1,14,69,190,405,517,492,336,155,39,4,0,0,0,0
   draw 5  Bmax=10  rho=0.5762  model-Bmax=11   counts=1,14,69,191,404,531,529,374,180,52,6,0,0,0,0
   draw 6  Bmax=10  rho=0.5707  model-Bmax=11   counts=1,14,70,216,429,584,568,392,182,52,6,0,0,0,0
   draw 7  Bmax=10  rho=0.5734  model-Bmax=11   counts=1,14,69,195,426,560,541,380,178,51,6,0,0,0,0
   rho: min=0.5494 median=0.5740 ; Bmax: [10, 10, 10, 10, 10, 10, 10, 10] ; n-Bmax: [4, 4, 4, 4, 4, 4, 4, 4]

############ pool=(2, 4, 8) frac=1.0

-- n= 8 p=241 j0=True   (1.8s, primes=[(2, 3)])
   draw 0  Bmax=7   rho=0.8026  model-Bmax=7    counts=1,8,22,40,44,29,11,2,0
   draw 1  Bmax=7   rho=0.7923  model-Bmax=7    counts=1,8,22,37,38,23,9,2,0
   draw 2  Bmax=7   rho=0.7923  model-Bmax=7    counts=1,8,22,37,38,23,9,2,0
   draw 3  Bmax=7   rho=0.7923  model-Bmax=7    counts=1,8,22,37,38,23,9,2,0
   draw 4  Bmax=7   rho=0.8026  model-Bmax=7    counts=1,8,22,40,44,29,11,2,0
   draw 5  Bmax=7   rho=0.8178  model-Bmax=7    counts=1,8,20,38,40,27,11,2,0
   draw 6  Bmax=7   rho=0.8070  model-Bmax=7    counts=1,8,20,35,38,23,9,2,0
   draw 7  Bmax=7   rho=0.7923  model-Bmax=7    counts=1,8,22,37,38,23,9,2,0
   rho: min=0.7923 median=0.8026 ; Bmax: [7, 7, 7, 7, 7, 7, 7, 7] ; n-Bmax: [1, 1, 1, 1, 1, 1, 1, 1]

-- n= 8 p=241 j0=False   (2.3s, primes=[(2, 3)])
   draw 0  Bmax=7   rho=0.8106  model-Bmax=7    counts=1,8,21,46,53,36,13,2,0
   draw 1  Bmax=7   rho=0.8161  model-Bmax=7    counts=1,8,21,36,41,28,11,2,0
   draw 2  Bmax=7   rho=0.8250  model-Bmax=7    counts=1,8,21,38,45,32,13,2,0
   draw 3  Bmax=7   rho=0.7264  model-Bmax=7    counts=1,8,21,36,37,25,9,1,0
   draw 4  Bmax=7   rho=0.8106  model-Bmax=7    counts=1,8,21,46,53,36,13,2,0
   draw 5  Bmax=7   rho=0.8319  model-Bmax=7    counts=1,8,20,38,43,32,13,2,0
   draw 6  Bmax=7   rho=0.8363  model-Bmax=7    counts=1,8,20,36,42,32,13,2,0
   draw 7  Bmax=7   rho=0.8113  model-Bmax=7    counts=1,8,21,38,43,28,11,2,0
   rho: min=0.7264 median=0.8161 ; Bmax: [7, 7, 7, 7, 7, 7, 7, 7] ; n-Bmax: [1, 1, 1, 1, 1, 1, 1, 1]

-- n=10 p=1009 j0=True   (5.9s, primes=[(2, 3)])
   draw 0  Bmax=10  rho=0.9692  model-Bmax=9    counts=1,10,42,101,158,172,135,76,31,8,1
   draw 1  Bmax=9   rho=0.7690  model-Bmax=9    counts=1,10,33,87,137,141,95,40,10,1,0
   draw 2  Bmax=9   rho=0.7691  model-Bmax=9    counts=1,10,33,88,138,144,98,41,10,1,0
   draw 3  Bmax=9   rho=0.7605  model-Bmax=9    counts=1,10,37,90,136,140,95,40,10,1,0
   draw 4  Bmax=10  rho=0.9880  model-Bmax=9    counts=1,10,37,92,144,162,130,75,31,8,1
   draw 5  Bmax=9   rho=0.7454  model-Bmax=8    counts=1,10,42,100,151,151,100,41,10,1,0
   draw 6  Bmax=9   rho=0.7675  model-Bmax=9    counts=1,10,33,90,137,141,95,40,10,1,0
   draw 7  Bmax=9   rho=0.8354  model-Bmax=9    counts=1,10,37,93,147,162,119,56,16,2,0
   rho: min=0.7454 median=0.7691 ; Bmax: [10, 9, 9, 9, 10, 9, 9, 9] ; n-Bmax: [0, 1, 1, 1, 0, 1, 1, 1]

-- n=10 p=1009 j0=False   (6.5s, primes=[(2, 3)])
   draw 0  Bmax=10  rho=0.9710  model-Bmax=9    counts=1,10,42,100,155,169,134,77,31,8,1
   draw 1  Bmax=10  rho=0.9624  model-Bmax=9    counts=1,10,32,67,94,93,73,44,19,6,1
   draw 2  Bmax=10  rho=0.9707  model-Bmax=9    counts=1,10,34,84,132,136,103,59,25,7,1
   draw 3  Bmax=10  rho=0.9707  model-Bmax=9    counts=1,10,34,84,132,136,103,59,25,7,1
   draw 4  Bmax=10  rho=0.9975  model-Bmax=9    counts=1,10,34,85,137,145,116,71,30,8,1
   draw 5  Bmax=10  rho=0.9484  model-Bmax=9    counts=1,10,42,100,154,164,125,69,27,7,1
   draw 6  Bmax=10  rho=0.9730  model-Bmax=9    counts=1,10,34,82,129,133,102,59,25,7,1
   draw 7  Bmax=10  rho=0.9972  model-Bmax=9    counts=1,10,34,85,138,150,120,71,30,8,1
   rho: min=0.9484 median=0.9710 ; Bmax: [10, 10, 10, 10, 10, 10, 10, 10] ; n-Bmax: [0, 0, 0, 0, 0, 0, 0, 0]

-- n=12 p=4093 j0=True   (14.1s, primes=[(2, 3)])
   draw 0  Bmax=12  rho=0.9847  model-Bmax=11   counts=1,12,46,135,257,341,336,259,166,89,36,8,1
   draw 1  Bmax=12  rho=0.9493  model-Bmax=11   counts=1,12,45,109,174,204,193,148,96,50,20,6,1
   draw 2  Bmax=12  rho=0.9436  model-Bmax=11   counts=1,12,46,119,205,254,254,196,119,57,20,6,1
   draw 3  Bmax=12  rho=0.9381  model-Bmax=11   counts=1,12,47,120,194,222,204,154,97,49,20,6,1
   draw 4  Bmax=12  rho=0.9698  model-Bmax=11   counts=1,12,48,135,244,315,315,244,152,75,29,8,1
   draw 5  Bmax=12  rho=1.0097  model-Bmax=12   counts=1,12,47,145,288,404,437,371,249,128,46,9,1
   draw 6  Bmax=12  rho=0.9330  model-Bmax=11   counts=1,12,48,132,233,285,274,209,125,58,20,6,1
   draw 7  Bmax=12  rho=0.9543  model-Bmax=11   counts=1,12,47,126,214,262,250,189,117,59,24,7,1
   rho: min=0.9330 median=0.9543 ; Bmax: [12, 12, 12, 12, 12, 12, 12, 12] ; n-Bmax: [0, 0, 0, 0, 0, 0, 0, 0]

-- n=12 p=4093 j0=False   (13.4s, primes=[(2, 3)])
   draw 0  Bmax=11  rho=0.8093  model-Bmax=11   counts=1,12,44,138,261,368,366,265,136,47,10,1,0
   draw 1  Bmax=10  rho=0.6495  model-Bmax=10   counts=1,12,42,100,151,165,133,79,34,9,1,0,0
   draw 2  Bmax=11  rho=0.8054  model-Bmax=11   counts=1,12,44,130,234,296,282,204,106,39,9,1,0
   draw 3  Bmax=11  rho=0.8048  model-Bmax=11   counts=1,12,43,117,191,225,206,143,79,31,8,1,0
   draw 4  Bmax=11  rho=0.8022  model-Bmax=11   counts=1,12,44,133,245,325,307,215,108,39,9,1,0
   draw 5  Bmax=11  rho=0.8126  model-Bmax=11   counts=1,12,45,146,288,400,415,312,162,55,11,1,0
   draw 6  Bmax=11  rho=0.8068  model-Bmax=11   counts=1,12,44,130,223,285,269,196,104,39,9,1,0
   draw 7  Bmax=11  rho=0.8040  model-Bmax=11   counts=1,12,43,120,202,254,232,165,88,33,8,1,0
   rho: min=0.6495 median=0.8054 ; Bmax: [11, 10, 11, 11, 11, 11, 11, 11] ; n-Bmax: [1, 2, 1, 1, 1, 1, 1, 1]

-- n=14 p=16363 j0=True   (49.1s, primes=[(2, 3)])
   draw 0  Bmax=14  rho=0.9328  model-Bmax=13   counts=1,14,67,242,594,1048,1356,1321,988,585,280,105,31,7,1
   draw 1  Bmax=13  rho=0.8420  model-Bmax=13   counts=1,14,71,244,562,942,1164,1073,751,405,169,54,13,2,0
   draw 2  Bmax=13  rho=0.8241  model-Bmax=13   counts=1,14,71,244,555,912,1070,914,588,302,128,41,10,2,0
   draw 3  Bmax=14  rho=0.9227  model-Bmax=13   counts=1,14,70,232,527,927,1186,1127,808,468,226,85,26,7,1
   draw 4  Bmax=14  rho=0.9342  model-Bmax=13   counts=1,14,72,271,660,1135,1443,1393,1039,624,305,115,34,8,1
   draw 5  Bmax=14  rho=1.0078  model-Bmax=14   counts=1,14,67,244,609,1134,1624,1802,1561,1063,562,224,65,12,1
   draw 6  Bmax=13  rho=0.8098  model-Bmax=13   counts=1,14,70,240,572,1006,1303,1234,847,426,164,49,10,1,0
   draw 7  Bmax=14  rho=0.9541  model-Bmax=13   counts=1,14,70,234,551,1004,1389,1452,1148,703,340,127,37,8,1
   rho: min=0.8098 median=0.9328 ; Bmax: [14, 13, 13, 14, 14, 14, 13, 14] ; n-Bmax: [0, 1, 1, 0, 0, 0, 1, 0]

-- n=14 p=16363 j0=False   (36.6s, primes=[(2, 3)])
   draw 0  Bmax=12  rho=0.7497  model-Bmax=12   counts=1,14,70,228,532,832,986,891,612,312,112,25,3,0,0
   draw 1  Bmax=10  rho=0.5935  model-Bmax=11   counts=1,14,70,219,457,645,638,446,211,63,9,0,0,0,0
   draw 2  Bmax=10  rho=0.5954  model-Bmax=11   counts=1,14,70,223,476,687,689,486,229,66,9,0,0,0,0
   draw 3  Bmax=12  rho=0.7489  model-Bmax=12   counts=1,14,71,233,521,834,992,898,611,311,112,25,3,0,0
   draw 4  Bmax=12  rho=0.7450  model-Bmax=12   counts=1,14,71,244,562,892,1043,924,621,312,112,25,3,0,0
   draw 5  Bmax=12  rho=0.7724  model-Bmax=12   counts=1,14,70,225,529,852,1032,950,669,354,134,32,4,0,0
   draw 6  Bmax=10  rho=0.5726  model-Bmax=11   counts=1,14,70,222,464,658,653,453,206,55,6,0,0,0,0
   draw 7  Bmax=12  rho=0.7474  model-Bmax=12   counts=1,14,71,236,537,877,1062,957,641,318,112,25,3,0,0
   rho: min=0.5726 median=0.7474 ; Bmax: [12, 10, 10, 12, 12, 12, 10, 12] ; n-Bmax: [2, 4, 4, 2, 2, 2, 4, 2]

############ pool=(3, 9) frac=1.0

-- n= 8 p=241 j0=True   (1.5s, primes=[(3, 2)])
   draw 0  Bmax=6   rho=0.6477  model-Bmax=6    counts=1,8,24,37,32,17,4,0,0
   draw 1  Bmax=5   rho=0.5367  model-Bmax=6    counts=1,8,23,30,20,7,0,0,0
   draw 2  Bmax=5   rho=0.5367  model-Bmax=6    counts=1,8,23,30,20,7,0,0,0
   draw 3  Bmax=5   rho=0.5367  model-Bmax=6    counts=1,8,23,30,20,7,0,0,0
   draw 4  Bmax=5   rho=0.5367  model-Bmax=6    counts=1,8,23,30,20,7,0,0,0
   draw 5  Bmax=5   rho=0.5367  model-Bmax=6    counts=1,8,23,30,20,7,0,0,0
   draw 6  Bmax=5   rho=0.5367  model-Bmax=6    counts=1,8,23,30,20,7,0,0,0
   draw 7  Bmax=5   rho=0.5367  model-Bmax=6    counts=1,8,23,30,20,7,0,0,0
   rho: min=0.5367 median=0.5367 ; Bmax: [6, 5, 5, 5, 5, 5, 5, 5] ; n-Bmax: [2, 3, 3, 3, 3, 3, 3, 3]

-- n= 8 p=241 j0=False   (2.3s, primes=[(3, 2)])
   draw 0  Bmax=6   rho=0.4790  model-Bmax=5    counts=1,8,20,32,23,8,1,0,0
   draw 1  Bmax=6   rho=0.4935  model-Bmax=5    counts=1,8,18,22,13,6,1,0,0
   draw 2  Bmax=6   rho=0.4935  model-Bmax=5    counts=1,8,18,22,13,6,1,0,0
   draw 3  Bmax=6   rho=0.4935  model-Bmax=5    counts=1,8,18,22,13,6,1,0,0
   draw 4  Bmax=6   rho=0.4935  model-Bmax=5    counts=1,8,18,22,13,6,1,0,0
   draw 5  Bmax=6   rho=0.4935  model-Bmax=5    counts=1,8,18,22,13,6,1,0,0
   draw 6  Bmax=6   rho=0.4935  model-Bmax=5    counts=1,8,18,22,13,6,1,0,0
   draw 7  Bmax=6   rho=0.4935  model-Bmax=5    counts=1,8,18,22,13,6,1,0,0
   rho: min=0.4790 median=0.4935 ; Bmax: [6, 6, 6, 6, 6, 6, 6, 6] ; n-Bmax: [2, 2, 2, 2, 2, 2, 2, 2]

-- n=10 p=1009 j0=True   (7.7s, primes=[(3, 2)])
   draw 0  Bmax=9   rho=0.8169  model-Bmax=9    counts=1,10,35,74,108,107,75,35,9,2,0
   draw 1  Bmax=9   rho=0.8199  model-Bmax=9    counts=1,10,35,71,101,95,72,33,9,2,0
   draw 2  Bmax=9   rho=0.8199  model-Bmax=9    counts=1,10,35,71,101,95,72,33,9,2,0
   draw 3  Bmax=9   rho=0.8199  model-Bmax=9    counts=1,10,35,71,101,95,72,33,9,2,0
   draw 4  Bmax=9   rho=0.8199  model-Bmax=9    counts=1,10,35,71,101,95,72,33,9,2,0
   draw 5  Bmax=9   rho=0.8199  model-Bmax=9    counts=1,10,35,71,101,95,72,33,9,2,0
   draw 6  Bmax=9   rho=0.8084  model-Bmax=9    counts=1,10,37,88,137,129,83,37,11,2,0
   draw 7  Bmax=9   rho=0.8199  model-Bmax=9    counts=1,10,35,71,101,95,72,33,9,2,0
   rho: min=0.8084 median=0.8199 ; Bmax: [9, 9, 9, 9, 9, 9, 9, 9] ; n-Bmax: [1, 1, 1, 1, 1, 1, 1, 1]

-- n=10 p=1009 j0=False   (6.6s, primes=[(3, 2)])
   draw 0  Bmax=9   rho=0.8868  model-Bmax=9    counts=1,10,38,79,131,142,108,57,20,3,0
   draw 1  Bmax=8   rho=0.7797  model-Bmax=9    counts=1,10,38,76,116,113,74,30,8,0,0
   draw 2  Bmax=8   rho=0.7797  model-Bmax=9    counts=1,10,38,76,116,113,74,30,8,0,0
   draw 3  Bmax=8   rho=0.7797  model-Bmax=9    counts=1,10,38,76,116,113,74,30,8,0,0
   draw 4  Bmax=8   rho=0.7797  model-Bmax=9    counts=1,10,38,76,116,113,74,30,8,0,0
   draw 5  Bmax=8   rho=0.7797  model-Bmax=9    counts=1,10,38,76,116,113,74,30,8,0,0
   draw 6  Bmax=8   rho=0.8084  model-Bmax=9    counts=1,10,39,89,152,164,113,47,9,0,0
   draw 7  Bmax=8   rho=0.7797  model-Bmax=9    counts=1,10,38,76,116,113,74,30,8,0,0
   rho: min=0.7797 median=0.7797 ; Bmax: [9, 8, 8, 8, 8, 8, 8, 8] ; n-Bmax: [1, 2, 2, 2, 2, 2, 2, 2]

-- n=12 p=4093 j0=True   (15.8s, primes=[(3, 2)])
   draw 0  Bmax=10  rho=0.7516  model-Bmax=10   counts=1,12,49,116,190,233,208,145,73,24,4,0,0
   draw 1  Bmax=10  rho=0.7410  model-Bmax=10   counts=1,12,54,127,206,246,220,149,73,24,4,0,0
   draw 2  Bmax=10  rho=0.7489  model-Bmax=10   counts=1,12,49,120,199,244,220,149,73,24,4,0,0
   draw 3  Bmax=10  rho=0.7510  model-Bmax=10   counts=1,12,49,114,187,227,198,135,70,24,4,0,0
   draw 4  Bmax=10  rho=0.7510  model-Bmax=10   counts=1,12,49,114,187,227,198,135,70,24,4,0,0
   draw 5  Bmax=10  rho=0.7365  model-Bmax=10   counts=1,12,52,141,241,295,262,170,79,24,4,0,0
   draw 6  Bmax=11  rho=0.8654  model-Bmax=11   counts=1,12,49,116,203,267,257,194,115,49,13,2,0
   draw 7  Bmax=10  rho=0.7365  model-Bmax=10   counts=1,12,52,141,241,295,262,170,79,24,4,0,0
   rho: min=0.7365 median=0.7510 ; Bmax: [10, 10, 10, 10, 10, 10, 11, 10] ; n-Bmax: [2, 2, 2, 2, 2, 2, 1, 2]

-- n=12 p=4093 j0=False   (14.7s, primes=[(3, 2)])
   draw 0  Bmax=10  rho=0.7604  model-Bmax=10   counts=1,12,55,130,248,300,273,193,101,28,5,0,0
   draw 1  Bmax=9   rho=0.6656  model-Bmax=10   counts=1,12,60,164,276,314,256,144,55,10,0,0,0
   draw 2  Bmax=9   rho=0.6799  model-Bmax=10   counts=1,12,55,137,254,295,247,144,55,10,0,0,0
   draw 3  Bmax=9   rho=0.6493  model-Bmax=10   counts=1,12,55,127,230,253,200,117,52,6,0,0,0
   draw 4  Bmax=9   rho=0.6493  model-Bmax=10   counts=1,12,55,127,230,253,200,117,52,6,0,0,0
   draw 5  Bmax=9   rho=0.7128  model-Bmax=10   counts=1,12,57,155,316,400,347,206,75,15,0,0,0
   draw 6  Bmax=9   rho=0.6848  model-Bmax=10   counts=1,12,55,130,238,282,238,138,58,10,0,0,0
   draw 7  Bmax=9   rho=0.7128  model-Bmax=10   counts=1,12,57,155,316,400,347,206,75,15,0,0,0
   rho: min=0.6493 median=0.6848 ; Bmax: [10, 9, 9, 9, 9, 9, 9, 9] ; n-Bmax: [2, 3, 3, 3, 3, 3, 3, 3]

-- n=14 p=16363 j0=True   (33.7s, primes=[(3, 2)])
   draw 0  Bmax=9   rho=0.5687  model-Bmax=11   counts=1,14,73,246,548,779,724,432,148,24,0,0,0,0,0
   draw 1  Bmax=9   rho=0.5741  model-Bmax=11   counts=1,14,69,215,437,626,587,361,136,24,0,0,0,0,0
   draw 2  Bmax=9   rho=0.5463  model-Bmax=10   counts=1,14,69,205,407,528,453,264,99,18,0,0,0,0,0
   draw 3  Bmax=9   rho=0.5465  model-Bmax=10   counts=1,14,69,222,450,596,522,303,105,18,0,0,0,0,0
   draw 4  Bmax=9   rho=0.5463  model-Bmax=10   counts=1,14,69,205,407,528,453,264,99,18,0,0,0,0,0
   draw 5  Bmax=10  rho=0.6208  model-Bmax=11   counts=1,14,70,217,465,681,701,523,272,86,12,0,0,0,0
   draw 6  Bmax=9   rho=0.5763  model-Bmax=11   counts=1,14,69,209,434,592,556,354,142,24,0,0,0,0,0
   draw 7  Bmax=10  rho=0.6208  model-Bmax=11   counts=1,14,70,217,465,681,701,523,272,86,12,0,0,0,0
   rho: min=0.5463 median=0.5741 ; Bmax: [9, 9, 9, 9, 9, 10, 9, 10] ; n-Bmax: [5, 5, 5, 5, 5, 4, 5, 4]

-- n=14 p=16363 j0=False   (37.4s, primes=[(3, 2)])
   draw 0  Bmax=10  rho=0.6966  model-Bmax=12   counts=1,14,75,288,723,1221,1451,1177,635,213,35,0,0,0,0
   draw 1  Bmax=11  rho=0.7158  model-Bmax=12   counts=1,14,72,260,647,1132,1435,1309,826,344,84,9,0,0,0
   draw 2  Bmax=11  rho=0.7054  model-Bmax=12   counts=1,14,72,258,625,1047,1271,1105,664,276,72,9,0,0,0
   draw 3  Bmax=10  rho=0.6659  model-Bmax=12   counts=1,14,72,268,644,1067,1245,998,524,160,21,0,0,0,0
   draw 4  Bmax=10  rho=0.6599  model-Bmax=11   counts=1,14,72,255,603,978,1135,914,472,149,19,0,0,0,0
   draw 5  Bmax=11  rho=0.7029  model-Bmax=12   counts=1,14,72,258,625,1050,1269,1098,659,268,68,9,0,0,0
   draw 6  Bmax=11  rho=0.7152  model-Bmax=12   counts=1,14,72,261,634,1081,1350,1223,772,334,84,9,0,0,0
   draw 7  Bmax=11  rho=0.7028  model-Bmax=12   counts=1,14,72,258,626,1052,1271,1099,659,268,68,9,0,0,0
   rho: min=0.6599 median=0.7029 ; Bmax: [10, 11, 11, 10, 10, 11, 11, 11] ; n-Bmax: [4, 3, 3, 4, 4, 3, 3, 3]

############ pool=(2, 3, 5, 7, 11, 13) frac=1.0

-- n= 8 p=241 j0=True   (15.0s, primes=[(2, 1), (3, 1), (5, 1), (7, 1), (11, 1), (13, 1)])
   draw 0  Bmax=8   rho=1.0277  model-Bmax=8    counts=1,8,24,50,64,51,27,8,1
   draw 1  Bmax=8   rho=n/a     model-Bmax=8    counts=1,8,28,56,70,55,28,8,1
   draw 2  Bmax=7   rho=0.7800  model-Bmax=7    counts=1,8,26,46,49,32,12,2,0
   draw 3  Bmax=8   rho=n/a     model-Bmax=8    counts=1,8,27,56,70,55,28,8,1
   draw 4  Bmax=8   rho=1.0173  model-Bmax=8    counts=1,8,25,51,64,51,27,8,1
   draw 5  Bmax=8   rho=n/a     model-Bmax=8    counts=1,8,28,56,70,55,28,8,1
   draw 6  Bmax=8   rho=n/a     model-Bmax=8    counts=1,8,28,56,70,55,28,8,1
   draw 7  Bmax=8   rho=n/a     model-Bmax=8    counts=1,8,26,56,70,55,28,8,1
   rho: min=0.7800 median=1.0173 ; Bmax: [8, 8, 7, 8, 8, 8, 8, 8] ; n-Bmax: [0, 0, 1, 0, 0, 0, 0, 0]

-- n= 8 p=241 j0=False   (14.3s, primes=[(2, 1), (3, 1), (5, 1), (7, 1), (11, 1), (13, 1)])
   draw 0  Bmax=8   rho=1.0018  model-Bmax=8    counts=1,8,26,47,59,47,26,8,1
   draw 1  Bmax=7   rho=0.7750  model-Bmax=7    counts=1,8,27,50,55,35,13,2,0
   draw 2  Bmax=8   rho=0.9993  model-Bmax=7    counts=1,8,24,40,49,39,24,8,1
   draw 3  Bmax=8   rho=n/a     model-Bmax=8    counts=1,8,25,56,70,55,28,8,1
   draw 4  Bmax=7   rho=0.8052  model-Bmax=7    counts=1,8,24,40,45,31,13,2,0
   draw 5  Bmax=6   rho=0.6411  model-Bmax=6    counts=1,8,25,40,36,18,4,0,0
   draw 6  Bmax=8   rho=n/a     model-Bmax=8    counts=1,8,26,56,70,55,28,8,1
   draw 7  Bmax=8   rho=n/a     model-Bmax=8    counts=1,8,27,56,70,55,28,8,1
   rho: min=0.6411 median=0.8052 ; Bmax: [8, 7, 8, 8, 7, 6, 8, 8] ; n-Bmax: [0, 1, 0, 0, 1, 2, 0, 0]

-- n=10 p=1009 j0=True   (51.0s, primes=[(2, 1), (3, 1), (5, 1), (7, 1), (11, 1), (13, 1)])
   draw 0  Bmax=9   rho=0.7679  model-Bmax=9    counts=1,10,38,80,121,121,88,40,10,1,0
   draw 1  Bmax=9   rho=0.8147  model-Bmax=9    counts=1,10,44,112,182,196,140,64,17,2,0
   draw 2  Bmax=10  rho=n/a     model-Bmax=10   counts=1,10,40,119,210,252,210,119,45,10,1
   draw 3  Bmax=10  rho=0.9953  model-Bmax=9    counts=1,10,38,113,189,217,175,98,38,9,1
   draw 4  Bmax=10  rho=1.0492  model-Bmax=10   counts=1,10,33,107,190,232,200,117,45,10,1
   draw 5  Bmax=10  rho=1.0167  model-Bmax=10   counts=1,10,41,100,170,212,190,115,45,10,1
   draw 6  Bmax=10  rho=0.9657  model-Bmax=9    counts=1,10,39,84,126,135,107,62,26,7,1
   draw 7  Bmax=10  rho=n/a     model-Bmax=10   counts=1,10,40,120,210,252,210,119,45,10,1
   rho: min=0.7679 median=0.9953 ; Bmax: [9, 9, 10, 10, 10, 10, 10, 10] ; n-Bmax: [1, 1, 0, 0, 0, 0, 0, 0]

-- n=10 p=1009 j0=False   (53.5s, primes=[(2, 1), (3, 1), (5, 1), (7, 1), (11, 1), (13, 1)])
   draw 0  Bmax=10  rho=1.0058  model-Bmax=10   counts=1,10,43,109,186,223,190,112,44,10,1
   draw 1  Bmax=9   rho=0.8147  model-Bmax=9    counts=1,10,44,112,182,196,140,64,17,2,0
   draw 2  Bmax=10  rho=n/a     model-Bmax=10   counts=1,10,37,118,210,252,210,119,45,10,1
   draw 3  Bmax=10  rho=n/a     model-Bmax=10   counts=1,10,41,117,210,252,210,119,45,10,1
   draw 4  Bmax=9   rho=0.8358  model-Bmax=9    counts=1,10,35,104,173,189,138,64,17,2,0
   draw 5  Bmax=9   rho=0.8313  model-Bmax=9    counts=1,10,41,97,156,172,131,63,17,2,0
   draw 6  Bmax=10  rho=1.0118  model-Bmax=10   counts=1,10,42,105,182,222,195,116,45,10,1
   draw 7  Bmax=10  rho=n/a     model-Bmax=10   counts=1,10,37,120,210,252,210,119,45,10,1
   rho: min=0.8147 median=0.8358 ; Bmax: [10, 9, 10, 10, 9, 9, 10, 10] ; n-Bmax: [0, 1, 0, 0, 1, 1, 0, 0]

-- n=12 p=4093 j0=True   (86.1s, primes=[(2, 1), (3, 1), (5, 1), (7, 1), (11, 1), (13, 1)])
   draw 0  Bmax=12  rho=1.0172  model-Bmax=12   counts=1,12,61,188,414,668,809,732,478,218,66,11,1
   draw 1  Bmax=12  rho=1.0102  model-Bmax=12   counts=1,12,61,214,480,772,909,786,494,220,66,11,1
   draw 2  Bmax=12  rho=1.0290  model-Bmax=12   counts=1,12,44,161,366,580,705,628,404,184,57,11,1
   draw 3  Bmax=12  rho=0.9768  model-Bmax=11   counts=1,12,63,196,409,610,672,554,341,154,49,9,1
   draw 4  Bmax=12  rho=0.9914  model-Bmax=11   counts=1,12,60,209,459,708,798,666,411,184,57,10,1
   draw 5  Bmax=12  rho=0.9888  model-Bmax=11   counts=1,12,56,178,371,556,624,520,323,148,48,9,1
   draw 6  Bmax=12  rho=1.0142  model-Bmax=12   counts=1,12,62,196,435,712,864,768,491,220,66,11,1
   draw 7  Bmax=12  rho=1.0136  model-Bmax=12   counts=1,12,52,154,328,494,591,520,334,154,49,10,1
   rho: min=0.9768 median=1.0136 ; Bmax: [12, 12, 12, 12, 12, 12, 12, 12] ; n-Bmax: [0, 0, 0, 0, 0, 0, 0, 0]

-- n=12 p=4093 j0=False   (91.3s, primes=[(2, 1), (3, 1), (5, 1), (7, 1), (11, 1), (13, 1)])
   draw 0  Bmax=12  rho=1.0103  model-Bmax=12   counts=1,12,63,202,452,732,879,774,491,220,66,12,1
   draw 1  Bmax=12  rho=1.0120  model-Bmax=12   counts=1,12,60,214,480,772,909,786,493,220,66,12,1
   draw 2  Bmax=11  rho=0.8621  model-Bmax=11   counts=1,12,45,148,325,458,468,346,184,70,17,2,0
   draw 3  Bmax=12  rho=0.9982  model-Bmax=11   counts=1,12,62,193,414,648,753,648,407,184,57,11,1
   draw 4  Bmax=12  rho=0.9787  model-Bmax=11   counts=1,12,59,201,424,630,687,560,342,154,49,10,1
   draw 5  Bmax=12  rho=0.9915  model-Bmax=11   counts=1,12,63,205,444,688,783,660,409,184,57,11,1
   draw 6  Bmax=12  rho=1.0139  model-Bmax=12   counts=1,12,62,196,439,712,864,768,490,220,66,12,1
   draw 7  Bmax=12  rho=0.9878  model-Bmax=11   counts=1,12,55,151,300,430,485,418,266,124,41,9,1
   rho: min=0.8621 median=0.9982 ; Bmax: [12, 12, 11, 12, 12, 12, 12, 12] ; n-Bmax: [0, 0, 1, 0, 0, 0, 0, 0]

-- n=14 p=16363 j0=True   (213.7s, primes=[(2, 1), (3, 1), (5, 1), (7, 1), (11, 1), (13, 1)])
   draw 0  Bmax=13  rho=0.8727  model-Bmax=13   counts=1,14,81,317,838,1617,2353,2555,2054,1207,506,144,25,2,0
   draw 1  Bmax=14  rho=1.0154  model-Bmax=14   counts=1,14,82,336,917,1862,2863,3348,2975,1998,1001,363,91,14,1
   draw 2  Bmax=12  rho=0.7752  model-Bmax=12   counts=1,14,73,294,726,1310,1751,1717,1215,606,204,42,4,0,0
   draw 3  Bmax=13  rho=0.8810  model-Bmax=13   counts=1,14,76,289,770,1487,2233,2491,2036,1205,506,144,25,2,0
   draw 4  Bmax=13  rho=0.8585  model-Bmax=13   counts=1,14,84,302,755,1382,1860,1856,1399,802,344,106,21,2,0
   draw 5  Bmax=14  rho=1.0004  model-Bmax=14   counts=1,14,84,315,823,1591,2352,2674,2339,1569,798,299,79,13,1
   draw 6  Bmax=13  rho=0.8738  model-Bmax=13   counts=1,14,79,268,682,1254,1799,1927,1534,903,387,115,22,2,0
   draw 7  Bmax=13  rho=0.8680  model-Bmax=13   counts=1,14,77,332,847,1556,2131,2212,1744,1032,445,132,24,2,0
   rho: min=0.7752 median=0.8738 ; Bmax: [13, 14, 12, 13, 13, 14, 13, 13] ; n-Bmax: [1, 0, 2, 1, 1, 0, 1, 1]
