
== stress n=8 p=241 balanced j0=True   (4.5s, primes=[(2, 3), (3, 2), (5, 1), (7, 1)], nontrivial moduli 21/21, live-block-count mismatches 0)
  stress   n=8   draws=6
    w :  closed/total    rate     rootpinned-rate
     0 :        6/6         1.0000    1.0000
     1 :       48/48        1.0000    1.0000
     2 :      146/168       0.8690    0.0417
     3 :      269/336       0.8006    0.5714
     4 :      286/420       0.6810    0.6548
     5 :      177/330       0.5364    0.5364
     6 :       63/168       0.3750    0.3750
     7 :        9/48        0.1875    0.1875
     8 :        0/6         0.0000    0.0000
    draw 0: 0:1/1 1:8/8 2:25/28 3:46/56 4:50/70 5:34/55 6:13/28 7:2/8 8:0/1   Bmax=7
    draw 1: 0:1/1 1:8/8 2:20/28 3:40/56 4:45/70 5:30/55 6:12/28 7:2/8 8:0/1   Bmax=7
    draw 2: 0:1/1 1:8/8 2:21/28 3:38/56 4:36/70 5:17/55 6:4/28 7:0/8 8:0/1   Bmax=6
    draw 3: 0:1/1 1:8/8 2:27/28 3:50/56 4:55/70 5:35/55 6:13/28 7:2/8 8:0/1   Bmax=7
    draw 4: 0:1/1 1:8/8 2:26/28 3:45/56 4:45/70 5:25/55 6:8/28 7:1/8 8:0/1   Bmax=7
    draw 5: 0:1/1 1:8/8 2:27/28 3:50/56 4:55/70 5:36/55 6:13/28 7:2/8 8:0/1   Bmax=7
    Bmax per draw: [7, 7, 6, 7, 7, 7]
    Bmax == n in 0/6 draws

== stress n=8 p=241 skew j0=True   (5.2s, primes=[(2, 3), (3, 2), (5, 1), (7, 1)], nontrivial moduli 21/21, live-block-count mismatches 0)
  stress   n=8   draws=6
    w :  closed/total    rate     rootpinned-rate
     0 :        6/6         1.0000    1.0000
     1 :       48/48        1.0000    1.0000
     2 :      140/168       0.8333    0.0357
     3 :      279/336       0.8304    0.5952
     4 :      339/420       0.8071    0.7762
     5 :      256/330       0.7758    0.7758
     6 :      119/168       0.7083    0.7083
     7 :       30/48        0.6250    0.6250
     8 :        3/6         0.5000    0.5000
    draw 0: 0:1/1 1:8/8 2:25/28 3:50/56 4:55/70 5:36/55 6:13/28 7:2/8 8:0/1   Bmax=7
    draw 1: 0:1/1 1:8/8 2:17/28 3:35/56 4:40/70 5:28/55 6:11/28 7:2/8 8:0/1   Bmax=7
    draw 2: 0:1/1 1:8/8 2:21/28 3:45/56 4:57/70 5:47/55 6:26/28 7:8/8 8:1/1   Bmax=8
    draw 3: 0:1/1 1:8/8 2:26/28 3:51/56 4:66/70 5:54/55 6:28/28 7:8/8 8:1/1   Bmax=8
    draw 4: 0:1/1 1:8/8 2:25/28 3:50/56 4:67/70 5:55/55 6:28/28 7:8/8 8:1/1   Bmax=8
    draw 5: 0:1/1 1:8/8 2:26/28 3:48/56 4:54/70 5:36/55 6:13/28 7:2/8 8:0/1   Bmax=7
    Bmax per draw: [7, 7, 8, 8, 8, 7]
    Bmax == n in 3/6 draws

== stress n=8 p=241 balanced j0=True   (2.9s, primes=[(2, 3), (3, 2), (5, 1), (7, 1)], nontrivial moduli 21/21, live-block-count mismatches 0)
  stress   n=8   draws=6
    w :  closed/total    rate     rootpinned-rate
     0 :        6/6         1.0000    1.0000
     1 :       48/48        1.0000    1.0000
     2 :      137/168       0.8155    0.0595
     3 :      210/336       0.6250    0.4583
     4 :      196/420       0.4667    0.4571
     5 :      113/330       0.3424    0.3424
     6 :       38/168       0.2262    0.2262
     7 :        8/48        0.1667    0.1667
     8 :        1/6         0.1667    0.1667
    draw 0: 0:1/1 1:8/8 2:19/28 3:28/56 4:25/70 5:12/55 6:2/28 7:0/8 8:0/1   Bmax=6
    draw 1: 0:1/1 1:8/8 2:21/28 3:32/56 4:31/70 5:16/55 6:4/28 7:0/8 8:0/1   Bmax=6
    draw 2: 0:1/1 1:8/8 2:26/28 3:44/56 4:41/70 5:19/55 6:4/28 7:0/8 8:0/1   Bmax=6
    draw 3: 0:1/1 1:8/8 2:26/28 3:48/56 4:58/70 5:47/55 6:26/28 7:8/8 8:1/1   Bmax=8
    draw 4: 0:1/1 1:8/8 2:24/28 3:36/56 4:29/70 5:11/55 6:2/28 7:0/8 8:0/1   Bmax=6
    draw 5: 0:1/1 1:8/8 2:21/28 3:22/56 4:12/70 5:8/55 6:0/28 7:0/8 8:0/1   Bmax=5
    Bmax per draw: [6, 6, 6, 8, 6, 5]
    Bmax == n in 1/6 draws

== stress n=8 p=241 skew j0=True   (3.6s, primes=[(2, 3), (3, 2), (5, 1), (7, 1)], nontrivial moduli 21/21, live-block-count mismatches 0)
  stress   n=8   draws=6
    w :  closed/total    rate     rootpinned-rate
     0 :        6/6         1.0000    1.0000
     1 :       48/48        1.0000    1.0000
     2 :      140/168       0.8333    0.0595
     3 :      250/336       0.7440    0.5714
     4 :      263/420       0.6262    0.5881
     5 :      171/330       0.5182    0.5182
     6 :       75/168       0.4464    0.4464
     7 :       19/48        0.3958    0.3958
     8 :        2/6         0.3333    0.3333
    draw 0: 0:1/1 1:8/8 2:20/28 3:30/56 4:18/70 5:4/55 6:0/28 7:0/8 8:0/1   Bmax=5
    draw 1: 0:1/1 1:8/8 2:19/28 3:36/56 4:32/70 5:13/55 6:2/28 7:0/8 8:0/1   Bmax=6
    draw 2: 0:1/1 1:8/8 2:25/28 3:50/56 4:64/70 5:51/55 6:27/28 7:8/8 8:1/1   Bmax=8
    draw 3: 0:1/1 1:8/8 2:26/28 3:49/56 4:61/70 5:50/55 6:27/28 7:8/8 8:1/1   Bmax=8
    draw 4: 0:1/1 1:8/8 2:26/28 3:48/56 4:55/70 5:35/55 6:13/28 7:2/8 8:0/1   Bmax=7
    draw 5: 0:1/1 1:8/8 2:24/28 3:37/56 4:33/70 5:18/55 6:6/28 7:1/8 8:0/1   Bmax=7
    Bmax per draw: [5, 6, 8, 8, 7, 7]
    Bmax == n in 2/6 draws

== stress n=8 p=241 balanced j0=False   (3.9s, primes=[(2, 3), (3, 2), (5, 1), (7, 1)], nontrivial moduli 21/21, live-block-count mismatches 0)
  stress   n=8   draws=6
    w :  closed/total    rate     rootpinned-rate
     0 :        6/6         1.0000    1.0000
     1 :       48/48        1.0000    1.0000
     2 :      138/168       0.8214    0.0714
     3 :      265/336       0.7887    0.5625
     4 :      280/420       0.6667    0.6452
     5 :      186/330       0.5636    0.5636
     6 :       78/168       0.4643    0.4643
     7 :       18/48        0.3750    0.3750
     8 :        2/6         0.3333    0.3333
    draw 0: 0:1/1 1:8/8 2:24/28 3:50/56 4:55/70 5:36/55 6:13/28 7:2/8 8:0/1   Bmax=7
    draw 1: 0:1/1 1:8/8 2:18/28 3:43/56 4:52/70 5:43/55 6:25/28 7:8/8 8:1/1   Bmax=8
    draw 2: 0:1/1 1:8/8 2:16/28 3:28/56 4:21/70 5:12/55 6:4/28 7:0/8 8:0/1   Bmax=6
    draw 3: 0:1/1 1:8/8 2:26/28 3:44/56 4:41/70 5:20/55 6:4/28 7:0/8 8:0/1   Bmax=6
    draw 4: 0:1/1 1:8/8 2:26/28 3:44/56 4:41/70 5:20/55 6:4/28 7:0/8 8:0/1   Bmax=6
    draw 5: 0:1/1 1:8/8 2:28/28 3:56/56 4:70/70 5:55/55 6:28/28 7:8/8 8:1/1   Bmax=8
    Bmax per draw: [7, 8, 6, 6, 6, 8]
    Bmax == n in 2/6 draws

== stress n=8 p=241 skew j0=False   (4.3s, primes=[(2, 3), (3, 2), (5, 1), (7, 1)], nontrivial moduli 21/21, live-block-count mismatches 0)
  stress   n=8   draws=6
    w :  closed/total    rate     rootpinned-rate
     0 :        6/6         1.0000    1.0000
     1 :       48/48        1.0000    1.0000
     2 :      132/168       0.7857    0.0893
     3 :      258/336       0.7679    0.5536
     4 :      301/420       0.7167    0.6881
     5 :      227/330       0.6879    0.6879
     6 :      113/168       0.6726    0.6726
     7 :       32/48        0.6667    0.6667
     8 :        4/6         0.6667    0.6667
    draw 0: 0:1/1 1:8/8 2:24/28 3:56/56 4:70/70 5:55/55 6:28/28 7:8/8 8:1/1   Bmax=8
    draw 1: 0:1/1 1:8/8 2:17/28 3:43/56 4:56/70 5:47/55 6:26/28 7:8/8 8:1/1   Bmax=8
    draw 2: 0:1/1 1:8/8 2:15/28 3:22/56 4:20/70 5:15/55 6:9/28 7:2/8 8:0/1   Bmax=7
    draw 3: 0:1/1 1:8/8 2:26/28 3:45/56 4:48/70 5:35/55 6:18/28 7:6/8 8:1/1   Bmax=8
    draw 4: 0:1/1 1:8/8 2:24/28 3:40/56 4:39/70 5:20/55 6:4/28 7:0/8 8:0/1   Bmax=6
    draw 5: 0:1/1 1:8/8 2:26/28 3:52/56 4:68/70 5:55/55 6:28/28 7:8/8 8:1/1   Bmax=8
    Bmax per draw: [8, 8, 7, 8, 6, 8]
    Bmax == n in 4/6 draws
