new_instance_partial_39026.json failing=7 ; instance has 42267 atoms, 39033 equations, 38748 variables
L0   atoms=24     eqs=27     vars=56     knobs=9      EXCLUDED=47     nonlinear_atoms=0     [0s]
L1   atoms=51     eqs=55     vars=118    knobs=15     EXCLUDED=103    nonlinear_atoms=0     [0s]
L2   atoms=88     eqs=94     vars=202    knobs=32     EXCLUDED=170    nonlinear_atoms=0     [0s]
L3   atoms=125    eqs=125    vars=286    knobs=58     EXCLUDED=228    nonlinear_atoms=0     [0s]
L4   atoms=163    eqs=162    vars=374    knobs=80     EXCLUDED=294    nonlinear_atoms=0     [0s]
L5   atoms=199    eqs=198    vars=456    knobs=107    EXCLUDED=349    nonlinear_atoms=0     [0s]
L6   atoms=235    eqs=230    vars=537    knobs=109    EXCLUDED=428    nonlinear_atoms=0     [0s]
L7   atoms=276    eqs=265    vars=632    knobs=122    EXCLUDED=510    nonlinear_atoms=0     [0s]
L8   atoms=318    eqs=304    vars=727    knobs=159    EXCLUDED=568    nonlinear_atoms=0     [0s]
L9   atoms=356    eqs=341    vars=814    knobs=186    EXCLUDED=628    nonlinear_atoms=0     [0s]
L10  atoms=399    eqs=382    vars=913    knobs=216    EXCLUDED=697    nonlinear_atoms=0     [0s]
L11  atoms=433    eqs=414    vars=991    knobs=233    EXCLUDED=758    nonlinear_atoms=0     [0s]
L12  atoms=470    eqs=447    vars=1060   knobs=244    EXCLUDED=816    nonlinear_atoms=0     [0s]
L13  atoms=513    eqs=487    vars=1137   knobs=255    EXCLUDED=882    nonlinear_atoms=0     [0s]
L14  atoms=550    eqs=521    vars=1203   knobs=279    EXCLUDED=924    nonlinear_atoms=0     [0s]
L15  atoms=581    eqs=554    vars=1259   knobs=309    EXCLUDED=950    nonlinear_atoms=0     [0s]
L16  atoms=611    eqs=582    vars=1312   knobs=334    EXCLUDED=978    nonlinear_atoms=0     [0s]
L17  atoms=647    eqs=617    vars=1376   knobs=355    EXCLUDED=1021   nonlinear_atoms=0     [0s]
L18  atoms=679    eqs=643    vars=1434   knobs=363    EXCLUDED=1071   nonlinear_atoms=0     [0s]
L19  atoms=711    eqs=674    vars=1492   knobs=369    EXCLUDED=1123   nonlinear_atoms=0     [0s]
L20  atoms=743    eqs=705    vars=1548   knobs=386    EXCLUDED=1162   nonlinear_atoms=0     [0s]
L21  atoms=785    eqs=745    vars=1623   knobs=406    EXCLUDED=1217   nonlinear_atoms=0     [0s]
L22  atoms=818    eqs=777    vars=1682   knobs=408    EXCLUDED=1274   nonlinear_atoms=0     [1s]
L23  atoms=861    eqs=812    vars=1758   knobs=414    EXCLUDED=1344   nonlinear_atoms=0     [1s]
L24  atoms=900    eqs=844    vars=1828   knobs=422    EXCLUDED=1406   nonlinear_atoms=0     [1s]
L25  atoms=931    eqs=874    vars=1885   knobs=432    EXCLUDED=1453   nonlinear_atoms=0     [1s]
L26  atoms=969    eqs=908    vars=1952   knobs=438    EXCLUDED=1514   nonlinear_atoms=0     [1s]
L27  atoms=1010   eqs=949    vars=2025   knobs=461    EXCLUDED=1564   nonlinear_atoms=0     [1s]
L28  atoms=1046   eqs=978    vars=2089   knobs=465    EXCLUDED=1624   nonlinear_atoms=0     [1s]
L29  atoms=1081   eqs=1016   vars=2151   knobs=478    EXCLUDED=1673   nonlinear_atoms=0     [1s]
L30  atoms=1124   eqs=1054   vars=2228   knobs=503    EXCLUDED=1725   nonlinear_atoms=0     [1s]
L31  atoms=1159   eqs=1084   vars=2292   knobs=506    EXCLUDED=1786   nonlinear_atoms=0     [1s]
L32  atoms=1200   eqs=1120   vars=2363   knobs=506    EXCLUDED=1857   nonlinear_atoms=0     [1s]
L33  atoms=1238   eqs=1155   vars=2432   knobs=507    EXCLUDED=1925   nonlinear_atoms=0     [1s]
L34  atoms=1268   eqs=1178   vars=2486   knobs=519    EXCLUDED=1967   nonlinear_atoms=0     [1s]
L35  atoms=1301   eqs=1212   vars=2544   knobs=520    EXCLUDED=2024   nonlinear_atoms=0     [1s]
L36  atoms=1343   eqs=1251   vars=2619   knobs=530    EXCLUDED=2089   nonlinear_atoms=0     [1s]
L37  atoms=1383   eqs=1290   vars=2690   knobs=531    EXCLUDED=2159   nonlinear_atoms=0     [1s]
L38  atoms=1422   eqs=1325   vars=2759   knobs=542    EXCLUDED=2217   nonlinear_atoms=0     [1s]
L39  atoms=1461   eqs=1359   vars=2831   knobs=566    EXCLUDED=2265   nonlinear_atoms=0     [1s]
L40  atoms=1496   eqs=1392   vars=2892   knobs=577    EXCLUDED=2315   nonlinear_atoms=0     [1s]
L41  atoms=1535   eqs=1427   vars=2961   knobs=598    EXCLUDED=2363   nonlinear_atoms=0     [1s]
L42  atoms=1572   eqs=1467   vars=3028   knobs=614    EXCLUDED=2414   nonlinear_atoms=0     [2s]
L43  atoms=1611   eqs=1500   vars=3097   knobs=625    EXCLUDED=2472   nonlinear_atoms=0     [2s]
L44  atoms=1653   eqs=1536   vars=3173   knobs=639    EXCLUDED=2534   nonlinear_atoms=0     [2s]
L45  atoms=1685   eqs=1569   vars=3230   knobs=656    EXCLUDED=2574   nonlinear_atoms=0     [2s]
L46  atoms=1723   eqs=1600   vars=3298   knobs=674    EXCLUDED=2624   nonlinear_atoms=0     [2s]
L47  atoms=1762   eqs=1635   vars=3368   knobs=674    EXCLUDED=2694   nonlinear_atoms=0     [2s]
L48  atoms=1790   eqs=1661   vars=3418   knobs=685    EXCLUDED=2733   nonlinear_atoms=0     [2s]
L49  atoms=1833   eqs=1701   vars=3495   knobs=693    EXCLUDED=2802   nonlinear_atoms=0     [2s]
L50  atoms=1870   eqs=1736   vars=3559   knobs=697    EXCLUDED=2862   nonlinear_atoms=0     [2s]
L51  atoms=1911   eqs=1769   vars=3634   knobs=697    EXCLUDED=2937   nonlinear_atoms=0     [2s]
L52  atoms=1946   eqs=1800   vars=3695   knobs=707    EXCLUDED=2988   nonlinear_atoms=0     [2s]
L53  atoms=1975   eqs=1825   vars=3747   knobs=709    EXCLUDED=3038   nonlinear_atoms=0     [2s]
L54  atoms=2017   eqs=1867   vars=3823   knobs=729    EXCLUDED=3094   nonlinear_atoms=0     [2s]
L55  atoms=2057   eqs=1903   vars=3893   knobs=756    EXCLUDED=3137   nonlinear_atoms=0     [2s]
L56  atoms=2100   eqs=1937   vars=3970   knobs=767    EXCLUDED=3203   nonlinear_atoms=0     [3s]
L57  atoms=2139   eqs=1971   vars=4040   knobs=775    EXCLUDED=3265   nonlinear_atoms=0     [3s]
L58  atoms=2177   eqs=2005   vars=4108   knobs=775    EXCLUDED=3333   nonlinear_atoms=0     [3s]
L59  atoms=2221   eqs=2046   vars=4187   knobs=777    EXCLUDED=3410   nonlinear_atoms=0     [3s]
L60  atoms=2265   eqs=2088   vars=4266   knobs=799    EXCLUDED=3467   nonlinear_atoms=0     [3s]
L61  atoms=2304   eqs=2126   vars=4334   knobs=831    EXCLUDED=3503   nonlinear_atoms=0     [3s]
L62  atoms=2343   eqs=2161   vars=4405   knobs=846    EXCLUDED=3559   nonlinear_atoms=0     [3s]
L63  atoms=2380   eqs=2199   vars=4472   knobs=857    EXCLUDED=3615   nonlinear_atoms=0     [3s]
L64  atoms=2412   eqs=2224   vars=4528   knobs=867    EXCLUDED=3661   nonlinear_atoms=0     [3s]
L65  atoms=2445   eqs=2255   vars=4586   knobs=877    EXCLUDED=3709   nonlinear_atoms=0     [3s]
L66  atoms=2486   eqs=2292   vars=4660   knobs=877    EXCLUDED=3783   nonlinear_atoms=0     [3s]
L67  atoms=2524   eqs=2328   vars=4728   knobs=887    EXCLUDED=3841   nonlinear_atoms=0     [4s]
L68  atoms=2564   eqs=2367   vars=4800   knobs=917    EXCLUDED=3883   nonlinear_atoms=0     [4s]
L69  atoms=2606   eqs=2405   vars=4875   knobs=941    EXCLUDED=3934   nonlinear_atoms=0     [4s]
L70  atoms=2649   eqs=2446   vars=4951   knobs=972    EXCLUDED=3979   nonlinear_atoms=0     [4s]
L71  atoms=2685   eqs=2475   vars=5016   knobs=974    EXCLUDED=4042   nonlinear_atoms=0     [4s]
L72  atoms=2715   eqs=2507   vars=5068   knobs=991    EXCLUDED=4077   nonlinear_atoms=0     [4s]
L73  atoms=2757   eqs=2545   vars=5144   knobs=993    EXCLUDED=4151   nonlinear_atoms=0     [4s]
L74  atoms=2797   eqs=2579   vars=5215   knobs=1007   EXCLUDED=4208   nonlinear_atoms=0     [4s]
L75  atoms=2831   eqs=2610   vars=5276   knobs=1019   EXCLUDED=4257   nonlinear_atoms=0     [4s]
L76  atoms=2862   eqs=2636   vars=5331   knobs=1032   EXCLUDED=4299   nonlinear_atoms=0     [5s]
L77  atoms=2897   eqs=2674   vars=5395   knobs=1037   EXCLUDED=4358   nonlinear_atoms=0     [5s]
L78  atoms=2933   eqs=2701   vars=5460   knobs=1039   EXCLUDED=4421   nonlinear_atoms=0     [5s]
L79  atoms=2970   eqs=2735   vars=5525   knobs=1039   EXCLUDED=4486   nonlinear_atoms=0     [5s]
L80  atoms=3012   eqs=2771   vars=5599   knobs=1041   EXCLUDED=4558   nonlinear_atoms=0     [5s]
L81  atoms=3047   eqs=2804   vars=5663   knobs=1056   EXCLUDED=4607   nonlinear_atoms=0     [5s]
L82  atoms=3087   eqs=2838   vars=5733   knobs=1058   EXCLUDED=4675   nonlinear_atoms=0     [5s]
L83  atoms=3122   eqs=2870   vars=5795   knobs=1066   EXCLUDED=4729   nonlinear_atoms=0     [5s]
L84  atoms=3158   eqs=2904   vars=5861   knobs=1080   EXCLUDED=4781   nonlinear_atoms=0     [6s]
L85  atoms=3195   eqs=2936   vars=5926   knobs=1083   EXCLUDED=4843   nonlinear_atoms=0     [6s]
L86  atoms=3233   eqs=2973   vars=5993   knobs=1096   EXCLUDED=4897   nonlinear_atoms=0     [6s]
L87  atoms=3272   eqs=3010   vars=6065   knobs=1108   EXCLUDED=4957   nonlinear_atoms=0     [6s]
L88  atoms=3304   eqs=3037   vars=6120   knobs=1126   EXCLUDED=4994   nonlinear_atoms=0     [6s]
L89  atoms=3345   eqs=3074   vars=6194   knobs=1137   EXCLUDED=5057   nonlinear_atoms=0     [6s]
L90  atoms=3372   eqs=3100   vars=6243   knobs=1151   EXCLUDED=5092   nonlinear_atoms=0     [6s]
L91  atoms=3410   eqs=3135   vars=6310   knobs=1176   EXCLUDED=5134   nonlinear_atoms=0     [6s]
L92  atoms=3450   eqs=3175   vars=6382   knobs=1215   EXCLUDED=5167   nonlinear_atoms=0     [7s]
L93  atoms=3491   eqs=3213   vars=6454   knobs=1221   EXCLUDED=5233   nonlinear_atoms=0     [7s]
L94  atoms=3525   eqs=3249   vars=6514   knobs=1241   EXCLUDED=5273   nonlinear_atoms=0     [7s]
L95  atoms=3566   eqs=3284   vars=6589   knobs=1269   EXCLUDED=5320   nonlinear_atoms=0     [7s]
L96  atoms=3605   eqs=3317   vars=6657   knobs=1272   EXCLUDED=5385   nonlinear_atoms=0     [7s]
L97  atoms=3641   eqs=3349   vars=6722   knobs=1274   EXCLUDED=5448   nonlinear_atoms=0     [7s]
L98  atoms=3677   eqs=3383   vars=6788   knobs=1307   EXCLUDED=5481   nonlinear_atoms=0     [8s]
L99  atoms=3710   eqs=3418   vars=6845   knobs=1324   EXCLUDED=5521   nonlinear_atoms=0     [8s]
L100 atoms=3744   eqs=3444   vars=6907   knobs=1324   EXCLUDED=5583   nonlinear_atoms=0     [8s]
L101 atoms=3776   eqs=3472   vars=6964   knobs=1328   EXCLUDED=5636   nonlinear_atoms=0     [8s]
L102 atoms=3812   eqs=3505   vars=7029   knobs=1328   EXCLUDED=5701   nonlinear_atoms=0     [8s]
L103 atoms=3851   eqs=3541   vars=7098   knobs=1341   EXCLUDED=5757   nonlinear_atoms=0     [8s]
L104 atoms=3888   eqs=3573   vars=7164   knobs=1348   EXCLUDED=5816   nonlinear_atoms=0     [8s]
L105 atoms=3929   eqs=3612   vars=7236   knobs=1348   EXCLUDED=5888   nonlinear_atoms=0     [9s]
L106 atoms=3967   eqs=3643   vars=7306   knobs=1348   EXCLUDED=5958   nonlinear_atoms=0     [9s]
L107 atoms=3995   eqs=3664   vars=7355   knobs=1348   EXCLUDED=6007   nonlinear_atoms=0     [9s]
L108 atoms=4030   eqs=3698   vars=7418   knobs=1353   EXCLUDED=6065   nonlinear_atoms=0     [9s]
L109 atoms=4071   eqs=3732   vars=7490   knobs=1370   EXCLUDED=6120   nonlinear_atoms=0     [9s]
L110 atoms=4099   eqs=3759   vars=7540   knobs=1370   EXCLUDED=6170   nonlinear_atoms=0     [10s]
L111 atoms=4123   eqs=3782   vars=7584   knobs=1372   EXCLUDED=6212   nonlinear_atoms=0     [10s]
L112 atoms=4161   eqs=3818   vars=7652   knobs=1372   EXCLUDED=6280   nonlinear_atoms=0     [10s]
L113 atoms=4199   eqs=3856   vars=7720   knobs=1384   EXCLUDED=6336   nonlinear_atoms=0     [10s]
L114 atoms=4236   eqs=3887   vars=7784   knobs=1405   EXCLUDED=6379   nonlinear_atoms=0     [10s]
L115 atoms=4263   eqs=3911   vars=7832   knobs=1417   EXCLUDED=6415   nonlinear_atoms=0     [10s]
L116 atoms=4295   eqs=3945   vars=7890   knobs=1427   EXCLUDED=6463   nonlinear_atoms=0     [11s]
L117 atoms=4336   eqs=3978   vars=7963   knobs=1427   EXCLUDED=6536   nonlinear_atoms=0     [11s]
L118 atoms=4373   eqs=4013   vars=8030   knobs=1436   EXCLUDED=6594   nonlinear_atoms=0     [11s]
L119 atoms=4405   eqs=4038   vars=8087   knobs=1436   EXCLUDED=6651   nonlinear_atoms=0     [11s]
L120 atoms=4440   eqs=4076   vars=8150   knobs=1453   EXCLUDED=6697   nonlinear_atoms=0     [11s]
L121 atoms=4477   eqs=4107   vars=8216   knobs=1476   EXCLUDED=6740   nonlinear_atoms=0     [12s]
L122 atoms=4509   eqs=4139   vars=8273   knobs=1481   EXCLUDED=6792   nonlinear_atoms=0     [12s]
L123 atoms=4549   eqs=4173   vars=8343   knobs=1489   EXCLUDED=6854   nonlinear_atoms=0     [12s]
L124 atoms=4583   eqs=4210   vars=8405   knobs=1498   EXCLUDED=6907   nonlinear_atoms=0     [12s]
L125 atoms=4620   eqs=4242   vars=8470   knobs=1516   EXCLUDED=6954   nonlinear_atoms=0     [12s]
L126 atoms=4656   eqs=4273   vars=8535   knobs=1533   EXCLUDED=7002   nonlinear_atoms=0     [13s]
L127 atoms=4690   eqs=4301   vars=8596   knobs=1535   EXCLUDED=7061   nonlinear_atoms=0     [13s]
L128 atoms=4721   eqs=4331   vars=8651   knobs=1541   EXCLUDED=7110   nonlinear_atoms=0     [13s]
L129 atoms=4760   eqs=4373   vars=8722   knobs=1568   EXCLUDED=7154   nonlinear_atoms=0     [13s]
L130 atoms=4793   eqs=4403   vars=8775   knobs=1596   EXCLUDED=7179   nonlinear_atoms=0     [13s]
L131 atoms=4827   eqs=4433   vars=8831   knobs=1600   EXCLUDED=7231   nonlinear_atoms=0     [14s]
L132 atoms=4862   eqs=4470   vars=8887   knobs=1603   EXCLUDED=7284   nonlinear_atoms=0     [14s]
L133 atoms=4899   eqs=4500   vars=8949   knobs=1605   EXCLUDED=7344   nonlinear_atoms=0     [14s]
L134 atoms=4938   eqs=4533   vars=9012   knobs=1618   EXCLUDED=7394   nonlinear_atoms=0     [14s]
L135 atoms=4967   eqs=4560   vars=9061   knobs=1619   EXCLUDED=7442   nonlinear_atoms=0     [14s]
L136 atoms=5005   eqs=4597   vars=9125   knobs=1623   EXCLUDED=7502   nonlinear_atoms=0     [15s]
L137 atoms=5047   eqs=4632   vars=9192   knobs=1625   EXCLUDED=7567   nonlinear_atoms=0     [15s]
L138 atoms=5079   eqs=4663   vars=9245   knobs=1646   EXCLUDED=7599   nonlinear_atoms=0     [15s]
L139 atoms=5111   eqs=4689   vars=9298   knobs=1660   EXCLUDED=7638   nonlinear_atoms=0     [15s]
L140 atoms=5140   eqs=4721   vars=9347   knobs=1666   EXCLUDED=7681   nonlinear_atoms=0     [15s]
L141 atoms=5174   eqs=4752   vars=9403   knobs=1683   EXCLUDED=7720   nonlinear_atoms=0     [16s]
L142 atoms=5206   eqs=4783   vars=9455   knobs=1704   EXCLUDED=7751   nonlinear_atoms=0     [16s]
L143 atoms=5234   eqs=4807   vars=9502   knobs=1718   EXCLUDED=7784   nonlinear_atoms=0     [16s]
L144 atoms=5270   eqs=4839   vars=9562   knobs=1732   EXCLUDED=7830   nonlinear_atoms=0     [16s]
L145 atoms=5308   eqs=4878   vars=9624   knobs=1743   EXCLUDED=7881   nonlinear_atoms=0     [17s]
L146 atoms=5342   eqs=4911   vars=9681   knobs=1750   EXCLUDED=7931   nonlinear_atoms=0     [17s]
L147 atoms=5378   eqs=4945   vars=9740   knobs=1761   EXCLUDED=7979   nonlinear_atoms=0     [17s]
L148 atoms=5416   eqs=4983   vars=9803   knobs=1778   EXCLUDED=8025   nonlinear_atoms=0     [17s]
L149 atoms=5456   eqs=5018   vars=9869   knobs=1789   EXCLUDED=8080   nonlinear_atoms=0     [17s]
L150 atoms=5492   eqs=5049   vars=9928   knobs=1789   EXCLUDED=8139   nonlinear_atoms=0     [18s]
L151 atoms=5524   eqs=5079   vars=9982   knobs=1808   EXCLUDED=8174   nonlinear_atoms=0     [18s]
L152 atoms=5557   eqs=5107   vars=10036  knobs=1828   EXCLUDED=8208   nonlinear_atoms=0     [18s]
L153 atoms=5587   eqs=5139   vars=10086  knobs=1828   EXCLUDED=8258   nonlinear_atoms=0     [18s]
L154 atoms=5630   eqs=5178   vars=10157  knobs=1847   EXCLUDED=8310   nonlinear_atoms=0     [19s]
L155 atoms=5669   eqs=5209   vars=10221  knobs=1853   EXCLUDED=8368   nonlinear_atoms=0     [19s]
L156 atoms=5710   eqs=5249   vars=10289  knobs=1856   EXCLUDED=8433   nonlinear_atoms=0     [19s]
L157 atoms=5743   eqs=5281   vars=10344  knobs=1870   EXCLUDED=8474   nonlinear_atoms=0     [19s]
L158 atoms=5779   eqs=5309   vars=10403  knobs=1878   EXCLUDED=8525   nonlinear_atoms=0     [19s]
L159 atoms=5808   eqs=5339   vars=10451  knobs=1878   EXCLUDED=8573   nonlinear_atoms=0     [20s]
L160 atoms=5849   eqs=5376   vars=10518  knobs=1898   EXCLUDED=8620   nonlinear_atoms=0     [20s]
L161 atoms=5881   eqs=5405   vars=10570  knobs=1925   EXCLUDED=8645   nonlinear_atoms=0     [20s]
L162 atoms=5911   eqs=5434   vars=10618  knobs=1937   EXCLUDED=8681   nonlinear_atoms=0     [20s]
L163 atoms=5932   eqs=5453   vars=10649  knobs=1943   EXCLUDED=8706   nonlinear_atoms=0     [20s]
L164 atoms=5951   eqs=5465   vars=10678  knobs=1943   EXCLUDED=8735   nonlinear_atoms=0     [21s]
L165 atoms=5962   eqs=5476   vars=10694  knobs=1943   EXCLUDED=8751   nonlinear_atoms=0     [21s]
L166 atoms=5981   eqs=5498   vars=10722  knobs=1951   EXCLUDED=8771   nonlinear_atoms=0     [21s]
L167 atoms=6000   eqs=5511   vars=10751  knobs=1959   EXCLUDED=8792   nonlinear_atoms=0     [21s]
L168 atoms=6015   eqs=5525   vars=10774  knobs=1959   EXCLUDED=8815   nonlinear_atoms=0     [22s]
L169 atoms=6035   eqs=5551   vars=10804  knobs=1969   EXCLUDED=8835   nonlinear_atoms=0     [22s]
L170 atoms=6055   eqs=5566   vars=10834  knobs=1984   EXCLUDED=8850   nonlinear_atoms=0     [22s]
L171 atoms=6069   eqs=5580   vars=10854  knobs=1988   EXCLUDED=8866   nonlinear_atoms=0     [22s]
L172 atoms=6087   eqs=5591   vars=10882  knobs=1988   EXCLUDED=8894   nonlinear_atoms=0     [23s]
L173 atoms=6103   eqs=5609   vars=10906  knobs=1989   EXCLUDED=8917   nonlinear_atoms=0     [23s]
L174 atoms=6124   eqs=5632   vars=10937  knobs=2009   EXCLUDED=8928   nonlinear_atoms=0     [23s]
L175 atoms=6140   eqs=5647   vars=10961  knobs=2025   EXCLUDED=8936   nonlinear_atoms=0     [23s]
L176 atoms=6161   eqs=5665   vars=10993  knobs=2032   EXCLUDED=8961   nonlinear_atoms=0     [24s]
L177 atoms=6174   eqs=5679   vars=11011  knobs=2042   EXCLUDED=8969   nonlinear_atoms=0     [24s]
L178 atoms=6197   eqs=5702   vars=11046  knobs=2064   EXCLUDED=8982   nonlinear_atoms=0     [24s]
L179 atoms=6218   eqs=5721   vars=11078  knobs=2064   EXCLUDED=9014   nonlinear_atoms=0     [24s]
L180 atoms=6238   eqs=5740   vars=11107  knobs=2079   EXCLUDED=9028   nonlinear_atoms=0     [25s]
L181 atoms=6259   eqs=5754   vars=11140  knobs=2079   EXCLUDED=9061   nonlinear_atoms=0     [25s]
L182 atoms=6277   eqs=5773   vars=11166  knobs=2081   EXCLUDED=9085   nonlinear_atoms=0     [25s]
L183 atoms=6291   eqs=5788   vars=11188  knobs=2081   EXCLUDED=9107   nonlinear_atoms=0     [25s]
L184 atoms=6314   eqs=5808   vars=11222  knobs=2083   EXCLUDED=9139   nonlinear_atoms=0     [26s]
L185 atoms=6333   eqs=5826   vars=11250  knobs=2096   EXCLUDED=9154   nonlinear_atoms=0     [26s]
L186 atoms=6354   eqs=5844   vars=11282  knobs=2099   EXCLUDED=9183   nonlinear_atoms=0     [26s]
L187 atoms=6369   eqs=5859   vars=11305  knobs=2099   EXCLUDED=9206   nonlinear_atoms=0     [26s]
L188 atoms=6384   eqs=5873   vars=11327  knobs=2106   EXCLUDED=9221   nonlinear_atoms=0     [27s]
L189 atoms=6397   eqs=5890   vars=11346  knobs=2112   EXCLUDED=9234   nonlinear_atoms=0     [27s]
L190 atoms=6418   eqs=5903   vars=11378  knobs=2112   EXCLUDED=9266   nonlinear_atoms=0     [27s]
L191 atoms=6437   eqs=5921   vars=11406  knobs=2115   EXCLUDED=9291   nonlinear_atoms=0     [27s]
L192 atoms=6457   eqs=5943   vars=11437  knobs=2128   EXCLUDED=9309   nonlinear_atoms=0     [28s]
L193 atoms=6475   eqs=5960   vars=11464  knobs=2146   EXCLUDED=9318   nonlinear_atoms=0     [28s]
L194 atoms=6495   eqs=5977   vars=11494  knobs=2159   EXCLUDED=9335   nonlinear_atoms=0     [28s]
L195 atoms=6511   eqs=5998   vars=11518  knobs=2159   EXCLUDED=9359   nonlinear_atoms=0     [28s]
L196 atoms=6533   eqs=6011   vars=11550  knobs=2162   EXCLUDED=9388   nonlinear_atoms=0     [29s]
L197 atoms=6545   eqs=6024   vars=11569  knobs=2162   EXCLUDED=9407   nonlinear_atoms=0     [29s]
L198 atoms=6565   eqs=6043   vars=11598  knobs=2170   EXCLUDED=9428   nonlinear_atoms=0     [29s]
L199 atoms=6586   eqs=6061   vars=11630  knobs=2177   EXCLUDED=9453   nonlinear_atoms=0     [30s]
L200 atoms=6603   eqs=6079   vars=11656  knobs=2179   EXCLUDED=9477   nonlinear_atoms=0     [30s]
L201 atoms=6621   eqs=6096   vars=11682  knobs=2190   EXCLUDED=9492   nonlinear_atoms=0     [30s]
L202 atoms=6640   eqs=6110   vars=11711  knobs=2193   EXCLUDED=9518   nonlinear_atoms=0     [30s]
L203 atoms=6658   eqs=6132   vars=11738  knobs=2199   EXCLUDED=9539   nonlinear_atoms=0     [31s]
L204 atoms=6677   eqs=6147   vars=11766  knobs=2207   EXCLUDED=9559   nonlinear_atoms=0     [31s]
L205 atoms=6691   eqs=6160   vars=11788  knobs=2207   EXCLUDED=9581   nonlinear_atoms=0     [31s]
L206 atoms=6709   eqs=6177   vars=11814  knobs=2213   EXCLUDED=9601   nonlinear_atoms=0     [32s]
L207 atoms=6727   eqs=6194   vars=11842  knobs=2213   EXCLUDED=9629   nonlinear_atoms=0     [32s]
L208 atoms=6749   eqs=6215   vars=11874  knobs=2217   EXCLUDED=9657   nonlinear_atoms=0     [32s]
L209 atoms=6772   eqs=6235   vars=11909  knobs=2233   EXCLUDED=9676   nonlinear_atoms=0     [32s]
L210 atoms=6788   eqs=6252   vars=11933  knobs=2237   EXCLUDED=9696   nonlinear_atoms=0     [33s]
L211 atoms=6811   eqs=6273   vars=11968  knobs=2240   EXCLUDED=9728   nonlinear_atoms=0     [33s]
L212 atoms=6830   eqs=6287   vars=11995  knobs=2246   EXCLUDED=9749   nonlinear_atoms=0     [33s]
L213 atoms=6845   eqs=6302   vars=12018  knobs=2246   EXCLUDED=9772   nonlinear_atoms=0     [33s]
L214 atoms=6862   eqs=6312   vars=12043  knobs=2247   EXCLUDED=9796   nonlinear_atoms=0     [34s]
L215 atoms=6878   eqs=6330   vars=12067  knobs=2250   EXCLUDED=9817   nonlinear_atoms=0     [34s]
L216 atoms=6895   eqs=6348   vars=12094  knobs=2261   EXCLUDED=9833   nonlinear_atoms=0     [34s]
L217 atoms=6913   eqs=6359   vars=12121  knobs=2261   EXCLUDED=9860   nonlinear_atoms=0     [35s]
L218 atoms=6929   eqs=6383   vars=12145  knobs=2268   EXCLUDED=9877   nonlinear_atoms=0     [35s]
L219 atoms=6948   eqs=6400   vars=12173  knobs=2276   EXCLUDED=9897   nonlinear_atoms=0     [35s]
L220 atoms=6970   eqs=6420   vars=12206  knobs=2293   EXCLUDED=9913   nonlinear_atoms=0     [35s]
L221 atoms=6988   eqs=6438   vars=12233  knobs=2311   EXCLUDED=9922   nonlinear_atoms=0     [36s]
L222 atoms=7007   eqs=6451   vars=12262  knobs=2311   EXCLUDED=9951   nonlinear_atoms=0     [36s]
L223 atoms=7024   eqs=6466   vars=12287  knobs=2311   EXCLUDED=9976   nonlinear_atoms=0     [36s]
L224 atoms=7039   eqs=6481   vars=12310  knobs=2311   EXCLUDED=9999   nonlinear_atoms=0     [36s]
L225 atoms=7059   eqs=6499   vars=12340  knobs=2318   EXCLUDED=10022  nonlinear_atoms=0     [37s]
L226 atoms=7077   eqs=6512   vars=12366  knobs=2336   EXCLUDED=10030  nonlinear_atoms=0     [37s]
L227 atoms=7088   eqs=6527   vars=12383  knobs=2340   EXCLUDED=10043  nonlinear_atoms=0     [37s]
L228 atoms=7106   eqs=6544   vars=12410  knobs=2358   EXCLUDED=10052  nonlinear_atoms=0     [38s]
L229 atoms=7123   eqs=6561   vars=12436  knobs=2367   EXCLUDED=10069  nonlinear_atoms=0     [38s]
L230 atoms=7140   eqs=6573   vars=12461  knobs=2367   EXCLUDED=10094  nonlinear_atoms=0     [38s]
L231 atoms=7158   eqs=6591   vars=12487  knobs=2367   EXCLUDED=10120  nonlinear_atoms=0     [39s]
L232 atoms=7179   eqs=6609   vars=12520  knobs=2367   EXCLUDED=10153  nonlinear_atoms=0     [39s]
L233 atoms=7195   eqs=6625   vars=12544  knobs=2367   EXCLUDED=10177  nonlinear_atoms=0     [39s]
L234 atoms=7215   eqs=6639   vars=12574  knobs=2368   EXCLUDED=10206  nonlinear_atoms=0     [39s]
L235 atoms=7231   eqs=6654   vars=12598  knobs=2368   EXCLUDED=10230  nonlinear_atoms=0     [40s]
L236 atoms=7245   eqs=6666   vars=12618  knobs=2368   EXCLUDED=10250  nonlinear_atoms=0     [40s]
L237 atoms=7261   eqs=6684   vars=12642  knobs=2368   EXCLUDED=10274  nonlinear_atoms=0     [40s]
L238 atoms=7279   eqs=6700   vars=12670  knobs=2368   EXCLUDED=10302  nonlinear_atoms=0     [40s]
L239 atoms=7296   eqs=6717   vars=12695  knobs=2377   EXCLUDED=10318  nonlinear_atoms=0     [41s]
L240 atoms=7316   eqs=6730   vars=12725  knobs=2377   EXCLUDED=10348  nonlinear_atoms=0     [41s]
L241 atoms=7332   eqs=6747   vars=12749  knobs=2377   EXCLUDED=10372  nonlinear_atoms=0     [41s]
L242 atoms=7349   eqs=6764   vars=12774  knobs=2377   EXCLUDED=10397  nonlinear_atoms=0     [42s]
L243 atoms=7369   eqs=6787   vars=12805  knobs=2381   EXCLUDED=10424  nonlinear_atoms=0     [42s]
L244 atoms=7392   eqs=6802   vars=12839  knobs=2395   EXCLUDED=10444  nonlinear_atoms=0     [42s]
L245 atoms=7413   eqs=6818   vars=12870  knobs=2395   EXCLUDED=10475  nonlinear_atoms=0     [42s]
L246 atoms=7430   eqs=6834   vars=12887  knobs=2403   EXCLUDED=10484  nonlinear_atoms=0     [43s]
L247 atoms=7450   eqs=6852   vars=12907  knobs=2411   EXCLUDED=10496  nonlinear_atoms=0     [43s]
L248 atoms=7464   eqs=6864   vars=12921  knobs=2419   EXCLUDED=10502  nonlinear_atoms=0     [43s]
L249 atoms=7480   eqs=6883   vars=12937  knobs=2425   EXCLUDED=10512  nonlinear_atoms=0     [43s]
L250 atoms=7498   eqs=6897   vars=12955  knobs=2425   EXCLUDED=10530  nonlinear_atoms=0     [44s]
L251 atoms=7517   eqs=6913   vars=12975  knobs=2429   EXCLUDED=10546  nonlinear_atoms=0     [44s]
L252 atoms=7535   eqs=6933   vars=12993  knobs=2433   EXCLUDED=10560  nonlinear_atoms=0     [44s]
L253 atoms=7555   eqs=6948   vars=13013  knobs=2433   EXCLUDED=10580  nonlinear_atoms=0     [44s]
L254 atoms=7568   eqs=6963   vars=13025  knobs=2433   EXCLUDED=10592  nonlinear_atoms=0     [45s]
L255 atoms=7588   eqs=6983   vars=13045  knobs=2447   EXCLUDED=10598  nonlinear_atoms=0     [45s]
L256 atoms=7611   eqs=7004   vars=13069  knobs=2457   EXCLUDED=10612  nonlinear_atoms=0     [45s]
L257 atoms=7633   eqs=7024   vars=13091  knobs=2465   EXCLUDED=10626  nonlinear_atoms=0     [45s]
L258 atoms=7651   eqs=7039   vars=13109  knobs=2467   EXCLUDED=10642  nonlinear_atoms=0     [46s]
L259 atoms=7665   eqs=7053   vars=13123  knobs=2469   EXCLUDED=10654  nonlinear_atoms=0     [46s]
L260 atoms=7688   eqs=7074   vars=13145  knobs=2475   EXCLUDED=10670  nonlinear_atoms=0     [46s]
L261 atoms=7710   eqs=7093   vars=13167  knobs=2479   EXCLUDED=10688  nonlinear_atoms=0     [46s]
L262 atoms=7730   eqs=7110   vars=13187  knobs=2485   EXCLUDED=10702  nonlinear_atoms=0     [46s]
L263 atoms=7750   eqs=7131   vars=13207  knobs=2505   EXCLUDED=10702  nonlinear_atoms=0     [47s]
L264 atoms=7767   eqs=7147   vars=13225  knobs=2507   EXCLUDED=10718  nonlinear_atoms=0     [47s]
L265 atoms=7787   eqs=7165   vars=13245  knobs=2527   EXCLUDED=10718  nonlinear_atoms=0     [47s]
L266 atoms=7806   eqs=7185   vars=13263  knobs=2527   EXCLUDED=10736  nonlinear_atoms=0     [47s]
L267 atoms=7827   eqs=7203   vars=13285  knobs=2527   EXCLUDED=10758  nonlinear_atoms=0     [48s]
L268 atoms=7846   eqs=7221   vars=13303  knobs=2541   EXCLUDED=10762  nonlinear_atoms=0     [48s]
L269 atoms=7861   eqs=7236   vars=13319  knobs=2541   EXCLUDED=10778  nonlinear_atoms=0     [48s]
L270 atoms=7880   eqs=7253   vars=13337  knobs=2543   EXCLUDED=10794  nonlinear_atoms=0     [48s]
L271 atoms=7899   eqs=7269   vars=13357  knobs=2555   EXCLUDED=10802  nonlinear_atoms=0     [49s]
L272 atoms=7919   eqs=7289   vars=13377  knobs=2575   EXCLUDED=10802  nonlinear_atoms=0     [49s]
L273 atoms=7936   eqs=7307   vars=13393  knobs=2585   EXCLUDED=10808  nonlinear_atoms=0     [49s]
L274 atoms=7957   eqs=7327   vars=13415  knobs=2585   EXCLUDED=10830  nonlinear_atoms=0     [49s]
L275 atoms=7974   eqs=7343   vars=13431  knobs=2587   EXCLUDED=10844  nonlinear_atoms=0     [50s]
L276 atoms=7992   eqs=7359   vars=13449  knobs=2597   EXCLUDED=10852  nonlinear_atoms=0     [50s]
L277 atoms=8012   eqs=7374   vars=13469  knobs=2603   EXCLUDED=10866  nonlinear_atoms=0     [50s]
L278 atoms=8032   eqs=7392   vars=13489  knobs=2603   EXCLUDED=10886  nonlinear_atoms=0     [51s]
L279 atoms=8050   eqs=7409   vars=13507  knobs=2603   EXCLUDED=10904  nonlinear_atoms=0     [51s]
L280 atoms=8068   eqs=7423   vars=13525  knobs=2603   EXCLUDED=10922  nonlinear_atoms=0     [51s]
L281 atoms=8087   eqs=7440   vars=13545  knobs=2603   EXCLUDED=10942  nonlinear_atoms=0     [51s]
L282 atoms=8105   eqs=7454   vars=13563  knobs=2605   EXCLUDED=10958  nonlinear_atoms=0     [52s]
L283 atoms=8124   eqs=7474   vars=13581  knobs=2611   EXCLUDED=10970  nonlinear_atoms=0     [52s]
L284 atoms=8147   eqs=7498   vars=13605  knobs=2631   EXCLUDED=10974  nonlinear_atoms=0     [52s]
L285 atoms=8166   eqs=7512   vars=13623  knobs=2633   EXCLUDED=10990  nonlinear_atoms=0     [53s]
L286 atoms=8185   eqs=7532   vars=13643  knobs=2651   EXCLUDED=10992  nonlinear_atoms=0     [53s]
L287 atoms=8200   eqs=7545   vars=13657  knobs=2663   EXCLUDED=10994  nonlinear_atoms=0     [53s]
L288 atoms=8218   eqs=7562   vars=13675  knobs=2663   EXCLUDED=11012  nonlinear_atoms=0     [53s]
L289 atoms=8240   eqs=7580   vars=13697  knobs=2665   EXCLUDED=11032  nonlinear_atoms=0     [54s]
L290 atoms=8253   eqs=7590   vars=13711  knobs=2665   EXCLUDED=11046  nonlinear_atoms=0     [54s]
L291 atoms=8272   eqs=7610   vars=13729  knobs=2665   EXCLUDED=11064  nonlinear_atoms=0     [54s]
L292 atoms=8291   eqs=7627   vars=13749  knobs=2673   EXCLUDED=11076  nonlinear_atoms=0     [55s]
L293 atoms=8312   eqs=7646   vars=13769  knobs=2695   EXCLUDED=11074  nonlinear_atoms=0     [55s]
L294 atoms=8331   eqs=7661   vars=13789  knobs=2701   EXCLUDED=11088  nonlinear_atoms=0     [55s]
L295 atoms=8347   eqs=7679   vars=13805  knobs=2703   EXCLUDED=11102  nonlinear_atoms=0     [55s]
L296 atoms=8366   eqs=7695   vars=13823  knobs=2709   EXCLUDED=11114  nonlinear_atoms=0     [56s]
L297 atoms=8382   eqs=7710   vars=13839  knobs=2709   EXCLUDED=11130  nonlinear_atoms=0     [56s]
L298 atoms=8402   eqs=7730   vars=13859  knobs=2709   EXCLUDED=11150  nonlinear_atoms=0     [56s]
L299 atoms=8422   eqs=7743   vars=13879  knobs=2709   EXCLUDED=11170  nonlinear_atoms=0     [56s]
L300 atoms=8441   eqs=7762   vars=13899  knobs=2709   EXCLUDED=11190  nonlinear_atoms=0     [57s]
L301 atoms=8460   eqs=7778   vars=13917  knobs=2713   EXCLUDED=11204  nonlinear_atoms=0     [57s]
L302 atoms=8473   eqs=7788   vars=13931  knobs=2713   EXCLUDED=11218  nonlinear_atoms=0     [57s]
L303 atoms=8489   eqs=7804   vars=13947  knobs=2713   EXCLUDED=11234  nonlinear_atoms=0     [58s]
L304 atoms=8507   eqs=7817   vars=13965  knobs=2713   EXCLUDED=11252  nonlinear_atoms=0     [58s]
L305 atoms=8523   eqs=7831   vars=13981  knobs=2713   EXCLUDED=11268  nonlinear_atoms=0     [58s]
L306 atoms=8542   eqs=7849   vars=13999  knobs=2719   EXCLUDED=11280  nonlinear_atoms=0     [58s]
L307 atoms=8554   eqs=7861   vars=14011  knobs=2725   EXCLUDED=11286  nonlinear_atoms=0     [59s]
L308 atoms=8568   eqs=7875   vars=14025  knobs=2727   EXCLUDED=11298  nonlinear_atoms=0     [59s]
L309 atoms=8589   eqs=7897   vars=14047  knobs=2747   EXCLUDED=11300  nonlinear_atoms=0     [59s]
L310 atoms=8606   eqs=7912   vars=14063  knobs=2747   EXCLUDED=11316  nonlinear_atoms=0     [60s]
L311 atoms=8625   eqs=7928   vars=14083  knobs=2751   EXCLUDED=11332  nonlinear_atoms=0     [60s]
L312 atoms=8648   eqs=7944   vars=14105  knobs=2753   EXCLUDED=11352  nonlinear_atoms=0     [60s]
L313 atoms=8669   eqs=7960   vars=14127  knobs=2753   EXCLUDED=11374  nonlinear_atoms=0     [60s]
L314 atoms=8683   eqs=7972   vars=14141  knobs=2753   EXCLUDED=11388  nonlinear_atoms=0     [61s]
L315 atoms=8699   eqs=7991   vars=14157  knobs=2753   EXCLUDED=11404  nonlinear_atoms=0     [61s]
L316 atoms=8719   eqs=8003   vars=14177  knobs=2755   EXCLUDED=11422  nonlinear_atoms=0     [61s]
L317 atoms=8735   eqs=8016   vars=14193  knobs=2755   EXCLUDED=11438  nonlinear_atoms=0     [62s]
L318 atoms=8755   eqs=8034   vars=14213  knobs=2755   EXCLUDED=11458  nonlinear_atoms=0     [62s]
L319 atoms=8769   eqs=8050   vars=14227  knobs=2765   EXCLUDED=11462  nonlinear_atoms=0     [62s]
L320 atoms=8790   eqs=8072   vars=14247  knobs=2779   EXCLUDED=11468  nonlinear_atoms=0     [63s]
L321 atoms=8808   eqs=8089   vars=14265  knobs=2779   EXCLUDED=11486  nonlinear_atoms=0     [63s]
L322 atoms=8829   eqs=8105   vars=14287  knobs=2787   EXCLUDED=11500  nonlinear_atoms=0     [63s]
L323 atoms=8847   eqs=8122   vars=14305  knobs=2793   EXCLUDED=11512  nonlinear_atoms=0     [63s]
L324 atoms=8869   eqs=8143   vars=14327  knobs=2809   EXCLUDED=11518  nonlinear_atoms=0     [64s]
L325 atoms=8885   eqs=8159   vars=14343  knobs=2813   EXCLUDED=11530  nonlinear_atoms=0     [64s]
L326 atoms=8903   eqs=8177   vars=14361  knobs=2817   EXCLUDED=11544  nonlinear_atoms=0     [64s]
L327 atoms=8925   eqs=8194   vars=14383  knobs=2827   EXCLUDED=11556  nonlinear_atoms=0     [65s]
L328 atoms=8946   eqs=8210   vars=14403  knobs=2827   EXCLUDED=11576  nonlinear_atoms=0     [65s]
L329 atoms=8966   eqs=8227   vars=14423  knobs=2827   EXCLUDED=11596  nonlinear_atoms=0     [65s]
L330 atoms=8979   eqs=8239   vars=14437  knobs=2827   EXCLUDED=11610  nonlinear_atoms=0     [66s]
L331 atoms=8996   eqs=8252   vars=14453  knobs=2833   EXCLUDED=11620  nonlinear_atoms=0     [66s]
L332 atoms=9005   eqs=8263   vars=14463  knobs=2833   EXCLUDED=11630  nonlinear_atoms=0     [66s]
L333 atoms=9019   eqs=8275   vars=14477  knobs=2833   EXCLUDED=11644  nonlinear_atoms=0     [67s]
L334 atoms=9035   eqs=8291   vars=14493  knobs=2837   EXCLUDED=11656  nonlinear_atoms=0     [67s]
L335 atoms=9054   eqs=8308   vars=14511  knobs=2843   EXCLUDED=11668  nonlinear_atoms=0     [68s]
L336 atoms=9072   eqs=8324   vars=14529  knobs=2843   EXCLUDED=11686  nonlinear_atoms=0     [68s]
L337 atoms=9092   eqs=8339   vars=14549  knobs=2851   EXCLUDED=11698  nonlinear_atoms=0     [69s]
L338 atoms=9105   eqs=8355   vars=14563  knobs=2853   EXCLUDED=11710  nonlinear_atoms=0     [69s]
L339 atoms=9123   eqs=8374   vars=14581  knobs=2863   EXCLUDED=11718  nonlinear_atoms=0     [69s]
L340 atoms=9141   eqs=8387   vars=14599  knobs=2863   EXCLUDED=11736  nonlinear_atoms=0     [70s]
L341 atoms=9158   eqs=8405   vars=14615  knobs=2863   EXCLUDED=11752  nonlinear_atoms=0     [70s]
L342 atoms=9180   eqs=8421   vars=14637  knobs=2863   EXCLUDED=11774  nonlinear_atoms=0     [70s]
L343 atoms=9199   eqs=8437   vars=14657  knobs=2863   EXCLUDED=11794  nonlinear_atoms=0     [71s]
L344 atoms=9211   eqs=8450   vars=14669  knobs=2875   EXCLUDED=11794  nonlinear_atoms=0     [71s]
L345 atoms=9227   eqs=8465   vars=14684  knobs=2882   EXCLUDED=11802  nonlinear_atoms=1     [71s]
L346 atoms=9246   eqs=8485   vars=14704  knobs=2886   EXCLUDED=11818  nonlinear_atoms=2     [72s]
L347 atoms=9266   eqs=8501   vars=14723  knobs=2893   EXCLUDED=11830  nonlinear_atoms=5     [72s]
L348 atoms=9278   eqs=8510   vars=14735  knobs=2893   EXCLUDED=11842  nonlinear_atoms=5     [72s]
L349 atoms=9297   eqs=8528   vars=14755  knobs=2893   EXCLUDED=11862  nonlinear_atoms=5     [73s]
L350 atoms=9314   eqs=8547   vars=14771  knobs=2902   EXCLUDED=11869  nonlinear_atoms=8     [73s]
L351 atoms=9337   eqs=8566   vars=14795  knobs=2907   EXCLUDED=11888  nonlinear_atoms=9     [73s]
L352 atoms=9355   eqs=8584   vars=14813  knobs=2925   EXCLUDED=11888  nonlinear_atoms=25    [74s]
L353 atoms=9375   eqs=8604   vars=14833  knobs=2945   EXCLUDED=11888  nonlinear_atoms=41    [74s]
L354 atoms=9390   eqs=8619   vars=14848  knobs=2950   EXCLUDED=11898  nonlinear_atoms=45    [74s]
L355 atoms=9408   eqs=8634   vars=14866  knobs=2952   EXCLUDED=11914  nonlinear_atoms=45    [75s]
L356 atoms=9427   eqs=8653   vars=14885  knobs=2959   EXCLUDED=11926  nonlinear_atoms=49    [75s]
L357 atoms=9449   eqs=8668   vars=14906  knobs=2964   EXCLUDED=11942  nonlinear_atoms=53    [75s]
L358 atoms=9468   eqs=8690   vars=14926  knobs=2964   EXCLUDED=11962  nonlinear_atoms=53    [76s]
L359 atoms=9486   eqs=8709   vars=14945  knobs=2980   EXCLUDED=11965  nonlinear_atoms=65    [76s]
L360 atoms=9504   eqs=8726   vars=14961  knobs=2997   EXCLUDED=11964  nonlinear_atoms=77    [76s]
L361 atoms=9525   eqs=8744   vars=14983  knobs=3013   EXCLUDED=11970  nonlinear_atoms=89    [77s]
L362 atoms=9546   eqs=8763   vars=15005  knobs=3016   EXCLUDED=11989  nonlinear_atoms=89    [77s]
L363 atoms=9565   eqs=8779   vars=15023  knobs=3016   EXCLUDED=12007  nonlinear_atoms=89    [77s]
L364 atoms=9582   eqs=8799   vars=15040  knobs=3028   EXCLUDED=12012  nonlinear_atoms=97    [78s]
L365 atoms=9602   eqs=8818   vars=15060  knobs=3028   EXCLUDED=12032  nonlinear_atoms=97    [78s]
L366 atoms=9619   eqs=8834   vars=15076  knobs=3044   EXCLUDED=12032  nonlinear_atoms=109   [78s]
L367 atoms=9640   eqs=8852   vars=15098  knobs=3046   EXCLUDED=12052  nonlinear_atoms=109   [79s]
L368 atoms=9655   eqs=8865   vars=15113  knobs=3046   EXCLUDED=12067  nonlinear_atoms=109   [79s]
L369 atoms=9670   eqs=8878   vars=15128  knobs=3046   EXCLUDED=12082  nonlinear_atoms=109   [79s]
L370 atoms=9682   eqs=8886   vars=15140  knobs=3046   EXCLUDED=12094  nonlinear_atoms=109   [80s]
L371 atoms=9697   eqs=8900   vars=15155  knobs=3046   EXCLUDED=12109  nonlinear_atoms=109   [80s]
L372 atoms=9719   eqs=8923   vars=15176  knobs=3046   EXCLUDED=12130  nonlinear_atoms=109   [80s]
L373 atoms=9740   eqs=8937   vars=15198  knobs=3046   EXCLUDED=12152  nonlinear_atoms=109   [81s]
L374 atoms=9758   eqs=8954   vars=15216  knobs=3053   EXCLUDED=12163  nonlinear_atoms=113   [81s]
L375 atoms=9773   eqs=8967   vars=15231  knobs=3053   EXCLUDED=12178  nonlinear_atoms=113   [81s]
L376 atoms=9792   eqs=8984   vars=15250  knobs=3053   EXCLUDED=12197  nonlinear_atoms=113   [81s]
L377 atoms=9812   eqs=9002   vars=15270  knobs=3053   EXCLUDED=12217  nonlinear_atoms=113   [82s]
L378 atoms=9832   eqs=9020   vars=15290  knobs=3055   EXCLUDED=12235  nonlinear_atoms=113   [82s]
L379 atoms=9850   eqs=9032   vars=15308  knobs=3060   EXCLUDED=12248  nonlinear_atoms=117   [82s]
L380 atoms=9864   eqs=9050   vars=15321  knobs=3065   EXCLUDED=12256  nonlinear_atoms=121   [83s]
L381 atoms=9883   eqs=9066   vars=15341  knobs=3065   EXCLUDED=12276  nonlinear_atoms=121   [83s]
L382 atoms=9900   eqs=9084   vars=15358  knobs=3071   EXCLUDED=12287  nonlinear_atoms=125   [83s]
L383 atoms=9919   eqs=9100   vars=15376  knobs=3083   EXCLUDED=12293  nonlinear_atoms=133   [84s]
L384 atoms=9939   eqs=9119   vars=15396  knobs=3092   EXCLUDED=12304  nonlinear_atoms=137   [84s]
L385 atoms=9955   eqs=9140   vars=15413  knobs=3102   EXCLUDED=12311  nonlinear_atoms=145   [84s]
L386 atoms=9977   eqs=9157   vars=15435  knobs=3107   EXCLUDED=12328  nonlinear_atoms=149   [85s]
L387 atoms=9995   eqs=9173   vars=15453  knobs=3111   EXCLUDED=12342  nonlinear_atoms=149   [85s]
L388 atoms=10011  eqs=9189   vars=15470  knobs=3111   EXCLUDED=12359  nonlinear_atoms=149   [85s]
L389 atoms=10029  eqs=9205   vars=15486  knobs=3117   EXCLUDED=12369  nonlinear_atoms=153   [86s]
L390 atoms=10045  eqs=9223   vars=15503  knobs=3132   EXCLUDED=12371  nonlinear_atoms=165   [86s]
L391 atoms=10064  eqs=9237   vars=15521  knobs=3142   EXCLUDED=12379  nonlinear_atoms=173   [87s]
L392 atoms=10082  eqs=9257   vars=15540  knobs=3142   EXCLUDED=12398  nonlinear_atoms=173   [87s]
L393 atoms=10105  eqs=9278   vars=15563  knobs=3142   EXCLUDED=12421  nonlinear_atoms=173   [87s]
L394 atoms=10126  eqs=9293   vars=15585  knobs=3151   EXCLUDED=12434  nonlinear_atoms=181   [88s]
L395 atoms=10140  eqs=9308   vars=15598  knobs=3155   EXCLUDED=12443  nonlinear_atoms=185   [88s]
L396 atoms=10156  eqs=9322   vars=15615  knobs=3160   EXCLUDED=12455  nonlinear_atoms=189   [88s]
L397 atoms=10171  eqs=9335   vars=15630  knobs=3160   EXCLUDED=12470  nonlinear_atoms=189   [89s]
L398 atoms=10189  eqs=9352   vars=15646  knobs=3170   EXCLUDED=12476  nonlinear_atoms=197   [89s]
L399 atoms=10208  eqs=9365   vars=15666  knobs=3170   EXCLUDED=12496  nonlinear_atoms=197   [89s]
L400 atoms=10221  eqs=9380   vars=15680  knobs=3180   EXCLUDED=12500  nonlinear_atoms=205   [90s]
L401 atoms=10240  eqs=9398   vars=15698  knobs=3180   EXCLUDED=12518  nonlinear_atoms=205   [90s]
L402 atoms=10255  eqs=9412   vars=15713  knobs=3191   EXCLUDED=12522  nonlinear_atoms=213   [90s]
L403 atoms=10272  eqs=9427   vars=15730  knobs=3199   EXCLUDED=12531  nonlinear_atoms=217   [91s]
L404 atoms=10287  eqs=9442   vars=15745  knobs=3199   EXCLUDED=12546  nonlinear_atoms=217   [91s]
L405 atoms=10304  eqs=9456   vars=15761  knobs=3206   EXCLUDED=12555  nonlinear_atoms=221   [91s]
L406 atoms=10323  eqs=9474   vars=15781  knobs=3212   EXCLUDED=12569  nonlinear_atoms=225   [92s]
L407 atoms=10343  eqs=9491   vars=15801  knobs=3212   EXCLUDED=12589  nonlinear_atoms=225   [92s]
L408 atoms=10364  eqs=9511   vars=15821  knobs=3212   EXCLUDED=12609  nonlinear_atoms=225   [92s]
L409 atoms=10383  eqs=9528   vars=15841  knobs=3212   EXCLUDED=12629  nonlinear_atoms=225   [93s]
L410 atoms=10404  eqs=9545   vars=15861  knobs=3213   EXCLUDED=12648  nonlinear_atoms=225   [93s]
L411 atoms=10416  eqs=9559   vars=15875  knobs=3217   EXCLUDED=12658  nonlinear_atoms=229   [93s]
L412 atoms=10437  eqs=9577   vars=15895  knobs=3230   EXCLUDED=12665  nonlinear_atoms=237   [94s]
L413 atoms=10455  eqs=9593   vars=15913  knobs=3236   EXCLUDED=12677  nonlinear_atoms=241   [94s]
L414 atoms=10473  eqs=9611   vars=15931  knobs=3245   EXCLUDED=12686  nonlinear_atoms=245   [94s]
L415 atoms=10486  eqs=9629   vars=15945  knobs=3258   EXCLUDED=12687  nonlinear_atoms=257   [94s]
L416 atoms=10504  eqs=9644   vars=15961  knobs=3262   EXCLUDED=12699  nonlinear_atoms=261   [95s]
L417 atoms=10521  eqs=9658   vars=15980  knobs=3262   EXCLUDED=12718  nonlinear_atoms=261   [95s]
L418 atoms=10541  eqs=9676   vars=16000  knobs=3262   EXCLUDED=12738  nonlinear_atoms=261   [96s]
L419 atoms=10557  eqs=9688   vars=16015  knobs=3270   EXCLUDED=12745  nonlinear_atoms=265   [96s]
L420 atoms=10577  eqs=9708   vars=16035  knobs=3280   EXCLUDED=12755  nonlinear_atoms=273   [97s]
L421 atoms=10595  eqs=9726   vars=16053  knobs=3280   EXCLUDED=12773  nonlinear_atoms=273   [97s]
L422 atoms=10616  eqs=9742   vars=16075  knobs=3288   EXCLUDED=12787  nonlinear_atoms=281   [98s]
L423 atoms=10630  eqs=9758   vars=16088  knobs=3288   EXCLUDED=12800  nonlinear_atoms=281   [98s]
L424 atoms=10650  eqs=9773   vars=16108  knobs=3294   EXCLUDED=12814  nonlinear_atoms=285   [98s]
L425 atoms=10663  eqs=9786   vars=16121  knobs=3294   EXCLUDED=12827  nonlinear_atoms=285   [99s]
L426 atoms=10684  eqs=9810   vars=16141  knobs=3298   EXCLUDED=12843  nonlinear_atoms=285   [99s]
L427 atoms=10706  eqs=9829   vars=16165  knobs=3302   EXCLUDED=12863  nonlinear_atoms=285   [100s]
L428 atoms=10726  eqs=9845   vars=16185  knobs=3303   EXCLUDED=12882  nonlinear_atoms=285   [100s]
L429 atoms=10747  eqs=9861   vars=16205  knobs=3305   EXCLUDED=12900  nonlinear_atoms=285   [101s]
L430 atoms=10763  eqs=9878   vars=16221  knobs=3318   EXCLUDED=12903  nonlinear_atoms=297   [101s]
L431 atoms=10782  eqs=9894   vars=16240  knobs=3318   EXCLUDED=12922  nonlinear_atoms=297   [101s]
L432 atoms=10800  eqs=9908   vars=16258  knobs=3318   EXCLUDED=12940  nonlinear_atoms=297   [102s]
L433 atoms=10821  eqs=9930   vars=16280  knobs=3325   EXCLUDED=12955  nonlinear_atoms=301   [102s]
L434 atoms=10833  eqs=9940   vars=16291  knobs=3325   EXCLUDED=12966  nonlinear_atoms=301   [103s]
L435 atoms=10853  eqs=9960   vars=16311  knobs=3328   EXCLUDED=12983  nonlinear_atoms=301   [103s]
L436 atoms=10872  eqs=9976   vars=16330  knobs=3329   EXCLUDED=13001  nonlinear_atoms=301   [103s]
L437 atoms=10891  eqs=9992   vars=16350  knobs=3333   EXCLUDED=13017  nonlinear_atoms=305   [104s]
L438 atoms=10910  eqs=10009  vars=16368  knobs=3333   EXCLUDED=13035  nonlinear_atoms=305   [104s]
L439 atoms=10926  eqs=10024  vars=16385  knobs=3334   EXCLUDED=13051  nonlinear_atoms=305   [105s]
L440 atoms=10945  eqs=10043  vars=16403  knobs=3350   EXCLUDED=13053  nonlinear_atoms=317   [105s]
L441 atoms=10966  eqs=10062  vars=16425  knobs=3371   EXCLUDED=13054  nonlinear_atoms=333   [106s]
L442 atoms=10987  eqs=10084  vars=16445  knobs=3383   EXCLUDED=13062  nonlinear_atoms=341   [106s]
L443 atoms=11009  eqs=10099  vars=16466  knobs=3383   EXCLUDED=13083  nonlinear_atoms=341   [106s]
L444 atoms=11031  eqs=10119  vars=16490  knobs=3383   EXCLUDED=13107  nonlinear_atoms=341   [107s]
L445 atoms=11052  eqs=10143  vars=16510  knobs=3392   EXCLUDED=13118  nonlinear_atoms=349   [107s]
L446 atoms=11075  eqs=10160  vars=16533  knobs=3392   EXCLUDED=13141  nonlinear_atoms=349   [108s]
L447 atoms=11092  eqs=10179  vars=16550  knobs=3392   EXCLUDED=13158  nonlinear_atoms=349   [108s]
L448 atoms=11114  eqs=10200  vars=16571  knobs=3392   EXCLUDED=13179  nonlinear_atoms=349   [108s]
L449 atoms=11135  eqs=10214  vars=16593  knobs=3394   EXCLUDED=13199  nonlinear_atoms=349   [109s]
L450 atoms=11147  eqs=10227  vars=16605  knobs=3406   EXCLUDED=13199  nonlinear_atoms=357   [109s]
L451 atoms=11161  eqs=10240  vars=16620  knobs=3409   EXCLUDED=13211  nonlinear_atoms=361   [110s]
L452 atoms=11181  eqs=10259  vars=16640  knobs=3409   EXCLUDED=13231  nonlinear_atoms=361   [110s]
L453 atoms=11204  eqs=10278  vars=16661  knobs=3409   EXCLUDED=13252  nonlinear_atoms=361   [111s]
L454 atoms=11220  eqs=10293  vars=16678  knobs=3409   EXCLUDED=13269  nonlinear_atoms=361   [111s]
L455 atoms=11236  eqs=10308  vars=16695  knobs=3411   EXCLUDED=13284  nonlinear_atoms=361   [111s]
L456 atoms=11253  eqs=10323  vars=16711  knobs=3411   EXCLUDED=13300  nonlinear_atoms=361   [112s]
L457 atoms=11272  eqs=10344  vars=16730  knobs=3411   EXCLUDED=13319  nonlinear_atoms=361   [113s]
L458 atoms=11291  eqs=10357  vars=16750  knobs=3427   EXCLUDED=13323  nonlinear_atoms=373   [113s]
L459 atoms=11310  eqs=10378  vars=16768  knobs=3441   EXCLUDED=13327  nonlinear_atoms=385   [114s]
L460 atoms=11324  eqs=10391  vars=16781  knobs=3441   EXCLUDED=13340  nonlinear_atoms=385   [114s]
L461 atoms=11344  eqs=10411  vars=16801  knobs=3446   EXCLUDED=13355  nonlinear_atoms=389   [114s]
L462 atoms=11363  eqs=10429  vars=16821  knobs=3446   EXCLUDED=13375  nonlinear_atoms=389   [115s]
L463 atoms=11383  eqs=10447  vars=16841  knobs=3453   EXCLUDED=13388  nonlinear_atoms=393   [115s]
L464 atoms=11402  eqs=10463  vars=16860  knobs=3460   EXCLUDED=13400  nonlinear_atoms=401   [116s]
L465 atoms=11421  eqs=10481  vars=16880  knobs=3469   EXCLUDED=13411  nonlinear_atoms=409   [116s]
L466 atoms=11442  eqs=10507  vars=16900  knobs=3474   EXCLUDED=13426  nonlinear_atoms=413   [116s]
L467 atoms=11462  eqs=10523  vars=16920  knobs=3493   EXCLUDED=13427  nonlinear_atoms=429   [117s]
L468 atoms=11479  eqs=10540  vars=16936  knobs=3511   EXCLUDED=13425  nonlinear_atoms=445   [117s]
L469 atoms=11498  eqs=10560  vars=16956  knobs=3512   EXCLUDED=13444  nonlinear_atoms=445   [118s]
L470 atoms=11517  eqs=10569  vars=16975  knobs=3512   EXCLUDED=13463  nonlinear_atoms=445   [118s]
L471 atoms=11531  eqs=10589  vars=16990  knobs=3523   EXCLUDED=13467  nonlinear_atoms=453   [118s]
L472 atoms=11546  eqs=10598  vars=17005  knobs=3523   EXCLUDED=13482  nonlinear_atoms=453   [119s]
L473 atoms=11562  eqs=10617  vars=17020  knobs=3528   EXCLUDED=13492  nonlinear_atoms=457   [119s]
L474 atoms=11575  eqs=10628  vars=17033  knobs=3528   EXCLUDED=13505  nonlinear_atoms=457   [120s]
L475 atoms=11593  eqs=10643  vars=17051  knobs=3528   EXCLUDED=13523  nonlinear_atoms=457   [120s]
L476 atoms=11614  eqs=10664  vars=17071  knobs=3538   EXCLUDED=13533  nonlinear_atoms=465   [120s]
L477 atoms=11637  eqs=10686  vars=17095  knobs=3548   EXCLUDED=13547  nonlinear_atoms=473   [121s]
L478 atoms=11655  eqs=10703  vars=17113  knobs=3566   EXCLUDED=13547  nonlinear_atoms=489   [121s]
L479 atoms=11671  eqs=10717  vars=17130  knobs=3581   EXCLUDED=13549  nonlinear_atoms=501   [121s]
L480 atoms=11691  eqs=10735  vars=17150  knobs=3581   EXCLUDED=13569  nonlinear_atoms=501   [122s]
L481 atoms=11709  eqs=10749  vars=17166  knobs=3587   EXCLUDED=13579  nonlinear_atoms=505   [122s]
L482 atoms=11721  eqs=10764  vars=17180  knobs=3587   EXCLUDED=13593  nonlinear_atoms=505   [123s]
L483 atoms=11741  eqs=10783  vars=17200  knobs=3595   EXCLUDED=13605  nonlinear_atoms=513   [123s]
L484 atoms=11758  eqs=10802  vars=17216  knobs=3598   EXCLUDED=13618  nonlinear_atoms=513   [124s]
L485 atoms=11780  eqs=10818  vars=17238  knobs=3606   EXCLUDED=13632  nonlinear_atoms=521   [124s]
L486 atoms=11791  eqs=10825  vars=17250  knobs=3606   EXCLUDED=13644  nonlinear_atoms=521   [124s]
L487 atoms=11802  eqs=10838  vars=17260  knobs=3606   EXCLUDED=13654  nonlinear_atoms=521   [125s]
L488 atoms=11813  eqs=10852  vars=17271  knobs=3615   EXCLUDED=13656  nonlinear_atoms=525   [125s]
L489 atoms=11834  eqs=10872  vars=17291  knobs=3615   EXCLUDED=13676  nonlinear_atoms=525   [126s]
L490 atoms=11849  eqs=10884  vars=17306  knobs=3616   EXCLUDED=13690  nonlinear_atoms=525   [126s]
L491 atoms=11867  eqs=10902  vars=17325  knobs=3621   EXCLUDED=13704  nonlinear_atoms=529   [127s]
L492 atoms=11884  eqs=10918  vars=17341  knobs=3622   EXCLUDED=13719  nonlinear_atoms=529   [127s]
L493 atoms=11904  eqs=10933  vars=17361  knobs=3623   EXCLUDED=13738  nonlinear_atoms=529   [128s]
L494 atoms=11924  eqs=10954  vars=17381  knobs=3636   EXCLUDED=13745  nonlinear_atoms=541   [128s]
L495 atoms=11940  eqs=10973  vars=17398  knobs=3651   EXCLUDED=13747  nonlinear_atoms=553   [129s]
L496 atoms=11962  eqs=10989  vars=17420  knobs=3666   EXCLUDED=13754  nonlinear_atoms=565   [129s]
L497 atoms=11980  eqs=11007  vars=17438  knobs=3666   EXCLUDED=13772  nonlinear_atoms=565   [130s]
L498 atoms=12003  eqs=11024  vars=17461  knobs=3674   EXCLUDED=13787  nonlinear_atoms=569   [130s]
L499 atoms=12018  eqs=11039  vars=17476  knobs=3674   EXCLUDED=13802  nonlinear_atoms=569   [131s]
L500 atoms=12037  eqs=11057  vars=17495  knobs=3674   EXCLUDED=13821  nonlinear_atoms=569   [132s]
L501 atoms=12058  eqs=11074  vars=17516  knobs=3679   EXCLUDED=13837  nonlinear_atoms=573   [133s]
L502 atoms=12074  eqs=11087  vars=17531  knobs=3679   EXCLUDED=13852  nonlinear_atoms=573   [134s]
L503 atoms=12096  eqs=11112  vars=17555  knobs=3682   EXCLUDED=13873  nonlinear_atoms=573   [135s]
L504 atoms=12117  eqs=11127  vars=17575  knobs=3696   EXCLUDED=13879  nonlinear_atoms=581   [138s]
L505 atoms=12133  eqs=11145  vars=17591  knobs=3705   EXCLUDED=13886  nonlinear_atoms=589   [139s]
L506 atoms=12147  eqs=11156  vars=17605  knobs=3705   EXCLUDED=13900  nonlinear_atoms=589   [142s]
L507 atoms=12165  eqs=11173  vars=17623  knobs=3718   EXCLUDED=13905  nonlinear_atoms=597   [145s]
L508 atoms=12185  eqs=11191  vars=17643  knobs=3723   EXCLUDED=13920  nonlinear_atoms=601   [146s]
L509 atoms=12205  eqs=11211  vars=17663  knobs=3743   EXCLUDED=13920  nonlinear_atoms=617   [148s]
L510 atoms=12220  eqs=11227  vars=17678  knobs=3745   EXCLUDED=13933  nonlinear_atoms=617   [149s]
L511 atoms=12242  eqs=11241  vars=17700  knobs=3745   EXCLUDED=13955  nonlinear_atoms=617   [150s]
L512 atoms=12261  eqs=11267  vars=17720  knobs=3745   EXCLUDED=13975  nonlinear_atoms=617   [152s]
L513 atoms=12282  eqs=11282  vars=17740  knobs=3745   EXCLUDED=13995  nonlinear_atoms=617   [153s]
L514 atoms=12302  eqs=11297  vars=17760  knobs=3745   EXCLUDED=14015  nonlinear_atoms=617   [156s]
L515 atoms=12320  eqs=11313  vars=17778  knobs=3745   EXCLUDED=14033  nonlinear_atoms=617   [158s]
L516 atoms=12337  eqs=11328  vars=17795  knobs=3753   EXCLUDED=14042  nonlinear_atoms=621   [159s]
L517 atoms=12358  eqs=11348  vars=17816  knobs=3764   EXCLUDED=14052  nonlinear_atoms=629   [161s]
L518 atoms=12375  eqs=11366  vars=17833  knobs=3771   EXCLUDED=14062  nonlinear_atoms=637   [162s]
