witness in its own frame after fwd: score 39026 (failing 7)
var      cost     score    delta on the seven
x9118    0        39023    a35759+5113045
x8731    0        39022    a35761+1
x642     0        39021    a22229-7376877, a35762+1
x29854   0        39023    a35758+1, a35759-1
x31864   0        39022    a35760+1, a35761+1
x1329    0        39023    a35758~78d
x10903   0        39023    a35760~78d
x9413    0        39022    a22230~78d
x17325   0        39022    a35762~78d
x2099    0        39026    
x7068    13       39009    a22229+1
x28730   16       39006    a22230+1
x4432    0        39026    
x19964   0        39026    
x950     7        39016    
x6947    3        39019    
x9629    0        39026    
x15120   9        39014    
x23754   0        39026    
x33168   5        39018    
x35619   0        39026    
x1613    4        39019    
x1844    0        39026    
x21574   3        39020    
x29305   0        39026    
x2892    0        39026    
x6090    5        39018    
x28355   0        39026    
