B measured = (85493019580071421237261030595561404457652556624342041247576519769287756493517, 3640388279865858715069076117624615838114176492038737082232998574552945576497)
B predicted= (47777248547929756333343319994782444605130551025261850316676951297964944078379, 44114170939250845361179418531682047374619045942857436660772995441280809922982)
match: False

=== back-cone of x14853 ===
  derived by: ((12846437*(x14853-x1308))-x29967)
  cone size: 5119
  variables from above the root inside the cone: NONE (flow is forward)
  seeded leaf selectors in cone: 78
  seeded NON-selector variables in cone: 662 [30163, 12104, 16933, 15945, 7450, 12670, 9175, 38310, 1973, 35618, 5453, 668, 17941, 9715, 4280, 3378, 9669, 898, 26233, 34818]
     x30163  atoms:
         (x29967-(x11360*x30163))
     x12104  atoms:
         (x37815-(x33976*x12104))
     x16933  atoms:
         (x13674-(x35148*x16933))
     x15945  atoms:
         (x6829-(x3043*x15945))
     x7450  atoms:
         (x2758-(x20202*x7450))
     x12670  atoms:
         (x32821-(x4339*x12670))
     x9175  atoms:
         (x7157-(x24490*x9175))
     x38310  atoms:
         (x21916-(x16123*x38310))

=== back-cone of x24908 ===
  derived by: ((x24908-x17601)+x5201)
  cone size: 5137
  variables from above the root inside the cone: NONE (flow is forward)
  seeded leaf selectors in cone: 78
  seeded NON-selector variables in cone: 663 [36925, 22060, 5839, 5025, 21379, 998, 10983, 4283, 25250, 21850, 9849, 23591, 20, 29984, 12388, 11651, 6093, 2012, 38598, 16337]
     x36925  atoms:
         (x30320-(x14847*x36925))
     x22060  atoms:
         (x12892-(x5796*x22060))
     x5839  atoms:
         (x18861-(x13440*x5839))
     x5025  atoms:
         (x16888-(x14691*x5025))
     x21379  atoms:
         (x28876-(x25938*x21379))
     x998  atoms:
         (x28887-(x12682*x998))
     x10983  atoms:
         (x26131-(x8324*x10983))
     x4283  atoms:
         (x7766-(x17070*x4283))
