knobs 40  SAT 198  rank(A_SAT)=32
ESSENTIAL rows (single deletion drops rank): 6  ->  [2554, 6816, 8124, 9123, 9421, 'S']
redundant rows: 192   rank(A_RED)=26
disjoint rank-26 subsets of the 192 redundant rows: t = 1  => redundant breaks are provably worthless for every budget b <= 0

enumerating all 2^6 = 64 essential break-sets x all 127 bought-sets ...
  buy [12231]                            minbreak=1 B=[2554] GAIN=0
  buy [12270]                            minbreak=1 B=[2554] GAIN=0
  buy [12350]                            minbreak=1 B=[2554] GAIN=0
  buy [14584]                            minbreak=1 B=[2554] GAIN=0
  buy [18673]                            minbreak=1 B=[2554] GAIN=0
  buy [22044]                            minbreak=1 B=[2554] GAIN=0
  buy [29125]                            minbreak=1 B=['S'] GAIN=0
  buy [12231, 12270]                     minbreak=2 B=[2554, 6816] GAIN=0
  buy [12231, 12350]                     minbreak=2 B=[2554, 6816] GAIN=0
  buy [12231, 14584]                     minbreak=2 B=[2554, 8124] GAIN=0
  buy [12231, 18673]                     minbreak=2 B=[2554, 6816] GAIN=0
  buy [12231, 22044]                     minbreak=2 B=[2554, 6816] GAIN=0
  buy [12231, 29125]                     minbreak=2 B=[2554, 'S'] GAIN=0
  buy [12270, 12350]                     minbreak=2 B=[2554, 6816] GAIN=0
  buy [12270, 14584]                     minbreak=2 B=[2554, 6816] GAIN=0
  buy [12270, 18673]                     minbreak=2 B=[2554, 6816] GAIN=0
  buy [12270, 22044]                     minbreak=2 B=[2554, 6816] GAIN=0
  buy [12270, 29125]                     minbreak=2 B=[2554, 'S'] GAIN=0
  buy [12350, 14584]                     minbreak=2 B=[2554, 6816] GAIN=0
  buy [12350, 18673]                     minbreak=2 B=[2554, 6816] GAIN=0
  buy [12350, 22044]                     minbreak=2 B=[2554, 6816] GAIN=0
  buy [12350, 29125]                     minbreak=2 B=[2554, 'S'] GAIN=0
  buy [14584, 18673]                     minbreak=2 B=[2554, 6816] GAIN=0
  buy [14584, 22044]                     minbreak=2 B=[2554, 6816] GAIN=0
  buy [14584, 29125]                     minbreak=2 B=[2554, 'S'] GAIN=0
  buy [18673, 22044]                     minbreak=2 B=[2554, 6816] GAIN=0
  buy [18673, 29125]                     minbreak=2 B=[2554, 'S'] GAIN=0
  buy [22044, 29125]                     minbreak=2 B=[2554, 'S'] GAIN=0
  buy [12231, 12270, 12350]              minbreak=3 B=[2554, 6816, 8124] GAIN=0
  buy [12231, 12270, 14584]              minbreak=3 B=[2554, 6816, 8124] GAIN=0
  buy [12231, 12270, 18673]              minbreak=3 B=[2554, 6816, 8124] GAIN=0
  buy [12231, 12270, 22044]              minbreak=3 B=[2554, 6816, 8124] GAIN=0
  buy [12231, 12270, 29125]              minbreak=3 B=[2554, 6816, 'S'] GAIN=0
  buy [12231, 12350, 14584]              minbreak=3 B=[2554, 6816, 8124] GAIN=0
  buy [12231, 12350, 18673]              minbreak=3 B=[2554, 6816, 8124] GAIN=0
  buy [12231, 12350, 22044]              minbreak=3 B=[2554, 6816, 8124] GAIN=0
  buy [12231, 12350, 29125]              minbreak=3 B=[2554, 6816, 'S'] GAIN=0
  buy [12231, 14584, 18673]              minbreak=3 B=[2554, 6816, 8124] GAIN=0
  buy [12231, 14584, 22044]              minbreak=3 B=[2554, 6816, 8124] GAIN=0
  buy [12231, 14584, 29125]              minbreak=3 B=[2554, 6816, 'S'] GAIN=0
  buy [12231, 18673, 22044]              minbreak=3 B=[2554, 6816, 8124] GAIN=0
  buy [12231, 18673, 29125]              minbreak=3 B=[2554, 6816, 'S'] GAIN=0
  buy [12231, 22044, 29125]              minbreak=3 B=[2554, 6816, 'S'] GAIN=0
  buy [12270, 12350, 14584]              minbreak=3 B=[2554, 6816, 8124] GAIN=0
  buy [12270, 12350, 18673]              minbreak=3 B=[2554, 6816, 8124] GAIN=0
  buy [12270, 12350, 22044]              minbreak=3 B=[2554, 6816, 8124] GAIN=0
  buy [12270, 12350, 29125]              minbreak=3 B=[2554, 6816, 'S'] GAIN=0
  buy [12270, 14584, 18673]              minbreak=3 B=[2554, 6816, 8124] GAIN=0
  buy [12270, 14584, 22044]              minbreak=3 B=[2554, 6816, 8124] GAIN=0
  buy [12270, 14584, 29125]              minbreak=3 B=[2554, 6816, 'S'] GAIN=0
  buy [12270, 18673, 22044]              minbreak=3 B=[2554, 6816, 8124] GAIN=0
  buy [12270, 18673, 29125]              minbreak=3 B=[2554, 6816, 'S'] GAIN=0
  buy [12270, 22044, 29125]              minbreak=3 B=[2554, 6816, 'S'] GAIN=0
  buy [12350, 14584, 18673]              minbreak=3 B=[2554, 6816, 8124] GAIN=0
  buy [12350, 14584, 22044]              minbreak=3 B=[2554, 6816, 8124] GAIN=0
  buy [12350, 14584, 29125]              minbreak=3 B=[2554, 6816, 'S'] GAIN=0
  buy [12350, 18673, 22044]              minbreak=3 B=[2554, 6816, 8124] GAIN=0
  buy [12350, 18673, 29125]              minbreak=3 B=[2554, 6816, 'S'] GAIN=0
  buy [12350, 22044, 29125]              minbreak=3 B=[2554, 6816, 'S'] GAIN=0
  buy [14584, 18673, 22044]              minbreak=3 B=[2554, 6816, 8124] GAIN=0
  buy [14584, 18673, 29125]              minbreak=3 B=[2554, 6816, 'S'] GAIN=0
  buy [14584, 22044, 29125]              minbreak=3 B=[2554, 6816, 'S'] GAIN=0
  buy [18673, 22044, 29125]              minbreak=3 B=[2554, 6816, 'S'] GAIN=0
  buy [12231, 12270, 12350, 14584]       minbreak=4 B=[2554, 6816, 8124, 9123] GAIN=0
  buy [12231, 12270, 12350, 18673]       minbreak=4 B=[2554, 6816, 8124, 9123] GAIN=0
  buy [12231, 12270, 12350, 22044]       minbreak=4 B=[2554, 6816, 8124, 9123] GAIN=0
  buy [12231, 12270, 12350, 29125]       minbreak=4 B=[2554, 6816, 8124, 'S'] GAIN=0
  buy [12231, 12270, 14584, 18673]       minbreak=4 B=[2554, 6816, 8124, 9123] GAIN=0
  buy [12231, 12270, 14584, 22044]       minbreak=4 B=[2554, 6816, 8124, 9123] GAIN=0
  buy [12231, 12270, 14584, 29125]       minbreak=4 B=[2554, 6816, 8124, 'S'] GAIN=0
  buy [12231, 12270, 18673, 22044]       minbreak=4 B=[2554, 6816, 8124, 9123] GAIN=0
  buy [12231, 12270, 18673, 29125]       minbreak=4 B=[2554, 6816, 8124, 'S'] GAIN=0
  buy [12231, 12270, 22044, 29125]       minbreak=4 B=[2554, 6816, 8124, 'S'] GAIN=0
  buy [12231, 12350, 14584, 18673]       minbreak=4 B=[2554, 6816, 8124, 9123] GAIN=0
  buy [12231, 12350, 14584, 22044]       minbreak=4 B=[2554, 6816, 8124, 9123] GAIN=0
  buy [12231, 12350, 14584, 29125]       minbreak=4 B=[2554, 6816, 8124, 'S'] GAIN=0
  buy [12231, 12350, 18673, 22044]       minbreak=4 B=[2554, 6816, 8124, 9123] GAIN=0
  buy [12231, 12350, 18673, 29125]       minbreak=4 B=[2554, 6816, 8124, 'S'] GAIN=0
  buy [12231, 12350, 22044, 29125]       minbreak=4 B=[2554, 6816, 8124, 'S'] GAIN=0
  buy [12231, 14584, 18673, 22044]       minbreak=4 B=[2554, 6816, 8124, 9123] GAIN=0
  buy [12231, 14584, 18673, 29125]       minbreak=4 B=[2554, 6816, 8124, 'S'] GAIN=0
  buy [12231, 14584, 22044, 29125]       minbreak=4 B=[2554, 6816, 8124, 'S'] GAIN=0
  buy [12231, 18673, 22044, 29125]       minbreak=4 B=[2554, 6816, 8124, 'S'] GAIN=0
  buy [12270, 12350, 14584, 18673]       minbreak=4 B=[2554, 6816, 8124, 9123] GAIN=0
  buy [12270, 12350, 14584, 22044]       minbreak=4 B=[2554, 6816, 8124, 9123] GAIN=0
  buy [12270, 12350, 14584, 29125]       minbreak=4 B=[2554, 6816, 8124, 'S'] GAIN=0
  buy [12270, 12350, 18673, 22044]       minbreak=4 B=[2554, 6816, 8124, 9123] GAIN=0
  buy [12270, 12350, 18673, 29125]       minbreak=4 B=[2554, 6816, 8124, 'S'] GAIN=0
  buy [12270, 12350, 22044, 29125]       minbreak=4 B=[2554, 6816, 8124, 'S'] GAIN=0
  buy [12270, 14584, 18673, 22044]       minbreak=4 B=[2554, 6816, 8124, 9123] GAIN=0
  buy [12270, 14584, 18673, 29125]       minbreak=4 B=[2554, 6816, 8124, 'S'] GAIN=0
  buy [12270, 14584, 22044, 29125]       minbreak=4 B=[2554, 6816, 8124, 'S'] GAIN=0
  buy [12270, 18673, 22044, 29125]       minbreak=4 B=[2554, 6816, 8124, 'S'] GAIN=0
  buy [12350, 14584, 18673, 22044]       minbreak=4 B=[2554, 6816, 8124, 9123] GAIN=0
  buy [12350, 14584, 18673, 29125]       minbreak=4 B=[2554, 6816, 8124, 'S'] GAIN=0
  buy [12350, 14584, 22044, 29125]       minbreak=4 B=[2554, 6816, 8124, 'S'] GAIN=0
  buy [12350, 18673, 22044, 29125]       minbreak=4 B=[2554, 6816, 8124, 'S'] GAIN=0
  buy [14584, 18673, 22044, 29125]       minbreak=4 B=[2554, 6816, 8124, 'S'] GAIN=0
  buy [12231, 12270, 12350, 14584, 18673] minbreak=5 B=[2554, 6816, 8124, 9123, 9421] GAIN=0
  buy [12231, 12270, 12350, 14584, 22044] minbreak=5 B=[2554, 6816, 8124, 9123, 9421] GAIN=0
  buy [12231, 12270, 12350, 14584, 29125] minbreak=5 B=[2554, 6816, 8124, 9123, 'S'] GAIN=0
  buy [12231, 12270, 12350, 18673, 22044] minbreak=5 B=[2554, 6816, 8124, 9123, 9421] GAIN=0
  buy [12231, 12270, 12350, 18673, 29125] minbreak=5 B=[2554, 6816, 8124, 9123, 'S'] GAIN=0
  buy [12231, 12270, 12350, 22044, 29125] minbreak=5 B=[2554, 6816, 8124, 9123, 'S'] GAIN=0
  buy [12231, 12270, 14584, 18673, 22044] minbreak=5 B=[2554, 6816, 8124, 9123, 9421] GAIN=0
  buy [12231, 12270, 14584, 18673, 29125] minbreak=5 B=[2554, 6816, 8124, 9123, 'S'] GAIN=0
  buy [12231, 12270, 14584, 22044, 29125] minbreak=5 B=[2554, 6816, 8124, 9123, 'S'] GAIN=0
  buy [12231, 12270, 18673, 22044, 29125] minbreak=5 B=[2554, 6816, 8124, 9123, 'S'] GAIN=0
  buy [12231, 12350, 14584, 18673, 22044] minbreak=5 B=[2554, 6816, 8124, 9123, 9421] GAIN=0
  buy [12231, 12350, 14584, 18673, 29125] minbreak=5 B=[2554, 6816, 8124, 9123, 'S'] GAIN=0
  buy [12231, 12350, 14584, 22044, 29125] minbreak=5 B=[2554, 6816, 8124, 9123, 'S'] GAIN=0
  buy [12231, 12350, 18673, 22044, 29125] minbreak=5 B=[2554, 6816, 8124, 9123, 'S'] GAIN=0
  buy [12231, 14584, 18673, 22044, 29125] minbreak=5 B=[2554, 6816, 8124, 9123, 'S'] GAIN=0
  buy [12270, 12350, 14584, 18673, 22044] minbreak=5 B=[2554, 6816, 8124, 9123, 9421] GAIN=0
  buy [12270, 12350, 14584, 18673, 29125] minbreak=5 B=[2554, 6816, 8124, 9123, 'S'] GAIN=0
  buy [12270, 12350, 14584, 22044, 29125] minbreak=5 B=[2554, 6816, 8124, 9123, 'S'] GAIN=0
  buy [12270, 12350, 18673, 22044, 29125] minbreak=5 B=[2554, 6816, 8124, 9123, 'S'] GAIN=0
  buy [12270, 14584, 18673, 22044, 29125] minbreak=5 B=[2554, 6816, 8124, 9123, 'S'] GAIN=0
  buy [12350, 14584, 18673, 22044, 29125] minbreak=5 B=[2554, 6816, 8124, 9123, 'S'] GAIN=0
  buy [12231, 12270, 12350, 14584, 18673, 22044] minbreak=6 B=[2554, 6816, 8124, 9123, 9421, 'S'] GAIN=0
  buy [12231, 12270, 12350, 14584, 18673, 29125] minbreak=6 B=[2554, 6816, 8124, 9123, 9421, 'S'] GAIN=0
  buy [12231, 12270, 12350, 14584, 22044, 29125] minbreak=6 B=[2554, 6816, 8124, 9123, 9421, 'S'] GAIN=0
  buy [12231, 12270, 12350, 18673, 22044, 29125] minbreak=6 B=[2554, 6816, 8124, 9123, 9421, 'S'] GAIN=0
  buy [12231, 12270, 14584, 18673, 22044, 29125] minbreak=6 B=[2554, 6816, 8124, 9123, 9421, 'S'] GAIN=0
  buy [12231, 12350, 14584, 18673, 22044, 29125] minbreak=6 B=[2554, 6816, 8124, 9123, 9421, 'S'] GAIN=0
  buy [12270, 12350, 14584, 18673, 22044, 29125] minbreak=6 B=[2554, 6816, 8124, 9123, 9421, 'S'] GAIN=0
  buy [12231, 12270, 12350, 14584, 18673, 22044, 29125] minbreak=None B=None GAIN=None

BEST GAIN over all 127 bought-sets and all 64 essential break-sets: (0, None)
elapsed 105s
