    core 1 size 20 = [5225, 5916, 6494, 6816, 697, 8124, 8154, 8198, 8273, 8470, 8687, 9035]   (|B| tried 0, 169 solves)
    core 2 size 20 = [37431, 5916, 6494, 6816, 697, 8124, 8154, 8198, 8273, 8470, 8687, 9035]   (|B| tried 1, 337 solves)
    core 3 size 20 = [4096, 5225, 6494, 6816, 697, 8124, 8154, 8198, 8273, 8470, 8687, 9035]   (|B| tried 1, 505 solves)
    core 4 size 20 = [4096, 5225, 5916, 6816, 697, 8124, 8154, 8198, 8273, 8470, 8687, 9035]   (|B| tried 1, 672 solves)
    core 5 size 20 = [2554, 5225, 5916, 6494, 697, 8124, 8154, 8198, 8273, 8470, 8687, 9035]   (|B| tried 1, 840 solves)
    core 6 size 20 = [37431, 5225, 5916, 6494, 6816, 8124, 8154, 8198, 8273, 8470, 8687, 9035]   (|B| tried 1, 1008 solves)
    core 7 size 20 = [2554, 5225, 5916, 6494, 6816, 697, 8154, 8198, 8273, 8470, 8687, 9035]   (|B| tried 1, 1176 solves)
    core 8 size 20 = [5225, 5916, 6494, 6816, 697, 7425, 8124, 8198, 8273, 8470, 8687, 9035]   (|B| tried 1, 1344 solves)
    core 9 size 20 = [5225, 5916, 6494, 6816, 697, 7425, 8124, 8154, 8273, 8470, 8687, 9035]   (|B| tried 1, 1511 solves)
    core 10 size 20 = [5225, 5916, 6494, 6816, 697, 7425, 8124, 8154, 8198, 8470, 8687, 9035]   (|B| tried 1, 1677 solves)
    core 11 size 20 = [5225, 5916, 6494, 6816, 697, 7425, 8124, 8154, 8198, 8273, 8687, 9035]   (|B| tried 1, 1845 solves)
    core 12 size 20 = [4096, 5225, 5916, 6494, 6816, 697, 8124, 8154, 8198, 8273, 8470, 9035]   (|B| tried 1, 2013 solves)
    core 13 size 20 = [5225, 5916, 6494, 6816, 697, 7425, 8124, 8154, 8198, 8273, 8470, 8687]   (|B| tried 1, 2181 solves)
    core 14 size 20 = [2554, 5225, 5916, 6494, 6816, 697, 8124, 8154, 8198, 8273, 8470, 8687]   (|B| tried 1, 2349 solves)
    core 15 size 20 = [5225, 5916, 6494, 6816, 697, 7425, 8124, 8154, 8198, 8273, 8470, 8687]   (|B| tried 1, 2516 solves)
    core 16 size 20 = [2554, 5225, 5916, 6494, 6816, 697, 8124, 8154, 8198, 8273, 8470, 8687]   (|B| tried 1, 2683 solves)
    core 17 size 20 = [5225, 5916, 6494, 6816, 697, 8124, 8154, 8198, 8273, 8470, 8687, 9035]   (|B| tried 1, 2850 solves)
    core 18 size 20 = [5225, 5916, 6494, 6816, 697, 7425, 8124, 8154, 8198, 8273, 8470, 8687]   (|B| tried 1, 3018 solves)
    core 19 size 20 = [5225, 5916, 6494, 6816, 697, 7425, 8124, 8154, 8198, 8273, 8470, 8687]   (|B| tried 1, 3185 solves)
    core 20 size 20 = [4096, 5225, 5916, 6494, 6816, 697, 8124, 8154, 8198, 8273, 8470, 8687]   (|B| tried 1, 3353 solves)
    core 21 size 20 = [2554, 5225, 5916, 6494, 6816, 697, 8124, 8154, 8198, 8273, 8470, 8687]   (|B| tried 1, 3521 solves)
buy [12231, 12270]                     : minbreak > 1  -> NO GAIN  ({'cores': 21, 'coresizes': [20, 20, 20, 20, 20, 20, 20, 20, 20, 20, 20, 20, 20, 20, 20, 20, 20, 20, 20, 20, 20], 'solves': 3521}, 55s)
    core 1 size 20 = [5225, 5916, 6494, 6816, 697, 8124, 8154, 8198, 8273, 8470, 8687, 9035]   (|B| tried 0, 169 solves)
    core 2 size 20 = [37431, 5916, 6494, 6816, 697, 8124, 8154, 8198, 8273, 8470, 8687, 9035]   (|B| tried 1, 337 solves)
    core 3 size 20 = [4096, 5225, 6494, 6816, 697, 8124, 8154, 8198, 8273, 8470, 8687, 9035]   (|B| tried 1, 505 solves)
    core 4 size 20 = [4096, 5225, 5916, 6816, 697, 8124, 8154, 8198, 8273, 8470, 8687, 9035]   (|B| tried 1, 672 solves)
    core 5 size 20 = [2554, 5225, 5916, 6494, 697, 8124, 8154, 8198, 8273, 8470, 8687, 9035]   (|B| tried 1, 840 solves)
    core 6 size 20 = [37431, 5225, 5916, 6494, 6816, 8124, 8154, 8198, 8273, 8470, 8687, 9035]   (|B| tried 1, 1008 solves)
    core 7 size 20 = [2554, 5225, 5916, 6494, 6816, 697, 8154, 8198, 8273, 8470, 8687, 9035]   (|B| tried 1, 1176 solves)
    core 8 size 20 = [5225, 5916, 6494, 6816, 697, 7425, 8124, 8198, 8273, 8470, 8687, 9035]   (|B| tried 1, 1344 solves)
    core 9 size 20 = [5225, 5916, 6494, 6816, 697, 7425, 8124, 8154, 8273, 8470, 8687, 9035]   (|B| tried 1, 1511 solves)
    core 10 size 20 = [5225, 5916, 6494, 6816, 697, 7425, 8124, 8154, 8198, 8470, 8687, 9035]   (|B| tried 1, 1677 solves)
    core 11 size 20 = [5225, 5916, 6494, 6816, 697, 7425, 8124, 8154, 8198, 8273, 8687, 9035]   (|B| tried 1, 1845 solves)
    core 12 size 20 = [4096, 5225, 5916, 6494, 6816, 697, 8124, 8154, 8198, 8273, 8470, 9035]   (|B| tried 1, 2013 solves)
    core 13 size 20 = [5225, 5916, 6494, 6816, 697, 7425, 8124, 8154, 8198, 8273, 8470, 8687]   (|B| tried 1, 2181 solves)
    core 14 size 20 = [2554, 5225, 5916, 6494, 6816, 697, 8124, 8154, 8198, 8273, 8470, 8687]   (|B| tried 1, 2349 solves)
    core 15 size 20 = [5225, 5916, 6494, 6816, 697, 7425, 8124, 8154, 8198, 8273, 8470, 8687]   (|B| tried 1, 2516 solves)
    core 16 size 20 = [2554, 5225, 5916, 6494, 6816, 697, 8124, 8154, 8198, 8273, 8470, 8687]   (|B| tried 1, 2683 solves)
    core 17 size 20 = [5225, 5916, 6494, 6816, 697, 8124, 8154, 8198, 8273, 8470, 8687, 9035]   (|B| tried 1, 2850 solves)
    core 18 size 20 = [5225, 5916, 6494, 6816, 697, 7425, 8124, 8154, 8198, 8273, 8470, 8687]   (|B| tried 1, 3018 solves)
    core 19 size 20 = [5225, 5916, 6494, 6816, 697, 7425, 8124, 8154, 8198, 8273, 8470, 8687]   (|B| tried 1, 3185 solves)
    core 20 size 20 = [4096, 5225, 5916, 6494, 6816, 697, 8124, 8154, 8198, 8273, 8470, 8687]   (|B| tried 1, 3353 solves)
    core 21 size 20 = [2554, 5225, 5916, 6494, 6816, 697, 8124, 8154, 8198, 8273, 8470, 8687]   (|B| tried 1, 3521 solves)
buy [12231, 12350]                     : minbreak > 1  -> NO GAIN  ({'cores': 21, 'coresizes': [20, 20, 20, 20, 20, 20, 20, 20, 20, 20, 20, 20, 20, 20, 20, 20, 20, 20, 20, 20, 20], 'solves': 3521}, 49s)
    core 1 size 20 = [5225, 5916, 6494, 6816, 697, 8124, 8154, 8198, 8273, 8470, 8687, 9035]   (|B| tried 0, 169 solves)
    core 2 size 20 = [37431, 5916, 6494, 6816, 697, 8124, 8154, 8198, 8273, 8470, 8687, 9035]   (|B| tried 1, 337 solves)
    core 3 size 20 = [4096, 5225, 6494, 6816, 697, 8124, 8154, 8198, 8273, 8470, 8687, 9035]   (|B| tried 1, 505 solves)
    core 4 size 20 = [4096, 5225, 5916, 6816, 697, 8124, 8154, 8198, 8273, 8470, 8687, 9035]   (|B| tried 1, 672 solves)
    core 5 size 20 = [28754, 31423, 35561, 4096, 5225, 5916, 6494, 697, 8124, 8154, 8273, 8470]   (|B| tried 1, 840 solves)
    core 6 size 20 = [37431, 5225, 5916, 6494, 6816, 8124, 8154, 8198, 8273, 8470, 8687, 9035]   (|B| tried 1, 1008 solves)
    core 7 size 20 = [2554, 5225, 5916, 6494, 6816, 697, 8154, 8198, 8273, 8470, 8687, 9035]   (|B| tried 1, 1176 solves)
    core 8 size 20 = [5225, 5916, 6494, 6816, 697, 7425, 8124, 8198, 8273, 8470, 8687, 9035]   (|B| tried 1, 1344 solves)
    core 9 size 20 = [5225, 5916, 6494, 6816, 697, 7425, 8124, 8154, 8198, 8470, 8687, 9035]   (|B| tried 1, 1511 solves)
    core 10 size 20 = [5225, 5916, 6494, 6816, 697, 7425, 8124, 8154, 8198, 8273, 8687, 9035]   (|B| tried 1, 1679 solves)
    core 11 size 20 = [4096, 5225, 5916, 6494, 6816, 697, 8124, 8154, 8198, 8273, 8470, 9035]   (|B| tried 1, 1847 solves)
    core 12 size 20 = [5225, 5916, 6494, 6816, 697, 7425, 8124, 8154, 8198, 8273, 8470, 8687]   (|B| tried 1, 2015 solves)
    core 13 size 20 = [2554, 5225, 5916, 6494, 6816, 697, 8124, 8154, 8198, 8273, 8470, 8687]   (|B| tried 1, 2183 solves)
    core 14 size 20 = [5225, 5916, 6494, 6816, 697, 7425, 8124, 8154, 8198, 8273, 8470, 8687]   (|B| tried 1, 2350 solves)
    core 15 size 20 = [5225, 5916, 6494, 6816, 697, 7425, 8124, 8154, 8198, 8273, 8470, 8687]   (|B| tried 1, 2518 solves)
    core 16 size 20 = [5225, 5916, 6494, 6816, 697, 7425, 8124, 8154, 8198, 8273, 8470, 8687]   (|B| tried 1, 2685 solves)
    core 17 size 20 = [4096, 5225, 5916, 6494, 6816, 697, 8124, 8154, 8198, 8273, 8470, 8687]   (|B| tried 1, 2853 solves)
    core 18 size 20 = [2554, 5225, 5916, 6494, 6816, 697, 8124, 8154, 8198, 8273, 8470, 8687]   (|B| tried 1, 3021 solves)
buy [12231, 14584]                     : minbreak > 1  -> NO GAIN  ({'cores': 18, 'coresizes': [20, 20, 20, 20, 20, 20, 20, 20, 20, 20, 20, 20, 20, 20, 20, 20, 20, 20], 'solves': 3021}, 35s)
    core 1 size 20 = [5225, 5916, 6494, 6816, 697, 8124, 8154, 8198, 8273, 8470, 8687, 9035]   (|B| tried 0, 169 solves)
    core 2 size 20 = [37431, 5916, 6494, 6816, 697, 8124, 8154, 8198, 8273, 8470, 8687, 9035]   (|B| tried 1, 337 solves)
    core 3 size 20 = [4096, 5225, 6494, 6816, 697, 8124, 8154, 8198, 8273, 8470, 8687, 9035]   (|B| tried 1, 505 solves)
    core 4 size 20 = [4096, 5225, 5916, 6816, 697, 8124, 8154, 8198, 8273, 8470, 8687, 9035]   (|B| tried 1, 672 solves)
    core 5 size 20 = [2554, 5225, 5916, 6494, 697, 8124, 8154, 8198, 8273, 8470, 8687, 9035]   (|B| tried 1, 840 solves)
    core 6 size 20 = [37431, 5225, 5916, 6494, 6816, 8124, 8154, 8198, 8273, 8470, 8687, 9035]   (|B| tried 1, 1008 solves)
    core 7 size 20 = [2554, 5225, 5916, 6494, 6816, 697, 8154, 8198, 8273, 8470, 8687, 9035]   (|B| tried 1, 1176 solves)
    core 8 size 20 = [5225, 5916, 6494, 6816, 697, 7425, 8124, 8198, 8273, 8470, 8687, 9035]   (|B| tried 1, 1344 solves)
    core 9 size 20 = [5225, 5916, 6494, 6816, 697, 7425, 8124, 8154, 8273, 8470, 8687, 9035]   (|B| tried 1, 1511 solves)
    core 10 size 20 = [5225, 5916, 6494, 6816, 697, 7425, 8124, 8154, 8198, 8470, 8687, 9035]   (|B| tried 1, 1677 solves)
    core 11 size 20 = [5225, 5916, 6494, 6816, 697, 7425, 8124, 8154, 8198, 8273, 8687, 9035]   (|B| tried 1, 1845 solves)
    core 12 size 20 = [4096, 5225, 5916, 6494, 6816, 697, 8124, 8154, 8198, 8273, 8470, 9035]   (|B| tried 1, 2013 solves)
    core 13 size 20 = [5225, 5916, 6494, 6816, 697, 7425, 8124, 8154, 8198, 8273, 8470, 8687]   (|B| tried 1, 2181 solves)
    core 14 size 20 = [2554, 5225, 5916, 6494, 6816, 697, 8124, 8154, 8198, 8273, 8470, 8687]   (|B| tried 1, 2349 solves)
    core 15 size 20 = [5225, 5916, 6494, 6816, 697, 7425, 8124, 8154, 8198, 8273, 8470, 8687]   (|B| tried 1, 2516 solves)
    core 16 size 20 = [2554, 5225, 5916, 6494, 6816, 697, 8124, 8154, 8198, 8273, 8470, 8687]   (|B| tried 1, 2683 solves)
    core 17 size 20 = [5225, 5916, 6494, 6816, 697, 8124, 8154, 8198, 8273, 8470, 8687, 9035]   (|B| tried 1, 2850 solves)
    core 18 size 20 = [5225, 5916, 6494, 6816, 697, 7425, 8124, 8154, 8198, 8273, 8470, 8687]   (|B| tried 1, 3018 solves)
    core 19 size 20 = [5225, 5916, 6494, 6816, 697, 7425, 8124, 8154, 8198, 8273, 8470, 8687]   (|B| tried 1, 3185 solves)
    core 20 size 20 = [4096, 5225, 5916, 6494, 6816, 697, 8124, 8154, 8198, 8273, 8470, 8687]   (|B| tried 1, 3353 solves)
    core 21 size 20 = [2554, 5225, 5916, 6494, 6816, 697, 8124, 8154, 8198, 8273, 8470, 8687]   (|B| tried 1, 3521 solves)
buy [12231, 18673]                     : minbreak > 1  -> NO GAIN  ({'cores': 21, 'coresizes': [20, 20, 20, 20, 20, 20, 20, 20, 20, 20, 20, 20, 20, 20, 20, 20, 20, 20, 20, 20, 20], 'solves': 3521}, 28s)
    core 1 size 20 = [5225, 5916, 6494, 6816, 697, 8124, 8154, 8198, 8273, 8470, 8687, 9035]   (|B| tried 0, 169 solves)
    core 2 size 20 = [37431, 5916, 6494, 6816, 697, 8124, 8154, 8198, 8273, 8470, 8687, 9035]   (|B| tried 1, 337 solves)
    core 3 size 20 = [4096, 5225, 6494, 6816, 697, 8124, 8154, 8198, 8273, 8470, 8687, 9035]   (|B| tried 1, 505 solves)
    core 4 size 20 = [4096, 5225, 5916, 6816, 697, 8124, 8154, 8198, 8273, 8470, 8687, 9035]   (|B| tried 1, 672 solves)
    core 5 size 17 = [2554, 5225, 5916, 6494, 697, 8154, 8198, 8273, 8470, 8687, 9035, 9346]   (|B| tried 1, 840 solves)
    core 6 size 20 = [37431, 5225, 5916, 6494, 6816, 8124, 8154, 8198, 8273, 8470, 8687, 9035]   (|B| tried 1, 1008 solves)
    core 7 size 20 = [5225, 5916, 6494, 6816, 697, 7425, 8124, 8198, 8273, 8470, 8687, 9035]   (|B| tried 1, 1176 solves)
    core 8 size 20 = [5225, 5916, 6494, 6816, 697, 7425, 8124, 8154, 8273, 8470, 8687, 9035]   (|B| tried 1, 1343 solves)
    core 9 size 20 = [5225, 5916, 6494, 6816, 697, 7425, 8124, 8154, 8198, 8470, 8687, 9035]   (|B| tried 1, 1509 solves)
    core 10 size 20 = [5225, 5916, 6494, 6816, 697, 7425, 8124, 8154, 8198, 8273, 8687, 9035]   (|B| tried 1, 1677 solves)
    core 11 size 20 = [4096, 5225, 5916, 6494, 6816, 697, 8124, 8154, 8198, 8273, 8470, 9035]   (|B| tried 1, 1845 solves)
    core 12 size 20 = [5225, 5916, 6494, 6816, 697, 7425, 8124, 8154, 8198, 8273, 8470, 8687]   (|B| tried 1, 2013 solves)
    core 13 size 20 = [5225, 5916, 6494, 6816, 697, 7425, 8124, 8154, 8198, 8273, 8470, 8687]   (|B| tried 1, 2180 solves)
    core 14 size 20 = [5225, 5916, 6494, 6816, 697, 8124, 8154, 8198, 8273, 8470, 8687, 9035]   (|B| tried 1, 2347 solves)
    core 15 size 20 = [5225, 5916, 6494, 6816, 697, 7425, 8124, 8154, 8198, 8273, 8470, 8687]   (|B| tried 1, 2515 solves)
    core 16 size 20 = [5225, 5916, 6494, 6816, 697, 7425, 8124, 8154, 8198, 8273, 8470, 8687]   (|B| tried 1, 2682 solves)
    core 17 size 20 = [4096, 5225, 5916, 6494, 6816, 697, 8124, 8154, 8198, 8273, 8470, 8687]   (|B| tried 1, 2850 solves)
    core 18 size 20 = [2554, 5225, 5916, 6494, 6816, 697, 8124, 8154, 8198, 8273, 8470, 8687]   (|B| tried 1, 3018 solves)
buy [12231, 22044]                     : minbreak > 1  -> NO GAIN  ({'cores': 18, 'coresizes': [17, 20, 20, 20, 20, 20, 20, 20, 20, 20, 20, 20, 20, 20, 20, 20, 20, 20], 'solves': 3018}, 34s)
    core 1 size 16 = [5225, 5916, 6494, 697, 8154, 8198, 8273, 8470, 8687, 9035, 9346, 9648]   (|B| tried 0, 169 solves)
    core 2 size 15 = [37431, 5916, 6494, 8154, 8198, 8273, 8470, 8687, 9035, 9346, 9648, 9650]   (|B| tried 1, 337 solves)
    core 3 size 16 = [4096, 5225, 6494, 697, 8154, 8198, 8273, 8470, 8687, 9035, 9346, 9648]   (|B| tried 1, 505 solves)
    core 4 size 16 = [4096, 5225, 5916, 697, 8154, 8198, 8273, 8470, 8687, 9035, 9346, 9648]   (|B| tried 1, 672 solves)
    core 5 size 16 = [5225, 5916, 6494, 697, 7425, 8198, 8273, 8470, 8687, 9035, 9346, 9648]   (|B| tried 1, 840 solves)
    core 6 size 16 = [5225, 5916, 6494, 697, 7425, 8154, 8273, 8470, 8687, 9035, 9346, 9648]   (|B| tried 1, 1007 solves)
    core 7 size 16 = [5225, 5916, 6494, 697, 7425, 8154, 8198, 8470, 8687, 9035, 9346, 9648]   (|B| tried 1, 1173 solves)
    core 8 size 16 = [5225, 5916, 6494, 697, 7425, 8154, 8198, 8273, 8687, 9035, 9346, 9648]   (|B| tried 1, 1341 solves)
    core 9 size 16 = [4096, 5225, 5916, 6494, 697, 8154, 8198, 8273, 8470, 9035, 9346, 9648]   (|B| tried 1, 1509 solves)
    core 10 size 16 = [5225, 5916, 6494, 697, 7425, 8154, 8198, 8273, 8470, 8687, 9346, 9648]   (|B| tried 1, 1677 solves)
    core 11 size 16 = [5225, 5916, 6494, 697, 7425, 8154, 8198, 8273, 8470, 8687, 9035, 9648]   (|B| tried 1, 1845 solves)
    core 12 size 16 = [5225, 5916, 6494, 697, 8154, 8198, 8273, 8470, 8687, 9035, 9346, 9549]   (|B| tried 1, 2012 solves)
    core 13 size 16 = [5225, 5916, 6494, 697, 7425, 8154, 8198, 8273, 8470, 8687, 9035, 9346]   (|B| tried 1, 2180 solves)
    core 14 size 16 = [5225, 5916, 6494, 697, 7425, 8154, 8198, 8273, 8470, 8687, 9035, 9346]   (|B| tried 1, 2347 solves)
    core 15 size 16 = [4096, 5225, 5916, 6494, 697, 8154, 8198, 8273, 8470, 8687, 9035, 9346]   (|B| tried 1, 2515 solves)
    core 16 size 20 = [2554, 5225, 5916, 6494, 6816, 697, 8124, 8154, 8198, 8273, 8470, 8687]   (|B| tried 1, 2683 solves)
buy [12231, 29125]                     : minbreak > 1  -> NO GAIN  ({'cores': 16, 'coresizes': [15, 16, 16, 16, 16, 16, 16, 16, 16, 16, 16, 16, 16, 16, 16, 20], 'solves': 2683}, 19s)
    core 1 size 20 = [5225, 5916, 6494, 6816, 697, 8124, 8154, 8198, 8273, 8470, 8687, 9035]   (|B| tried 0, 169 solves)
    core 2 size 20 = [37431, 5916, 6494, 6816, 697, 8124, 8154, 8198, 8273, 8470, 8687, 9035]   (|B| tried 1, 337 solves)
    core 3 size 20 = [4096, 5225, 6494, 6816, 697, 8124, 8154, 8198, 8273, 8470, 8687, 9035]   (|B| tried 1, 505 solves)
    core 4 size 20 = [4096, 5225, 5916, 6816, 697, 8124, 8154, 8198, 8273, 8470, 8687, 9035]   (|B| tried 1, 672 solves)
    core 5 size 20 = [2554, 5225, 5916, 6494, 697, 8124, 8154, 8198, 8273, 8470, 8687, 9035]   (|B| tried 1, 840 solves)
    core 6 size 20 = [37431, 5225, 5916, 6494, 6816, 8124, 8154, 8198, 8273, 8470, 8687, 9035]   (|B| tried 1, 1008 solves)
    core 7 size 20 = [2554, 5225, 5916, 6494, 6816, 697, 8154, 8198, 8273, 8470, 8687, 9035]   (|B| tried 1, 1176 solves)
    core 8 size 20 = [5225, 5916, 6494, 6816, 697, 7425, 8124, 8198, 8273, 8470, 8687, 9035]   (|B| tried 1, 1344 solves)
    core 9 size 20 = [5225, 5916, 6494, 6816, 697, 7425, 8124, 8154, 8273, 8470, 8687, 9035]   (|B| tried 1, 1511 solves)
    core 10 size 20 = [5225, 5916, 6494, 6816, 697, 7425, 8124, 8154, 8198, 8470, 8687, 9035]   (|B| tried 1, 1677 solves)
    core 11 size 20 = [5225, 5916, 6494, 6816, 697, 7425, 8124, 8154, 8198, 8273, 8687, 9035]   (|B| tried 1, 1845 solves)
    core 12 size 20 = [4096, 5225, 5916, 6494, 6816, 697, 8124, 8154, 8198, 8273, 8470, 9035]   (|B| tried 1, 2013 solves)
    core 13 size 20 = [5225, 5916, 6494, 6816, 697, 7425, 8124, 8154, 8198, 8273, 8470, 8687]   (|B| tried 1, 2181 solves)
    core 14 size 20 = [2554, 5225, 5916, 6494, 6816, 697, 8124, 8154, 8198, 8273, 8470, 8687]   (|B| tried 1, 2349 solves)
    core 15 size 20 = [5225, 5916, 6494, 6816, 697, 7425, 8124, 8154, 8198, 8273, 8470, 8687]   (|B| tried 1, 2516 solves)
    core 16 size 20 = [2554, 5225, 5916, 6494, 6816, 697, 8124, 8154, 8198, 8273, 8470, 8687]   (|B| tried 1, 2683 solves)
    core 17 size 20 = [5225, 5916, 6494, 6816, 697, 8124, 8154, 8198, 8273, 8470, 8687, 9035]   (|B| tried 1, 2850 solves)
    core 18 size 20 = [5225, 5916, 6494, 6816, 697, 7425, 8124, 8154, 8198, 8273, 8470, 8687]   (|B| tried 1, 3018 solves)
    core 19 size 20 = [5225, 5916, 6494, 6816, 697, 7425, 8124, 8154, 8198, 8273, 8470, 8687]   (|B| tried 1, 3185 solves)
    core 20 size 20 = [4096, 5225, 5916, 6494, 6816, 697, 8124, 8154, 8198, 8273, 8470, 8687]   (|B| tried 1, 3353 solves)
    core 21 size 20 = [2554, 5225, 5916, 6494, 6816, 697, 8124, 8154, 8198, 8273, 8470, 8687]   (|B| tried 1, 3521 solves)
buy [12270, 12350]                     : minbreak > 1  -> NO GAIN  ({'cores': 21, 'coresizes': [20, 20, 20, 20, 20, 20, 20, 20, 20, 20, 20, 20, 20, 20, 20, 20, 20, 20, 20, 20, 20], 'solves': 3521}, 43s)
    core 1 size 20 = [5225, 5916, 6494, 6816, 697, 8124, 8154, 8198, 8273, 8470, 8687, 9035]   (|B| tried 0, 169 solves)
    core 2 size 20 = [37431, 5916, 6494, 6816, 697, 8124, 8154, 8198, 8273, 8470, 8687, 9035]   (|B| tried 1, 337 solves)
    core 3 size 20 = [4096, 5225, 6494, 6816, 697, 8124, 8154, 8198, 8273, 8470, 8687, 9035]   (|B| tried 1, 505 solves)
    core 4 size 20 = [4096, 5225, 5916, 6816, 697, 8124, 8154, 8198, 8273, 8470, 8687, 9035]   (|B| tried 1, 672 solves)
    core 5 size 20 = [2554, 5225, 5916, 6494, 697, 8124, 8154, 8198, 8273, 8470, 8687, 9035]   (|B| tried 1, 840 solves)
    core 6 size 20 = [37431, 5225, 5916, 6494, 6816, 8124, 8154, 8198, 8273, 8470, 8687, 9035]   (|B| tried 1, 1008 solves)
    core 7 size 20 = [2554, 5225, 5916, 6494, 6816, 697, 8154, 8198, 8273, 8470, 8687, 9035]   (|B| tried 1, 1176 solves)
    core 8 size 20 = [5225, 5916, 6494, 6816, 697, 7425, 8124, 8198, 8273, 8470, 8687, 9035]   (|B| tried 1, 1344 solves)
    core 9 size 20 = [5225, 5916, 6494, 6816, 697, 7425, 8124, 8154, 8273, 8470, 8687, 9035]   (|B| tried 1, 1511 solves)
    core 10 size 20 = [5225, 5916, 6494, 6816, 697, 7425, 8124, 8154, 8198, 8470, 8687, 9035]   (|B| tried 1, 1677 solves)
    core 11 size 20 = [5225, 5916, 6494, 6816, 697, 7425, 8124, 8154, 8198, 8273, 8687, 9035]   (|B| tried 1, 1845 solves)
    core 12 size 20 = [4096, 5225, 5916, 6494, 6816, 697, 8124, 8154, 8198, 8273, 8470, 9035]   (|B| tried 1, 2013 solves)
    core 13 size 20 = [5225, 5916, 6494, 6816, 697, 7425, 8124, 8154, 8198, 8273, 8470, 8687]   (|B| tried 1, 2181 solves)
    core 14 size 20 = [2554, 5225, 5916, 6494, 6816, 697, 8124, 8154, 8198, 8273, 8470, 8687]   (|B| tried 1, 2349 solves)
    core 15 size 20 = [5225, 5916, 6494, 6816, 697, 7425, 8124, 8154, 8198, 8273, 8470, 8687]   (|B| tried 1, 2516 solves)
    core 16 size 20 = [2554, 5225, 5916, 6494, 6816, 697, 8124, 8154, 8198, 8273, 8470, 8687]   (|B| tried 1, 2683 solves)
    core 17 size 20 = [5225, 5916, 6494, 6816, 697, 8124, 8154, 8198, 8273, 8470, 8687, 9035]   (|B| tried 1, 2850 solves)
    core 18 size 20 = [5225, 5916, 6494, 6816, 697, 7425, 8124, 8154, 8198, 8273, 8470, 8687]   (|B| tried 1, 3018 solves)
    core 19 size 20 = [5225, 5916, 6494, 6816, 697, 7425, 8124, 8154, 8198, 8273, 8470, 8687]   (|B| tried 1, 3185 solves)
    core 20 size 20 = [4096, 5225, 5916, 6494, 6816, 697, 8124, 8154, 8198, 8273, 8470, 8687]   (|B| tried 1, 3353 solves)
    core 21 size 20 = [2554, 5225, 5916, 6494, 6816, 697, 8124, 8154, 8198, 8273, 8470, 8687]   (|B| tried 1, 3521 solves)
buy [12270, 14584]                     : minbreak > 1  -> NO GAIN  ({'cores': 21, 'coresizes': [20, 20, 20, 20, 20, 20, 20, 20, 20, 20, 20, 20, 20, 20, 20, 20, 20, 20, 20, 20, 20], 'solves': 3521}, 41s)
    core 1 size 20 = [5225, 5916, 6494, 6816, 697, 8124, 8154, 8198, 8273, 8470, 8687, 9035]   (|B| tried 0, 169 solves)
    core 2 size 20 = [37431, 5916, 6494, 6816, 697, 8124, 8154, 8198, 8273, 8470, 8687, 9035]   (|B| tried 1, 337 solves)
    core 3 size 20 = [4096, 5225, 6494, 6816, 697, 8124, 8154, 8198, 8273, 8470, 8687, 9035]   (|B| tried 1, 505 solves)
    core 4 size 20 = [4096, 5225, 5916, 6816, 697, 8124, 8154, 8198, 8273, 8470, 8687, 9035]   (|B| tried 1, 672 solves)
    core 5 size 20 = [2554, 5225, 5916, 6494, 697, 8124, 8154, 8198, 8273, 8470, 8687, 9035]   (|B| tried 1, 840 solves)
    core 6 size 20 = [37431, 5225, 5916, 6494, 6816, 8124, 8154, 8198, 8273, 8470, 8687, 9035]   (|B| tried 1, 1008 solves)
    core 7 size 20 = [2554, 5225, 5916, 6494, 6816, 697, 8154, 8198, 8273, 8470, 8687, 9035]   (|B| tried 1, 1176 solves)
    core 8 size 20 = [5225, 5916, 6494, 6816, 697, 7425, 8124, 8198, 8273, 8470, 8687, 9035]   (|B| tried 1, 1344 solves)
    core 9 size 20 = [5225, 5916, 6494, 6816, 697, 7425, 8124, 8154, 8273, 8470, 8687, 9035]   (|B| tried 1, 1511 solves)
    core 10 size 20 = [5225, 5916, 6494, 6816, 697, 7425, 8124, 8154, 8198, 8470, 8687, 9035]   (|B| tried 1, 1677 solves)
    core 11 size 20 = [5225, 5916, 6494, 6816, 697, 7425, 8124, 8154, 8198, 8273, 8687, 9035]   (|B| tried 1, 1845 solves)
    core 12 size 20 = [4096, 5225, 5916, 6494, 6816, 697, 8124, 8154, 8198, 8273, 8470, 9035]   (|B| tried 1, 2013 solves)
    core 13 size 20 = [5225, 5916, 6494, 6816, 697, 7425, 8124, 8154, 8198, 8273, 8470, 8687]   (|B| tried 1, 2181 solves)
    core 14 size 20 = [2554, 5225, 5916, 6494, 6816, 697, 8124, 8154, 8198, 8273, 8470, 8687]   (|B| tried 1, 2349 solves)
    core 15 size 20 = [5225, 5916, 6494, 6816, 697, 7425, 8124, 8154, 8198, 8273, 8470, 8687]   (|B| tried 1, 2516 solves)
    core 16 size 20 = [2554, 5225, 5916, 6494, 6816, 697, 8124, 8154, 8198, 8273, 8470, 8687]   (|B| tried 1, 2683 solves)
    core 17 size 20 = [5225, 5916, 6494, 6816, 697, 8124, 8154, 8198, 8273, 8470, 8687, 9035]   (|B| tried 1, 2850 solves)
    core 18 size 20 = [5225, 5916, 6494, 6816, 697, 7425, 8124, 8154, 8198, 8273, 8470, 8687]   (|B| tried 1, 3018 solves)
    core 19 size 20 = [5225, 5916, 6494, 6816, 697, 7425, 8124, 8154, 8198, 8273, 8470, 8687]   (|B| tried 1, 3185 solves)
    core 20 size 20 = [4096, 5225, 5916, 6494, 6816, 697, 8124, 8154, 8198, 8273, 8470, 8687]   (|B| tried 1, 3353 solves)
    core 21 size 20 = [2554, 5225, 5916, 6494, 6816, 697, 8124, 8154, 8198, 8273, 8470, 8687]   (|B| tried 1, 3521 solves)
buy [12270, 18673]                     : minbreak > 1  -> NO GAIN  ({'cores': 21, 'coresizes': [20, 20, 20, 20, 20, 20, 20, 20, 20, 20, 20, 20, 20, 20, 20, 20, 20, 20, 20, 20, 20], 'solves': 3521}, 23s)
    core 1 size 20 = [5225, 5916, 6494, 6816, 697, 8124, 8154, 8198, 8273, 8470, 8687, 9035]   (|B| tried 0, 169 solves)
    core 2 size 20 = [37431, 5916, 6494, 6816, 697, 8124, 8154, 8198, 8273, 8470, 8687, 9035]   (|B| tried 1, 337 solves)
    core 3 size 20 = [4096, 5225, 6494, 6816, 697, 8124, 8154, 8198, 8273, 8470, 8687, 9035]   (|B| tried 1, 505 solves)
    core 4 size 20 = [4096, 5225, 5916, 6816, 697, 8124, 8154, 8198, 8273, 8470, 8687, 9035]   (|B| tried 1, 672 solves)
    core 5 size 17 = [2554, 5225, 5916, 6494, 697, 8154, 8198, 8273, 8470, 8687, 9035, 9346]   (|B| tried 1, 840 solves)
    core 6 size 20 = [37431, 5225, 5916, 6494, 6816, 8124, 8154, 8198, 8273, 8470, 8687, 9035]   (|B| tried 1, 1008 solves)
    core 7 size 20 = [5225, 5916, 6494, 6816, 697, 7425, 8124, 8198, 8273, 8470, 8687, 9035]   (|B| tried 1, 1176 solves)
    core 8 size 20 = [5225, 5916, 6494, 6816, 697, 7425, 8124, 8154, 8273, 8470, 8687, 9035]   (|B| tried 1, 1343 solves)
    core 9 size 20 = [5225, 5916, 6494, 6816, 697, 7425, 8124, 8154, 8198, 8470, 8687, 9035]   (|B| tried 1, 1509 solves)
    core 10 size 20 = [5225, 5916, 6494, 6816, 697, 7425, 8124, 8154, 8198, 8273, 8687, 9035]   (|B| tried 1, 1677 solves)
    core 11 size 20 = [4096, 5225, 5916, 6494, 6816, 697, 8124, 8154, 8198, 8273, 8470, 9035]   (|B| tried 1, 1845 solves)
    core 12 size 20 = [5225, 5916, 6494, 6816, 697, 7425, 8124, 8154, 8198, 8273, 8470, 8687]   (|B| tried 1, 2013 solves)
    core 13 size 20 = [5225, 5916, 6494, 6816, 697, 7425, 8124, 8154, 8198, 8273, 8470, 8687]   (|B| tried 1, 2180 solves)
    core 14 size 20 = [5225, 5916, 6494, 6816, 697, 8124, 8154, 8198, 8273, 8470, 8687, 9035]   (|B| tried 1, 2347 solves)
    core 15 size 20 = [5225, 5916, 6494, 6816, 697, 7425, 8124, 8154, 8198, 8273, 8470, 8687]   (|B| tried 1, 2515 solves)
    core 16 size 20 = [5225, 5916, 6494, 6816, 697, 7425, 8124, 8154, 8198, 8273, 8470, 8687]   (|B| tried 1, 2682 solves)
    core 17 size 20 = [4096, 5225, 5916, 6494, 6816, 697, 8124, 8154, 8198, 8273, 8470, 8687]   (|B| tried 1, 2850 solves)
    core 18 size 20 = [2554, 5225, 5916, 6494, 6816, 697, 8124, 8154, 8198, 8273, 8470, 8687]   (|B| tried 1, 3018 solves)
buy [12270, 22044]                     : minbreak > 1  -> NO GAIN  ({'cores': 18, 'coresizes': [17, 20, 20, 20, 20, 20, 20, 20, 20, 20, 20, 20, 20, 20, 20, 20, 20, 20], 'solves': 3018}, 38s)
    core 1 size 16 = [5225, 5916, 6494, 697, 8154, 8198, 8273, 8470, 8687, 9035, 9346, 9648]   (|B| tried 0, 169 solves)
    core 2 size 15 = [37431, 5916, 6494, 8154, 8198, 8273, 8470, 8687, 9035, 9346, 9648, 9650]   (|B| tried 1, 337 solves)
    core 3 size 16 = [4096, 5225, 6494, 697, 8154, 8198, 8273, 8470, 8687, 9035, 9346, 9648]   (|B| tried 1, 505 solves)
    core 4 size 16 = [4096, 5225, 5916, 697, 8154, 8198, 8273, 8470, 8687, 9035, 9346, 9648]   (|B| tried 1, 672 solves)
    core 5 size 16 = [5225, 5916, 6494, 697, 7425, 8198, 8273, 8470, 8687, 9035, 9346, 9648]   (|B| tried 1, 840 solves)
    core 6 size 16 = [5225, 5916, 6494, 697, 7425, 8154, 8273, 8470, 8687, 9035, 9346, 9648]   (|B| tried 1, 1007 solves)
    core 7 size 16 = [5225, 5916, 6494, 697, 7425, 8154, 8198, 8470, 8687, 9035, 9346, 9648]   (|B| tried 1, 1173 solves)
    core 8 size 16 = [5225, 5916, 6494, 697, 7425, 8154, 8198, 8273, 8687, 9035, 9346, 9648]   (|B| tried 1, 1341 solves)
    core 9 size 16 = [4096, 5225, 5916, 6494, 697, 8154, 8198, 8273, 8470, 9035, 9346, 9648]   (|B| tried 1, 1509 solves)
    core 10 size 16 = [5225, 5916, 6494, 697, 7425, 8154, 8198, 8273, 8470, 8687, 9346, 9648]   (|B| tried 1, 1677 solves)
    core 11 size 16 = [5225, 5916, 6494, 697, 7425, 8154, 8198, 8273, 8470, 8687, 9035, 9648]   (|B| tried 1, 1845 solves)
    core 12 size 16 = [5225, 5916, 6494, 697, 8154, 8198, 8273, 8470, 8687, 9035, 9346, 9549]   (|B| tried 1, 2012 solves)
    core 13 size 16 = [5225, 5916, 6494, 697, 7425, 8154, 8198, 8273, 8470, 8687, 9035, 9346]   (|B| tried 1, 2180 solves)
    core 14 size 16 = [5225, 5916, 6494, 697, 7425, 8154, 8198, 8273, 8470, 8687, 9035, 9346]   (|B| tried 1, 2347 solves)
    core 15 size 16 = [4096, 5225, 5916, 6494, 697, 8154, 8198, 8273, 8470, 8687, 9035, 9346]   (|B| tried 1, 2515 solves)
    core 16 size 20 = [2554, 5225, 5916, 6494, 6816, 697, 8124, 8154, 8198, 8273, 8470, 8687]   (|B| tried 1, 2683 solves)
buy [12270, 29125]                     : minbreak > 1  -> NO GAIN  ({'cores': 16, 'coresizes': [15, 16, 16, 16, 16, 16, 16, 16, 16, 16, 16, 16, 16, 16, 16, 20], 'solves': 2683}, 19s)
    core 1 size 20 = [5225, 5916, 6494, 6816, 697, 8124, 8154, 8198, 8273, 8470, 8687, 9035]   (|B| tried 0, 169 solves)
    core 2 size 20 = [37431, 5916, 6494, 6816, 697, 8124, 8154, 8198, 8273, 8470, 8687, 9035]   (|B| tried 1, 337 solves)
    core 3 size 20 = [4096, 5225, 6494, 6816, 697, 8124, 8154, 8198, 8273, 8470, 8687, 9035]   (|B| tried 1, 505 solves)
    core 4 size 20 = [4096, 5225, 5916, 6816, 697, 8124, 8154, 8198, 8273, 8470, 8687, 9035]   (|B| tried 1, 672 solves)
    core 5 size 20 = [2554, 5225, 5916, 6494, 697, 8124, 8154, 8198, 8273, 8470, 8687, 9035]   (|B| tried 1, 840 solves)
    core 6 size 20 = [37431, 5225, 5916, 6494, 6816, 8124, 8154, 8198, 8273, 8470, 8687, 9035]   (|B| tried 1, 1008 solves)
    core 7 size 20 = [2554, 5225, 5916, 6494, 6816, 697, 8154, 8198, 8273, 8470, 8687, 9035]   (|B| tried 1, 1176 solves)
    core 8 size 20 = [5225, 5916, 6494, 6816, 697, 7425, 8124, 8198, 8273, 8470, 8687, 9035]   (|B| tried 1, 1344 solves)
    core 9 size 20 = [5225, 5916, 6494, 6816, 697, 7425, 8124, 8154, 8273, 8470, 8687, 9035]   (|B| tried 1, 1511 solves)
    core 10 size 20 = [5225, 5916, 6494, 6816, 697, 7425, 8124, 8154, 8198, 8470, 8687, 9035]   (|B| tried 1, 1677 solves)
    core 11 size 20 = [5225, 5916, 6494, 6816, 697, 7425, 8124, 8154, 8198, 8273, 8687, 9035]   (|B| tried 1, 1845 solves)
    core 12 size 20 = [4096, 5225, 5916, 6494, 6816, 697, 8124, 8154, 8198, 8273, 8470, 9035]   (|B| tried 1, 2013 solves)
    core 13 size 20 = [5225, 5916, 6494, 6816, 697, 7425, 8124, 8154, 8198, 8273, 8470, 8687]   (|B| tried 1, 2181 solves)
    core 14 size 20 = [2554, 5225, 5916, 6494, 6816, 697, 8124, 8154, 8198, 8273, 8470, 8687]   (|B| tried 1, 2349 solves)
    core 15 size 20 = [5225, 5916, 6494, 6816, 697, 7425, 8124, 8154, 8198, 8273, 8470, 8687]   (|B| tried 1, 2516 solves)
    core 16 size 20 = [2554, 5225, 5916, 6494, 6816, 697, 8124, 8154, 8198, 8273, 8470, 8687]   (|B| tried 1, 2683 solves)
    core 17 size 20 = [5225, 5916, 6494, 6816, 697, 8124, 8154, 8198, 8273, 8470, 8687, 9035]   (|B| tried 1, 2850 solves)
    core 18 size 20 = [5225, 5916, 6494, 6816, 697, 7425, 8124, 8154, 8198, 8273, 8470, 8687]   (|B| tried 1, 3018 solves)
    core 19 size 20 = [5225, 5916, 6494, 6816, 697, 7425, 8124, 8154, 8198, 8273, 8470, 8687]   (|B| tried 1, 3185 solves)
    core 20 size 20 = [4096, 5225, 5916, 6494, 6816, 697, 8124, 8154, 8198, 8273, 8470, 8687]   (|B| tried 1, 3353 solves)
    core 21 size 20 = [2554, 5225, 5916, 6494, 6816, 697, 8124, 8154, 8198, 8273, 8470, 8687]   (|B| tried 1, 3521 solves)
buy [12350, 14584]                     : minbreak > 1  -> NO GAIN  ({'cores': 21, 'coresizes': [20, 20, 20, 20, 20, 20, 20, 20, 20, 20, 20, 20, 20, 20, 20, 20, 20, 20, 20, 20, 20], 'solves': 3521}, 42s)
    core 1 size 20 = [5225, 5916, 6494, 6816, 697, 8124, 8154, 8198, 8273, 8470, 8687, 9035]   (|B| tried 0, 169 solves)
    core 2 size 20 = [37431, 5916, 6494, 6816, 697, 8124, 8154, 8198, 8273, 8470, 8687, 9035]   (|B| tried 1, 337 solves)
    core 3 size 20 = [4096, 5225, 6494, 6816, 697, 8124, 8154, 8198, 8273, 8470, 8687, 9035]   (|B| tried 1, 505 solves)
    core 4 size 20 = [4096, 5225, 5916, 6816, 697, 8124, 8154, 8198, 8273, 8470, 8687, 9035]   (|B| tried 1, 672 solves)
    core 5 size 20 = [2554, 5225, 5916, 6494, 697, 8124, 8154, 8198, 8273, 8470, 8687, 9035]   (|B| tried 1, 840 solves)
    core 6 size 20 = [37431, 5225, 5916, 6494, 6816, 8124, 8154, 8198, 8273, 8470, 8687, 9035]   (|B| tried 1, 1008 solves)
    core 7 size 20 = [2554, 5225, 5916, 6494, 6816, 697, 8154, 8198, 8273, 8470, 8687, 9035]   (|B| tried 1, 1176 solves)
    core 8 size 20 = [5225, 5916, 6494, 6816, 697, 7425, 8124, 8198, 8273, 8470, 8687, 9035]   (|B| tried 1, 1344 solves)
    core 9 size 20 = [5225, 5916, 6494, 6816, 697, 7425, 8124, 8154, 8273, 8470, 8687, 9035]   (|B| tried 1, 1511 solves)
    core 10 size 20 = [5225, 5916, 6494, 6816, 697, 7425, 8124, 8154, 8198, 8470, 8687, 9035]   (|B| tried 1, 1677 solves)
    core 11 size 20 = [5225, 5916, 6494, 6816, 697, 7425, 8124, 8154, 8198, 8273, 8687, 9035]   (|B| tried 1, 1845 solves)
    core 12 size 20 = [4096, 5225, 5916, 6494, 6816, 697, 8124, 8154, 8198, 8273, 8470, 9035]   (|B| tried 1, 2013 solves)
    core 13 size 20 = [5225, 5916, 6494, 6816, 697, 7425, 8124, 8154, 8198, 8273, 8470, 8687]   (|B| tried 1, 2181 solves)
    core 14 size 20 = [2554, 5225, 5916, 6494, 6816, 697, 8124, 8154, 8198, 8273, 8470, 8687]   (|B| tried 1, 2349 solves)
    core 15 size 20 = [5225, 5916, 6494, 6816, 697, 7425, 8124, 8154, 8198, 8273, 8470, 8687]   (|B| tried 1, 2516 solves)
    core 16 size 20 = [2554, 5225, 5916, 6494, 6816, 697, 8124, 8154, 8198, 8273, 8470, 8687]   (|B| tried 1, 2683 solves)
    core 17 size 20 = [5225, 5916, 6494, 6816, 697, 8124, 8154, 8198, 8273, 8470, 8687, 9035]   (|B| tried 1, 2850 solves)
    core 18 size 20 = [5225, 5916, 6494, 6816, 697, 7425, 8124, 8154, 8198, 8273, 8470, 8687]   (|B| tried 1, 3018 solves)
    core 19 size 20 = [5225, 5916, 6494, 6816, 697, 7425, 8124, 8154, 8198, 8273, 8470, 8687]   (|B| tried 1, 3185 solves)
    core 20 size 20 = [4096, 5225, 5916, 6494, 6816, 697, 8124, 8154, 8198, 8273, 8470, 8687]   (|B| tried 1, 3353 solves)
    core 21 size 20 = [2554, 5225, 5916, 6494, 6816, 697, 8124, 8154, 8198, 8273, 8470, 8687]   (|B| tried 1, 3521 solves)
buy [12350, 18673]                     : minbreak > 1  -> NO GAIN  ({'cores': 21, 'coresizes': [20, 20, 20, 20, 20, 20, 20, 20, 20, 20, 20, 20, 20, 20, 20, 20, 20, 20, 20, 20, 20], 'solves': 3521}, 36s)
    core 1 size 20 = [5225, 5916, 6494, 6816, 697, 8124, 8154, 8198, 8273, 8470, 8687, 9035]   (|B| tried 0, 169 solves)
    core 2 size 20 = [37431, 5916, 6494, 6816, 697, 8124, 8154, 8198, 8273, 8470, 8687, 9035]   (|B| tried 1, 337 solves)
    core 3 size 20 = [4096, 5225, 6494, 6816, 697, 8124, 8154, 8198, 8273, 8470, 8687, 9035]   (|B| tried 1, 505 solves)
    core 4 size 20 = [4096, 5225, 5916, 6816, 697, 8124, 8154, 8198, 8273, 8470, 8687, 9035]   (|B| tried 1, 672 solves)
    core 5 size 17 = [2554, 5225, 5916, 6494, 697, 8154, 8198, 8273, 8470, 8687, 9035, 9346]   (|B| tried 1, 840 solves)
    core 6 size 20 = [37431, 5225, 5916, 6494, 6816, 8124, 8154, 8198, 8273, 8470, 8687, 9035]   (|B| tried 1, 1008 solves)
    core 7 size 20 = [5225, 5916, 6494, 6816, 697, 7425, 8124, 8198, 8273, 8470, 8687, 9035]   (|B| tried 1, 1176 solves)
    core 8 size 20 = [5225, 5916, 6494, 6816, 697, 7425, 8124, 8154, 8273, 8470, 8687, 9035]   (|B| tried 1, 1343 solves)
    core 9 size 20 = [5225, 5916, 6494, 6816, 697, 7425, 8124, 8154, 8198, 8470, 8687, 9035]   (|B| tried 1, 1509 solves)
    core 10 size 20 = [5225, 5916, 6494, 6816, 697, 7425, 8124, 8154, 8198, 8273, 8687, 9035]   (|B| tried 1, 1677 solves)
    core 11 size 20 = [4096, 5225, 5916, 6494, 6816, 697, 8124, 8154, 8198, 8273, 8470, 9035]   (|B| tried 1, 1845 solves)
    core 12 size 20 = [5225, 5916, 6494, 6816, 697, 7425, 8124, 8154, 8198, 8273, 8470, 8687]   (|B| tried 1, 2013 solves)
    core 13 size 20 = [5225, 5916, 6494, 6816, 697, 7425, 8124, 8154, 8198, 8273, 8470, 8687]   (|B| tried 1, 2180 solves)
    core 14 size 20 = [5225, 5916, 6494, 6816, 697, 8124, 8154, 8198, 8273, 8470, 8687, 9035]   (|B| tried 1, 2347 solves)
    core 15 size 20 = [5225, 5916, 6494, 6816, 697, 7425, 8124, 8154, 8198, 8273, 8470, 8687]   (|B| tried 1, 2515 solves)
    core 16 size 20 = [5225, 5916, 6494, 6816, 697, 7425, 8124, 8154, 8198, 8273, 8470, 8687]   (|B| tried 1, 2682 solves)
    core 17 size 20 = [4096, 5225, 5916, 6494, 6816, 697, 8124, 8154, 8198, 8273, 8470, 8687]   (|B| tried 1, 2850 solves)
    core 18 size 20 = [2554, 5225, 5916, 6494, 6816, 697, 8124, 8154, 8198, 8273, 8470, 8687]   (|B| tried 1, 3018 solves)
buy [12350, 22044]                     : minbreak > 1  -> NO GAIN  ({'cores': 18, 'coresizes': [17, 20, 20, 20, 20, 20, 20, 20, 20, 20, 20, 20, 20, 20, 20, 20, 20, 20], 'solves': 3018}, 41s)
    core 1 size 16 = [5225, 5916, 6494, 697, 8154, 8198, 8273, 8470, 8687, 9035, 9346, 9648]   (|B| tried 0, 169 solves)
    core 2 size 15 = [37431, 5916, 6494, 8154, 8198, 8273, 8470, 8687, 9035, 9346, 9648, 9650]   (|B| tried 1, 337 solves)
    core 3 size 16 = [4096, 5225, 6494, 697, 8154, 8198, 8273, 8470, 8687, 9035, 9346, 9648]   (|B| tried 1, 505 solves)
    core 4 size 16 = [4096, 5225, 5916, 697, 8154, 8198, 8273, 8470, 8687, 9035, 9346, 9648]   (|B| tried 1, 672 solves)
    core 5 size 16 = [5225, 5916, 6494, 697, 7425, 8198, 8273, 8470, 8687, 9035, 9346, 9648]   (|B| tried 1, 840 solves)
    core 6 size 16 = [5225, 5916, 6494, 697, 7425, 8154, 8273, 8470, 8687, 9035, 9346, 9648]   (|B| tried 1, 1007 solves)
    core 7 size 16 = [5225, 5916, 6494, 697, 7425, 8154, 8198, 8470, 8687, 9035, 9346, 9648]   (|B| tried 1, 1173 solves)
    core 8 size 16 = [5225, 5916, 6494, 697, 7425, 8154, 8198, 8273, 8687, 9035, 9346, 9648]   (|B| tried 1, 1341 solves)
    core 9 size 16 = [4096, 5225, 5916, 6494, 697, 8154, 8198, 8273, 8470, 9035, 9346, 9648]   (|B| tried 1, 1509 solves)
    core 10 size 16 = [5225, 5916, 6494, 697, 7425, 8154, 8198, 8273, 8470, 8687, 9346, 9648]   (|B| tried 1, 1677 solves)
    core 11 size 16 = [5225, 5916, 6494, 697, 7425, 8154, 8198, 8273, 8470, 8687, 9035, 9648]   (|B| tried 1, 1845 solves)
    core 12 size 16 = [5225, 5916, 6494, 697, 8154, 8198, 8273, 8470, 8687, 9035, 9346, 9549]   (|B| tried 1, 2012 solves)
    core 13 size 16 = [5225, 5916, 6494, 697, 7425, 8154, 8198, 8273, 8470, 8687, 9035, 9346]   (|B| tried 1, 2180 solves)
    core 14 size 16 = [5225, 5916, 6494, 697, 7425, 8154, 8198, 8273, 8470, 8687, 9035, 9346]   (|B| tried 1, 2347 solves)
    core 15 size 16 = [4096, 5225, 5916, 6494, 697, 8154, 8198, 8273, 8470, 8687, 9035, 9346]   (|B| tried 1, 2515 solves)
    core 16 size 20 = [2554, 5225, 5916, 6494, 6816, 697, 8124, 8154, 8198, 8273, 8470, 8687]   (|B| tried 1, 2683 solves)
buy [12350, 29125]                     : minbreak > 1  -> NO GAIN  ({'cores': 16, 'coresizes': [15, 16, 16, 16, 16, 16, 16, 16, 16, 16, 16, 16, 16, 16, 16, 20], 'solves': 2683}, 20s)
    core 1 size 20 = [5225, 5916, 6494, 6816, 697, 8124, 8154, 8198, 8273, 8470, 8687, 9035]   (|B| tried 0, 169 solves)
    core 2 size 20 = [37431, 5916, 6494, 6816, 697, 8124, 8154, 8198, 8273, 8470, 8687, 9035]   (|B| tried 1, 337 solves)
    core 3 size 20 = [4096, 5225, 6494, 6816, 697, 8124, 8154, 8198, 8273, 8470, 8687, 9035]   (|B| tried 1, 505 solves)
    core 4 size 20 = [4096, 5225, 5916, 6816, 697, 8124, 8154, 8198, 8273, 8470, 8687, 9035]   (|B| tried 1, 672 solves)
    core 5 size 20 = [2554, 5225, 5916, 6494, 697, 8124, 8154, 8198, 8273, 8470, 8687, 9035]   (|B| tried 1, 840 solves)
    core 6 size 20 = [37431, 5225, 5916, 6494, 6816, 8124, 8154, 8198, 8273, 8470, 8687, 9035]   (|B| tried 1, 1008 solves)
    core 7 size 20 = [2554, 5225, 5916, 6494, 6816, 697, 8154, 8198, 8273, 8470, 8687, 9035]   (|B| tried 1, 1176 solves)
    core 8 size 20 = [5225, 5916, 6494, 6816, 697, 7425, 8124, 8198, 8273, 8470, 8687, 9035]   (|B| tried 1, 1344 solves)
    core 9 size 20 = [5225, 5916, 6494, 6816, 697, 7425, 8124, 8154, 8273, 8470, 8687, 9035]   (|B| tried 1, 1511 solves)
    core 10 size 20 = [5225, 5916, 6494, 6816, 697, 7425, 8124, 8154, 8198, 8470, 8687, 9035]   (|B| tried 1, 1677 solves)
    core 11 size 20 = [5225, 5916, 6494, 6816, 697, 7425, 8124, 8154, 8198, 8273, 8687, 9035]   (|B| tried 1, 1845 solves)
    core 12 size 20 = [4096, 5225, 5916, 6494, 6816, 697, 8124, 8154, 8198, 8273, 8470, 9035]   (|B| tried 1, 2013 solves)
    core 13 size 20 = [5225, 5916, 6494, 6816, 697, 7425, 8124, 8154, 8198, 8273, 8470, 8687]   (|B| tried 1, 2181 solves)
    core 14 size 20 = [2554, 5225, 5916, 6494, 6816, 697, 8124, 8154, 8198, 8273, 8470, 8687]   (|B| tried 1, 2349 solves)
    core 15 size 20 = [5225, 5916, 6494, 6816, 697, 7425, 8124, 8154, 8198, 8273, 8470, 8687]   (|B| tried 1, 2516 solves)
    core 16 size 20 = [2554, 5225, 5916, 6494, 6816, 697, 8124, 8154, 8198, 8273, 8470, 8687]   (|B| tried 1, 2683 solves)
    core 17 size 20 = [5225, 5916, 6494, 6816, 697, 8124, 8154, 8198, 8273, 8470, 8687, 9035]   (|B| tried 1, 2850 solves)
    core 18 size 20 = [5225, 5916, 6494, 6816, 697, 7425, 8124, 8154, 8198, 8273, 8470, 8687]   (|B| tried 1, 3018 solves)
    core 19 size 20 = [5225, 5916, 6494, 6816, 697, 7425, 8124, 8154, 8198, 8273, 8470, 8687]   (|B| tried 1, 3185 solves)
    core 20 size 20 = [4096, 5225, 5916, 6494, 6816, 697, 8124, 8154, 8198, 8273, 8470, 8687]   (|B| tried 1, 3353 solves)
    core 21 size 20 = [2554, 5225, 5916, 6494, 6816, 697, 8124, 8154, 8198, 8273, 8470, 8687]   (|B| tried 1, 3521 solves)
buy [14584, 18673]                     : minbreak > 1  -> NO GAIN  ({'cores': 21, 'coresizes': [20, 20, 20, 20, 20, 20, 20, 20, 20, 20, 20, 20, 20, 20, 20, 20, 20, 20, 20, 20, 20], 'solves': 3521}, 30s)
    core 1 size 20 = [5225, 5916, 6494, 6816, 697, 8124, 8154, 8198, 8273, 8470, 8687, 9035]   (|B| tried 0, 169 solves)
    core 2 size 20 = [37431, 5916, 6494, 6816, 697, 8124, 8154, 8198, 8273, 8470, 8687, 9035]   (|B| tried 1, 337 solves)
    core 3 size 20 = [4096, 5225, 6494, 6816, 697, 8124, 8154, 8198, 8273, 8470, 8687, 9035]   (|B| tried 1, 505 solves)
    core 4 size 20 = [4096, 5225, 5916, 6816, 697, 8124, 8154, 8198, 8273, 8470, 8687, 9035]   (|B| tried 1, 672 solves)
    core 5 size 17 = [2554, 5225, 5916, 6494, 697, 8154, 8198, 8273, 8470, 8687, 9035, 9346]   (|B| tried 1, 840 solves)
    core 6 size 20 = [37431, 5225, 5916, 6494, 6816, 8124, 8154, 8198, 8273, 8470, 8687, 9035]   (|B| tried 1, 1008 solves)
    core 7 size 20 = [5225, 5916, 6494, 6816, 697, 7425, 8124, 8198, 8273, 8470, 8687, 9035]   (|B| tried 1, 1176 solves)
    core 8 size 20 = [5225, 5916, 6494, 6816, 697, 7425, 8124, 8154, 8273, 8470, 8687, 9035]   (|B| tried 1, 1343 solves)
    core 9 size 20 = [5225, 5916, 6494, 6816, 697, 7425, 8124, 8154, 8198, 8470, 8687, 9035]   (|B| tried 1, 1509 solves)
    core 10 size 20 = [5225, 5916, 6494, 6816, 697, 7425, 8124, 8154, 8198, 8273, 8687, 9035]   (|B| tried 1, 1677 solves)
    core 11 size 20 = [4096, 5225, 5916, 6494, 6816, 697, 8124, 8154, 8198, 8273, 8470, 9035]   (|B| tried 1, 1845 solves)
    core 12 size 20 = [5225, 5916, 6494, 6816, 697, 7425, 8124, 8154, 8198, 8273, 8470, 8687]   (|B| tried 1, 2013 solves)
    core 13 size 20 = [5225, 5916, 6494, 6816, 697, 7425, 8124, 8154, 8198, 8273, 8470, 8687]   (|B| tried 1, 2180 solves)
    core 14 size 20 = [5225, 5916, 6494, 6816, 697, 8124, 8154, 8198, 8273, 8470, 8687, 9035]   (|B| tried 1, 2347 solves)
    core 15 size 20 = [5225, 5916, 6494, 6816, 697, 7425, 8124, 8154, 8198, 8273, 8470, 8687]   (|B| tried 1, 2515 solves)
    core 16 size 20 = [5225, 5916, 6494, 6816, 697, 7425, 8124, 8154, 8198, 8273, 8470, 8687]   (|B| tried 1, 2682 solves)
    core 17 size 20 = [4096, 5225, 5916, 6494, 6816, 697, 8124, 8154, 8198, 8273, 8470, 8687]   (|B| tried 1, 2850 solves)
    core 18 size 20 = [2554, 5225, 5916, 6494, 6816, 697, 8124, 8154, 8198, 8273, 8470, 8687]   (|B| tried 1, 3018 solves)
buy [14584, 22044]                     : minbreak > 1  -> NO GAIN  ({'cores': 18, 'coresizes': [17, 20, 20, 20, 20, 20, 20, 20, 20, 20, 20, 20, 20, 20, 20, 20, 20, 20], 'solves': 3018}, 35s)
    core 1 size 16 = [5225, 5916, 6494, 697, 8154, 8198, 8273, 8470, 8687, 9035, 9346, 9648]   (|B| tried 0, 169 solves)
    core 2 size 15 = [37431, 5916, 6494, 8154, 8198, 8273, 8470, 8687, 9035, 9346, 9648, 9650]   (|B| tried 1, 337 solves)
    core 3 size 16 = [4096, 5225, 6494, 697, 8154, 8198, 8273, 8470, 8687, 9035, 9346, 9648]   (|B| tried 1, 505 solves)
    core 4 size 16 = [4096, 5225, 5916, 697, 8154, 8198, 8273, 8470, 8687, 9035, 9346, 9648]   (|B| tried 1, 672 solves)
    core 5 size 16 = [5225, 5916, 6494, 697, 7425, 8198, 8273, 8470, 8687, 9035, 9346, 9648]   (|B| tried 1, 840 solves)
    core 6 size 16 = [5225, 5916, 6494, 697, 7425, 8154, 8273, 8470, 8687, 9035, 9346, 9648]   (|B| tried 1, 1007 solves)
    core 7 size 16 = [5225, 5916, 6494, 697, 7425, 8154, 8198, 8470, 8687, 9035, 9346, 9648]   (|B| tried 1, 1173 solves)
    core 8 size 16 = [5225, 5916, 6494, 697, 7425, 8154, 8198, 8273, 8687, 9035, 9346, 9648]   (|B| tried 1, 1341 solves)
    core 9 size 16 = [4096, 5225, 5916, 6494, 697, 8154, 8198, 8273, 8470, 9035, 9346, 9648]   (|B| tried 1, 1509 solves)
    core 10 size 16 = [5225, 5916, 6494, 697, 7425, 8154, 8198, 8273, 8470, 8687, 9346, 9648]   (|B| tried 1, 1677 solves)
    core 11 size 16 = [5225, 5916, 6494, 697, 7425, 8154, 8198, 8273, 8470, 8687, 9035, 9648]   (|B| tried 1, 1845 solves)
    core 12 size 16 = [5225, 5916, 6494, 697, 8154, 8198, 8273, 8470, 8687, 9035, 9346, 9549]   (|B| tried 1, 2012 solves)
    core 13 size 16 = [5225, 5916, 6494, 697, 7425, 8154, 8198, 8273, 8470, 8687, 9035, 9346]   (|B| tried 1, 2180 solves)
    core 14 size 16 = [5225, 5916, 6494, 697, 7425, 8154, 8198, 8273, 8470, 8687, 9035, 9346]   (|B| tried 1, 2347 solves)
    core 15 size 16 = [4096, 5225, 5916, 6494, 697, 8154, 8198, 8273, 8470, 8687, 9035, 9346]   (|B| tried 1, 2515 solves)
    core 16 size 20 = [2554, 5225, 5916, 6494, 6816, 697, 8124, 8154, 8198, 8273, 8470, 8687]   (|B| tried 1, 2683 solves)
buy [14584, 29125]                     : minbreak > 1  -> NO GAIN  ({'cores': 16, 'coresizes': [15, 16, 16, 16, 16, 16, 16, 16, 16, 16, 16, 16, 16, 16, 16, 20], 'solves': 2683}, 20s)
    core 1 size 20 = [5225, 5916, 6494, 6816, 697, 8124, 8154, 8198, 8273, 8470, 8687, 9035]   (|B| tried 0, 169 solves)
    core 2 size 20 = [37431, 5916, 6494, 6816, 697, 8124, 8154, 8198, 8273, 8470, 8687, 9035]   (|B| tried 1, 337 solves)
    core 3 size 20 = [4096, 5225, 6494, 6816, 697, 8124, 8154, 8198, 8273, 8470, 8687, 9035]   (|B| tried 1, 505 solves)
    core 4 size 20 = [4096, 5225, 5916, 6816, 697, 8124, 8154, 8198, 8273, 8470, 8687, 9035]   (|B| tried 1, 672 solves)
    core 5 size 17 = [2554, 5225, 5916, 6494, 697, 8154, 8198, 8273, 8470, 8687, 9035, 9346]   (|B| tried 1, 840 solves)
    core 6 size 20 = [37431, 5225, 5916, 6494, 6816, 8124, 8154, 8198, 8273, 8470, 8687, 9035]   (|B| tried 1, 1008 solves)
    core 7 size 20 = [5225, 5916, 6494, 6816, 697, 7425, 8124, 8198, 8273, 8470, 8687, 9035]   (|B| tried 1, 1176 solves)
    core 8 size 20 = [5225, 5916, 6494, 6816, 697, 7425, 8124, 8154, 8273, 8470, 8687, 9035]   (|B| tried 1, 1343 solves)
    core 9 size 20 = [5225, 5916, 6494, 6816, 697, 7425, 8124, 8154, 8198, 8470, 8687, 9035]   (|B| tried 1, 1509 solves)
    core 10 size 20 = [5225, 5916, 6494, 6816, 697, 7425, 8124, 8154, 8198, 8273, 8687, 9035]   (|B| tried 1, 1677 solves)
    core 11 size 20 = [4096, 5225, 5916, 6494, 6816, 697, 8124, 8154, 8198, 8273, 8470, 9035]   (|B| tried 1, 1845 solves)
    core 12 size 20 = [5225, 5916, 6494, 6816, 697, 7425, 8124, 8154, 8198, 8273, 8470, 8687]   (|B| tried 1, 2013 solves)
    core 13 size 20 = [5225, 5916, 6494, 6816, 697, 7425, 8124, 8154, 8198, 8273, 8470, 8687]   (|B| tried 1, 2180 solves)
    core 14 size 20 = [5225, 5916, 6494, 6816, 697, 8124, 8154, 8198, 8273, 8470, 8687, 9035]   (|B| tried 1, 2347 solves)
    core 15 size 20 = [5225, 5916, 6494, 6816, 697, 7425, 8124, 8154, 8198, 8273, 8470, 8687]   (|B| tried 1, 2515 solves)
    core 16 size 20 = [5225, 5916, 6494, 6816, 697, 7425, 8124, 8154, 8198, 8273, 8470, 8687]   (|B| tried 1, 2682 solves)
    core 17 size 20 = [4096, 5225, 5916, 6494, 6816, 697, 8124, 8154, 8198, 8273, 8470, 8687]   (|B| tried 1, 2850 solves)
    core 18 size 20 = [2554, 5225, 5916, 6494, 6816, 697, 8124, 8154, 8198, 8273, 8470, 8687]   (|B| tried 1, 3018 solves)
buy [18673, 22044]                     : minbreak > 1  -> NO GAIN  ({'cores': 18, 'coresizes': [17, 20, 20, 20, 20, 20, 20, 20, 20, 20, 20, 20, 20, 20, 20, 20, 20, 20], 'solves': 3018}, 29s)
    core 1 size 16 = [5225, 5916, 6494, 697, 8154, 8198, 8273, 8470, 8687, 9035, 9346, 9648]   (|B| tried 0, 169 solves)
    core 2 size 15 = [37431, 5916, 6494, 8154, 8198, 8273, 8470, 8687, 9035, 9346, 9648, 9650]   (|B| tried 1, 337 solves)
    core 3 size 16 = [4096, 5225, 6494, 697, 8154, 8198, 8273, 8470, 8687, 9035, 9346, 9648]   (|B| tried 1, 505 solves)
    core 4 size 16 = [4096, 5225, 5916, 697, 8154, 8198, 8273, 8470, 8687, 9035, 9346, 9648]   (|B| tried 1, 672 solves)
    core 5 size 16 = [5225, 5916, 6494, 697, 7425, 8198, 8273, 8470, 8687, 9035, 9346, 9648]   (|B| tried 1, 840 solves)
    core 6 size 16 = [5225, 5916, 6494, 697, 7425, 8154, 8273, 8470, 8687, 9035, 9346, 9648]   (|B| tried 1, 1007 solves)
    core 7 size 16 = [5225, 5916, 6494, 697, 7425, 8154, 8198, 8470, 8687, 9035, 9346, 9648]   (|B| tried 1, 1173 solves)
    core 8 size 16 = [5225, 5916, 6494, 697, 7425, 8154, 8198, 8273, 8687, 9035, 9346, 9648]   (|B| tried 1, 1341 solves)
    core 9 size 16 = [4096, 5225, 5916, 6494, 697, 8154, 8198, 8273, 8470, 9035, 9346, 9648]   (|B| tried 1, 1509 solves)
    core 10 size 16 = [5225, 5916, 6494, 697, 7425, 8154, 8198, 8273, 8470, 8687, 9346, 9648]   (|B| tried 1, 1677 solves)
    core 11 size 16 = [5225, 5916, 6494, 697, 7425, 8154, 8198, 8273, 8470, 8687, 9035, 9648]   (|B| tried 1, 1845 solves)
    core 12 size 16 = [5225, 5916, 6494, 697, 8154, 8198, 8273, 8470, 8687, 9035, 9346, 9549]   (|B| tried 1, 2012 solves)
    core 13 size 16 = [5225, 5916, 6494, 697, 7425, 8154, 8198, 8273, 8470, 8687, 9035, 9346]   (|B| tried 1, 2180 solves)
    core 14 size 16 = [5225, 5916, 6494, 697, 7425, 8154, 8198, 8273, 8470, 8687, 9035, 9346]   (|B| tried 1, 2347 solves)
    core 15 size 16 = [4096, 5225, 5916, 6494, 697, 8154, 8198, 8273, 8470, 8687, 9035, 9346]   (|B| tried 1, 2515 solves)
    core 16 size 20 = [2554, 5225, 5916, 6494, 6816, 697, 8124, 8154, 8198, 8273, 8470, 8687]   (|B| tried 1, 2683 solves)
buy [18673, 29125]                     : minbreak > 1  -> NO GAIN  ({'cores': 16, 'coresizes': [15, 16, 16, 16, 16, 16, 16, 16, 16, 16, 16, 16, 16, 16, 16, 20], 'solves': 2683}, 16s)
    core 1 size 16 = [5225, 5916, 6494, 697, 8154, 8198, 8273, 8470, 8687, 9035, 9346, 9648]   (|B| tried 0, 169 solves)
    core 2 size 15 = [37431, 5916, 6494, 8154, 8198, 8273, 8470, 8687, 9035, 9346, 9648, 9650]   (|B| tried 1, 337 solves)
    core 3 size 16 = [4096, 5225, 6494, 697, 8154, 8198, 8273, 8470, 8687, 9035, 9346, 9648]   (|B| tried 1, 505 solves)
    core 4 size 16 = [4096, 5225, 5916, 697, 8154, 8198, 8273, 8470, 8687, 9035, 9346, 9648]   (|B| tried 1, 672 solves)
    core 5 size 16 = [5225, 5916, 6494, 697, 7425, 8198, 8273, 8470, 8687, 9035, 9346, 9648]   (|B| tried 1, 840 solves)
    core 6 size 16 = [5225, 5916, 6494, 697, 7425, 8154, 8273, 8470, 8687, 9035, 9346, 9648]   (|B| tried 1, 1007 solves)
    core 7 size 16 = [5225, 5916, 6494, 697, 7425, 8154, 8198, 8470, 8687, 9035, 9346, 9648]   (|B| tried 1, 1173 solves)
    core 8 size 16 = [5225, 5916, 6494, 697, 7425, 8154, 8198, 8273, 8687, 9035, 9346, 9648]   (|B| tried 1, 1341 solves)
    core 9 size 16 = [4096, 5225, 5916, 6494, 697, 8154, 8198, 8273, 8470, 9035, 9346, 9648]   (|B| tried 1, 1509 solves)
    core 10 size 16 = [5225, 5916, 6494, 697, 7425, 8154, 8198, 8273, 8470, 8687, 9346, 9648]   (|B| tried 1, 1677 solves)
    core 11 size 16 = [5225, 5916, 6494, 697, 7425, 8154, 8198, 8273, 8470, 8687, 9035, 9648]   (|B| tried 1, 1845 solves)
    core 12 size 16 = [5225, 5916, 6494, 697, 8154, 8198, 8273, 8470, 8687, 9035, 9346, 9549]   (|B| tried 1, 2012 solves)
    core 13 size 16 = [5225, 5916, 6494, 697, 7425, 8154, 8198, 8273, 8470, 8687, 9035, 9346]   (|B| tried 1, 2180 solves)
    core 14 size 16 = [5225, 5916, 6494, 697, 7425, 8154, 8198, 8273, 8470, 8687, 9035, 9346]   (|B| tried 1, 2347 solves)
    core 15 size 16 = [4096, 5225, 5916, 6494, 697, 8154, 8198, 8273, 8470, 8687, 9035, 9346]   (|B| tried 1, 2515 solves)
    core 16 size 16 = [2554, 5225, 5916, 6494, 697, 8154, 8198, 8273, 8470, 8687, 9035, 9346]   (|B| tried 1, 2683 solves)
buy [22044, 29125]                     : minbreak > 1  -> NO GAIN  ({'cores': 16, 'coresizes': [15, 16, 16, 16, 16, 16, 16, 16, 16, 16, 16, 16, 16, 16, 16, 16], 'solves': 2683}, 22s)
    core 1 size 19 = [5916, 6494, 6816, 697, 8124, 8154, 8198, 8273, 8470, 8687, 9035, 9123]   (|B| tried 0, 169 solves)
    core 2 size 19 = [5225, 6494, 6816, 697, 8124, 8154, 8198, 8273, 8470, 8687, 9035, 9123]   (|B| tried 1, 337 solves)
    core 3 size 19 = [5225, 5916, 6816, 697, 8124, 8154, 8198, 8273, 8470, 8687, 9035, 9123]   (|B| tried 1, 504 solves)
    core 4 size 19 = [5225, 5916, 6494, 697, 8124, 8154, 8198, 8273, 8470, 8687, 9035, 9123]   (|B| tried 1, 670 solves)
    core 5 size 19 = [5225, 5916, 6494, 6816, 8124, 8154, 8198, 8273, 8470, 8687, 9035, 9123]   (|B| tried 1, 835 solves)
    core 6 size 19 = [5225, 5916, 6494, 6816, 697, 8154, 8198, 8273, 8470, 8687, 9035, 9123]   (|B| tried 1, 1003 solves)
    core 7 size 19 = [5916, 6494, 6816, 697, 7425, 8124, 8198, 8273, 8470, 8687, 9035, 9123]   (|B| tried 1, 1171 solves)
    core 8 size 19 = [5916, 6494, 6816, 697, 7425, 8124, 8154, 8273, 8470, 8687, 9035, 9123]   (|B| tried 1, 1338 solves)
    core 9 size 19 = [5916, 6494, 6816, 697, 7425, 8124, 8154, 8198, 8470, 8687, 9035, 9123]   (|B| tried 1, 1504 solves)
    core 10 size 19 = [5916, 6494, 6816, 697, 7425, 8124, 8154, 8198, 8273, 8687, 9035, 9123]   (|B| tried 1, 1672 solves)
    core 11 size 19 = [5225, 5916, 6494, 6816, 697, 8124, 8154, 8198, 8273, 8470, 9035, 9123]   (|B| tried 1, 1840 solves)
    core 12 size 19 = [5916, 6494, 6816, 697, 7425, 8124, 8154, 8198, 8273, 8470, 8687, 9123]   (|B| tried 1, 2008 solves)
    core 13 size 19 = [5225, 5916, 6494, 6816, 697, 8124, 8154, 8198, 8273, 8470, 8687, 9035]   (|B| tried 1, 2176 solves)
    core 14 size 19 = [5916, 6494, 6816, 697, 7425, 8124, 8154, 8198, 8273, 8470, 8687, 9035]   (|B| tried 1, 2343 solves)
    core 15 size 19 = [5225, 5916, 6494, 6816, 697, 8124, 8154, 8198, 8273, 8470, 8687, 9035]   (|B| tried 1, 2510 solves)
    core 16 size 19 = [5916, 6494, 6816, 697, 8124, 8154, 8198, 8273, 8470, 8687, 9035, 9123]   (|B| tried 1, 2677 solves)
    core 17 size 19 = [5916, 6494, 6816, 697, 7425, 8124, 8154, 8198, 8273, 8470, 8687, 9035]   (|B| tried 1, 2845 solves)
    core 18 size 19 = [5916, 6494, 6816, 697, 7425, 8124, 8154, 8198, 8273, 8470, 8687, 9035]   (|B| tried 1, 3012 solves)
    core 19 size 19 = [5225, 5916, 6494, 6816, 697, 8124, 8154, 8198, 8273, 8470, 8687, 9035]   (|B| tried 1, 3180 solves)
    core 20 size 19 = [5225, 5916, 6494, 6816, 697, 8124, 8154, 8198, 8273, 8470, 8687, 9035]   (|B| tried 1, 3347 solves)
    core 21 size 19 = [4096, 6494, 6816, 697, 8124, 8154, 8198, 8273, 8470, 8687, 9035, 9123]   (|B| tried 2, 3514 solves)
    core 22 size 19 = [4096, 5225, 6816, 697, 8124, 8154, 8198, 8273, 8470, 8687, 9035, 9123]   (|B| tried 2, 3681 solves)
    core 23 size 19 = [4096, 5225, 6494, 697, 8124, 8154, 8198, 8273, 8470, 8687, 9035, 9123]   (|B| tried 2, 3847 solves)
    core 24 size 19 = [4096, 5225, 6494, 6816, 8124, 8154, 8198, 8273, 8470, 8687, 9035, 9123]   (|B| tried 2, 4012 solves)
    core 25 size 19 = [4096, 5225, 6494, 6816, 697, 8154, 8198, 8273, 8470, 8687, 9035, 9123]   (|B| tried 2, 4179 solves)
    core 26 size 19 = [5225, 6494, 6816, 697, 7425, 8124, 8198, 8273, 8470, 8687, 9035, 9123]   (|B| tried 2, 4346 solves)
    core 27 size 19 = [5225, 6494, 6816, 697, 7425, 8124, 8154, 8273, 8470, 8687, 9035, 9123]   (|B| tried 2, 4512 solves)
    core 28 size 19 = [5225, 6494, 6816, 697, 7425, 8124, 8154, 8198, 8470, 8687, 9035, 9123]   (|B| tried 2, 4677 solves)
    core 29 size 19 = [5225, 6494, 6816, 697, 7425, 8124, 8154, 8198, 8273, 8687, 9035, 9123]   (|B| tried 2, 4844 solves)
