================================================================================================
PRESOLVE -- what a classical pass can remove before the annealer sees it
================================================================================================

(a) PERSISTENCY CEILING: variables constant across every ground state
         p    vars  constant  (any presolver's hard upper bound)
        13      87         3
        29     122         5
        61     165         5
       127     190         2

(b) BOUND PROPAGATION to a fixpoint on the real 256-bit modmul
                               variant      vars    fixed       %
                    school/naf/wallace   200,699        1   0.00%
             karatsuba(32)/naf/wallace   103,316       27   0.03%
                     school/naf/binary    91,931        0   0.00%

(c) SAME, with the product pinned to a constant  (the situation the
    factoring literature's table rules were written for: c is known)
                               variant      vars    fixed       %
                    school/naf/wallace   200,699      266   0.13%

(d) WHAT the constant variables actually are
    p=  29: 5 of 122 -- {'word': 1, 'adder': 4}
    p=  61: 5 of 165 -- {'word': 1, 'adder': 4}
    p= 127: 2 of 190 -- {'word': 1, 'adder': 1}

    They are range slack, nothing else: the top bit of a quotient word or of a
    carry whose declared interval is one wider than its reachable one.  There is
    no propagation into the multiplication itself, and there cannot be: with A
    and B free, every partial product a_i b_j takes both values, so no AND
    ancilla, no carry and no result bit is constant over the ground states.
    Roof duality is bounded by this set, so it cannot do better.

    The factoring literature's table rules (Jiang/Dattani et al.) do fire, but
    only because there the product is a FIXED number and both factors are
    unknown -- the columns are pinned from the top.  Row (c) is that situation
    and it fixes 266 of 200,699 variables: 0.13%.  In the ladder the product of
    each multiplication is another unknown word, so even that does not apply,
    except at the two final comparisons against T.
================================================================================================
PRESOLVE -- what a classical pass can remove before the annealer sees it
================================================================================================

(a) PERSISTENCY CEILING: variables constant across every ground state
         p    vars  constant  (any presolver's hard upper bound)
        13      87         3
        29     122         5
        61     165         5
       127     190         2

(b) BOUND PROPAGATION to a fixpoint on the real 256-bit modmul
                               variant      vars    fixed       %
                    school/naf/wallace   200,699        1   0.00%
             karatsuba(32)/naf/wallace   103,316       27   0.03%
                     school/naf/binary    91,931        0   0.00%

(c) SAME, with the product pinned to a constant  (the situation the
    factoring literature's table rules were written for: c is known)
                               variant      vars    fixed       %
                    school/naf/wallace   200,699      266   0.13%

(d) ROOF DUALITY (QPBO max-flow) vs the ceiling, on instances it can run on
         p    vars  qpbo fixed   ceiling
        13      87          87         3
        29     122         122         5
        61     165         165         5
