alignment bad (pre-repair): 4
atoms with exactly 1 handle: 3681 of 9032
S (|S|=17) = [19745, 33287, 30242, 12422, 16586, 35110, 3545, 34974, 4940, 32872, 4362, 30420, 3707, 4287, 5090, 37147, 1695]
greedy fixpoint in 3.1 s; global nonzero 10
violated c>1 conditions at the greedy fixpoint: 10 of 927

STRUCTURAL (all 927 c>1 conditions, wires from the expression + value closure):
  all 927: 307 component(s)
     condition-count histogram : {1: 67, 2: 89, 3: 53, 4: 50, 5: 2, 6: 20, 7: 20, 8: 3, 9: 2, 11: 1}
     wire-count histogram      : {1: 67, 2: 13, 3: 4, 4: 43, 5: 10, 6: 88, 7: 34, 10: 1, 11: 3, 12: 1, 13: 8, 14: 7, 15: 4, 17: 6, 18: 6, 20: 2, 21: 4, 24: 3, 25: 1, 27: 1, 33: 1}
     max conditions in one component = 11 ; max wires = 33
   built in 0.0 s

PROBED (influence tested by direct recomputation; 523 condition(s) have NO influencing wire at all and drop out):
  all with an influencing wire: 377 component(s)
     condition-count histogram : {1: 363, 2: 7, 3: 2, 4: 4, 5: 1}
     wire-count histogram      : {1: 347, 2: 14, 3: 3, 4: 1, 5: 1, 6: 4, 7: 2, 8: 1, 9: 1, 10: 1, 13: 2}
     max conditions in one component = 5 ; max wires = 13
   built in 62.2 s (2683 probe pairs)

COMPONENTS CONTAINING A VIOLATED CONDITION (what a joint solve must handle):
  violated-carrying: 6 component(s)
     condition-count histogram : {1: 1, 2: 1, 3: 1, 4: 2, 5: 1}
     wire-count histogram      : {6: 1, 7: 1, 8: 1, 10: 1, 13: 2}
     max conditions in one component = 5 ; max wires = 13
     5 condition(s) / 10 wire(s); moduli [9025705, 10696593, 10937191, 13097371, 16347615]
     4 condition(s) / 13 wire(s); moduli [5930437, 7942211, 10353929, 15333171]
     4 condition(s) / 13 wire(s); moduli [1707229, 2264251, 2389855, 13040669]
     3 condition(s) / 8 wire(s); moduli [1852017, 2992901, 15194385]
     2 condition(s) / 7 wire(s); moduli [6672769, 12354891]
     1 condition(s) / 6 wire(s); moduli [3849267]

COST: enumerate k-1 wires per prime power, root-find the last -> q^(e(k-1)) points.
  largest prime power over all 927 moduli: 16595977

wall 65.4 s -> v_comp_V17.json
